// Vitest Snapshot v1, https://vitest.dev/guide/snapshot.html

exports[`hash-regression · cat > pr. genstand · stadie · farvesæt (racerne på skift) og pr. genstand · humør 1`] = `
{
  "milepael-fevinger/cheer": "18880a7364926695",
  "milepael-fevinger/domestic/1/0": "05b4595a36534bc0",
  "milepael-fevinger/domestic/2/0": "306a32197e89bfe0",
  "milepael-fevinger/domestic/3/0": "b9ea5cbf23a80745",
  "milepael-fevinger/happy": "c7ad313b060241d4",
  "milepael-fevinger/idle": "306a32197e89bfe0",
  "milepael-fevinger/longhair/1/1": "0a4aca663b7287c1",
  "milepael-fevinger/longhair/2/1": "7ae4b06d19122d05",
  "milepael-fevinger/longhair/3/1": "8f4af6577f856a6b",
  "milepael-fevinger/mainecoon/1/2": "0903971587a5c283",
  "milepael-fevinger/mainecoon/2/2": "6d7a50cbb0a5dae4",
  "milepael-fevinger/mainecoon/3/2": "8737b8ebfbcc9dc9",
  "milepael-fevinger/oops": "7bbbffbb55cfc882",
  "milepael-fevinger/sleep": "dc58942dcd7becff",
  "milepael-fevinger/think": "a1eeb10d814c6067",
  "milepael-fevinger/wave": "59df7b9a56db8b36",
  "milepael-glimmerbluse/cheer": "96ee98c111970758",
  "milepael-glimmerbluse/domestic/1/0": "67ecd6b3c2e18b86",
  "milepael-glimmerbluse/domestic/2/0": "dcab46a55cc6d357",
  "milepael-glimmerbluse/domestic/3/0": "387f5339a138885d",
  "milepael-glimmerbluse/happy": "10f51c0c25b9cd7a",
  "milepael-glimmerbluse/idle": "dcab46a55cc6d357",
  "milepael-glimmerbluse/longhair/1/1": "cee1b0ca80f5329e",
  "milepael-glimmerbluse/longhair/2/1": "f699c4dbca79c2d7",
  "milepael-glimmerbluse/longhair/3/1": "f06668b71553c5ac",
  "milepael-glimmerbluse/mainecoon/1/2": "68c5329fda2223fc",
  "milepael-glimmerbluse/mainecoon/2/2": "4efa58abdfd6147b",
  "milepael-glimmerbluse/mainecoon/3/2": "b01a87d478b5cb70",
  "milepael-glimmerbluse/oops": "abfb2f5b60f21c44",
  "milepael-glimmerbluse/sleep": "5b502cdb6bc78028",
  "milepael-glimmerbluse/think": "45c6e1830208b886",
  "milepael-glimmerbluse/wave": "397d643b3c59fe1c",
  "milepael-hjertebriller/cheer": "d7837abe0e45d408",
  "milepael-hjertebriller/domestic/1/0": "ad4b79e493476021",
  "milepael-hjertebriller/domestic/2/0": "df6872a0eca2e90b",
  "milepael-hjertebriller/domestic/3/0": "ec6f4972777cabc9",
  "milepael-hjertebriller/happy": "89c33ccc5d9e891a",
  "milepael-hjertebriller/idle": "df6872a0eca2e90b",
  "milepael-hjertebriller/longhair/1/1": "ab828ace60a0c001",
  "milepael-hjertebriller/longhair/2/1": "d805b7254f69a5bc",
  "milepael-hjertebriller/longhair/3/1": "0f2a213d6deb422a",
  "milepael-hjertebriller/mainecoon/1/2": "d94b96ce5486313d",
  "milepael-hjertebriller/mainecoon/2/2": "518e39a547c386a4",
  "milepael-hjertebriller/mainecoon/3/2": "24407a8c15883ffa",
  "milepael-hjertebriller/oops": "5a36abb62deda986",
  "milepael-hjertebriller/sleep": "ca5d43be6f24d9d7",
  "milepael-hjertebriller/think": "5dc3e3e26cfd4af6",
  "milepael-hjertebriller/wave": "cac73a852cda6f77",
  "milepael-kappe/cheer": "95e063048c092a3f",
  "milepael-kappe/domestic/1/0": "d10561274658ff7a",
  "milepael-kappe/domestic/2/0": "b3d056d61f2e0b52",
  "milepael-kappe/domestic/3/0": "cdb402282c23685d",
  "milepael-kappe/happy": "d95dfd1bc6c073e7",
  "milepael-kappe/idle": "b3d056d61f2e0b52",
  "milepael-kappe/longhair/1/1": "6b929c839292c10c",
  "milepael-kappe/longhair/2/1": "71126e59ad339c25",
  "milepael-kappe/longhair/3/1": "bd10bd86c5b0b97d",
  "milepael-kappe/mainecoon/1/2": "5fe9777a99969276",
  "milepael-kappe/mainecoon/2/2": "a750166e37f63142",
  "milepael-kappe/mainecoon/3/2": "8973681589464fba",
  "milepael-kappe/oops": "1ebd76b671fec0bf",
  "milepael-kappe/sleep": "fae7d723e1e2fc73",
  "milepael-kappe/think": "bd6ee636f1e78ca2",
  "milepael-kappe/wave": "6b7467cd10adcef7",
  "milepael-krone/cheer": "cef00454d40104ea",
  "milepael-krone/domestic/1/0": "ca6b33287c8edef1",
  "milepael-krone/domestic/2/0": "c55f5824ab1b268b",
  "milepael-krone/domestic/3/0": "a20fda15f3518055",
  "milepael-krone/happy": "80789a22d062814c",
  "milepael-krone/idle": "c55f5824ab1b268b",
  "milepael-krone/longhair/1/1": "4b1025d0d7d90fdb",
  "milepael-krone/longhair/2/1": "2da28340712af6e2",
  "milepael-krone/longhair/3/1": "dbdbecb7e3ffd88c",
  "milepael-krone/mainecoon/1/2": "163093546cd1d5fe",
  "milepael-krone/mainecoon/2/2": "e8bbda9761f2b0bc",
  "milepael-krone/mainecoon/3/2": "101ee98c0d61bdd6",
  "milepael-krone/oops": "3a461177449a19d8",
  "milepael-krone/sleep": "ae9f646f0705f86d",
  "milepael-krone/think": "949306e4123625ed",
  "milepael-krone/wave": "c6fd9cdb9528c478",
  "milepael-medalje/cheer": "dc212ec349510b3d",
  "milepael-medalje/domestic/1/0": "509dde055b8545be",
  "milepael-medalje/domestic/2/0": "9be9b226405975a1",
  "milepael-medalje/domestic/3/0": "ebf10021e5900fe1",
  "milepael-medalje/happy": "351131566c4f68ae",
  "milepael-medalje/idle": "9be9b226405975a1",
  "milepael-medalje/longhair/1/1": "93982a0a062b3737",
  "milepael-medalje/longhair/2/1": "c7545949dd853879",
  "milepael-medalje/longhair/3/1": "abec89202bfc5ca7",
  "milepael-medalje/mainecoon/1/2": "12c44f7b02d81854",
  "milepael-medalje/mainecoon/2/2": "35acf542d5049065",
  "milepael-medalje/mainecoon/3/2": "6909b071fd5f1155",
  "milepael-medalje/oops": "c629ff78eb2ea54a",
  "milepael-medalje/sleep": "caaf6f19ac128a4f",
  "milepael-medalje/think": "42ef46b771404f38",
  "milepael-medalje/wave": "ed32f2f022effb98",
  "milepael-regnbuehue/cheer": "ce9382d3a5c38a68",
  "milepael-regnbuehue/domestic/1/0": "531fafbae36af023",
  "milepael-regnbuehue/domestic/2/0": "ee16b8ab049773f7",
  "milepael-regnbuehue/domestic/3/0": "ec5657218eaf88b1",
  "milepael-regnbuehue/happy": "135416b0b6ffe6d0",
  "milepael-regnbuehue/idle": "ee16b8ab049773f7",
  "milepael-regnbuehue/longhair/1/1": "47ad15d99d726246",
  "milepael-regnbuehue/longhair/2/1": "2af0ad203041b268",
  "milepael-regnbuehue/longhair/3/1": "a6531252ee61458b",
  "milepael-regnbuehue/mainecoon/1/2": "2cfb3ab3127537b4",
  "milepael-regnbuehue/mainecoon/2/2": "f1b17a8b2ec4d514",
  "milepael-regnbuehue/mainecoon/3/2": "d9932a7498291d34",
  "milepael-regnbuehue/oops": "677b0cb89f9135bf",
  "milepael-regnbuehue/sleep": "dc96da2205650fe6",
  "milepael-regnbuehue/think": "71a1fc703ae321e1",
  "milepael-regnbuehue/wave": "3aeb80557e97461a",
  "milepael-slikkepind/cheer": "e4bc83713f586a26",
  "milepael-slikkepind/domestic/1/0": "66c1ce8aba66d423",
  "milepael-slikkepind/domestic/2/0": "73573f8a9e26359b",
  "milepael-slikkepind/domestic/3/0": "55c1d8dc61f092e6",
  "milepael-slikkepind/happy": "1c2169608d665f9a",
  "milepael-slikkepind/idle": "73573f8a9e26359b",
  "milepael-slikkepind/longhair/1/1": "6a7c95e2d9452cf2",
  "milepael-slikkepind/longhair/2/1": "71503c24244be181",
  "milepael-slikkepind/longhair/3/1": "9ae34abbffafb58a",
  "milepael-slikkepind/mainecoon/1/2": "bf85876e1a35fb79",
  "milepael-slikkepind/mainecoon/2/2": "dc01e8c58fe6f6b6",
  "milepael-slikkepind/mainecoon/3/2": "0ee7494f8fc964f0",
  "milepael-slikkepind/oops": "6459c44edc78a67c",
  "milepael-slikkepind/sleep": "59b384b1e9d46ccc",
  "milepael-slikkepind/think": "f82867f4f742649f",
  "milepael-slikkepind/wave": "f4f7003f09d6f071",
  "pirat-back/cheer": "8442e68a8c9b50a9",
  "pirat-back/domestic/1/0": "38643bbc3799a716",
  "pirat-back/domestic/2/0": "f74bda6b29f3951a",
  "pirat-back/domestic/3/0": "2e5dc90d7b44a2c6",
  "pirat-back/happy": "feec9435c8af06fc",
  "pirat-back/idle": "f74bda6b29f3951a",
  "pirat-back/longhair/1/1": "7874e3188d90cb29",
  "pirat-back/longhair/2/1": "ee7c97f557240490",
  "pirat-back/longhair/3/1": "be627ed098a6f366",
  "pirat-back/mainecoon/1/2": "77aeca85b97b0c32",
  "pirat-back/mainecoon/2/2": "9fa3421803634ba2",
  "pirat-back/mainecoon/3/2": "8e1d6d7af9ceac18",
  "pirat-back/oops": "93829e8d4bc7bfce",
  "pirat-back/sleep": "7e946de9375f4594",
  "pirat-back/think": "aa7b3affc91dca5d",
  "pirat-back/wave": "d21877403bd4a3e8",
  "pirat-body/cheer": "873a97f446bc60d7",
  "pirat-body/domestic/1/0": "faf9586042b41247",
  "pirat-body/domestic/2/0": "865b9b8d99f3327e",
  "pirat-body/domestic/3/0": "278d79cf42c84168",
  "pirat-body/happy": "5455f37a7f0356db",
  "pirat-body/idle": "865b9b8d99f3327e",
  "pirat-body/longhair/1/1": "ea410ff31fbb380f",
  "pirat-body/longhair/2/1": "585b38d4638e94cf",
  "pirat-body/longhair/3/1": "47cf24ba960f00c4",
  "pirat-body/mainecoon/1/2": "67e432467ca2a885",
  "pirat-body/mainecoon/2/2": "63f946b680ee6b66",
  "pirat-body/mainecoon/3/2": "4f8e05253b6ea9c2",
  "pirat-body/oops": "2ff5ab745eab359f",
  "pirat-body/sleep": "751fa39fd413e0f7",
  "pirat-body/think": "412ebb094bc7fdc1",
  "pirat-body/wave": "70ca04bfdfe57c87",
  "pirat-face/cheer": "94bf0f3466eeb78f",
  "pirat-face/domestic/1/0": "a8ff8573bca5d1d7",
  "pirat-face/domestic/2/0": "d9c5ae8fd82d5cbd",
  "pirat-face/domestic/3/0": "e5ca9c7e66f95805",
  "pirat-face/happy": "ec3f44c222c1dc64",
  "pirat-face/idle": "d9c5ae8fd82d5cbd",
  "pirat-face/longhair/1/1": "99a27d74543d44a7",
  "pirat-face/longhair/2/1": "c5a4108ce525d477",
  "pirat-face/longhair/3/1": "efba901e38fb2e01",
  "pirat-face/mainecoon/1/2": "3d6b22d267aad6be",
  "pirat-face/mainecoon/2/2": "43dbf5f1fb2f1a37",
  "pirat-face/mainecoon/3/2": "8458e884650094ed",
  "pirat-face/oops": "c88a351ef6313b29",
  "pirat-face/sleep": "290273a8acfac68c",
  "pirat-face/think": "f195815691fde24a",
  "pirat-face/wave": "c475003e54e288fc",
  "pirat-hand/cheer": "3ed1db04d7ddbfcb",
  "pirat-hand/domestic/1/0": "42957461c2454976",
  "pirat-hand/domestic/2/0": "00ac76518ad24322",
  "pirat-hand/domestic/3/0": "88d8f2e42b3eacd3",
  "pirat-hand/happy": "d3607309ffae3540",
  "pirat-hand/idle": "00ac76518ad24322",
  "pirat-hand/longhair/1/1": "af9d13cb7609534f",
  "pirat-hand/longhair/2/1": "0ff1126bb58141ab",
  "pirat-hand/longhair/3/1": "da618a677b0997b2",
  "pirat-hand/mainecoon/1/2": "35470aa388b71c4e",
  "pirat-hand/mainecoon/2/2": "fb49235ca7d2efdc",
  "pirat-hand/mainecoon/3/2": "4fc9ac1eceebc0a5",
  "pirat-hand/oops": "e14a04590dcd14c1",
  "pirat-hand/sleep": "fae816884d5a0314",
  "pirat-hand/think": "de6a2ad14f836833",
  "pirat-hand/wave": "06b4bf08e78725e8",
  "pirat-head/cheer": "8f1d91bfba56e3b7",
  "pirat-head/domestic/1/0": "37d7bedf1b5235a7",
  "pirat-head/domestic/2/0": "ce1d254237f0be9e",
  "pirat-head/domestic/3/0": "27de2622fbb2cc34",
  "pirat-head/happy": "1f73d988ebc345e5",
  "pirat-head/idle": "ce1d254237f0be9e",
  "pirat-head/longhair/1/1": "d5635a42f187ea37",
  "pirat-head/longhair/2/1": "407718ef25a01a99",
  "pirat-head/longhair/3/1": "be56b89b8e20f3c5",
  "pirat-head/mainecoon/1/2": "9f569eb3c865e27c",
  "pirat-head/mainecoon/2/2": "73a744043d47aa3f",
  "pirat-head/mainecoon/3/2": "1099e4ae906c3d30",
  "pirat-head/oops": "14b8eeedde836ea6",
  "pirat-head/sleep": "c092f595558ca0aa",
  "pirat-head/think": "898e9ec65060888f",
  "pirat-head/wave": "f3caa541b0e57950",
  "pirat-neck/cheer": "d3cd176053c68fe9",
  "pirat-neck/domestic/1/0": "11c0e9f2a434cd73",
  "pirat-neck/domestic/2/0": "389ca9350282050d",
  "pirat-neck/domestic/3/0": "5d3a959e866dbc77",
  "pirat-neck/happy": "47b9a9f7c64d2251",
  "pirat-neck/idle": "389ca9350282050d",
  "pirat-neck/longhair/1/1": "e91c1141f4ff9371",
  "pirat-neck/longhair/2/1": "1bc7910ecd674a7c",
  "pirat-neck/longhair/3/1": "441b3d095626f155",
  "pirat-neck/mainecoon/1/2": "ad5de31cb2bff497",
  "pirat-neck/mainecoon/2/2": "eebf4d869c9ddd12",
  "pirat-neck/mainecoon/3/2": "a857e0b270a718ce",
  "pirat-neck/oops": "05d424b2d03eca74",
  "pirat-neck/sleep": "de3e7cc6fb6eb08d",
  "pirat-neck/think": "e9653bd0e4424612",
  "pirat-neck/wave": "8ef4e7d8069cd468",
}
`;

exports[`hash-regression · hedgehog > pr. genstand · stadie · farvesæt (racerne på skift) og pr. genstand · humør 1`] = `
{
  "milepael-fevinger/cheer": "a07c7441950125a8",
  "milepael-fevinger/happy": "a9d8f09c7a1830b1",
  "milepael-fevinger/idle": "87428584d6b94c7f",
  "milepael-fevinger/oops": "37c35eafa5e630ef",
  "milepael-fevinger/sleep": "b3a7f8222728e668",
  "milepael-fevinger/std/1/0": "84487abd6f2dcf8c",
  "milepael-fevinger/std/1/1": "8ad1635ee80954c0",
  "milepael-fevinger/std/1/2": "8265614c830e4446",
  "milepael-fevinger/std/2/0": "87428584d6b94c7f",
  "milepael-fevinger/std/2/1": "aa612152328a9b6b",
  "milepael-fevinger/std/2/2": "d59513c530b96f4b",
  "milepael-fevinger/std/3/0": "98a1d5bfab712779",
  "milepael-fevinger/std/3/1": "74dcbad2f76bb5e5",
  "milepael-fevinger/std/3/2": "71cc3ada3762103d",
  "milepael-fevinger/think": "627b4fb04808c35f",
  "milepael-fevinger/wave": "e8cfde4aea9d01b8",
  "milepael-glimmerbluse/cheer": "4cc2218d876f97ae",
  "milepael-glimmerbluse/happy": "f1acdc7dd8b7a2d3",
  "milepael-glimmerbluse/idle": "1e72c01b58492781",
  "milepael-glimmerbluse/oops": "39d47a7060da879e",
  "milepael-glimmerbluse/sleep": "79a50615e3bf7fa2",
  "milepael-glimmerbluse/std/1/0": "d64ce2853fc47e5e",
  "milepael-glimmerbluse/std/1/1": "e72eb16b14e16e16",
  "milepael-glimmerbluse/std/1/2": "2893cbdb6460cb3c",
  "milepael-glimmerbluse/std/2/0": "1e72c01b58492781",
  "milepael-glimmerbluse/std/2/1": "e0413c413c1be75d",
  "milepael-glimmerbluse/std/2/2": "6ab528dff76ca944",
  "milepael-glimmerbluse/std/3/0": "52179880361b8ff2",
  "milepael-glimmerbluse/std/3/1": "d863085bf6d1e465",
  "milepael-glimmerbluse/std/3/2": "c83b9b6b70996e5f",
  "milepael-glimmerbluse/think": "05e8b6279b7c0767",
  "milepael-glimmerbluse/wave": "07c5313e647794cf",
  "milepael-hjertebriller/cheer": "186bc2cc0c7550b8",
  "milepael-hjertebriller/happy": "e64d1673d9f7a65f",
  "milepael-hjertebriller/idle": "6137bd8656cbc15e",
  "milepael-hjertebriller/oops": "4fe3c8a9407cfccc",
  "milepael-hjertebriller/sleep": "8613eb3045489f7e",
  "milepael-hjertebriller/std/1/0": "14d5630af256d068",
  "milepael-hjertebriller/std/1/1": "dcf6a112799903c5",
  "milepael-hjertebriller/std/1/2": "c9ca792f7267549e",
  "milepael-hjertebriller/std/2/0": "6137bd8656cbc15e",
  "milepael-hjertebriller/std/2/1": "60949e2649ea0d65",
  "milepael-hjertebriller/std/2/2": "7583ab7ee7f2d4c8",
  "milepael-hjertebriller/std/3/0": "a05006bb9d6c114a",
  "milepael-hjertebriller/std/3/1": "743cd0e33a04b9c7",
  "milepael-hjertebriller/std/3/2": "934b84ca28232350",
  "milepael-hjertebriller/think": "a42f9e6f54731cd4",
  "milepael-hjertebriller/wave": "f804b9e2179fcfa4",
  "milepael-kappe/cheer": "5ec21d78f95de13f",
  "milepael-kappe/happy": "8adfe5cbf77e5034",
  "milepael-kappe/idle": "8ba5e4d6a98dbd15",
  "milepael-kappe/oops": "be4e7a350f015d18",
  "milepael-kappe/sleep": "f33294afa1231145",
  "milepael-kappe/std/1/0": "c3f9490156595585",
  "milepael-kappe/std/1/1": "5d732d23b34dbc2a",
  "milepael-kappe/std/1/2": "46b9a90a47ade919",
  "milepael-kappe/std/2/0": "8ba5e4d6a98dbd15",
  "milepael-kappe/std/2/1": "28e6c4164928fa1c",
  "milepael-kappe/std/2/2": "3f194578b073bab4",
  "milepael-kappe/std/3/0": "5757cfc3afedf43c",
  "milepael-kappe/std/3/1": "5ab6a40ae12950b6",
  "milepael-kappe/std/3/2": "e2b27f1480b53e51",
  "milepael-kappe/think": "521c74e3262f8a60",
  "milepael-kappe/wave": "7b38dd305a5f2949",
  "milepael-krone/cheer": "1c97d5375c3a6ebc",
  "milepael-krone/happy": "952f840a66ccb98e",
  "milepael-krone/idle": "e8d72b4dabfa8c91",
  "milepael-krone/oops": "bbf8c5362c25a162",
  "milepael-krone/sleep": "32a3cceb7b6f82ea",
  "milepael-krone/std/1/0": "6a29a35f491e61bd",
  "milepael-krone/std/1/1": "b57e0886122b5666",
  "milepael-krone/std/1/2": "d11243a8ea9826c9",
  "milepael-krone/std/2/0": "e8d72b4dabfa8c91",
  "milepael-krone/std/2/1": "07aa4b448c4374ae",
  "milepael-krone/std/2/2": "9fd422cf599f7c59",
  "milepael-krone/std/3/0": "d819732c8c3d81fb",
  "milepael-krone/std/3/1": "a5dc54e5bb6f65d0",
  "milepael-krone/std/3/2": "2ee77561e9b3685f",
  "milepael-krone/think": "5474a1125f16209e",
  "milepael-krone/wave": "df858696667fec13",
  "milepael-medalje/cheer": "4a1d655e8edae371",
  "milepael-medalje/happy": "097edc334342af89",
  "milepael-medalje/idle": "01e2e2098c3bfd7b",
  "milepael-medalje/oops": "26d8e91d89925196",
  "milepael-medalje/sleep": "5de410f25ca16688",
  "milepael-medalje/std/1/0": "96f6fdb90b060b72",
  "milepael-medalje/std/1/1": "b4dd04bb4df443c3",
  "milepael-medalje/std/1/2": "d8eb1dc717aa4dcc",
  "milepael-medalje/std/2/0": "01e2e2098c3bfd7b",
  "milepael-medalje/std/2/1": "d20f092d80f7cf4d",
  "milepael-medalje/std/2/2": "eca969a5b17e3082",
  "milepael-medalje/std/3/0": "f7fb75fc40f6236a",
  "milepael-medalje/std/3/1": "c07061e15ede91bf",
  "milepael-medalje/std/3/2": "b789b541469fb44b",
  "milepael-medalje/think": "de00af31d26afa04",
  "milepael-medalje/wave": "f3030acf8f7b6537",
  "milepael-regnbuehue/cheer": "b80876d4dd71c8f2",
  "milepael-regnbuehue/happy": "42372fc3ddce7f94",
  "milepael-regnbuehue/idle": "d9e10907419db5d0",
  "milepael-regnbuehue/oops": "6d39e8fb462de8dc",
  "milepael-regnbuehue/sleep": "c15bfbcb8648d2bf",
  "milepael-regnbuehue/std/1/0": "7e9c062b6b229d98",
  "milepael-regnbuehue/std/1/1": "66ef42e68ce11c43",
  "milepael-regnbuehue/std/1/2": "ba9b9b026cb45a3c",
  "milepael-regnbuehue/std/2/0": "d9e10907419db5d0",
  "milepael-regnbuehue/std/2/1": "677dfc7557b9511b",
  "milepael-regnbuehue/std/2/2": "bc1269a2180b4f4a",
  "milepael-regnbuehue/std/3/0": "e1b569e4e9be71e9",
  "milepael-regnbuehue/std/3/1": "dfbd71c5f6270fa1",
  "milepael-regnbuehue/std/3/2": "225d88a46439e7c0",
  "milepael-regnbuehue/think": "3e3a5b533a8c8fd4",
  "milepael-regnbuehue/wave": "66b7dc9f63b4f107",
  "milepael-slikkepind/cheer": "936a42b2fb17f306",
  "milepael-slikkepind/happy": "bc4ba1c86a924402",
  "milepael-slikkepind/idle": "2c874a873559be3f",
  "milepael-slikkepind/oops": "7dfed2c8cabed1a7",
  "milepael-slikkepind/sleep": "ce0be8a366d10b63",
  "milepael-slikkepind/std/1/0": "7c3d537ca9a9ec08",
  "milepael-slikkepind/std/1/1": "8c3387f97af1b7f9",
  "milepael-slikkepind/std/1/2": "d7901f5826675b4b",
  "milepael-slikkepind/std/2/0": "2c874a873559be3f",
  "milepael-slikkepind/std/2/1": "bf3d005d04758526",
  "milepael-slikkepind/std/2/2": "3b34b89307b46b57",
  "milepael-slikkepind/std/3/0": "7c60d3c242a50799",
  "milepael-slikkepind/std/3/1": "5ff57622d0370a92",
  "milepael-slikkepind/std/3/2": "ec783f70dbc29521",
  "milepael-slikkepind/think": "88f57b53ee6ab996",
  "milepael-slikkepind/wave": "8662c203ff4e543b",
  "pirat-back/cheer": "855ab963ac433ed0",
  "pirat-back/happy": "e6f9e8afc737e1ca",
  "pirat-back/idle": "026518e545b04b44",
  "pirat-back/oops": "339bc9146d5382ad",
  "pirat-back/sleep": "3a30b8c680110195",
  "pirat-back/std/1/0": "5dcd6a53e4a91982",
  "pirat-back/std/1/1": "587ee78e2878ef05",
  "pirat-back/std/1/2": "e09d3c8df458c7a9",
  "pirat-back/std/2/0": "026518e545b04b44",
  "pirat-back/std/2/1": "bcff90b588c5bf18",
  "pirat-back/std/2/2": "bff477276d5e5d28",
  "pirat-back/std/3/0": "647d534e1e08a55a",
  "pirat-back/std/3/1": "a927779fcecd20ce",
  "pirat-back/std/3/2": "d957ed200a17d6c8",
  "pirat-back/think": "90afd58a81b5f85f",
  "pirat-back/wave": "4b3b782bae0e7eff",
  "pirat-body/cheer": "d3de805f253c2978",
  "pirat-body/happy": "9dde8e52ede61954",
  "pirat-body/idle": "850a3d54a9758679",
  "pirat-body/oops": "ecae3bfa2e3bc434",
  "pirat-body/sleep": "06c6d9db0b07e216",
  "pirat-body/std/1/0": "2e48503684816464",
  "pirat-body/std/1/1": "cc0a6fbb52dcf5a8",
  "pirat-body/std/1/2": "c5726eb6ac4dfa63",
  "pirat-body/std/2/0": "850a3d54a9758679",
  "pirat-body/std/2/1": "336bcd9ad0411917",
  "pirat-body/std/2/2": "eb1785b096264a75",
  "pirat-body/std/3/0": "fe4881ba136e0dbd",
  "pirat-body/std/3/1": "adc46725fbb230db",
  "pirat-body/std/3/2": "b4c2b5a0c9247958",
  "pirat-body/think": "dbaad2f98b7321ee",
  "pirat-body/wave": "6e3c5b0af3aadc4e",
  "pirat-face/cheer": "7aa15a6c4ad0a5b6",
  "pirat-face/happy": "ee55b5d18947bc35",
  "pirat-face/idle": "ecba49ea1134e5d8",
  "pirat-face/oops": "cccd22e0e2068908",
  "pirat-face/sleep": "d18b133df7d5b8d2",
  "pirat-face/std/1/0": "0a78b147db53be06",
  "pirat-face/std/1/1": "371d3641a8fd7b10",
  "pirat-face/std/1/2": "cff0582195a37b30",
  "pirat-face/std/2/0": "ecba49ea1134e5d8",
  "pirat-face/std/2/1": "bab2eef1351a41c1",
  "pirat-face/std/2/2": "011ead78a8d323a4",
  "pirat-face/std/3/0": "82fc29e84d51732f",
  "pirat-face/std/3/1": "e2dfffc5fbb3b70f",
  "pirat-face/std/3/2": "342b8e4d95d77dad",
  "pirat-face/think": "7ade49f55ffc7da1",
  "pirat-face/wave": "6d2287cc334bbb11",
  "pirat-hand/cheer": "f375690935ef82a5",
  "pirat-hand/happy": "3c2a4cef8f7abf33",
  "pirat-hand/idle": "b2edac276a5108d8",
  "pirat-hand/oops": "eda041e7890abc0c",
  "pirat-hand/sleep": "e4489825e09fc555",
  "pirat-hand/std/1/0": "553fa6a9b10bcc8e",
  "pirat-hand/std/1/1": "3442786d9a118a73",
  "pirat-hand/std/1/2": "bb18a2292d06dc3c",
  "pirat-hand/std/2/0": "b2edac276a5108d8",
  "pirat-hand/std/2/1": "4a445f42cb8dbddd",
  "pirat-hand/std/2/2": "1e56e368e02d9be8",
  "pirat-hand/std/3/0": "60c3ba3be72d5342",
  "pirat-hand/std/3/1": "3bb2a268cef31ab2",
  "pirat-hand/std/3/2": "dbcd108075338857",
  "pirat-hand/think": "86b4320253a3dbab",
  "pirat-hand/wave": "da0ec45c62a215b5",
  "pirat-head/cheer": "1284afcc527b435e",
  "pirat-head/happy": "225daa63887602d6",
  "pirat-head/idle": "2725122e0d469d58",
  "pirat-head/oops": "0cf2cdfe1e5748cc",
  "pirat-head/sleep": "d04e9d931870ba42",
  "pirat-head/std/1/0": "bfba3eb47ed21c12",
  "pirat-head/std/1/1": "0a08776d7f03499c",
  "pirat-head/std/1/2": "a796902a35869666",
  "pirat-head/std/2/0": "2725122e0d469d58",
  "pirat-head/std/2/1": "faa0c8e0ebd8a317",
  "pirat-head/std/2/2": "e2b0650a5ca8bd07",
  "pirat-head/std/3/0": "f765fe1cf1731761",
  "pirat-head/std/3/1": "9edf4dfabf9ed5d4",
  "pirat-head/std/3/2": "1ea3a668b03e12d9",
  "pirat-head/think": "d37a9e01759dc4cd",
  "pirat-head/wave": "80189bab8eea1c1b",
  "pirat-neck/cheer": "8bdb48a9cc18a946",
  "pirat-neck/happy": "4d926cf6f4c7fbb2",
  "pirat-neck/idle": "2684d3161bacbc81",
  "pirat-neck/oops": "0d4a11571bdc71ea",
  "pirat-neck/sleep": "36503003c0014774",
  "pirat-neck/std/1/0": "134cc4efceb45e06",
  "pirat-neck/std/1/1": "750e59f43b7a9633",
  "pirat-neck/std/1/2": "809986e19bbe3d6f",
  "pirat-neck/std/2/0": "2684d3161bacbc81",
  "pirat-neck/std/2/1": "6e0fa84ad90f4009",
  "pirat-neck/std/2/2": "964cdab07272adf6",
  "pirat-neck/std/3/0": "dce97e888d63c2f5",
  "pirat-neck/std/3/1": "8794605cf7027b4d",
  "pirat-neck/std/3/2": "a934e937c4cad191",
  "pirat-neck/think": "05ba9d6b3b9dcc0b",
  "pirat-neck/wave": "90dc237fe5ea74d5",
}
`;

exports[`hash-regression · horse > pr. genstand · stadie · farvesæt (racerne på skift) og pr. genstand · humør 1`] = `
{
  "milepael-fevinger/arabian/1/2": "ac392802898b5eff",
  "milepael-fevinger/arabian/2/2": "f9f7dfcfaaf51439",
  "milepael-fevinger/arabian/3/2": "845d5c3434164102",
  "milepael-fevinger/cheer": "a1f0d406f1822088",
  "milepael-fevinger/fjord/1/1": "5591544becbfe5b4",
  "milepael-fevinger/fjord/2/1": "076c29b6574ff595",
  "milepael-fevinger/fjord/3/1": "c19ca1c5d5d75c1a",
  "milepael-fevinger/happy": "4851e3b0142dd1b7",
  "milepael-fevinger/idle": "7af2f5bf5251ae4a",
  "milepael-fevinger/oops": "c09a87dc7e2b3d58",
  "milepael-fevinger/shetland/1/0": "dda5fe94991d9459",
  "milepael-fevinger/shetland/2/0": "7af2f5bf5251ae4a",
  "milepael-fevinger/shetland/3/0": "f43fc549d6940227",
  "milepael-fevinger/sleep": "1c98cb6d6a30074e",
  "milepael-fevinger/think": "4977239172af584b",
  "milepael-fevinger/wave": "ae9d3fa7035050f9",
  "milepael-glimmerbluse/arabian/1/2": "02ceb844908f6b6c",
  "milepael-glimmerbluse/arabian/2/2": "84c185b85d64e2be",
  "milepael-glimmerbluse/arabian/3/2": "0ad442ead664160f",
  "milepael-glimmerbluse/cheer": "1fbabbaf7a429c68",
  "milepael-glimmerbluse/fjord/1/1": "e181c6912b55aad4",
  "milepael-glimmerbluse/fjord/2/1": "432807f6ce5fd1e9",
  "milepael-glimmerbluse/fjord/3/1": "0ff40f668486f846",
  "milepael-glimmerbluse/happy": "1b5c67e89a74a5b4",
  "milepael-glimmerbluse/idle": "be0069dd43430693",
  "milepael-glimmerbluse/oops": "c8798bd4f04d154a",
  "milepael-glimmerbluse/shetland/1/0": "872382251b736412",
  "milepael-glimmerbluse/shetland/2/0": "be0069dd43430693",
  "milepael-glimmerbluse/shetland/3/0": "d7cbbb5aa1193b91",
  "milepael-glimmerbluse/sleep": "9da0bcfd2d170ad1",
  "milepael-glimmerbluse/think": "d8ecfc47920d54eb",
  "milepael-glimmerbluse/wave": "1ae506988ff6f962",
  "milepael-hjertebriller/arabian/1/2": "7fc29ebd517439cd",
  "milepael-hjertebriller/arabian/2/2": "ee3dbfb3e51639b2",
  "milepael-hjertebriller/arabian/3/2": "2698d515780e29f3",
  "milepael-hjertebriller/cheer": "80d6f12557d740f0",
  "milepael-hjertebriller/fjord/1/1": "4dbe9e6d73fdd0ac",
  "milepael-hjertebriller/fjord/2/1": "60b9bea87f752d8c",
  "milepael-hjertebriller/fjord/3/1": "9d494ffb1106e086",
  "milepael-hjertebriller/happy": "6e938d7245dbefa8",
  "milepael-hjertebriller/idle": "d76a92389745d2d1",
  "milepael-hjertebriller/oops": "33f31cadda3c8218",
  "milepael-hjertebriller/shetland/1/0": "350871da52130ae7",
  "milepael-hjertebriller/shetland/2/0": "d76a92389745d2d1",
  "milepael-hjertebriller/shetland/3/0": "383c61b53c7b83e1",
  "milepael-hjertebriller/sleep": "8dc903db9db5236d",
  "milepael-hjertebriller/think": "83610269191dcb57",
  "milepael-hjertebriller/wave": "5caa9be49441d837",
  "milepael-kappe/arabian/1/2": "4e9e7da1914d99a4",
  "milepael-kappe/arabian/2/2": "dff6f387251e5759",
  "milepael-kappe/arabian/3/2": "98c9c57e356a0263",
  "milepael-kappe/cheer": "f537ab9ff4510e15",
  "milepael-kappe/fjord/1/1": "e948f05fdf2c5038",
  "milepael-kappe/fjord/2/1": "c7ab960b1b1fe807",
  "milepael-kappe/fjord/3/1": "4b3ddfc239a118c1",
  "milepael-kappe/happy": "2646aef09f0e4a66",
  "milepael-kappe/idle": "1d877e61b37f2f12",
  "milepael-kappe/oops": "9ac7cee20c65f50d",
  "milepael-kappe/shetland/1/0": "e881422da594ad7b",
  "milepael-kappe/shetland/2/0": "1d877e61b37f2f12",
  "milepael-kappe/shetland/3/0": "12246a5b01e6e4b8",
  "milepael-kappe/sleep": "03feea9de14dc2a2",
  "milepael-kappe/think": "af6ecd5799e031d1",
  "milepael-kappe/wave": "af2e88e86aaf2c31",
  "milepael-krone/arabian/1/2": "6108eb6f8bd48a3d",
  "milepael-krone/arabian/2/2": "165f7420e6fe3bc2",
  "milepael-krone/arabian/3/2": "a34841a59f4da000",
  "milepael-krone/cheer": "b16dd28b6e4edf13",
  "milepael-krone/fjord/1/1": "d61761c99b77f978",
  "milepael-krone/fjord/2/1": "27f4fe352474bf10",
  "milepael-krone/fjord/3/1": "99c86b986decd3eb",
  "milepael-krone/happy": "37c8ccb95a52d496",
  "milepael-krone/idle": "046dc4c474751882",
  "milepael-krone/oops": "a4128237feb78ada",
  "milepael-krone/shetland/1/0": "129a2a0b7a4155db",
  "milepael-krone/shetland/2/0": "046dc4c474751882",
  "milepael-krone/shetland/3/0": "cb3f55fbdedff4f6",
  "milepael-krone/sleep": "09ae632c37ca1d54",
  "milepael-krone/think": "bca1247e7e655d18",
  "milepael-krone/wave": "1e6bf0cd67fa0035",
  "milepael-medalje/arabian/1/2": "70154d38fe47e868",
  "milepael-medalje/arabian/2/2": "98179fb6e728da25",
  "milepael-medalje/arabian/3/2": "17b078a6f2dac682",
  "milepael-medalje/cheer": "68bfa3a62f33abda",
  "milepael-medalje/fjord/1/1": "e7229b0a6dd23e7b",
  "milepael-medalje/fjord/2/1": "5b4c4dd58e3a0748",
  "milepael-medalje/fjord/3/1": "78e213cb811b10b6",
  "milepael-medalje/happy": "e1200406cbbb7235",
  "milepael-medalje/idle": "cfa5b57492efda09",
  "milepael-medalje/oops": "602e7cc2fa5ba349",
  "milepael-medalje/shetland/1/0": "56e0327a5dbaa43a",
  "milepael-medalje/shetland/2/0": "cfa5b57492efda09",
  "milepael-medalje/shetland/3/0": "804912d35a4731c5",
  "milepael-medalje/sleep": "be4e477dfaad34dd",
  "milepael-medalje/think": "f18dbb59ecd4a37b",
  "milepael-medalje/wave": "fbcdb33e436ead41",
  "milepael-regnbuehue/arabian/1/2": "0d3621cceb2cd576",
  "milepael-regnbuehue/arabian/2/2": "b4830f664b0d0041",
  "milepael-regnbuehue/arabian/3/2": "eab4f05f2f04eff8",
  "milepael-regnbuehue/cheer": "6a5989ce1cf0112d",
  "milepael-regnbuehue/fjord/1/1": "acc206d3e1b1007c",
  "milepael-regnbuehue/fjord/2/1": "cc19ba51a4cccacc",
  "milepael-regnbuehue/fjord/3/1": "533d1d50fe7d4c2a",
  "milepael-regnbuehue/happy": "594bdbc56be17ecf",
  "milepael-regnbuehue/idle": "d9b425a10b69dddb",
  "milepael-regnbuehue/oops": "8750dc11dedfffd4",
  "milepael-regnbuehue/shetland/1/0": "1692c0d4b2e349c2",
  "milepael-regnbuehue/shetland/2/0": "d9b425a10b69dddb",
  "milepael-regnbuehue/shetland/3/0": "8afa02b6b2571490",
  "milepael-regnbuehue/sleep": "bdb40040e180b302",
  "milepael-regnbuehue/think": "ba6aaf34c642289f",
  "milepael-regnbuehue/wave": "1ea6703aa3df4bc0",
  "milepael-slikkepind/arabian/1/2": "9e414dfe11f0790b",
  "milepael-slikkepind/arabian/2/2": "1fd00522a152b18c",
  "milepael-slikkepind/arabian/3/2": "343c363990f279d0",
  "milepael-slikkepind/cheer": "8e5fe49caaca58ac",
  "milepael-slikkepind/fjord/1/1": "c0537a43d6f75a02",
  "milepael-slikkepind/fjord/2/1": "cb77d11ce3c317fb",
  "milepael-slikkepind/fjord/3/1": "966fbcd1975f7aa0",
  "milepael-slikkepind/happy": "bde26e26a29fda0c",
  "milepael-slikkepind/idle": "cff97743210e5f4d",
  "milepael-slikkepind/oops": "b2d319918146d63c",
  "milepael-slikkepind/shetland/1/0": "a46507085ed496c1",
  "milepael-slikkepind/shetland/2/0": "cff97743210e5f4d",
  "milepael-slikkepind/shetland/3/0": "408ac09411f72c83",
  "milepael-slikkepind/sleep": "acb875664654eee2",
  "milepael-slikkepind/think": "7f276958eb3f7451",
  "milepael-slikkepind/wave": "269582faa1b0c6a8",
  "pirat-back/arabian/1/2": "5f60a8fc19a4f6b6",
  "pirat-back/arabian/2/2": "1d43d51e8f764feb",
  "pirat-back/arabian/3/2": "97196d6838208d09",
  "pirat-back/cheer": "91d0e3407e4b8d77",
  "pirat-back/fjord/1/1": "c99b1fac4e29ec40",
  "pirat-back/fjord/2/1": "39f3f994cbc9b642",
  "pirat-back/fjord/3/1": "36b3f9ef8b3207ef",
  "pirat-back/happy": "319d35c69e96c069",
  "pirat-back/idle": "e02b037efd3e44dc",
  "pirat-back/oops": "92a78bda43a2dbf0",
  "pirat-back/shetland/1/0": "e3199e7f46d96d50",
  "pirat-back/shetland/2/0": "e02b037efd3e44dc",
  "pirat-back/shetland/3/0": "e2a5bcaa7be3502f",
  "pirat-back/sleep": "b7a964a0dd05f5cf",
  "pirat-back/think": "56b4815b10689fb1",
  "pirat-back/wave": "3b6316895577ae88",
  "pirat-body/arabian/1/2": "f3dad2829ca64770",
  "pirat-body/arabian/2/2": "cac1aa0dbc35520b",
  "pirat-body/arabian/3/2": "1ae2102c7cc20820",
  "pirat-body/cheer": "5d140ded83ab2600",
  "pirat-body/fjord/1/1": "a2089373bff605cd",
  "pirat-body/fjord/2/1": "e74a3e5ff404ab2a",
  "pirat-body/fjord/3/1": "58e1edcc970e5006",
  "pirat-body/happy": "4a08482797e527d0",
  "pirat-body/idle": "fba2b42d2f240530",
  "pirat-body/oops": "9ff50d2f88b7d078",
  "pirat-body/shetland/1/0": "6952b43ad6385b62",
  "pirat-body/shetland/2/0": "fba2b42d2f240530",
  "pirat-body/shetland/3/0": "0ce7c215d738275d",
  "pirat-body/sleep": "15c2ea7d87fd8e45",
  "pirat-body/think": "5090f36db0daddd8",
  "pirat-body/wave": "aa3548c7b87a469d",
  "pirat-face/arabian/1/2": "04b6998cc9b217b9",
  "pirat-face/arabian/2/2": "a67fd11a123a4ac3",
  "pirat-face/arabian/3/2": "c9633223773e487b",
  "pirat-face/cheer": "7ec1adad36bc7b50",
  "pirat-face/fjord/1/1": "4014c9e5904fc99a",
  "pirat-face/fjord/2/1": "fa485b5f3f12d0d4",
  "pirat-face/fjord/3/1": "1c923d2672bde353",
  "pirat-face/happy": "8030ce415a920802",
  "pirat-face/idle": "7ad2c0fd55093161",
  "pirat-face/oops": "115028517a1f052a",
  "pirat-face/shetland/1/0": "6456eeabcb8fd859",
  "pirat-face/shetland/2/0": "7ad2c0fd55093161",
  "pirat-face/shetland/3/0": "c9d4de7365e0f9b9",
  "pirat-face/sleep": "8d1a78886505f793",
  "pirat-face/think": "d471d1acf97d3e4b",
  "pirat-face/wave": "9b5508e88e50fd0f",
  "pirat-hand/arabian/1/2": "306376f57f0a83eb",
  "pirat-hand/arabian/2/2": "efe33f81449f467d",
  "pirat-hand/arabian/3/2": "e7da0186d3aa3606",
  "pirat-hand/cheer": "d9b8215e9385efb0",
  "pirat-hand/fjord/1/1": "19bdab6c014474ea",
  "pirat-hand/fjord/2/1": "d1d66090aa8cc298",
  "pirat-hand/fjord/3/1": "62e03497a0979d66",
  "pirat-hand/happy": "0a9fffac420651f8",
  "pirat-hand/idle": "d0cda4eb159da171",
  "pirat-hand/oops": "f8ed8eb6f526ca66",
  "pirat-hand/shetland/1/0": "39d3a706d46c60d7",
  "pirat-hand/shetland/2/0": "d0cda4eb159da171",
  "pirat-hand/shetland/3/0": "4121cfd855251dd1",
  "pirat-hand/sleep": "83af7f36b5b91563",
  "pirat-hand/think": "71a336eebbcc0350",
  "pirat-hand/wave": "fa4d3a05346cc8de",
  "pirat-head/arabian/1/2": "28f0e8ec0b833f35",
  "pirat-head/arabian/2/2": "4d262ffc31f6affa",
  "pirat-head/arabian/3/2": "c7a4615dd35206db",
  "pirat-head/cheer": "319f9d30e57a7e65",
  "pirat-head/fjord/1/1": "0c3b5b3e305eed20",
  "pirat-head/fjord/2/1": "6cdebcedbf9cbb32",
  "pirat-head/fjord/3/1": "18da061c9e829e39",
  "pirat-head/happy": "7a7347da5f85b47d",
  "pirat-head/idle": "c925883d7284ae70",
  "pirat-head/oops": "46d727777d02f820",
  "pirat-head/shetland/1/0": "93bb122eaabff512",
  "pirat-head/shetland/2/0": "c925883d7284ae70",
  "pirat-head/shetland/3/0": "1740eb51e3eda7b1",
  "pirat-head/sleep": "1d24403eb6895bbb",
  "pirat-head/think": "6e23d8415569a6f2",
  "pirat-head/wave": "67f4ddb04835f379",
  "pirat-neck/arabian/1/2": "98b0533232e94a28",
  "pirat-neck/arabian/2/2": "0b8b9fad37a297ba",
  "pirat-neck/arabian/3/2": "faf4ec6c67704d8a",
  "pirat-neck/cheer": "639c2162004376ae",
  "pirat-neck/fjord/1/1": "f48f93ad624caaff",
  "pirat-neck/fjord/2/1": "07e11ef0a9ed8814",
  "pirat-neck/fjord/3/1": "c05fe18df6dd1f1b",
  "pirat-neck/happy": "9441154a05b97596",
  "pirat-neck/idle": "965456aa716a69ad",
  "pirat-neck/oops": "abce648588eff827",
  "pirat-neck/shetland/1/0": "bc207e523ad29a1a",
  "pirat-neck/shetland/2/0": "965456aa716a69ad",
  "pirat-neck/shetland/3/0": "baa56c639af06154",
  "pirat-neck/sleep": "2e360658837d0028",
  "pirat-neck/think": "0275a99418554267",
  "pirat-neck/wave": "f9295a0197fbc5e0",
}
`;

exports[`hash-regression · puppy > pr. genstand · stadie · farvesæt (racerne på skift) og pr. genstand · humør 1`] = `
{
  "milepael-fevinger/cheer": "46ba2cf383739939",
  "milepael-fevinger/happy": "68a17a1515d331a7",
  "milepael-fevinger/idle": "772498a241087db4",
  "milepael-fevinger/oops": "9aea0b8179c333c4",
  "milepael-fevinger/sleep": "58496c544d1ba923",
  "milepael-fevinger/std/1/0": "d772c6b43f7de9c5",
  "milepael-fevinger/std/1/1": "83a437717cf1a1fb",
  "milepael-fevinger/std/1/2": "b521a552fd83b390",
  "milepael-fevinger/std/2/0": "772498a241087db4",
  "milepael-fevinger/std/2/1": "e15ae661f91bee52",
  "milepael-fevinger/std/2/2": "7338c6dfa2fd0317",
  "milepael-fevinger/std/3/0": "18051f0cf0ee17e6",
  "milepael-fevinger/std/3/1": "471f6a6ed79b97d2",
  "milepael-fevinger/std/3/2": "4c2d6d8ece53fde5",
  "milepael-fevinger/think": "54f0444fc448e04f",
  "milepael-fevinger/wave": "ff74bb73fd452a69",
  "milepael-glimmerbluse/cheer": "dbb7f1deb001de0b",
  "milepael-glimmerbluse/happy": "edfd7dad5541bdb7",
  "milepael-glimmerbluse/idle": "5e18fe10d1b1fb73",
  "milepael-glimmerbluse/oops": "ffe0b449704b0a61",
  "milepael-glimmerbluse/sleep": "a704a4c0b7aa7712",
  "milepael-glimmerbluse/std/1/0": "0d7be23d08dbaa5e",
  "milepael-glimmerbluse/std/1/1": "df40b02fa246b245",
  "milepael-glimmerbluse/std/1/2": "831e33b8e3a67086",
  "milepael-glimmerbluse/std/2/0": "5e18fe10d1b1fb73",
  "milepael-glimmerbluse/std/2/1": "7582798b7e514dee",
  "milepael-glimmerbluse/std/2/2": "685bbf0f1a8908e2",
  "milepael-glimmerbluse/std/3/0": "379abc696d9912bc",
  "milepael-glimmerbluse/std/3/1": "4e9841fe333c4ecc",
  "milepael-glimmerbluse/std/3/2": "56e3d2cf536bdcdd",
  "milepael-glimmerbluse/think": "6a6cbb54c4f1213f",
  "milepael-glimmerbluse/wave": "c51694b2d461e10e",
  "milepael-hjertebriller/cheer": "09b5b3475f50bbc9",
  "milepael-hjertebriller/happy": "2cad43c312f991a0",
  "milepael-hjertebriller/idle": "e5bc17eb4ec82dae",
  "milepael-hjertebriller/oops": "5485c3491d9f2243",
  "milepael-hjertebriller/sleep": "c37d126921a16221",
  "milepael-hjertebriller/std/1/0": "48d07c3f0207f010",
  "milepael-hjertebriller/std/1/1": "2727d4cecf912d04",
  "milepael-hjertebriller/std/1/2": "ec0b8a7f18e5305e",
  "milepael-hjertebriller/std/2/0": "e5bc17eb4ec82dae",
  "milepael-hjertebriller/std/2/1": "b242c8f5c17b6fed",
  "milepael-hjertebriller/std/2/2": "df5893da27216c4a",
  "milepael-hjertebriller/std/3/0": "34a9c679be0ad438",
  "milepael-hjertebriller/std/3/1": "452b333df3ee2d95",
  "milepael-hjertebriller/std/3/2": "38546b5736488258",
  "milepael-hjertebriller/think": "df0067030653b269",
  "milepael-hjertebriller/wave": "802c02abebc520b3",
  "milepael-kappe/cheer": "4946538f3a83c13f",
  "milepael-kappe/happy": "8b451836e8358d5a",
  "milepael-kappe/idle": "1286e766fc340cad",
  "milepael-kappe/oops": "3e10dcc357d44d87",
  "milepael-kappe/sleep": "de84cb5bc52973f6",
  "milepael-kappe/std/1/0": "c9c94220203ea681",
  "milepael-kappe/std/1/1": "f508df65512c7d72",
  "milepael-kappe/std/1/2": "74788273ac2774c0",
  "milepael-kappe/std/2/0": "1286e766fc340cad",
  "milepael-kappe/std/2/1": "7bf15b760ffd9325",
  "milepael-kappe/std/2/2": "a4a41de51e9bd775",
  "milepael-kappe/std/3/0": "09c4b4e346a9d4dc",
  "milepael-kappe/std/3/1": "13a11e38a0e42c37",
  "milepael-kappe/std/3/2": "de94259cbb5cab09",
  "milepael-kappe/think": "50f13e394419078b",
  "milepael-kappe/wave": "b5188ab3aa0ffab3",
  "milepael-krone/cheer": "da1aaf1d8b3c494d",
  "milepael-krone/happy": "8c7b99b6b879a75b",
  "milepael-krone/idle": "60edc280b15a95d9",
  "milepael-krone/oops": "4e3cac12834bb7a2",
  "milepael-krone/sleep": "5dbee0d797cbfe0b",
  "milepael-krone/std/1/0": "8767b883d739af74",
  "milepael-krone/std/1/1": "75d9830f93ea0507",
  "milepael-krone/std/1/2": "45ffd43cce930fed",
  "milepael-krone/std/2/0": "60edc280b15a95d9",
  "milepael-krone/std/2/1": "46f779ac66f052f1",
  "milepael-krone/std/2/2": "001e057bf5245dac",
  "milepael-krone/std/3/0": "770b5db10bb2fb81",
  "milepael-krone/std/3/1": "4ee4285977005dca",
  "milepael-krone/std/3/2": "4681abb54b104f83",
  "milepael-krone/think": "492c1cf240004236",
  "milepael-krone/wave": "39e59e52536e21d7",
  "milepael-medalje/cheer": "966b8c9ca30e36ee",
  "milepael-medalje/happy": "99a72383408bce11",
  "milepael-medalje/idle": "b53a432367d2b42a",
  "milepael-medalje/oops": "d91270c1b314da66",
  "milepael-medalje/sleep": "f4776877b061894f",
  "milepael-medalje/std/1/0": "af88fa0b4272a141",
  "milepael-medalje/std/1/1": "ccf6d4631757fe18",
  "milepael-medalje/std/1/2": "30dfaa0183b607ed",
  "milepael-medalje/std/2/0": "b53a432367d2b42a",
  "milepael-medalje/std/2/1": "2a4417c3bb8a1ae8",
  "milepael-medalje/std/2/2": "96d71e655219e14d",
  "milepael-medalje/std/3/0": "3ad80cb6f9466882",
  "milepael-medalje/std/3/1": "33777f6dfb50d6ab",
  "milepael-medalje/std/3/2": "4cb2e4581589bd97",
  "milepael-medalje/think": "f5668c430e145daa",
  "milepael-medalje/wave": "d01b996df5b24f52",
  "milepael-regnbuehue/cheer": "c048590be4b77b48",
  "milepael-regnbuehue/happy": "babb791e4f339c13",
  "milepael-regnbuehue/idle": "bf40159d67711b0d",
  "milepael-regnbuehue/oops": "f61d5c7159822d35",
  "milepael-regnbuehue/sleep": "254dad5aec7040b4",
  "milepael-regnbuehue/std/1/0": "d11c40c1cda6cdc3",
  "milepael-regnbuehue/std/1/1": "87ddea96c6b08349",
  "milepael-regnbuehue/std/1/2": "0fdd66372c2dcddb",
  "milepael-regnbuehue/std/2/0": "bf40159d67711b0d",
  "milepael-regnbuehue/std/2/1": "200539f56679290a",
  "milepael-regnbuehue/std/2/2": "ad1087b31291c67c",
  "milepael-regnbuehue/std/3/0": "e01814d8471e2d1d",
  "milepael-regnbuehue/std/3/1": "73f47c7ae2ce94e7",
  "milepael-regnbuehue/std/3/2": "fc683ea60fedcb69",
  "milepael-regnbuehue/think": "f4117b57c2df7db8",
  "milepael-regnbuehue/wave": "04790d6465690d8b",
  "milepael-slikkepind/cheer": "3672588e47010019",
  "milepael-slikkepind/happy": "99542b9fcf3d7e4d",
  "milepael-slikkepind/idle": "d4dbb4ad3808763c",
  "milepael-slikkepind/oops": "d5527aeb164840a4",
  "milepael-slikkepind/sleep": "c7774dbe9537c60c",
  "milepael-slikkepind/std/1/0": "49d09dae01cb8d7c",
  "milepael-slikkepind/std/1/1": "6686cbf453b62b56",
  "milepael-slikkepind/std/1/2": "8123752fb7f2f5bb",
  "milepael-slikkepind/std/2/0": "d4dbb4ad3808763c",
  "milepael-slikkepind/std/2/1": "8701fe0a0143d78c",
  "milepael-slikkepind/std/2/2": "6badc1d4f635abdd",
  "milepael-slikkepind/std/3/0": "24714888d44cfd4f",
  "milepael-slikkepind/std/3/1": "ac9a812158afbdcb",
  "milepael-slikkepind/std/3/2": "a5dd96338004c05c",
  "milepael-slikkepind/think": "9b8474ce12b6faa8",
  "milepael-slikkepind/wave": "67502192bfb9ba12",
  "pirat-back/cheer": "b1b0031a30a19c12",
  "pirat-back/happy": "a9480057251280ea",
  "pirat-back/idle": "874446f00eb516fd",
  "pirat-back/oops": "05a179f3af15f071",
  "pirat-back/sleep": "4478b8e9bc18f30a",
  "pirat-back/std/1/0": "eb091010fc91720d",
  "pirat-back/std/1/1": "90d46af5b8bcec9b",
  "pirat-back/std/1/2": "98073dd3ad85bcb6",
  "pirat-back/std/2/0": "874446f00eb516fd",
  "pirat-back/std/2/1": "b751c90cefb95c75",
  "pirat-back/std/2/2": "e6838625aaec4433",
  "pirat-back/std/3/0": "9ffeff6353c44830",
  "pirat-back/std/3/1": "6292643a50876a0d",
  "pirat-back/std/3/2": "0258139d1f510cc4",
  "pirat-back/think": "734fdea64aeb315b",
  "pirat-back/wave": "274928fa71e30673",
  "pirat-body/cheer": "61537f6a48e58366",
  "pirat-body/happy": "ed67e80c94bc284e",
  "pirat-body/idle": "9a3b1db6b2128e5e",
  "pirat-body/oops": "d3e2eee89b8a3a4e",
  "pirat-body/sleep": "fb514cfd52117237",
  "pirat-body/std/1/0": "c997dd3c17533aba",
  "pirat-body/std/1/1": "233da6d93e5cf811",
  "pirat-body/std/1/2": "653c4d234ded5da2",
  "pirat-body/std/2/0": "9a3b1db6b2128e5e",
  "pirat-body/std/2/1": "0948cd633e21fa8a",
  "pirat-body/std/2/2": "37abad15405e85c2",
  "pirat-body/std/3/0": "17823616cfc1055d",
  "pirat-body/std/3/1": "1a950c9afcedbfc5",
  "pirat-body/std/3/2": "043928bb9a539615",
  "pirat-body/think": "754760f9f5031d32",
  "pirat-body/wave": "9881e64dfc5eedc9",
  "pirat-face/cheer": "570304944c6840c1",
  "pirat-face/happy": "e2d3c62b5323ff59",
  "pirat-face/idle": "09857a5de4c16d1e",
  "pirat-face/oops": "3a5552f11968becd",
  "pirat-face/sleep": "51add107adfcd3d6",
  "pirat-face/std/1/0": "0c36707c8008d714",
  "pirat-face/std/1/1": "a12098792f006957",
  "pirat-face/std/1/2": "98ae4bb1cb5245b0",
  "pirat-face/std/2/0": "09857a5de4c16d1e",
  "pirat-face/std/2/1": "3cbe2c25d526ad00",
  "pirat-face/std/2/2": "f12c01bf94ae734d",
  "pirat-face/std/3/0": "642dacffd16bacdf",
  "pirat-face/std/3/1": "471ea099dfb247b8",
  "pirat-face/std/3/2": "f28290114a8eb7b9",
  "pirat-face/think": "4cc61ad656561af7",
  "pirat-face/wave": "5153c56d08afc5a0",
  "pirat-hand/cheer": "e8f34aed869b57ae",
  "pirat-hand/happy": "5393316732b62484",
  "pirat-hand/idle": "68c2ec441df209e2",
  "pirat-hand/oops": "3334bc6ac36931ec",
  "pirat-hand/sleep": "68960683be68ff08",
  "pirat-hand/std/1/0": "78bba2368960bd4e",
  "pirat-hand/std/1/1": "7fd93815c911b887",
  "pirat-hand/std/1/2": "d1d6962775184206",
  "pirat-hand/std/2/0": "68c2ec441df209e2",
  "pirat-hand/std/2/1": "6afed5eab7fbf799",
  "pirat-hand/std/2/2": "0864c4ea1dbae520",
  "pirat-hand/std/3/0": "7dfee0d161fabb4c",
  "pirat-hand/std/3/1": "2be1db1dc164e6bd",
  "pirat-hand/std/3/2": "eb304677476b28bf",
  "pirat-hand/think": "1782e4828701e8b8",
  "pirat-hand/wave": "791d31d65835bf62",
  "pirat-head/cheer": "84ec9739352d4ecb",
  "pirat-head/happy": "93c88465a30397c5",
  "pirat-head/idle": "347b6a3f83710324",
  "pirat-head/oops": "d6beeb31937524b4",
  "pirat-head/sleep": "7aa2749e9d6a1826",
  "pirat-head/std/1/0": "d42a44435ef8bd68",
  "pirat-head/std/1/1": "aa8cde688c3ee8d2",
  "pirat-head/std/1/2": "aef7e6efda9b172f",
  "pirat-head/std/2/0": "347b6a3f83710324",
  "pirat-head/std/2/1": "c96905104ca7a1a9",
  "pirat-head/std/2/2": "112f8c0eea626476",
  "pirat-head/std/3/0": "3393fc2bf7d87251",
  "pirat-head/std/3/1": "6697e5fa7c1de100",
  "pirat-head/std/3/2": "95b88d061d821df8",
  "pirat-head/think": "ca216ef053eeef59",
  "pirat-head/wave": "59eb1f8fa4edcd52",
  "pirat-neck/cheer": "64d26e3778f728c1",
  "pirat-neck/happy": "c8c6b704b84b963f",
  "pirat-neck/idle": "191baeca41b1dfe1",
  "pirat-neck/oops": "6539e3b1ffcda4c2",
  "pirat-neck/sleep": "a8f75fd8190b998a",
  "pirat-neck/std/1/0": "ce1dbba6e8420301",
  "pirat-neck/std/1/1": "46ea03c6d933b71e",
  "pirat-neck/std/1/2": "e97d5cd5661ad45c",
  "pirat-neck/std/2/0": "191baeca41b1dfe1",
  "pirat-neck/std/2/1": "963f2abde7591cef",
  "pirat-neck/std/2/2": "96a66d014d3d596f",
  "pirat-neck/std/3/0": "30da21921bd0f97e",
  "pirat-neck/std/3/1": "0ba52b6f5bb92633",
  "pirat-neck/std/3/2": "55d40a77acd59774",
  "pirat-neck/think": "73d86cc116d25f5c",
  "pirat-neck/wave": "d2d2e8cfd970b7b5",
}
`;

exports[`hash-regression · rabbit > pr. genstand · stadie · farvesæt (racerne på skift) og pr. genstand · humør 1`] = `
{
  "milepael-fevinger/cheer": "f973b03be6b8eba3",
  "milepael-fevinger/happy": "660f3a37f9b6fe58",
  "milepael-fevinger/idle": "88d44a62d7012bb8",
  "milepael-fevinger/lionhead/1/2": "9ec804dbf1fd20fe",
  "milepael-fevinger/lionhead/2/2": "b22011e92f659ebe",
  "milepael-fevinger/lionhead/3/2": "dccb32bf335207d9",
  "milepael-fevinger/lop/1/1": "c644f4cfc71747c4",
  "milepael-fevinger/lop/2/1": "90240ee5c92ac178",
  "milepael-fevinger/lop/3/1": "479e16e33a36c3a2",
  "milepael-fevinger/oops": "af51ff61e4ba5b0f",
  "milepael-fevinger/sleep": "0080456ede978651",
  "milepael-fevinger/think": "e32654de22b58a7e",
  "milepael-fevinger/upright/1/0": "55ab631c51dfa296",
  "milepael-fevinger/upright/2/0": "88d44a62d7012bb8",
  "milepael-fevinger/upright/3/0": "d892146b97e1e802",
  "milepael-fevinger/wave": "61d3414f9b1101df",
  "milepael-glimmerbluse/cheer": "86644c9e3b7691c1",
  "milepael-glimmerbluse/happy": "2215130bd2dfd5ee",
  "milepael-glimmerbluse/idle": "939e0d43d6a9ff5a",
  "milepael-glimmerbluse/lionhead/1/2": "a2de194e5fb527bb",
  "milepael-glimmerbluse/lionhead/2/2": "69ae366eb7f46f99",
  "milepael-glimmerbluse/lionhead/3/2": "6cd09a4ddc1cc5ac",
  "milepael-glimmerbluse/lop/1/1": "262d9906f5d9323a",
  "milepael-glimmerbluse/lop/2/1": "4fdbd0be55fc3901",
  "milepael-glimmerbluse/lop/3/1": "7f4f70c598ea8294",
  "milepael-glimmerbluse/oops": "97f54ced8aacf6ed",
  "milepael-glimmerbluse/sleep": "8062c1fbb99e0e5d",
  "milepael-glimmerbluse/think": "4024539e88642c04",
  "milepael-glimmerbluse/upright/1/0": "7e6a4cc8ea2094b9",
  "milepael-glimmerbluse/upright/2/0": "939e0d43d6a9ff5a",
  "milepael-glimmerbluse/upright/3/0": "6e692e60f89abd39",
  "milepael-glimmerbluse/wave": "b63635bb3767a589",
  "milepael-hjertebriller/cheer": "2f93b3ffefb5e22e",
  "milepael-hjertebriller/happy": "cdfe6075e70a91c7",
  "milepael-hjertebriller/idle": "e0275987201f241e",
  "milepael-hjertebriller/lionhead/1/2": "b517a5101c374a74",
  "milepael-hjertebriller/lionhead/2/2": "946c0a0cad8b1fbf",
  "milepael-hjertebriller/lionhead/3/2": "b0332fb62aeb9d51",
  "milepael-hjertebriller/lop/1/1": "42627f5a4b8e4fc4",
  "milepael-hjertebriller/lop/2/1": "e1db2ec66e55c307",
  "milepael-hjertebriller/lop/3/1": "e207dae170dee0e2",
  "milepael-hjertebriller/oops": "d04704eee21eee5e",
  "milepael-hjertebriller/sleep": "f532094e2802508b",
  "milepael-hjertebriller/think": "0768d01d3124af44",
  "milepael-hjertebriller/upright/1/0": "162553b0f0a7f37a",
  "milepael-hjertebriller/upright/2/0": "e0275987201f241e",
  "milepael-hjertebriller/upright/3/0": "5f9aec43b6905d4a",
  "milepael-hjertebriller/wave": "9a62c2f79b99b0f8",
  "milepael-kappe/cheer": "7b2e7c3ab266c566",
  "milepael-kappe/happy": "9b1038009367af3e",
  "milepael-kappe/idle": "cc351033b78817dd",
  "milepael-kappe/lionhead/1/2": "4ae9d6e83341bdad",
  "milepael-kappe/lionhead/2/2": "b2759a9a9d7b206f",
  "milepael-kappe/lionhead/3/2": "660c2fd88698c605",
  "milepael-kappe/lop/1/1": "536759c3a51c7284",
  "milepael-kappe/lop/2/1": "30012be4fbfbe37f",
  "milepael-kappe/lop/3/1": "b6527725601389c9",
  "milepael-kappe/oops": "616370c1fca28962",
  "milepael-kappe/sleep": "7afc7df83f3e7527",
  "milepael-kappe/think": "e1a7b50cbe58218c",
  "milepael-kappe/upright/1/0": "e6bd567c39998724",
  "milepael-kappe/upright/2/0": "cc351033b78817dd",
  "milepael-kappe/upright/3/0": "e1c246e08d2a2c9c",
  "milepael-kappe/wave": "2a3250b589c9e17a",
  "milepael-krone/cheer": "e24c31b4010cff4d",
  "milepael-krone/happy": "ad57435539f58be5",
  "milepael-krone/idle": "1548ccb042c4f47b",
  "milepael-krone/lionhead/1/2": "3cbb4451cab40c98",
  "milepael-krone/lionhead/2/2": "44dd7e675cf3d43a",
  "milepael-krone/lionhead/3/2": "5e8143b1311d0ac7",
  "milepael-krone/lop/1/1": "53dad5b827fd043a",
  "milepael-krone/lop/2/1": "cb0f145869fa4440",
  "milepael-krone/lop/3/1": "f8c2ab0efadd2cf6",
  "milepael-krone/oops": "1ec0a3c41ba98feb",
  "milepael-krone/sleep": "1cad62c165cb01bc",
  "milepael-krone/think": "c7a2891a0931ad78",
  "milepael-krone/upright/1/0": "84c18418bf3a95c6",
  "milepael-krone/upright/2/0": "1548ccb042c4f47b",
  "milepael-krone/upright/3/0": "5a82b7ad3af54ccb",
  "milepael-krone/wave": "8e7654d05eadd8ae",
  "milepael-medalje/cheer": "991849b1d5d87041",
  "milepael-medalje/happy": "e2603459c7d7098b",
  "milepael-medalje/idle": "ec15cd35387a66bd",
  "milepael-medalje/lionhead/1/2": "cbf0cad391c64ca2",
  "milepael-medalje/lionhead/2/2": "3f15adfdfda7e144",
  "milepael-medalje/lionhead/3/2": "00ee1f0ac0128c67",
  "milepael-medalje/lop/1/1": "483fd20bb9ef1415",
  "milepael-medalje/lop/2/1": "5b20d90097ff281b",
  "milepael-medalje/lop/3/1": "7b8ecda2e04c6626",
  "milepael-medalje/oops": "bd6b7b62023af528",
  "milepael-medalje/sleep": "ac3258dd7e5d0e6f",
  "milepael-medalje/think": "1c5280c93fa47f30",
  "milepael-medalje/upright/1/0": "d5be5411fd8e8572",
  "milepael-medalje/upright/2/0": "ec15cd35387a66bd",
  "milepael-medalje/upright/3/0": "9c71b502f83ef49c",
  "milepael-medalje/wave": "2b67fc85e1ddf87d",
  "milepael-regnbuehue/cheer": "9ed622a010fac487",
  "milepael-regnbuehue/happy": "6723272dd66da9de",
  "milepael-regnbuehue/idle": "f2552f634ee92d0f",
  "milepael-regnbuehue/lionhead/1/2": "d501cc230b9f9085",
  "milepael-regnbuehue/lionhead/2/2": "24e15a5c32c4a6a4",
  "milepael-regnbuehue/lionhead/3/2": "a15b0b9afd66d927",
  "milepael-regnbuehue/lop/1/1": "096c5f8af1c2d02c",
  "milepael-regnbuehue/lop/2/1": "4767b762fed3608d",
  "milepael-regnbuehue/lop/3/1": "319c6273c9336de0",
  "milepael-regnbuehue/oops": "9ad1de6a5dd35493",
  "milepael-regnbuehue/sleep": "5b75fe0dc99de9e1",
  "milepael-regnbuehue/think": "c21d784a85c968ad",
  "milepael-regnbuehue/upright/1/0": "06ca164c12e4613a",
  "milepael-regnbuehue/upright/2/0": "f2552f634ee92d0f",
  "milepael-regnbuehue/upright/3/0": "25ac7f48b0f1ff40",
  "milepael-regnbuehue/wave": "0aa18489297caaf2",
  "milepael-slikkepind/cheer": "1962be752c0cf24d",
  "milepael-slikkepind/happy": "c84df29e2f6b40b0",
  "milepael-slikkepind/idle": "ce11d118cbcf7e46",
  "milepael-slikkepind/lionhead/1/2": "1f11c300d741d2c0",
  "milepael-slikkepind/lionhead/2/2": "8eafc391d127127e",
  "milepael-slikkepind/lionhead/3/2": "8a6c565c873e0359",
  "milepael-slikkepind/lop/1/1": "db3b67a945fbab74",
  "milepael-slikkepind/lop/2/1": "a982efd40821e861",
  "milepael-slikkepind/lop/3/1": "95617650fbe612cd",
  "milepael-slikkepind/oops": "def83a1de3fffbe3",
  "milepael-slikkepind/sleep": "b0a035110485e1db",
  "milepael-slikkepind/think": "fd0ccd4cc6c90541",
  "milepael-slikkepind/upright/1/0": "5e1536f652d66daf",
  "milepael-slikkepind/upright/2/0": "ce11d118cbcf7e46",
  "milepael-slikkepind/upright/3/0": "d01c9227df8582da",
  "milepael-slikkepind/wave": "532e1c1d78418456",
  "pirat-back/cheer": "15c5cd9cb37e406e",
  "pirat-back/happy": "0f8661a9c00df463",
  "pirat-back/idle": "6f55803fb7865ede",
  "pirat-back/lionhead/1/2": "1ad16d0d5c6a0ad4",
  "pirat-back/lionhead/2/2": "068b05753d4aab9c",
  "pirat-back/lionhead/3/2": "99f9d10d49e66561",
  "pirat-back/lop/1/1": "436b05e8554bbd0c",
  "pirat-back/lop/2/1": "c605af4881641593",
  "pirat-back/lop/3/1": "0c8066afa6279e5e",
  "pirat-back/oops": "815f29e51baae195",
  "pirat-back/sleep": "b2d7d1db3af4eb06",
  "pirat-back/think": "a309cef2753f71a6",
  "pirat-back/upright/1/0": "70ecf39643777abb",
  "pirat-back/upright/2/0": "6f55803fb7865ede",
  "pirat-back/upright/3/0": "b7821cf5552f1074",
  "pirat-back/wave": "69346e1bc9cb56be",
  "pirat-body/cheer": "89b71b682d1a62ac",
  "pirat-body/happy": "4eb66fca0ebdbcec",
  "pirat-body/idle": "10fa0e51fde39712",
  "pirat-body/lionhead/1/2": "bd2aa15b1f6e449f",
  "pirat-body/lionhead/2/2": "a303e3f1da0fda2d",
  "pirat-body/lionhead/3/2": "bd6de1792a2c6668",
  "pirat-body/lop/1/1": "e78da1f52b3c903e",
  "pirat-body/lop/2/1": "56a7dfa041535182",
  "pirat-body/lop/3/1": "727232a54e81f470",
  "pirat-body/oops": "c7147f1a27646185",
  "pirat-body/sleep": "757e7cf91e28042c",
  "pirat-body/think": "dd5fc856a6bee399",
  "pirat-body/upright/1/0": "acfca4b0f7621280",
  "pirat-body/upright/2/0": "10fa0e51fde39712",
  "pirat-body/upright/3/0": "340655826195a8c5",
  "pirat-body/wave": "707e2473702ef8b3",
  "pirat-face/cheer": "fa870f21495a4e7e",
  "pirat-face/happy": "82b506eb17a6cb84",
  "pirat-face/idle": "45953c76d06d7116",
  "pirat-face/lionhead/1/2": "8c4601d0c37636a3",
  "pirat-face/lionhead/2/2": "5e5f6b379091c10a",
  "pirat-face/lionhead/3/2": "806269c1dbcd438a",
  "pirat-face/lop/1/1": "a0956061ed6a6027",
  "pirat-face/lop/2/1": "ebb6ea277cae8973",
  "pirat-face/lop/3/1": "bc773db61c3af688",
  "pirat-face/oops": "df3ad5248b510d41",
  "pirat-face/sleep": "d108f863a1d00245",
  "pirat-face/think": "b2ec3d1e3514258a",
  "pirat-face/upright/1/0": "4445ee5ee2d3ecf0",
  "pirat-face/upright/2/0": "45953c76d06d7116",
  "pirat-face/upright/3/0": "109a49cd369572bb",
  "pirat-face/wave": "0a1aa0217f7316f3",
  "pirat-hand/cheer": "6396bcb0f2be4e18",
  "pirat-hand/happy": "d3f9e110c35c1b0b",
  "pirat-hand/idle": "7e480be093e74049",
  "pirat-hand/lionhead/1/2": "1aa7bb883ebce539",
  "pirat-hand/lionhead/2/2": "2cf4954636dc788a",
  "pirat-hand/lionhead/3/2": "2ea04bf2af812c08",
  "pirat-hand/lop/1/1": "cf389d6f3a5d6b94",
  "pirat-hand/lop/2/1": "23f1a7b4ecad5183",
  "pirat-hand/lop/3/1": "18821f2d7e8b829a",
  "pirat-hand/oops": "75661d69633c55e7",
  "pirat-hand/sleep": "630774196364fb0a",
  "pirat-hand/think": "879c901552f4df19",
  "pirat-hand/upright/1/0": "82fc6e6c7cab8377",
  "pirat-hand/upright/2/0": "7e480be093e74049",
  "pirat-hand/upright/3/0": "fcd237d78d48e863",
  "pirat-hand/wave": "d01658815b2774c8",
  "pirat-head/cheer": "d26dac7fd08da933",
  "pirat-head/happy": "fe7213dbf9b3df15",
  "pirat-head/idle": "67e8dd918d1f3291",
  "pirat-head/lionhead/1/2": "1767b33986bbaa16",
  "pirat-head/lionhead/2/2": "81214185c847e1b5",
  "pirat-head/lionhead/3/2": "ac1f6bc5e90cf0a6",
  "pirat-head/lop/1/1": "34447a5a535b4103",
  "pirat-head/lop/2/1": "d35c3f4d7f812425",
  "pirat-head/lop/3/1": "a2e45d39e25dff3d",
  "pirat-head/oops": "aa1636040de62c95",
  "pirat-head/sleep": "016c621913f8e0c5",
  "pirat-head/think": "6dcb6f2900dddd66",
  "pirat-head/upright/1/0": "cd2a161ec56a82e9",
  "pirat-head/upright/2/0": "67e8dd918d1f3291",
  "pirat-head/upright/3/0": "5ad25f9908221e2d",
  "pirat-head/wave": "f400900fe7b59acf",
  "pirat-neck/cheer": "b3bcbed1476212a6",
  "pirat-neck/happy": "cef54973f863f5cd",
  "pirat-neck/idle": "fafc337f817d08da",
  "pirat-neck/lionhead/1/2": "9d56e0b1d8099f05",
  "pirat-neck/lionhead/2/2": "6d2a89a725a29150",
  "pirat-neck/lionhead/3/2": "58af86a515a94ee9",
  "pirat-neck/lop/1/1": "2442f8cf51ed753b",
  "pirat-neck/lop/2/1": "a884f6e12e9ba390",
  "pirat-neck/lop/3/1": "da030a7f693cff82",
  "pirat-neck/oops": "56818789dde96270",
  "pirat-neck/sleep": "db7774a825871de5",
  "pirat-neck/think": "a296f8f1e3c39549",
  "pirat-neck/upright/1/0": "2a6c984aaaf5e2ac",
  "pirat-neck/upright/2/0": "fafc337f817d08da",
  "pirat-neck/upright/3/0": "d384d56d4eeac5f8",
  "pirat-neck/wave": "ead796798d402abc",
}
`;

exports[`hash-regression · unicorn > pr. genstand · stadie · farvesæt (racerne på skift) og pr. genstand · humør 1`] = `
{
  "milepael-fevinger/cheer": "ff529b3ad6e0824f",
  "milepael-fevinger/foal/1/0": "c4bcbe94c16a2abb",
  "milepael-fevinger/foal/2/0": "c48eacd5df70bbae",
  "milepael-fevinger/foal/3/0": "830e99617cc0dc6f",
  "milepael-fevinger/happy": "d5e008a2cb9578ce",
  "milepael-fevinger/idle": "c48eacd5df70bbae",
  "milepael-fevinger/oops": "79ed1e9cce1ff238",
  "milepael-fevinger/sleep": "ac870772e83ad442",
  "milepael-fevinger/starhorn/1/2": "c4363feb44be131a",
  "milepael-fevinger/starhorn/2/2": "fa03003db54ca64e",
  "milepael-fevinger/starhorn/3/2": "8dad5c014891741d",
  "milepael-fevinger/think": "915c35765120801f",
  "milepael-fevinger/wave": "99b5f8dab2dc7b30",
  "milepael-fevinger/wavy/1/1": "ea7ed95344ed5d45",
  "milepael-fevinger/wavy/2/1": "7cd4ed2b66b76165",
  "milepael-fevinger/wavy/3/1": "6a7b9a047b3b7ab7",
  "milepael-glimmerbluse/cheer": "db25674a4c412c0b",
  "milepael-glimmerbluse/foal/1/0": "48e11eee14522def",
  "milepael-glimmerbluse/foal/2/0": "d094c720a69ce763",
  "milepael-glimmerbluse/foal/3/0": "e394b7317f45c215",
  "milepael-glimmerbluse/happy": "93b9be703e6719c7",
  "milepael-glimmerbluse/idle": "d094c720a69ce763",
  "milepael-glimmerbluse/oops": "31f7a6eee542196a",
  "milepael-glimmerbluse/sleep": "50f4b532bfc11c54",
  "milepael-glimmerbluse/starhorn/1/2": "1776bf0a26ef0bc9",
  "milepael-glimmerbluse/starhorn/2/2": "59ac72b4a68d670b",
  "milepael-glimmerbluse/starhorn/3/2": "f80387ba26bafbda",
  "milepael-glimmerbluse/think": "35ea88ff7b973b7e",
  "milepael-glimmerbluse/wave": "1411c124b22ec982",
  "milepael-glimmerbluse/wavy/1/1": "421579346c5aa05f",
  "milepael-glimmerbluse/wavy/2/1": "da49d60c620a3b0f",
  "milepael-glimmerbluse/wavy/3/1": "3dc5f17e6287631f",
  "milepael-hjertebriller/cheer": "f120d6baa7cc6d84",
  "milepael-hjertebriller/foal/1/0": "f7a0c979a9e40b0f",
  "milepael-hjertebriller/foal/2/0": "098bb6599d484968",
  "milepael-hjertebriller/foal/3/0": "ef2c405c5dfdf1c2",
  "milepael-hjertebriller/happy": "9897e6039496ce58",
  "milepael-hjertebriller/idle": "098bb6599d484968",
  "milepael-hjertebriller/oops": "314699526bbd2c1d",
  "milepael-hjertebriller/sleep": "18966cc507662532",
  "milepael-hjertebriller/starhorn/1/2": "e76e3dfb6b4665d5",
  "milepael-hjertebriller/starhorn/2/2": "0697a799c02ce109",
  "milepael-hjertebriller/starhorn/3/2": "67b8236fa07a7173",
  "milepael-hjertebriller/think": "ff8854ca7a19605a",
  "milepael-hjertebriller/wave": "04aa1ca291ba503c",
  "milepael-hjertebriller/wavy/1/1": "21297ed917aad83c",
  "milepael-hjertebriller/wavy/2/1": "47d2ee15c1965ce1",
  "milepael-hjertebriller/wavy/3/1": "3a859098725bf0d1",
  "milepael-kappe/cheer": "bfce3d5bcc7ec846",
  "milepael-kappe/foal/1/0": "bf8b6b61d7bab837",
  "milepael-kappe/foal/2/0": "e8a0999369121513",
  "milepael-kappe/foal/3/0": "c2a0217bec9f492e",
  "milepael-kappe/happy": "f3c787c1714b8497",
  "milepael-kappe/idle": "e8a0999369121513",
  "milepael-kappe/oops": "4ffeafc614a825ce",
  "milepael-kappe/sleep": "3eaab7a4f81109eb",
  "milepael-kappe/starhorn/1/2": "5526744fd8801141",
  "milepael-kappe/starhorn/2/2": "863893aa914928a2",
  "milepael-kappe/starhorn/3/2": "d3b267317d889add",
  "milepael-kappe/think": "efae45fc0c1a4893",
  "milepael-kappe/wave": "952904bfd39011ae",
  "milepael-kappe/wavy/1/1": "15b7d2019f8f969e",
  "milepael-kappe/wavy/2/1": "c5963148e42e775d",
  "milepael-kappe/wavy/3/1": "c99d7d88897f014d",
  "milepael-krone/cheer": "ddbc2dc22148a115",
  "milepael-krone/foal/1/0": "f1086dc5430abe9f",
  "milepael-krone/foal/2/0": "de9a4bcc5356e051",
  "milepael-krone/foal/3/0": "08c59d71bd496f67",
  "milepael-krone/happy": "9dcbec34d762c6e3",
  "milepael-krone/idle": "de9a4bcc5356e051",
  "milepael-krone/oops": "7da57656a842f560",
  "milepael-krone/sleep": "3f0bd7f538a54061",
  "milepael-krone/starhorn/1/2": "d88ee836ae4e727e",
  "milepael-krone/starhorn/2/2": "2c356b5f759e12d5",
  "milepael-krone/starhorn/3/2": "707bee55ba383a31",
  "milepael-krone/think": "ee94e2eb38a2ad4a",
  "milepael-krone/wave": "23c60b48e7c48d3c",
  "milepael-krone/wavy/1/1": "9714f1b63f2586c9",
  "milepael-krone/wavy/2/1": "bee71e99c0922179",
  "milepael-krone/wavy/3/1": "db8a0ad10085a393",
  "milepael-medalje/cheer": "ef0567e3fb7f4c5e",
  "milepael-medalje/foal/1/0": "c4398db1bf96aa8b",
  "milepael-medalje/foal/2/0": "1900d7e4cc41a11d",
  "milepael-medalje/foal/3/0": "1af9b4b7731fcf81",
  "milepael-medalje/happy": "dba890c35cd24ec2",
  "milepael-medalje/idle": "1900d7e4cc41a11d",
  "milepael-medalje/oops": "15094e9551f0a5c1",
  "milepael-medalje/sleep": "5176b5ded99dd7f7",
  "milepael-medalje/starhorn/1/2": "8e5089be9e674afe",
  "milepael-medalje/starhorn/2/2": "5533fb4c0d599cb3",
  "milepael-medalje/starhorn/3/2": "274aa534c2a90200",
  "milepael-medalje/think": "7bc542f76b9de238",
  "milepael-medalje/wave": "19fa3b7f5af91ed3",
  "milepael-medalje/wavy/1/1": "bb0c6501f389ceb0",
  "milepael-medalje/wavy/2/1": "dd645be54e69cd73",
  "milepael-medalje/wavy/3/1": "79bac46c1b5d9bdb",
  "milepael-regnbuehue/cheer": "6b8c385d5024e88c",
  "milepael-regnbuehue/foal/1/0": "57a2cae1e7fc0c51",
  "milepael-regnbuehue/foal/2/0": "e75fa9d2b31e3560",
  "milepael-regnbuehue/foal/3/0": "b76151b2bbe629f6",
  "milepael-regnbuehue/happy": "9b4581758f3536d0",
  "milepael-regnbuehue/idle": "e75fa9d2b31e3560",
  "milepael-regnbuehue/oops": "d4e6e8c6c8e7c9db",
  "milepael-regnbuehue/sleep": "eddf44d6ddab77b5",
  "milepael-regnbuehue/starhorn/1/2": "91417a5eb3d19686",
  "milepael-regnbuehue/starhorn/2/2": "66dee9172281ce78",
  "milepael-regnbuehue/starhorn/3/2": "94266cf1065e759c",
  "milepael-regnbuehue/think": "6b2a190a27e71f6f",
  "milepael-regnbuehue/wave": "e3e30f090d13de6a",
  "milepael-regnbuehue/wavy/1/1": "4c469cd8df8241c9",
  "milepael-regnbuehue/wavy/2/1": "563210d1910b8dfc",
  "milepael-regnbuehue/wavy/3/1": "2e42c6118b639cab",
  "milepael-slikkepind/cheer": "022e41a281ce0268",
  "milepael-slikkepind/foal/1/0": "b1255a30b4b75303",
  "milepael-slikkepind/foal/2/0": "6f87f17cb0fe12b6",
  "milepael-slikkepind/foal/3/0": "e9b97bda96794509",
  "milepael-slikkepind/happy": "7099fdfd9f6ed1d4",
  "milepael-slikkepind/idle": "6f87f17cb0fe12b6",
  "milepael-slikkepind/oops": "00fe18a28468bf0c",
  "milepael-slikkepind/sleep": "2327722fac7675d3",
  "milepael-slikkepind/starhorn/1/2": "e13b22a465f30d79",
  "milepael-slikkepind/starhorn/2/2": "3289925e257d0385",
  "milepael-slikkepind/starhorn/3/2": "54404b576af7f7b1",
  "milepael-slikkepind/think": "718effbbca420b14",
  "milepael-slikkepind/wave": "d38043689e546f02",
  "milepael-slikkepind/wavy/1/1": "ffc1a77875d66ac8",
  "milepael-slikkepind/wavy/2/1": "6ba8ef1a91ae85ec",
  "milepael-slikkepind/wavy/3/1": "c10666b7bcbf4421",
  "pirat-back/cheer": "3bf8b0ee55b6dceb",
  "pirat-back/foal/1/0": "fc1416b4ee6a78b8",
  "pirat-back/foal/2/0": "5e4a8b75c5dd3ad4",
  "pirat-back/foal/3/0": "c68dd29fd747a26d",
  "pirat-back/happy": "04c011e6f3d8f748",
  "pirat-back/idle": "5e4a8b75c5dd3ad4",
  "pirat-back/oops": "6f1f4a63c6b9b07e",
  "pirat-back/sleep": "274d55e7b49cea1a",
  "pirat-back/starhorn/1/2": "c8d4e8054dbc67ec",
  "pirat-back/starhorn/2/2": "c48840a259b1ea82",
  "pirat-back/starhorn/3/2": "543677576865e51a",
  "pirat-back/think": "3948b5ffdc024254",
  "pirat-back/wave": "c7f18bfa7e701044",
  "pirat-back/wavy/1/1": "6b18251cbfa844c4",
  "pirat-back/wavy/2/1": "b416bc41b4584f28",
  "pirat-back/wavy/3/1": "cfe6b3119fa3dfca",
  "pirat-body/cheer": "a749a3eae6824778",
  "pirat-body/foal/1/0": "ec70df77fc63c750",
  "pirat-body/foal/2/0": "52dc47a7be764454",
  "pirat-body/foal/3/0": "0dbfa56d5311944b",
  "pirat-body/happy": "2a614a651da2dde7",
  "pirat-body/idle": "52dc47a7be764454",
  "pirat-body/oops": "dfc31c511b2f6d7a",
  "pirat-body/sleep": "c81a507f89e0ecae",
  "pirat-body/starhorn/1/2": "d647eaf8a2787bb6",
  "pirat-body/starhorn/2/2": "803e1d57276599f6",
  "pirat-body/starhorn/3/2": "7bbfe6ad1b3f99ca",
  "pirat-body/think": "d877ad6b2fc0f663",
  "pirat-body/wave": "ed71118983b6087f",
  "pirat-body/wavy/1/1": "0055b225bcf83bbe",
  "pirat-body/wavy/2/1": "c564a05583dca521",
  "pirat-body/wavy/3/1": "3131ae505eabb21b",
  "pirat-face/cheer": "a3a638a6b8fef201",
  "pirat-face/foal/1/0": "4eebc05d649fa813",
  "pirat-face/foal/2/0": "b6727cbf256504f1",
  "pirat-face/foal/3/0": "d35cb211769e00cb",
  "pirat-face/happy": "87550c0342a37580",
  "pirat-face/idle": "b6727cbf256504f1",
  "pirat-face/oops": "61bf6ce215c36c35",
  "pirat-face/sleep": "9a2343fba6910806",
  "pirat-face/starhorn/1/2": "af70f8103741e3b3",
  "pirat-face/starhorn/2/2": "8d28b889ad2d249b",
  "pirat-face/starhorn/3/2": "d2bab2c4a948f1be",
  "pirat-face/think": "8d1bf18ecd3d235a",
  "pirat-face/wave": "fa618ddc269870db",
  "pirat-face/wavy/1/1": "9b2c56b9edea73bf",
  "pirat-face/wavy/2/1": "c2dd46ca37fc3f9c",
  "pirat-face/wavy/3/1": "15a729241a457560",
  "pirat-hand/cheer": "266932e813770552",
  "pirat-hand/foal/1/0": "a052102780634e3f",
  "pirat-hand/foal/2/0": "757997a49fc501d9",
  "pirat-hand/foal/3/0": "93f065474ff907cc",
  "pirat-hand/happy": "262882965962d04f",
  "pirat-hand/idle": "757997a49fc501d9",
  "pirat-hand/oops": "46ac281abbe6bf3d",
  "pirat-hand/sleep": "154d78543085691a",
  "pirat-hand/starhorn/1/2": "ab941e257057ab06",
  "pirat-hand/starhorn/2/2": "91751253525b71fe",
  "pirat-hand/starhorn/3/2": "abfc72756910e6fc",
  "pirat-hand/think": "ea2573dc67efc649",
  "pirat-hand/wave": "bf220430c0aa2210",
  "pirat-hand/wavy/1/1": "5c23c1eae6994e8a",
  "pirat-hand/wavy/2/1": "d9d17815ba60e921",
  "pirat-hand/wavy/3/1": "5cf7bf7f6b3c7d15",
  "pirat-head/cheer": "aafc8e0390bc82bc",
  "pirat-head/foal/1/0": "a5a372261cac638e",
  "pirat-head/foal/2/0": "8820a984139418db",
  "pirat-head/foal/3/0": "f15a1ebe207c4fa0",
  "pirat-head/happy": "3d1cc5ab5d6e078a",
  "pirat-head/idle": "8820a984139418db",
  "pirat-head/oops": "f3d52c9095491f06",
  "pirat-head/sleep": "472399ca6bf1199b",
  "pirat-head/starhorn/1/2": "efab98111ee817c6",
  "pirat-head/starhorn/2/2": "b6ff35cfdbb476c6",
  "pirat-head/starhorn/3/2": "b2398c7b661ccabc",
  "pirat-head/think": "006cfc3826040a5c",
  "pirat-head/wave": "f3c5cb06bc5027d8",
  "pirat-head/wavy/1/1": "e91178124f38f17e",
  "pirat-head/wavy/2/1": "ba71a7499f6f582b",
  "pirat-head/wavy/3/1": "df7964224cf87780",
  "pirat-neck/cheer": "64f6e305461559aa",
  "pirat-neck/foal/1/0": "1bea1d10a3acf710",
  "pirat-neck/foal/2/0": "f4b37c7c6dcf9d42",
  "pirat-neck/foal/3/0": "a367ae2c04ebf938",
  "pirat-neck/happy": "7eaf537a7254cfba",
  "pirat-neck/idle": "f4b37c7c6dcf9d42",
  "pirat-neck/oops": "b1042d4affb7b030",
  "pirat-neck/sleep": "cdeddee8eac376da",
  "pirat-neck/starhorn/1/2": "83ef01d1fd7cb262",
  "pirat-neck/starhorn/2/2": "3b7bd6ac127decfe",
  "pirat-neck/starhorn/3/2": "241f77166e00c9a8",
  "pirat-neck/think": "9c75ee72cb6dfec3",
  "pirat-neck/wave": "69dd99798848d586",
  "pirat-neck/wavy/1/1": "c58e918e4751a717",
  "pirat-neck/wavy/2/1": "fd740a7dd46d22b2",
  "pirat-neck/wavy/3/1": "6da5b7e540c8828e",
}
`;
