// Vitest Snapshot v1, https://vitest.dev/guide/snapshot.html

exports[`hash-regression · cat > pr. genstand · stadie · farvesæt (racerne på skift) og pr. genstand · humør 1`] = `
{
  "hverdag-back/cheer": "2b3c048cf42855c3",
  "hverdag-back/domestic/1/0": "d5f4c56eec1ebd43",
  "hverdag-back/domestic/2/0": "404a4df92100c929",
  "hverdag-back/domestic/3/0": "008f5db7126d7596",
  "hverdag-back/happy": "07897a29886d3ed4",
  "hverdag-back/idle": "404a4df92100c929",
  "hverdag-back/longhair/1/1": "ced17454db769756",
  "hverdag-back/longhair/2/1": "eb470863e04aaee6",
  "hverdag-back/longhair/3/1": "ada8516e02ddac09",
  "hverdag-back/mainecoon/1/2": "be6739789344747c",
  "hverdag-back/mainecoon/2/2": "d914a6df889a3ecb",
  "hverdag-back/mainecoon/3/2": "bc965a423e465960",
  "hverdag-back/oops": "028faf718626913b",
  "hverdag-back/sleep": "0d15680642d0ec69",
  "hverdag-back/think": "b9c24d17ca36cc5d",
  "hverdag-back/wave": "48821903a7ac8dcb",
  "hverdag-face/cheer": "eb197eaa09c1d754",
  "hverdag-face/domestic/1/0": "da8cab63f994aace",
  "hverdag-face/domestic/2/0": "1d826618d6b22345",
  "hverdag-face/domestic/3/0": "659a8211726080c7",
  "hverdag-face/happy": "3492ea743862d141",
  "hverdag-face/idle": "1d826618d6b22345",
  "hverdag-face/longhair/1/1": "7fc290af2eb8f3b4",
  "hverdag-face/longhair/2/1": "49ad925986bffbda",
  "hverdag-face/longhair/3/1": "398e530712858687",
  "hverdag-face/mainecoon/1/2": "26c428bcd18fbf49",
  "hverdag-face/mainecoon/2/2": "302d2158f453775b",
  "hverdag-face/mainecoon/3/2": "7bb35cdf678aa28e",
  "hverdag-face/oops": "b1f54d212a540302",
  "hverdag-face/sleep": "dc375ce97b26f4e2",
  "hverdag-face/think": "aa6cd615421680e2",
  "hverdag-face/wave": "25514ba258ef961e",
  "hverdag-hand/cheer": "ed00553873d2a94f",
  "hverdag-hand/domestic/1/0": "a4dbac531166e91b",
  "hverdag-hand/domestic/2/0": "6e0ef5a1e55c6e25",
  "hverdag-hand/domestic/3/0": "50b6247af150c9ce",
  "hverdag-hand/happy": "271fdce27839d696",
  "hverdag-hand/idle": "6e0ef5a1e55c6e25",
  "hverdag-hand/longhair/1/1": "77545516a70b1e66",
  "hverdag-hand/longhair/2/1": "b25b20aeb330dca2",
  "hverdag-hand/longhair/3/1": "c17578060d234988",
  "hverdag-hand/mainecoon/1/2": "c6c6949336596137",
  "hverdag-hand/mainecoon/2/2": "98cfc3f630d704ea",
  "hverdag-hand/mainecoon/3/2": "bbe1b35916586ab4",
  "hverdag-hand/oops": "b256483630796c60",
  "hverdag-hand/sleep": "34dbe50f08553e2c",
  "hverdag-hand/think": "49c0dc0b2e1d560c",
  "hverdag-hand/wave": "d975d6261a888a05",
  "hverdag-neck/cheer": "145fb574d35f1869",
  "hverdag-neck/domestic/1/0": "7f44edb3cc769aff",
  "hverdag-neck/domestic/2/0": "b0c84518223615df",
  "hverdag-neck/domestic/3/0": "f0b75e04e7c89d50",
  "hverdag-neck/happy": "479dd3061459b4c2",
  "hverdag-neck/idle": "b0c84518223615df",
  "hverdag-neck/longhair/1/1": "dfd2123e5f5167c1",
  "hverdag-neck/longhair/2/1": "aae512d927be7ef9",
  "hverdag-neck/longhair/3/1": "1f3c51fb0122276b",
  "hverdag-neck/mainecoon/1/2": "574fc4609e057903",
  "hverdag-neck/mainecoon/2/2": "b0472eb6c129b474",
  "hverdag-neck/mainecoon/3/2": "0f2a011e13efd68e",
  "hverdag-neck/oops": "f14ff7a3574fb7c2",
  "hverdag-neck/sleep": "a5f07e0eafe82c93",
  "hverdag-neck/think": "50f8dfea02f65958",
  "hverdag-neck/wave": "01d3e3cd2387eea5",
  "opdager-back/cheer": "3a7baa4f54e03638",
  "opdager-back/domestic/1/0": "054ffb574a4c41ef",
  "opdager-back/domestic/2/0": "271f3c09ba99a97b",
  "opdager-back/domestic/3/0": "cc31b76ce9a4e13c",
  "opdager-back/happy": "c75307a16013dd5c",
  "opdager-back/idle": "271f3c09ba99a97b",
  "opdager-back/longhair/1/1": "d89c68837fd2d269",
  "opdager-back/longhair/2/1": "3b7fabf3c4526f95",
  "opdager-back/longhair/3/1": "0cf0d53db715ecff",
  "opdager-back/mainecoon/1/2": "ea7c94579a51d615",
  "opdager-back/mainecoon/2/2": "63137de033caf36c",
  "opdager-back/mainecoon/3/2": "b90ff5a7af33f52c",
  "opdager-back/oops": "6073ddd9501dca60",
  "opdager-back/sleep": "5504522d30248281",
  "opdager-back/think": "4d9ef1b8cd2691b2",
  "opdager-back/wave": "03a2f99a0a1869a6",
  "opdager-body/cheer": "e3a43472da9de5c5",
  "opdager-body/domestic/1/0": "21929ca7889602aa",
  "opdager-body/domestic/2/0": "3adfe6554674e6ca",
  "opdager-body/domestic/3/0": "a15b6d29178ea079",
  "opdager-body/happy": "d326d73ee04349e9",
  "opdager-body/idle": "3adfe6554674e6ca",
  "opdager-body/longhair/1/1": "aaa67811c3d8edeb",
  "opdager-body/longhair/2/1": "33d5d4543b1c4d56",
  "opdager-body/longhair/3/1": "1bedc35efc0143dc",
  "opdager-body/mainecoon/1/2": "78b72e4e0dbc795c",
  "opdager-body/mainecoon/2/2": "dae268aa28818fe9",
  "opdager-body/mainecoon/3/2": "7687b3ea8f4f7078",
  "opdager-body/oops": "899a68c09bfd1724",
  "opdager-body/sleep": "2d4b6cff2e83ec92",
  "opdager-body/think": "e39d16a76907b302",
  "opdager-body/wave": "b8766100b4af2eb6",
  "opdager-face/cheer": "7fa3a9824d329c90",
  "opdager-face/domestic/1/0": "d95abe5cc6c97438",
  "opdager-face/domestic/2/0": "a348ada4b810a857",
  "opdager-face/domestic/3/0": "10f9fafb34d0e203",
  "opdager-face/happy": "99f983f82fba0433",
  "opdager-face/idle": "a348ada4b810a857",
  "opdager-face/longhair/1/1": "e07a9ad6eea1e292",
  "opdager-face/longhair/2/1": "ff2c812e5d6a0a67",
  "opdager-face/longhair/3/1": "58d794433d6cd953",
  "opdager-face/mainecoon/1/2": "c53c054de6166b36",
  "opdager-face/mainecoon/2/2": "152cfdc7148fda20",
  "opdager-face/mainecoon/3/2": "56462c8b795a791f",
  "opdager-face/oops": "5c48fb9e9431f320",
  "opdager-face/sleep": "e6ce20c4e2401f75",
  "opdager-face/think": "b0e77604a4fc668a",
  "opdager-face/wave": "b1a0b6c029879920",
  "opdager-hand/cheer": "ca2f4081665d7c5b",
  "opdager-hand/domestic/1/0": "f45b2e92e8e2cf2c",
  "opdager-hand/domestic/2/0": "c2f6d96abe41f5e6",
  "opdager-hand/domestic/3/0": "c059b9310b3ed648",
  "opdager-hand/happy": "fe4e19b9116da6ef",
  "opdager-hand/idle": "c2f6d96abe41f5e6",
  "opdager-hand/longhair/1/1": "43bdd7fb3b34a660",
  "opdager-hand/longhair/2/1": "ab5d5ff3ca35b9ea",
  "opdager-hand/longhair/3/1": "d6a8ac4d5717429b",
  "opdager-hand/mainecoon/1/2": "a4bc4dfc84dd42ca",
  "opdager-hand/mainecoon/2/2": "36e38402acd02a12",
  "opdager-hand/mainecoon/3/2": "abc04d937099e908",
  "opdager-hand/oops": "22573739557d3f29",
  "opdager-hand/sleep": "34790778c9552c3d",
  "opdager-hand/think": "f3d63c9dc7382d37",
  "opdager-hand/wave": "9d922a75307ec6e7",
  "opdager-head/cheer": "0811b6f29d0acf75",
  "opdager-head/domestic/1/0": "140bef37eaef0821",
  "opdager-head/domestic/2/0": "9f497dee90425188",
  "opdager-head/domestic/3/0": "23d561e943f8d610",
  "opdager-head/happy": "893d9c3ead4593ec",
  "opdager-head/idle": "9f497dee90425188",
  "opdager-head/longhair/1/1": "222223faca831ff7",
  "opdager-head/longhair/2/1": "36f79df559b855fe",
  "opdager-head/longhair/3/1": "2ec306d6316fc1f5",
  "opdager-head/mainecoon/1/2": "4b3e65b97d2b4b26",
  "opdager-head/mainecoon/2/2": "318dafcf6a849f52",
  "opdager-head/mainecoon/3/2": "d4d883e45de41950",
  "opdager-head/oops": "d35045c91c05a200",
  "opdager-head/sleep": "c4bbd476aef6e04d",
  "opdager-head/think": "81352a714124938f",
  "opdager-head/wave": "867fbdfebba71400",
  "opdager-neck/cheer": "eac2f9b7712b15af",
  "opdager-neck/domestic/1/0": "71aef3453b71cf74",
  "opdager-neck/domestic/2/0": "024ff478d1e62c1d",
  "opdager-neck/domestic/3/0": "dd07c1c5b045973e",
  "opdager-neck/happy": "1c737c53abe79370",
  "opdager-neck/idle": "024ff478d1e62c1d",
  "opdager-neck/longhair/1/1": "af433eced94c99d4",
  "opdager-neck/longhair/2/1": "59ccc9e6e6a0359b",
  "opdager-neck/longhair/3/1": "1c051dbd9257213f",
  "opdager-neck/mainecoon/1/2": "dd20d81f46c0258d",
  "opdager-neck/mainecoon/2/2": "3a61e1c8a636e48c",
  "opdager-neck/mainecoon/3/2": "d2cdd5eab2dec65d",
  "opdager-neck/oops": "aa869e3eccaf65e9",
  "opdager-neck/sleep": "94b477e3f8d5c945",
  "opdager-neck/think": "081c3f6225dfab30",
  "opdager-neck/wave": "1854d856a0d6ee7d",
}
`;

exports[`hash-regression · horse > pr. genstand · stadie · farvesæt (racerne på skift) og pr. genstand · humør 1`] = `
{
  "hverdag-back/arabian/1/2": "8f872763de5ce657",
  "hverdag-back/arabian/2/2": "16818ead92e2cc78",
  "hverdag-back/arabian/3/2": "786050f8e742d2cf",
  "hverdag-back/cheer": "1bd46ac216bb7fa7",
  "hverdag-back/fjord/1/1": "a1c2dce94afe95f3",
  "hverdag-back/fjord/2/1": "7f78c894436cfa27",
  "hverdag-back/fjord/3/1": "8be0622c9e08491f",
  "hverdag-back/happy": "f79c307ba2d33dce",
  "hverdag-back/idle": "f96e7c0e533bd90f",
  "hverdag-back/oops": "c342a40bf3c66372",
  "hverdag-back/shetland/1/0": "f60a0789cf06277d",
  "hverdag-back/shetland/2/0": "f96e7c0e533bd90f",
  "hverdag-back/shetland/3/0": "a58d08450694de3d",
  "hverdag-back/sleep": "818b684545d64077",
  "hverdag-back/think": "224d4b30825042b3",
  "hverdag-back/wave": "37ce54f2a51bf16a",
  "hverdag-face/arabian/1/2": "a47494debfd525f2",
  "hverdag-face/arabian/2/2": "f71f37bcec683710",
  "hverdag-face/arabian/3/2": "4cee5dfd1352ae3d",
  "hverdag-face/cheer": "0277a1a96e545fd5",
  "hverdag-face/fjord/1/1": "3b5ab4eb64c3bb73",
  "hverdag-face/fjord/2/1": "6c4272f51a979fd1",
  "hverdag-face/fjord/3/1": "268ce2890d28cd37",
  "hverdag-face/happy": "ca025b403259a49e",
  "hverdag-face/idle": "f8228c3fe1272336",
  "hverdag-face/oops": "8fb6c1cfd0c045a5",
  "hverdag-face/shetland/1/0": "e6837fb1c9ad4628",
  "hverdag-face/shetland/2/0": "f8228c3fe1272336",
  "hverdag-face/shetland/3/0": "e5c27ee21f37d269",
  "hverdag-face/sleep": "b141a65d64f61a28",
  "hverdag-face/think": "7f321d6004999396",
  "hverdag-face/wave": "7169801504749625",
  "hverdag-hand/arabian/1/2": "75434080d1dc27d6",
  "hverdag-hand/arabian/2/2": "68057b3c95964e1b",
  "hverdag-hand/arabian/3/2": "6c40b55bd0d12114",
  "hverdag-hand/cheer": "e8bd80dd2eaeb82f",
  "hverdag-hand/fjord/1/1": "cf3686bbe54834aa",
  "hverdag-hand/fjord/2/1": "3f7d96c03adb73e8",
  "hverdag-hand/fjord/3/1": "2c718b5af9e50ac4",
  "hverdag-hand/happy": "2ce696a35839285e",
  "hverdag-hand/idle": "e7bf1639d29c19f2",
  "hverdag-hand/oops": "f99f88b03c03177a",
  "hverdag-hand/shetland/1/0": "ffb7fa8277cfcd0a",
  "hverdag-hand/shetland/2/0": "e7bf1639d29c19f2",
  "hverdag-hand/shetland/3/0": "a4fe392b8547b617",
  "hverdag-hand/sleep": "7df9576a2982815b",
  "hverdag-hand/think": "befa468a1181b5b3",
  "hverdag-hand/wave": "5340b3481f56c10e",
  "hverdag-neck/arabian/1/2": "1dbeb1c95b9cd135",
  "hverdag-neck/arabian/2/2": "e4cf15258a0eb26b",
  "hverdag-neck/arabian/3/2": "c34d51a67326ef91",
  "hverdag-neck/cheer": "3fd3a2c50d73ced9",
  "hverdag-neck/fjord/1/1": "4eb2ef8f11cc8a83",
  "hverdag-neck/fjord/2/1": "2250480a2af857c0",
  "hverdag-neck/fjord/3/1": "28152e13b46d56a5",
  "hverdag-neck/happy": "a230eedf0b00739a",
  "hverdag-neck/idle": "057dab3dfe36b294",
  "hverdag-neck/oops": "9bb23c849bcd7c46",
  "hverdag-neck/shetland/1/0": "54f2a092476aaf32",
  "hverdag-neck/shetland/2/0": "057dab3dfe36b294",
  "hverdag-neck/shetland/3/0": "7db7a98d9cc6a499",
  "hverdag-neck/sleep": "37ead04d371c5f31",
  "hverdag-neck/think": "d1c866f402144797",
  "hverdag-neck/wave": "4bcf9b981e26bbe8",
  "opdager-back/arabian/1/2": "a1338f442ccaa84c",
  "opdager-back/arabian/2/2": "3fcb2354edb9c632",
  "opdager-back/arabian/3/2": "3740f64fa644ac07",
  "opdager-back/cheer": "c2fc12c59c9767e8",
  "opdager-back/fjord/1/1": "04c9ccc2823d39ee",
  "opdager-back/fjord/2/1": "936d4a4b650b3a4e",
  "opdager-back/fjord/3/1": "532980f40458e41c",
  "opdager-back/happy": "91b7cca5133990e3",
  "opdager-back/idle": "97eee9bfefc3f745",
  "opdager-back/oops": "69bcaad7946aa2cd",
  "opdager-back/shetland/1/0": "24a231b07ee9e50c",
  "opdager-back/shetland/2/0": "97eee9bfefc3f745",
  "opdager-back/shetland/3/0": "97677dad128961e0",
  "opdager-back/sleep": "73da6a3be7893684",
  "opdager-back/think": "d14b913b32f87287",
  "opdager-back/wave": "90c271fc638aa0a4",
  "opdager-body/arabian/1/2": "3149591fee31695c",
  "opdager-body/arabian/2/2": "0c4bc927ff683466",
  "opdager-body/arabian/3/2": "1e0ac543a71ad2de",
  "opdager-body/cheer": "e377a87997f42a95",
  "opdager-body/fjord/1/1": "3e4b376e38504dac",
  "opdager-body/fjord/2/1": "0572785729bbc68f",
  "opdager-body/fjord/3/1": "d79d26a8b3c3811e",
  "opdager-body/happy": "745c5118814ce02e",
  "opdager-body/idle": "35549e9d5b95817e",
  "opdager-body/oops": "60aeb3f56d69709c",
  "opdager-body/shetland/1/0": "4a307c46044c53f2",
  "opdager-body/shetland/2/0": "35549e9d5b95817e",
  "opdager-body/shetland/3/0": "78ff7e66b86e0805",
  "opdager-body/sleep": "b6b233a413fc2576",
  "opdager-body/think": "ca85aa1f8ea0328e",
  "opdager-body/wave": "b8f80a4a18882bf6",
  "opdager-face/arabian/1/2": "27319ed7029d8517",
  "opdager-face/arabian/2/2": "232f59f6fad50f6d",
  "opdager-face/arabian/3/2": "201e0d500135046c",
  "opdager-face/cheer": "ff0948e5310ac07a",
  "opdager-face/fjord/1/1": "3e8b8c6dc78c2b40",
  "opdager-face/fjord/2/1": "983d6604d4d79ea2",
  "opdager-face/fjord/3/1": "08162034e72989df",
  "opdager-face/happy": "26cc03fce59de998",
  "opdager-face/idle": "22f2a54b8fa20d71",
  "opdager-face/oops": "eac7d34eb022db37",
  "opdager-face/shetland/1/0": "2a11064185dd0237",
  "opdager-face/shetland/2/0": "22f2a54b8fa20d71",
  "opdager-face/shetland/3/0": "0971e6422d4b1bcf",
  "opdager-face/sleep": "59499323f1436cf7",
  "opdager-face/think": "24c2d842ff6ffaed",
  "opdager-face/wave": "3c0d6a8501c3bf4a",
  "opdager-hand/arabian/1/2": "58fa4609de2c1d46",
  "opdager-hand/arabian/2/2": "babac61ab9f1a3a6",
  "opdager-hand/arabian/3/2": "f470dc5f9fc3d671",
  "opdager-hand/cheer": "f2799327b4374dd9",
  "opdager-hand/fjord/1/1": "4210548b0bc4d431",
  "opdager-hand/fjord/2/1": "93ae78d52411837f",
  "opdager-hand/fjord/3/1": "c15feadab114add8",
  "opdager-hand/happy": "b4384bd7676c0fa0",
  "opdager-hand/idle": "5c51fd70df8db6e6",
  "opdager-hand/oops": "6b4cabbb4ac5a873",
  "opdager-hand/shetland/1/0": "1e87ed9aca5ac7fa",
  "opdager-hand/shetland/2/0": "5c51fd70df8db6e6",
  "opdager-hand/shetland/3/0": "34adb8be2f3302b1",
  "opdager-hand/sleep": "a69fffcebd20651a",
  "opdager-hand/think": "2a46475a7784715f",
  "opdager-hand/wave": "3a1a2deabd2e8084",
  "opdager-head/arabian/1/2": "a51cd32826ae3c1d",
  "opdager-head/arabian/2/2": "76ea5a25275ff741",
  "opdager-head/arabian/3/2": "9e0a7805f1a892f9",
  "opdager-head/cheer": "ef4f0746948ed0cb",
  "opdager-head/fjord/1/1": "ee0b4efe67f6a120",
  "opdager-head/fjord/2/1": "aa67c97c8b4aa33e",
  "opdager-head/fjord/3/1": "2dfe0e901e9187c4",
  "opdager-head/happy": "3441a08ef2f430c9",
  "opdager-head/idle": "37fd1df097d12d79",
  "opdager-head/oops": "946f8b8f69d8d5a9",
  "opdager-head/shetland/1/0": "46fc27357579af40",
  "opdager-head/shetland/2/0": "37fd1df097d12d79",
  "opdager-head/shetland/3/0": "2d8369c3b1cbdb45",
  "opdager-head/sleep": "dd221043f10839de",
  "opdager-head/think": "bcf5568c7e7c5062",
  "opdager-head/wave": "d998e70adb3983d5",
  "opdager-neck/arabian/1/2": "af7deab57682cc5d",
  "opdager-neck/arabian/2/2": "a1b1e0c54e10888a",
  "opdager-neck/arabian/3/2": "fa5ad89a03852958",
  "opdager-neck/cheer": "d26d8360177e8cdb",
  "opdager-neck/fjord/1/1": "a420143e6494a93e",
  "opdager-neck/fjord/2/1": "c43d55f058f43b7c",
  "opdager-neck/fjord/3/1": "fbe7dff19524e00e",
  "opdager-neck/happy": "1581ecf546609575",
  "opdager-neck/idle": "6d0d1905e09c0ceb",
  "opdager-neck/oops": "cba7fba416780d54",
  "opdager-neck/shetland/1/0": "2486fff6e820a967",
  "opdager-neck/shetland/2/0": "6d0d1905e09c0ceb",
  "opdager-neck/shetland/3/0": "db3c159a4f12d936",
  "opdager-neck/sleep": "71e53497ab4b8745",
  "opdager-neck/think": "03b89533e8d05ecd",
  "opdager-neck/wave": "1810f79846e555c2",
}
`;

exports[`hash-regression · rabbit > pr. genstand · stadie · farvesæt (racerne på skift) og pr. genstand · humør 1`] = `
{
  "hverdag-back/cheer": "e3de710fa169b762",
  "hverdag-back/happy": "6a6b6f0f7f1cf94f",
  "hverdag-back/idle": "8654bccf925b3d4b",
  "hverdag-back/lionhead/1/2": "44aab1a5aa79e9d3",
  "hverdag-back/lionhead/2/2": "eaa7c8e5d7c810f7",
  "hverdag-back/lionhead/3/2": "816471f951aac07a",
  "hverdag-back/lop/1/1": "feedef660040f8cc",
  "hverdag-back/lop/2/1": "b12a9d84af55ebd1",
  "hverdag-back/lop/3/1": "ee682f3624bdd8d0",
  "hverdag-back/oops": "8269a54ce91e5cb5",
  "hverdag-back/sleep": "e16a7fea71d2641b",
  "hverdag-back/think": "cad26b4fc91ae044",
  "hverdag-back/upright/1/0": "7c6a7b72797fdab8",
  "hverdag-back/upright/2/0": "8654bccf925b3d4b",
  "hverdag-back/upright/3/0": "53c23ba14460dc8e",
  "hverdag-back/wave": "7fc2a45c641791d4",
  "hverdag-face/cheer": "1b7feed63c5c1ad5",
  "hverdag-face/happy": "5c486372be7cd385",
  "hverdag-face/idle": "4215bdcb355538a6",
  "hverdag-face/lionhead/1/2": "02724ff6744fee22",
  "hverdag-face/lionhead/2/2": "761b7fbcd88cd8cb",
  "hverdag-face/lionhead/3/2": "1f787fc251fcd5b8",
  "hverdag-face/lop/1/1": "199e9e542c7215c2",
  "hverdag-face/lop/2/1": "ddc34c3be09591d7",
  "hverdag-face/lop/3/1": "9d4a31b07db0dfc0",
  "hverdag-face/oops": "2eb6541d7254ee1b",
  "hverdag-face/sleep": "d009edbc63aca488",
  "hverdag-face/think": "6b1a5e4f56e73e3a",
  "hverdag-face/upright/1/0": "9d9256e0d1454def",
  "hverdag-face/upright/2/0": "4215bdcb355538a6",
  "hverdag-face/upright/3/0": "2a4482e8ce679b81",
  "hverdag-face/wave": "b8085f90d9ddcfa8",
  "hverdag-hand/cheer": "dd6c72264c6791c4",
  "hverdag-hand/happy": "4e5a45a53222315c",
  "hverdag-hand/idle": "5696249e957779ac",
  "hverdag-hand/lionhead/1/2": "bc33ab5eeaf32b66",
  "hverdag-hand/lionhead/2/2": "da8d0923cb81515e",
  "hverdag-hand/lionhead/3/2": "675b92c341128c3c",
  "hverdag-hand/lop/1/1": "3a57109457bcf2f5",
  "hverdag-hand/lop/2/1": "ba85766955c689db",
  "hverdag-hand/lop/3/1": "1f0b933deee0ec8e",
  "hverdag-hand/oops": "6d7ba3d7238291b1",
  "hverdag-hand/sleep": "749c648b7e871815",
  "hverdag-hand/think": "31d3db6d101baa63",
  "hverdag-hand/upright/1/0": "bbf760196f2ce903",
  "hverdag-hand/upright/2/0": "5696249e957779ac",
  "hverdag-hand/upright/3/0": "a6e7fb7f2e039ba5",
  "hverdag-hand/wave": "2961fd51109e0407",
  "hverdag-neck/cheer": "4cdb526dc8241859",
  "hverdag-neck/happy": "a03241c3485f56dc",
  "hverdag-neck/idle": "cd2dfa9e7a0a3928",
  "hverdag-neck/lionhead/1/2": "545c67da32b0a84d",
  "hverdag-neck/lionhead/2/2": "7777a2951755af74",
  "hverdag-neck/lionhead/3/2": "03c3ef79fbf8a320",
  "hverdag-neck/lop/1/1": "d1257e5baa7d1a6c",
  "hverdag-neck/lop/2/1": "441472592f520c74",
  "hverdag-neck/lop/3/1": "2e747231685d510e",
  "hverdag-neck/oops": "c4e8b47894513c0b",
  "hverdag-neck/sleep": "8bdd9164533507ce",
  "hverdag-neck/think": "dbb0f2d123193c1d",
  "hverdag-neck/upright/1/0": "3a327b6d9d718d30",
  "hverdag-neck/upright/2/0": "cd2dfa9e7a0a3928",
  "hverdag-neck/upright/3/0": "384da9b8ff2b1872",
  "hverdag-neck/wave": "46eaa6d2ca87b96f",
  "opdager-back/cheer": "ec16b97b330e802d",
  "opdager-back/happy": "ea719ff97899f2d7",
  "opdager-back/idle": "5bea9bc86ab6747c",
  "opdager-back/lionhead/1/2": "4a9fb20af1c14f63",
  "opdager-back/lionhead/2/2": "f6d462fbbfd7b49f",
  "opdager-back/lionhead/3/2": "fda0d67e8a3a27bb",
  "opdager-back/lop/1/1": "de0f4e19be09613b",
  "opdager-back/lop/2/1": "a0aeec28dfc80301",
  "opdager-back/lop/3/1": "f049712f51acf8a4",
  "opdager-back/oops": "89133b551804bb61",
  "opdager-back/sleep": "6989abb92ff61f7b",
  "opdager-back/think": "7acbca6fb44e5ca4",
  "opdager-back/upright/1/0": "cbd070519345fa64",
  "opdager-back/upright/2/0": "5bea9bc86ab6747c",
  "opdager-back/upright/3/0": "6e63e4e96f1c4483",
  "opdager-back/wave": "612e1a0ce1a518f7",
  "opdager-body/cheer": "fc36f37a159e4604",
  "opdager-body/happy": "1ff70b868ad52885",
  "opdager-body/idle": "bcfff70cc81869e5",
  "opdager-body/lionhead/1/2": "27c3c02e5a4e108c",
  "opdager-body/lionhead/2/2": "4f237563bfb27570",
  "opdager-body/lionhead/3/2": "bd17269c2ca57b5f",
  "opdager-body/lop/1/1": "852f87a4774b4e32",
  "opdager-body/lop/2/1": "7c44b71d0afbb5ab",
  "opdager-body/lop/3/1": "3dcbd845bac963b5",
  "opdager-body/oops": "63da6ce9e2cdbb68",
  "opdager-body/sleep": "26ef16df62ff5f45",
  "opdager-body/think": "943cce1a343e19c2",
  "opdager-body/upright/1/0": "f50c97c0250362a9",
  "opdager-body/upright/2/0": "bcfff70cc81869e5",
  "opdager-body/upright/3/0": "01f3191cd3d4b91f",
  "opdager-body/wave": "43e4fea066653d47",
  "opdager-face/cheer": "71f04cdf500527fa",
  "opdager-face/happy": "2f155f7e477259c2",
  "opdager-face/idle": "75b09f7f31834a47",
  "opdager-face/lionhead/1/2": "06e7d499148eceb6",
  "opdager-face/lionhead/2/2": "e155d0d707204856",
  "opdager-face/lionhead/3/2": "fea8d16f36db0cab",
  "opdager-face/lop/1/1": "12457cc03ebae075",
  "opdager-face/lop/2/1": "dcf93d6dbb107eb1",
  "opdager-face/lop/3/1": "6370e8391e764c24",
  "opdager-face/oops": "2698a6eee1c35501",
  "opdager-face/sleep": "7739313969931c9e",
  "opdager-face/think": "065300d94991566d",
  "opdager-face/upright/1/0": "acc14da2165b4797",
  "opdager-face/upright/2/0": "75b09f7f31834a47",
  "opdager-face/upright/3/0": "7d8fa1fd7dce0102",
  "opdager-face/wave": "6e036380b7f7536a",
  "opdager-hand/cheer": "c8036c38dd22407b",
  "opdager-hand/happy": "3ffeaf05d46d5aa3",
  "opdager-hand/idle": "c3ed48c2a67373d5",
  "opdager-hand/lionhead/1/2": "9441e887a7de12d3",
  "opdager-hand/lionhead/2/2": "f4efc55a9614a7f4",
  "opdager-hand/lionhead/3/2": "bc2be25fa986d608",
  "opdager-hand/lop/1/1": "5fb7ac64eb32ead1",
  "opdager-hand/lop/2/1": "08c5d4850c7b16aa",
  "opdager-hand/lop/3/1": "a42726637db16bbb",
  "opdager-hand/oops": "77ed9c895013f0d3",
  "opdager-hand/sleep": "3752eca258c581b9",
  "opdager-hand/think": "697d7dba433c4c70",
  "opdager-hand/upright/1/0": "7da2c39a8e646711",
  "opdager-hand/upright/2/0": "c3ed48c2a67373d5",
  "opdager-hand/upright/3/0": "ea1de10422fe6594",
  "opdager-hand/wave": "eb8aec3759b99f5d",
  "opdager-head/cheer": "16f1a4d528332c9f",
  "opdager-head/happy": "93fb06f825da1d57",
  "opdager-head/idle": "cca2dbba9afe1dca",
  "opdager-head/lionhead/1/2": "bb7604528a2fa502",
  "opdager-head/lionhead/2/2": "2e0ce4ee71aa2b12",
  "opdager-head/lionhead/3/2": "88ceae830e74e6b0",
  "opdager-head/lop/1/1": "2089865c6fce6e2c",
  "opdager-head/lop/2/1": "4aa6155df5df5952",
  "opdager-head/lop/3/1": "5a4489bc8af38f4f",
  "opdager-head/oops": "f15ffeb50b54f617",
  "opdager-head/sleep": "86bba99ece581c76",
  "opdager-head/think": "88b495207827d687",
  "opdager-head/upright/1/0": "b3e1af39d33e7bbd",
  "opdager-head/upright/2/0": "cca2dbba9afe1dca",
  "opdager-head/upright/3/0": "d48f2417515aab08",
  "opdager-head/wave": "579ba616bd0172c2",
  "opdager-neck/cheer": "2829d28e8477f1c4",
  "opdager-neck/happy": "f4dd38377ba0be56",
  "opdager-neck/idle": "fbfd1ca68cf07805",
  "opdager-neck/lionhead/1/2": "5a84259a4a7bc38d",
  "opdager-neck/lionhead/2/2": "6682390cfa15aba2",
  "opdager-neck/lionhead/3/2": "029a849dde3d292f",
  "opdager-neck/lop/1/1": "96054377aff32384",
  "opdager-neck/lop/2/1": "b5e4f4b595ca58f2",
  "opdager-neck/lop/3/1": "1d75d137c36c4747",
  "opdager-neck/oops": "367acc0aa2a05505",
  "opdager-neck/sleep": "64285383a55531b8",
  "opdager-neck/think": "67940e447a4a6578",
  "opdager-neck/upright/1/0": "76c084808eab5762",
  "opdager-neck/upright/2/0": "fbfd1ca68cf07805",
  "opdager-neck/upright/3/0": "ec0cb4f6d10a898d",
  "opdager-neck/wave": "be36436a29ddc6e9",
}
`;

exports[`hash-regression · unicorn > pr. genstand · stadie · farvesæt (racerne på skift) og pr. genstand · humør 1`] = `
{
  "hverdag-back/cheer": "65e97acab8627831",
  "hverdag-back/foal/1/0": "38a02d1624085893",
  "hverdag-back/foal/2/0": "7dba59fa9b5e067a",
  "hverdag-back/foal/3/0": "3b2b7441cbec0740",
  "hverdag-back/happy": "241ba3d27aac9683",
  "hverdag-back/idle": "7dba59fa9b5e067a",
  "hverdag-back/oops": "e2c8728515046842",
  "hverdag-back/sleep": "2ffb8f47b131fb1a",
  "hverdag-back/starhorn/1/2": "6fa60c0aa5437fa4",
  "hverdag-back/starhorn/2/2": "a3351ab57bc16a30",
  "hverdag-back/starhorn/3/2": "6baa3045f2deb170",
  "hverdag-back/think": "36986a9f221f73e0",
  "hverdag-back/wave": "61cd20c216089625",
  "hverdag-back/wavy/1/1": "83af667c88b8c381",
  "hverdag-back/wavy/2/1": "25df9a6ce7fa68ff",
  "hverdag-back/wavy/3/1": "4d30cff500e3a546",
  "hverdag-face/cheer": "649bf0e06dd34447",
  "hverdag-face/foal/1/0": "3b226109a27f5829",
  "hverdag-face/foal/2/0": "4eadc55815639be1",
  "hverdag-face/foal/3/0": "7f3c67458fd5fe82",
  "hverdag-face/happy": "a4f680d030d52d17",
  "hverdag-face/idle": "4eadc55815639be1",
  "hverdag-face/oops": "7594842e9f00b2fd",
  "hverdag-face/sleep": "d40043263a668a84",
  "hverdag-face/starhorn/1/2": "29e7582928e99f45",
  "hverdag-face/starhorn/2/2": "65aaeb23d9345988",
  "hverdag-face/starhorn/3/2": "b0f70a7bbc746f29",
  "hverdag-face/think": "7c2a05c31a15d148",
  "hverdag-face/wave": "512032cd3c07b2e3",
  "hverdag-face/wavy/1/1": "c81fb747349cff8a",
  "hverdag-face/wavy/2/1": "47bde36270833b7a",
  "hverdag-face/wavy/3/1": "a6b886a7bf8a1607",
  "hverdag-hand/cheer": "1205385b27a6b67e",
  "hverdag-hand/foal/1/0": "681c7c7a92ed871d",
  "hverdag-hand/foal/2/0": "d837bbefa90071ac",
  "hverdag-hand/foal/3/0": "9f4d56c81f3446ee",
  "hverdag-hand/happy": "78f0e97346e731a9",
  "hverdag-hand/idle": "d837bbefa90071ac",
  "hverdag-hand/oops": "0cd1e277050d296f",
  "hverdag-hand/sleep": "fc802fb9682da68e",
  "hverdag-hand/starhorn/1/2": "1b025a0350b9e1a9",
  "hverdag-hand/starhorn/2/2": "60c4367c1565b5ad",
  "hverdag-hand/starhorn/3/2": "d1836cfbe3b64dae",
  "hverdag-hand/think": "c4d9ded82d7d8ed9",
  "hverdag-hand/wave": "2d006d997583c7aa",
  "hverdag-hand/wavy/1/1": "0800322ffec999ce",
  "hverdag-hand/wavy/2/1": "afac5b6aa839ad03",
  "hverdag-hand/wavy/3/1": "8e85bc4065859589",
  "hverdag-neck/cheer": "d088158525688592",
  "hverdag-neck/foal/1/0": "476f890a92d71f57",
  "hverdag-neck/foal/2/0": "16f04d64c952b1ac",
  "hverdag-neck/foal/3/0": "eaa11f513fbbc4b2",
  "hverdag-neck/happy": "a0422fb030625182",
  "hverdag-neck/idle": "16f04d64c952b1ac",
  "hverdag-neck/oops": "c95c6d7e4c3946fd",
  "hverdag-neck/sleep": "9e8b7c3660ec3977",
  "hverdag-neck/starhorn/1/2": "2035358f09edb36c",
  "hverdag-neck/starhorn/2/2": "7b18e86683b65516",
  "hverdag-neck/starhorn/3/2": "978ec24dc25601f4",
  "hverdag-neck/think": "7eb522a5b09699ad",
  "hverdag-neck/wave": "477661a4a758abc0",
  "hverdag-neck/wavy/1/1": "b01318b6287d605c",
  "hverdag-neck/wavy/2/1": "20e55bc0e393e7d1",
  "hverdag-neck/wavy/3/1": "6bf16005d5c150fa",
  "opdager-back/cheer": "26627250ccd0283b",
  "opdager-back/foal/1/0": "f2022726ad5ed3e3",
  "opdager-back/foal/2/0": "74437b90da994b87",
  "opdager-back/foal/3/0": "bf267814c944c8c5",
  "opdager-back/happy": "6a312f4489b364fa",
  "opdager-back/idle": "74437b90da994b87",
  "opdager-back/oops": "900403bc9489c743",
  "opdager-back/sleep": "beeb8d3c5395e1e2",
  "opdager-back/starhorn/1/2": "95a43cdf4d879f89",
  "opdager-back/starhorn/2/2": "017f2f15b5bc9523",
  "opdager-back/starhorn/3/2": "caf034d22d99dba9",
  "opdager-back/think": "30fb03f3fb997f7c",
  "opdager-back/wave": "fd709eeb90284715",
  "opdager-back/wavy/1/1": "aec10e86a360add4",
  "opdager-back/wavy/2/1": "af217505b5d36f3b",
  "opdager-back/wavy/3/1": "045319c37152f75e",
  "opdager-body/cheer": "8df6c1fd4ed563aa",
  "opdager-body/foal/1/0": "e579ebbb545ef51a",
  "opdager-body/foal/2/0": "2bd70605b64323f2",
  "opdager-body/foal/3/0": "ed8dad52d2ab3411",
  "opdager-body/happy": "f39c7640e131de2d",
  "opdager-body/idle": "2bd70605b64323f2",
  "opdager-body/oops": "3b1c95ed8516c931",
  "opdager-body/sleep": "108c80f5d8118452",
  "opdager-body/starhorn/1/2": "5e5a8d98b27de0e3",
  "opdager-body/starhorn/2/2": "14a705b18a3a5c48",
  "opdager-body/starhorn/3/2": "2488ccfb5b703037",
  "opdager-body/think": "295be2979b88c45f",
  "opdager-body/wave": "1febf47ccbab2623",
  "opdager-body/wavy/1/1": "9813b19dbaed347c",
  "opdager-body/wavy/2/1": "1085412aacabe40a",
  "opdager-body/wavy/3/1": "62fe109d2c2d42d7",
  "opdager-face/cheer": "b9986faa29a5b3e4",
  "opdager-face/foal/1/0": "11cd04a0cbafcb59",
  "opdager-face/foal/2/0": "a113daff61f922a5",
  "opdager-face/foal/3/0": "51ec59ff8850ec0d",
  "opdager-face/happy": "08dd36a9363fd277",
  "opdager-face/idle": "a113daff61f922a5",
  "opdager-face/oops": "dacbc34f905270ff",
  "opdager-face/sleep": "047b9819a177a632",
  "opdager-face/starhorn/1/2": "a919f5f92ad2bb3a",
  "opdager-face/starhorn/2/2": "8a3d4cba7aa36f89",
  "opdager-face/starhorn/3/2": "bf544fb30a381e67",
  "opdager-face/think": "38cc87d5e1bbefde",
  "opdager-face/wave": "a5a6aa35c9d02c6e",
  "opdager-face/wavy/1/1": "1f17d9c3bdef2c56",
  "opdager-face/wavy/2/1": "b69c4e8d84ed66c7",
  "opdager-face/wavy/3/1": "0d198824de7cba4a",
  "opdager-hand/cheer": "3e29b8accfdc17c0",
  "opdager-hand/foal/1/0": "844e7a6b8722a89b",
  "opdager-hand/foal/2/0": "223274238862f861",
  "opdager-hand/foal/3/0": "0ef19507accea1a9",
  "opdager-hand/happy": "39d4ec80e6fca855",
  "opdager-hand/idle": "223274238862f861",
  "opdager-hand/oops": "dc61a0efed29b140",
  "opdager-hand/sleep": "979e4477c16cacf6",
  "opdager-hand/starhorn/1/2": "fc058d170ba18c75",
  "opdager-hand/starhorn/2/2": "8bdf4c3c5e062c24",
  "opdager-hand/starhorn/3/2": "4ea35f7006a5ba25",
  "opdager-hand/think": "79ec027ee7c9f834",
  "opdager-hand/wave": "a39546c3829c5340",
  "opdager-hand/wavy/1/1": "78fb006afb250f41",
  "opdager-hand/wavy/2/1": "7cf1455b7aaebb82",
  "opdager-hand/wavy/3/1": "5180f22ea82bde80",
  "opdager-head/cheer": "3a04925cdede81e8",
  "opdager-head/foal/1/0": "451a99f83eb245d7",
  "opdager-head/foal/2/0": "9188f5c20da406aa",
  "opdager-head/foal/3/0": "b5eb6117e80b28de",
  "opdager-head/happy": "a7162cff7ebdb709",
  "opdager-head/idle": "9188f5c20da406aa",
  "opdager-head/oops": "750166e7c82b8868",
  "opdager-head/sleep": "e8a8bf5d02dfbe6f",
  "opdager-head/starhorn/1/2": "257bcb0d625954ef",
  "opdager-head/starhorn/2/2": "2e5bce439052a213",
  "opdager-head/starhorn/3/2": "de17963d18f511b4",
  "opdager-head/think": "f83880b0e68abbbc",
  "opdager-head/wave": "bf72d3ac7ff3c2bb",
  "opdager-head/wavy/1/1": "850d9d7fc578227d",
  "opdager-head/wavy/2/1": "090dbb94f8c77a2f",
  "opdager-head/wavy/3/1": "41617bc0b734918f",
  "opdager-neck/cheer": "5d39a9126f1e47fb",
  "opdager-neck/foal/1/0": "559be7c745014bbd",
  "opdager-neck/foal/2/0": "e2b523d05d2da055",
  "opdager-neck/foal/3/0": "29afcb4bb65166a1",
  "opdager-neck/happy": "d152312069c4dd4f",
  "opdager-neck/idle": "e2b523d05d2da055",
  "opdager-neck/oops": "fff6b586d7a68600",
  "opdager-neck/sleep": "3c12dc70ef9ff4dc",
  "opdager-neck/starhorn/1/2": "43d60ce74f5fca94",
  "opdager-neck/starhorn/2/2": "686fd2440130815a",
  "opdager-neck/starhorn/3/2": "fabf264d81afe3e3",
  "opdager-neck/think": "3a3f6b0bff511fd7",
  "opdager-neck/wave": "497a9b8335661cbd",
  "opdager-neck/wavy/1/1": "e88da5b98d2a986e",
  "opdager-neck/wavy/2/1": "987d6e409105c1ad",
  "opdager-neck/wavy/3/1": "dbe4e4fc68ddd4cd",
}
`;
