// Vitest Snapshot v1, https://vitest.dev/guide/snapshot.html

exports[`hash-regression · cat > pr. genstand · stadie · farvesæt (racerne på skift) og pr. genstand · humør 1`] = `
{
  "hverdag-back/cheer": "6625b62ffa5e67f1",
  "hverdag-back/domestic/1/0": "c81951439a9461c3",
  "hverdag-back/domestic/2/0": "9611ce0e4278ac0b",
  "hverdag-back/domestic/3/0": "54e30ea1495edb3e",
  "hverdag-back/happy": "4f65a8410f8591e3",
  "hverdag-back/idle": "9611ce0e4278ac0b",
  "hverdag-back/longhair/1/1": "a1debbfb96c07dbf",
  "hverdag-back/longhair/2/1": "ac04a86967c32c19",
  "hverdag-back/longhair/3/1": "9597cb112733fa20",
  "hverdag-back/mainecoon/1/2": "bbbfe4f7e0b00dda",
  "hverdag-back/mainecoon/2/2": "ebb6317aec759858",
  "hverdag-back/mainecoon/3/2": "640301dc4393fd9d",
  "hverdag-back/oops": "14b6271519e18bfc",
  "hverdag-back/sleep": "9ecab6f34fa45a44",
  "hverdag-back/think": "8928b20bf83f7ee1",
  "hverdag-back/wave": "9b515662cc46f7db",
  "hverdag-face/cheer": "bb921ef08161ef77",
  "hverdag-face/domestic/1/0": "10fd79179da949ba",
  "hverdag-face/domestic/2/0": "f35bf87514144549",
  "hverdag-face/domestic/3/0": "5f00d981ea537b98",
  "hverdag-face/happy": "e824449694d7ef74",
  "hverdag-face/idle": "f35bf87514144549",
  "hverdag-face/longhair/1/1": "9a93a38b66463aa9",
  "hverdag-face/longhair/2/1": "9ba0e56b13ceff25",
  "hverdag-face/longhair/3/1": "dd2a564cc86be702",
  "hverdag-face/mainecoon/1/2": "7312d5b61f5e7ffb",
  "hverdag-face/mainecoon/2/2": "38f60a51c01c3a61",
  "hverdag-face/mainecoon/3/2": "35e73620b0d39883",
  "hverdag-face/oops": "f8512bfe10b84be8",
  "hverdag-face/sleep": "b62bfc16c5f34607",
  "hverdag-face/think": "5ed6643a98ac21ca",
  "hverdag-face/wave": "3d3796c0c56385fe",
  "hverdag-hand/cheer": "b83d1944b69d2fdd",
  "hverdag-hand/domestic/1/0": "17b2889a3dbcfb6d",
  "hverdag-hand/domestic/2/0": "4761eb77ff549a8c",
  "hverdag-hand/domestic/3/0": "afecd054a029ee0d",
  "hverdag-hand/happy": "f808155a15160488",
  "hverdag-hand/idle": "4761eb77ff549a8c",
  "hverdag-hand/longhair/1/1": "819c4d5d97969b58",
  "hverdag-hand/longhair/2/1": "d1f0736307fc5ae7",
  "hverdag-hand/longhair/3/1": "dd44fef705ae6482",
  "hverdag-hand/mainecoon/1/2": "b7b34092ed39c080",
  "hverdag-hand/mainecoon/2/2": "849fe638d3ef80eb",
  "hverdag-hand/mainecoon/3/2": "208067b913ff1550",
  "hverdag-hand/oops": "32607341fc227991",
  "hverdag-hand/sleep": "b237a2e166c04f96",
  "hverdag-hand/think": "751aaf4421533e18",
  "hverdag-hand/wave": "afa92ee0e3a45827",
  "hverdag-neck/cheer": "54b238c62194c4c3",
  "hverdag-neck/domestic/1/0": "3251d2cd2be1bcbb",
  "hverdag-neck/domestic/2/0": "b0661c75be7bbf88",
  "hverdag-neck/domestic/3/0": "b7ae1c1f894b1565",
  "hverdag-neck/happy": "4405c840cf87d7cc",
  "hverdag-neck/idle": "b0661c75be7bbf88",
  "hverdag-neck/longhair/1/1": "a623e420a10d6874",
  "hverdag-neck/longhair/2/1": "2f4de5a62ffe64ce",
  "hverdag-neck/longhair/3/1": "455d6499822bfecb",
  "hverdag-neck/mainecoon/1/2": "6ccb7706ba2d94b8",
  "hverdag-neck/mainecoon/2/2": "bec686eb13871630",
  "hverdag-neck/mainecoon/3/2": "54801beaa76a73e5",
  "hverdag-neck/oops": "4f21c385afffe26e",
  "hverdag-neck/sleep": "92d58d41fcc83932",
  "hverdag-neck/think": "0b4184ba1846885b",
  "hverdag-neck/wave": "e1ac9beffc1a6cc3",
  "opdager-back/cheer": "6f75aa628c6b9b48",
  "opdager-back/domestic/1/0": "81451a0adbe84a95",
  "opdager-back/domestic/2/0": "bc213caa22b178e2",
  "opdager-back/domestic/3/0": "69c213be5bdeeb1e",
  "opdager-back/happy": "e3761c5082570950",
  "opdager-back/idle": "bc213caa22b178e2",
  "opdager-back/longhair/1/1": "2643119ac35b443d",
  "opdager-back/longhair/2/1": "0575d9efdad77c2a",
  "opdager-back/longhair/3/1": "f86bc20b3fac83e2",
  "opdager-back/mainecoon/1/2": "4cd2e3956ddc0a3a",
  "opdager-back/mainecoon/2/2": "c8d81dca3f796ba7",
  "opdager-back/mainecoon/3/2": "24164653ba850b79",
  "opdager-back/oops": "e527313680466cee",
  "opdager-back/sleep": "4bf02e7b2cd80e01",
  "opdager-back/think": "4b06d7cdb82a2e26",
  "opdager-back/wave": "444ac08a973594f1",
  "opdager-body/cheer": "b21f40b6b81ac0ee",
  "opdager-body/domestic/1/0": "7677405a01f54b7f",
  "opdager-body/domestic/2/0": "15a60b9fa1b636a0",
  "opdager-body/domestic/3/0": "ce5a4801e7efb8a4",
  "opdager-body/happy": "b3809ac922fd3236",
  "opdager-body/idle": "15a60b9fa1b636a0",
  "opdager-body/longhair/1/1": "5b2480c459f6d62a",
  "opdager-body/longhair/2/1": "df1fa2ae56df497a",
  "opdager-body/longhair/3/1": "cca3e817e47bcfae",
  "opdager-body/mainecoon/1/2": "173b622689d65f6f",
  "opdager-body/mainecoon/2/2": "7b7bfb444b99848e",
  "opdager-body/mainecoon/3/2": "35a4ddc6992175ba",
  "opdager-body/oops": "af09bd63123ae8e3",
  "opdager-body/sleep": "f638b12b1eb0b7ca",
  "opdager-body/think": "ed8b9ed4e69eefcf",
  "opdager-body/wave": "6e1fff5952c87bcf",
  "opdager-face/cheer": "1197eb0c0a60820b",
  "opdager-face/domestic/1/0": "769f96759b48df24",
  "opdager-face/domestic/2/0": "2a5c46ab81203d3c",
  "opdager-face/domestic/3/0": "632741684e34041e",
  "opdager-face/happy": "0ab77ff7fa7fb5be",
  "opdager-face/idle": "2a5c46ab81203d3c",
  "opdager-face/longhair/1/1": "3a1ea91de8544c45",
  "opdager-face/longhair/2/1": "d56b3a9d314b7936",
  "opdager-face/longhair/3/1": "7982db4a9bfff3fa",
  "opdager-face/mainecoon/1/2": "5722edddc6aa4d06",
  "opdager-face/mainecoon/2/2": "6a943dfb6a48824b",
  "opdager-face/mainecoon/3/2": "49569544ce76e949",
  "opdager-face/oops": "ed08cc761e3fb897",
  "opdager-face/sleep": "82789404244aabc6",
  "opdager-face/think": "28a741be1519111a",
  "opdager-face/wave": "5f07518f4c103051",
  "opdager-hand/cheer": "3e42e48101cd34df",
  "opdager-hand/domestic/1/0": "a9cb3076774b3e58",
  "opdager-hand/domestic/2/0": "f16a0374fc175887",
  "opdager-hand/domestic/3/0": "30110d697332d13e",
  "opdager-hand/happy": "4eeedf715cccd664",
  "opdager-hand/idle": "f16a0374fc175887",
  "opdager-hand/longhair/1/1": "9ec482b0a07494fc",
  "opdager-hand/longhair/2/1": "532e9f6ea5048358",
  "opdager-hand/longhair/3/1": "06a56d33c235fd50",
  "opdager-hand/mainecoon/1/2": "68ae0209d10997d2",
  "opdager-hand/mainecoon/2/2": "bf286f9769cba573",
  "opdager-hand/mainecoon/3/2": "9d8a1d5b104b120a",
  "opdager-hand/oops": "b509738fc0d99d70",
  "opdager-hand/sleep": "62e3709cb6e61f26",
  "opdager-hand/think": "8b10f8552c72f65c",
  "opdager-hand/wave": "c655028c7c844270",
  "opdager-head/cheer": "69f9e268b9b8b0b5",
  "opdager-head/domestic/1/0": "bb66d31e6ed54788",
  "opdager-head/domestic/2/0": "fe16104defff3bdf",
  "opdager-head/domestic/3/0": "f0e1fb82fa8fd336",
  "opdager-head/happy": "f921fcf75fefad07",
  "opdager-head/idle": "fe16104defff3bdf",
  "opdager-head/longhair/1/1": "eb0724b90558cce7",
  "opdager-head/longhair/2/1": "95fa7400159b959b",
  "opdager-head/longhair/3/1": "5cc7f5c6e4f866dc",
  "opdager-head/mainecoon/1/2": "0648ad140aac1c62",
  "opdager-head/mainecoon/2/2": "dedc1f253c7a2cf3",
  "opdager-head/mainecoon/3/2": "215019be05846cdb",
  "opdager-head/oops": "fd4ea745fc8d44b0",
  "opdager-head/sleep": "220ad2ad4a40e902",
  "opdager-head/think": "caf106da51281982",
  "opdager-head/wave": "584ac150d72e0f3d",
  "opdager-neck/cheer": "0d5a21c4fa0fb783",
  "opdager-neck/domestic/1/0": "520673f204ed7295",
  "opdager-neck/domestic/2/0": "b609b482f4a6350f",
  "opdager-neck/domestic/3/0": "192e2bd724ad9410",
  "opdager-neck/happy": "bf562283a36e3649",
  "opdager-neck/idle": "b609b482f4a6350f",
  "opdager-neck/longhair/1/1": "be0c52336936d440",
  "opdager-neck/longhair/2/1": "84e8b1b106bf5c7e",
  "opdager-neck/longhair/3/1": "1f955907a0db9a0f",
  "opdager-neck/mainecoon/1/2": "7e6cb8299235052c",
  "opdager-neck/mainecoon/2/2": "141dd6bdfc0938fa",
  "opdager-neck/mainecoon/3/2": "f70524ae78003d52",
  "opdager-neck/oops": "87beef40c2496122",
  "opdager-neck/sleep": "85f9824ab911d591",
  "opdager-neck/think": "92fa6f6f6040f4b9",
  "opdager-neck/wave": "522823cdc9c41588",
}
`;

exports[`hash-regression · horse > pr. genstand · stadie · farvesæt (racerne på skift) og pr. genstand · humør 1`] = `
{
  "hverdag-back/arabian/1/2": "6f324dfb6f9c0fc1",
  "hverdag-back/arabian/2/2": "3e310f3c4acdb3e0",
  "hverdag-back/arabian/3/2": "7ec28a0e24b45a45",
  "hverdag-back/cheer": "fe6b5c49d80e3b77",
  "hverdag-back/fjord/1/1": "3b84d01480684c0c",
  "hverdag-back/fjord/2/1": "0fd19f06ab8f28c2",
  "hverdag-back/fjord/3/1": "1a7f9ba42f4bff34",
  "hverdag-back/happy": "6de2075767ada200",
  "hverdag-back/idle": "35aad63da491eddc",
  "hverdag-back/oops": "6953016a002a1f2a",
  "hverdag-back/shetland/1/0": "24bfbc4086085148",
  "hverdag-back/shetland/2/0": "35aad63da491eddc",
  "hverdag-back/shetland/3/0": "44da63d27fc004dd",
  "hverdag-back/sleep": "48c4c8f70d08604b",
  "hverdag-back/think": "d9b443fa25773883",
  "hverdag-back/wave": "5d818c1a99212214",
  "hverdag-face/arabian/1/2": "5c6e0af7d70e9892",
  "hverdag-face/arabian/2/2": "f0ed5987245648a6",
  "hverdag-face/arabian/3/2": "168eaa2499c2de13",
  "hverdag-face/cheer": "4773446750560aa9",
  "hverdag-face/fjord/1/1": "9b2c04a3a79b3f0a",
  "hverdag-face/fjord/2/1": "e4da21e3aeb95c52",
  "hverdag-face/fjord/3/1": "abe68cc5b3566827",
  "hverdag-face/happy": "14466c5edd9549f5",
  "hverdag-face/idle": "e7ca36cc3b29720c",
  "hverdag-face/oops": "65b0b74eb1d1a266",
  "hverdag-face/shetland/1/0": "fc53a7ef42d44806",
  "hverdag-face/shetland/2/0": "e7ca36cc3b29720c",
  "hverdag-face/shetland/3/0": "6100a4ea7480d873",
  "hverdag-face/sleep": "444dcde729a62666",
  "hverdag-face/think": "3fbcf95ec2058b2d",
  "hverdag-face/wave": "ea090314a24fa469",
  "hverdag-hand/arabian/1/2": "c6827eb6b8be99d4",
  "hverdag-hand/arabian/2/2": "ba39498562500202",
  "hverdag-hand/arabian/3/2": "4bdb96faf9255a9f",
  "hverdag-hand/cheer": "77a84ffcb994ba5d",
  "hverdag-hand/fjord/1/1": "b95a8b481f3ebcfb",
  "hverdag-hand/fjord/2/1": "ef169cbd98558d9e",
  "hverdag-hand/fjord/3/1": "30aeeb54dbfac9f2",
  "hverdag-hand/happy": "d112a18e955e3c4e",
  "hverdag-hand/idle": "d2b74439c75f5ec3",
  "hverdag-hand/oops": "5961b9ee22c958a3",
  "hverdag-hand/shetland/1/0": "ad5756808b5fa199",
  "hverdag-hand/shetland/2/0": "d2b74439c75f5ec3",
  "hverdag-hand/shetland/3/0": "71c943320c9262da",
  "hverdag-hand/sleep": "cb483d54ac4f6301",
  "hverdag-hand/think": "d3030890ba44823e",
  "hverdag-hand/wave": "3fb065555272d13e",
  "hverdag-neck/arabian/1/2": "e1c09b0fd41e2cd7",
  "hverdag-neck/arabian/2/2": "dc9d540349767b0a",
  "hverdag-neck/arabian/3/2": "3fbbd91660d3f140",
  "hverdag-neck/cheer": "588af2c9d89380f5",
  "hverdag-neck/fjord/1/1": "64a971b0ffb42b46",
  "hverdag-neck/fjord/2/1": "bd619744f0d4e032",
  "hverdag-neck/fjord/3/1": "1a7f77cfc4517ea1",
  "hverdag-neck/happy": "2c15fec860a63b2d",
  "hverdag-neck/idle": "7e198e0b4fa748e7",
  "hverdag-neck/oops": "6a1023c268825777",
  "hverdag-neck/shetland/1/0": "d0156c072effe204",
  "hverdag-neck/shetland/2/0": "7e198e0b4fa748e7",
  "hverdag-neck/shetland/3/0": "24d8fca9812a59f0",
  "hverdag-neck/sleep": "c12d927d7547618c",
  "hverdag-neck/think": "0360469d480d20ed",
  "hverdag-neck/wave": "f61324f39ddf84a1",
  "opdager-back/arabian/1/2": "c7c8011b551a8984",
  "opdager-back/arabian/2/2": "b104648237ddcfd5",
  "opdager-back/arabian/3/2": "c02bbb8ac3e4b3e8",
  "opdager-back/cheer": "0f17103ce85208e7",
  "opdager-back/fjord/1/1": "d466fc5580d37931",
  "opdager-back/fjord/2/1": "9d17ef32c3acdd4b",
  "opdager-back/fjord/3/1": "6a9eb3bd71c1d2a4",
  "opdager-back/happy": "7acb7799836318e2",
  "opdager-back/idle": "9dfb47853f8ab5d9",
  "opdager-back/oops": "c44907c984e04c32",
  "opdager-back/shetland/1/0": "95ca0a4053ea6489",
  "opdager-back/shetland/2/0": "9dfb47853f8ab5d9",
  "opdager-back/shetland/3/0": "6ad9cee3dfc97a0c",
  "opdager-back/sleep": "b601da6ed4167d32",
  "opdager-back/think": "e266a2bb8b053351",
  "opdager-back/wave": "3c7ceb4005efd485",
  "opdager-body/arabian/1/2": "defe6700e892a736",
  "opdager-body/arabian/2/2": "bf9af1df33bfd2ee",
  "opdager-body/arabian/3/2": "95a599a88be9c0de",
  "opdager-body/cheer": "bbd5d7c138ea61ec",
  "opdager-body/fjord/1/1": "db22029de005caf2",
  "opdager-body/fjord/2/1": "2667f4cc709a1e3e",
  "opdager-body/fjord/3/1": "69b87ce56e9c2ca5",
  "opdager-body/happy": "5aee284181c327c7",
  "opdager-body/idle": "6ec8b2d60f30b7e1",
  "opdager-body/oops": "8bed1d4d2c6ed420",
  "opdager-body/shetland/1/0": "b835e1a041d2e5de",
  "opdager-body/shetland/2/0": "6ec8b2d60f30b7e1",
  "opdager-body/shetland/3/0": "c2fbe06d7a046bef",
  "opdager-body/sleep": "3e889e0c121c6841",
  "opdager-body/think": "ca603dad08e42198",
  "opdager-body/wave": "04b37c34d982cabd",
  "opdager-face/arabian/1/2": "fd85702ebcbdc541",
  "opdager-face/arabian/2/2": "99049e52dbd5f267",
  "opdager-face/arabian/3/2": "08f947029f9fedb9",
  "opdager-face/cheer": "d3a70f02653aee9b",
  "opdager-face/fjord/1/1": "e07b77a8eaeab571",
  "opdager-face/fjord/2/1": "26513d19123e1914",
  "opdager-face/fjord/3/1": "ff692af438c32c42",
  "opdager-face/happy": "5f48b99ad2389bd7",
  "opdager-face/idle": "6a341d2c72059f71",
  "opdager-face/oops": "3e4cd7dad01f7288",
  "opdager-face/shetland/1/0": "71698e2424d5ef51",
  "opdager-face/shetland/2/0": "6a341d2c72059f71",
  "opdager-face/shetland/3/0": "624f3fc9d33b4d7d",
  "opdager-face/sleep": "dec2c629c466c94f",
  "opdager-face/think": "b8ab84d1560270e9",
  "opdager-face/wave": "3e99ffb44b2fc49f",
  "opdager-hand/arabian/1/2": "266a95a701cc1717",
  "opdager-hand/arabian/2/2": "11debb22210a13dc",
  "opdager-hand/arabian/3/2": "e6377b10f7cfe321",
  "opdager-hand/cheer": "b9e0794b3f5507db",
  "opdager-hand/fjord/1/1": "bd27a0623b116bfe",
  "opdager-hand/fjord/2/1": "b2c0aaae9b186e58",
  "opdager-hand/fjord/3/1": "1b9f8f06135be3d3",
  "opdager-hand/happy": "b82a074d5bd4b865",
  "opdager-hand/idle": "f9692157ccb60176",
  "opdager-hand/oops": "6b848ed65e493782",
  "opdager-hand/shetland/1/0": "d2d3f894b928cc6a",
  "opdager-hand/shetland/2/0": "f9692157ccb60176",
  "opdager-hand/shetland/3/0": "90e05b0d296b6f20",
  "opdager-hand/sleep": "9c9a3ae996aac3c9",
  "opdager-hand/think": "d1d4d9ef6e6f4bb1",
  "opdager-hand/wave": "8a80f14cae6a311d",
  "opdager-head/arabian/1/2": "392ff4ec7565dd64",
  "opdager-head/arabian/2/2": "d49c4abd3cce0e56",
  "opdager-head/arabian/3/2": "8db3daf216b2e5a5",
  "opdager-head/cheer": "1a57fc58eab8e632",
  "opdager-head/fjord/1/1": "e35c799130a7ad73",
  "opdager-head/fjord/2/1": "fcbf7f05b52ba8f2",
  "opdager-head/fjord/3/1": "56205249d818fe39",
  "opdager-head/happy": "0b6e8bff7476945f",
  "opdager-head/idle": "0bdc47bee1b86c35",
  "opdager-head/oops": "9b1e5be3c5452800",
  "opdager-head/shetland/1/0": "20766a6ffa5dd0a3",
  "opdager-head/shetland/2/0": "0bdc47bee1b86c35",
  "opdager-head/shetland/3/0": "70d7a2b4489e9973",
  "opdager-head/sleep": "b5119ed481c9f4e2",
  "opdager-head/think": "ee32a1abfcea97f1",
  "opdager-head/wave": "26e9d7f16603d9b0",
  "opdager-neck/arabian/1/2": "7b3561fc612143d8",
  "opdager-neck/arabian/2/2": "0c1ac165101dac41",
  "opdager-neck/arabian/3/2": "c1c2590969ca9125",
  "opdager-neck/cheer": "42577fbd16511245",
  "opdager-neck/fjord/1/1": "ef96abae300e3eb8",
  "opdager-neck/fjord/2/1": "1588cf05566651af",
  "opdager-neck/fjord/3/1": "9f9f08bcc195fde2",
  "opdager-neck/happy": "14598cbe5ecfb479",
  "opdager-neck/idle": "5f88835e2576a2a1",
  "opdager-neck/oops": "dc99ae8c5ac48622",
  "opdager-neck/shetland/1/0": "db1232e05d6adc79",
  "opdager-neck/shetland/2/0": "5f88835e2576a2a1",
  "opdager-neck/shetland/3/0": "b351d12412202312",
  "opdager-neck/sleep": "11b9b76f339c7d1a",
  "opdager-neck/think": "166b03bce2c9b2ee",
  "opdager-neck/wave": "f2bb61666f76afa4",
}
`;

exports[`hash-regression · rabbit > pr. genstand · stadie · farvesæt (racerne på skift) og pr. genstand · humør 1`] = `
{
  "hverdag-back/cheer": "2d092bfa89064f24",
  "hverdag-back/happy": "00ac91a9aa012cb4",
  "hverdag-back/idle": "1bf66aa239ab5b90",
  "hverdag-back/lionhead/1/2": "f11090b0f29d430a",
  "hverdag-back/lionhead/2/2": "ba7a287f136c168a",
  "hverdag-back/lionhead/3/2": "127f016d5a205504",
  "hverdag-back/lop/1/1": "60db22705d025f9d",
  "hverdag-back/lop/2/1": "93c998aef6d0b860",
  "hverdag-back/lop/3/1": "963bd72e273e3f53",
  "hverdag-back/oops": "b6cd50496f0029f6",
  "hverdag-back/sleep": "79cdb33dbe362a1d",
  "hverdag-back/think": "bda68a474e953325",
  "hverdag-back/upright/1/0": "826eeba524555eb1",
  "hverdag-back/upright/2/0": "1bf66aa239ab5b90",
  "hverdag-back/upright/3/0": "6e07f22dc5d40383",
  "hverdag-back/wave": "5c301f1e2a98276e",
  "hverdag-face/cheer": "9f57a60531bc6f59",
  "hverdag-face/happy": "9da2775f73bf236a",
  "hverdag-face/idle": "242e5903b3620b81",
  "hverdag-face/lionhead/1/2": "0cc9ce49c50ba63f",
  "hverdag-face/lionhead/2/2": "b769d03718d14bd8",
  "hverdag-face/lionhead/3/2": "e73ad7013fa445bf",
  "hverdag-face/lop/1/1": "e4841b18192affc2",
  "hverdag-face/lop/2/1": "6b3b22da672cfab8",
  "hverdag-face/lop/3/1": "91791715b6e584bc",
  "hverdag-face/oops": "8dda6d4a3c0c0ad0",
  "hverdag-face/sleep": "c1816dbbf21f5f54",
  "hverdag-face/think": "d3d3b10d9da6780d",
  "hverdag-face/upright/1/0": "33ab7ab4e65b0571",
  "hverdag-face/upright/2/0": "242e5903b3620b81",
  "hverdag-face/upright/3/0": "c8df78ca6b2c6d87",
  "hverdag-face/wave": "a4b65c18d3ab4398",
  "hverdag-hand/cheer": "a330da7119697392",
  "hverdag-hand/happy": "1795fda23eb577c3",
  "hverdag-hand/idle": "f268e0778fd6ad74",
  "hverdag-hand/lionhead/1/2": "33a08f98aff9537f",
  "hverdag-hand/lionhead/2/2": "4664162f07948bc0",
  "hverdag-hand/lionhead/3/2": "68672d3df46691ac",
  "hverdag-hand/lop/1/1": "0b95d0b028b9da2c",
  "hverdag-hand/lop/2/1": "255aa53964bd4af8",
  "hverdag-hand/lop/3/1": "0811da78673389f2",
  "hverdag-hand/oops": "e1e91a44322c0ad0",
  "hverdag-hand/sleep": "2f316b7e3f09b40d",
  "hverdag-hand/think": "83cd17b22df99818",
  "hverdag-hand/upright/1/0": "61cb7d18a2217b57",
  "hverdag-hand/upright/2/0": "f268e0778fd6ad74",
  "hverdag-hand/upright/3/0": "b498be6020b1eccd",
  "hverdag-hand/wave": "ec18d378e9174562",
  "hverdag-neck/cheer": "6b497d098472bda3",
  "hverdag-neck/happy": "87c348abb20d4616",
  "hverdag-neck/idle": "b29c91b3ba6f33e7",
  "hverdag-neck/lionhead/1/2": "5c65c16fd0112585",
  "hverdag-neck/lionhead/2/2": "60daf77feca5110c",
  "hverdag-neck/lionhead/3/2": "4d9d375962e58aee",
  "hverdag-neck/lop/1/1": "1ab9a5f6f303ce36",
  "hverdag-neck/lop/2/1": "8f57df50343e7743",
  "hverdag-neck/lop/3/1": "de508d25425e52a0",
  "hverdag-neck/oops": "f13a7f0c9ad11bd7",
  "hverdag-neck/sleep": "5cca4839e5716c3c",
  "hverdag-neck/think": "1e37bc254710e1d9",
  "hverdag-neck/upright/1/0": "beb07f07cc250526",
  "hverdag-neck/upright/2/0": "b29c91b3ba6f33e7",
  "hverdag-neck/upright/3/0": "99c77fa5b3cb1ddd",
  "hverdag-neck/wave": "0e2562663cdea431",
  "opdager-back/cheer": "ee111aa6cf0a7e53",
  "opdager-back/happy": "70db795bce1778d5",
  "opdager-back/idle": "b6172d87c28a7ddf",
  "opdager-back/lionhead/1/2": "23d488f68a60de7f",
  "opdager-back/lionhead/2/2": "ff178a0a29c937c8",
  "opdager-back/lionhead/3/2": "ea75a19018275b72",
  "opdager-back/lop/1/1": "2b7fb67fef0d5805",
  "opdager-back/lop/2/1": "2a47c43a8e1977f4",
  "opdager-back/lop/3/1": "e338b9f61438203c",
  "opdager-back/oops": "12a444c41bcef551",
  "opdager-back/sleep": "dc41e4c88f7fbb06",
  "opdager-back/think": "af00d7aa703de912",
  "opdager-back/upright/1/0": "4aad5b65a45f2c05",
  "opdager-back/upright/2/0": "b6172d87c28a7ddf",
  "opdager-back/upright/3/0": "7d54e0b7232f5b37",
  "opdager-back/wave": "f47c0154528def93",
  "opdager-body/cheer": "0a87fb8d0cbcda9b",
  "opdager-body/happy": "bdfcfae1245478cf",
  "opdager-body/idle": "f939b0af87f4391a",
  "opdager-body/lionhead/1/2": "70762ed6827214a4",
  "opdager-body/lionhead/2/2": "e277ff2cc84393d2",
  "opdager-body/lionhead/3/2": "487749e23bae3a5c",
  "opdager-body/lop/1/1": "ac4fd436c0b17ff8",
  "opdager-body/lop/2/1": "2c6b08c1b85c1945",
  "opdager-body/lop/3/1": "2e58c0c97bfbabf9",
  "opdager-body/oops": "80b8ad62aeff6a01",
  "opdager-body/sleep": "b488b6a8d084559a",
  "opdager-body/think": "7941c55ec2831439",
  "opdager-body/upright/1/0": "d64a4c590e0c63ac",
  "opdager-body/upright/2/0": "f939b0af87f4391a",
  "opdager-body/upright/3/0": "ea255150c9a51358",
  "opdager-body/wave": "cc9fc8849c56f124",
  "opdager-face/cheer": "7515b2227842d50f",
  "opdager-face/happy": "d330a0f46eee13bf",
  "opdager-face/idle": "36f46455edbc0301",
  "opdager-face/lionhead/1/2": "d725a1c3752feee5",
  "opdager-face/lionhead/2/2": "5be0cc392a7f6409",
  "opdager-face/lionhead/3/2": "adb6a73be979cd74",
  "opdager-face/lop/1/1": "39146e7ea860b563",
  "opdager-face/lop/2/1": "f806370202cf9fcb",
  "opdager-face/lop/3/1": "0cd39a5223002260",
  "opdager-face/oops": "a3789c90459454f1",
  "opdager-face/sleep": "467d8b5a9f0b25f8",
  "opdager-face/think": "fc6b15ddf8a6388d",
  "opdager-face/upright/1/0": "be3364ad04e0c7cb",
  "opdager-face/upright/2/0": "36f46455edbc0301",
  "opdager-face/upright/3/0": "b947d5f6f831ae52",
  "opdager-face/wave": "602fe15e0a2edc2f",
  "opdager-hand/cheer": "f376cbd46e4b7b18",
  "opdager-hand/happy": "84758996c15972f7",
  "opdager-hand/idle": "1c366662349a04b0",
  "opdager-hand/lionhead/1/2": "b6327bd4fe3372c4",
  "opdager-hand/lionhead/2/2": "fe0bec81e14d1f02",
  "opdager-hand/lionhead/3/2": "38f15053d6de6b97",
  "opdager-hand/lop/1/1": "aa2dd13a97c387fc",
  "opdager-hand/lop/2/1": "21e808ac0e756eff",
  "opdager-hand/lop/3/1": "3de32ed929c45855",
  "opdager-hand/oops": "f0160b253a1eb5ff",
  "opdager-hand/sleep": "bbd6e45b3d89a775",
  "opdager-hand/think": "da85a082c7265e4d",
  "opdager-hand/upright/1/0": "6724fae843d89a10",
  "opdager-hand/upright/2/0": "1c366662349a04b0",
  "opdager-hand/upright/3/0": "b4faeb35ebb7ceba",
  "opdager-hand/wave": "9345f30df89458c7",
  "opdager-head/cheer": "73920cac4bee59aa",
  "opdager-head/happy": "48c952ae2b4336a6",
  "opdager-head/idle": "c02170c33dd7ce7b",
  "opdager-head/lionhead/1/2": "ea3f57a2fc4186c4",
  "opdager-head/lionhead/2/2": "b2c25c91a9117d18",
  "opdager-head/lionhead/3/2": "a3b7fc9625682a8d",
  "opdager-head/lop/1/1": "860669d6e19738b1",
  "opdager-head/lop/2/1": "b6f4dac0ac8ea4b5",
  "opdager-head/lop/3/1": "e545fd27964181b5",
  "opdager-head/oops": "d6d089c9630e5eb0",
  "opdager-head/sleep": "9f21c2556046dd3f",
  "opdager-head/think": "8dc711b189df3061",
  "opdager-head/upright/1/0": "9cff7dccbcac35ea",
  "opdager-head/upright/2/0": "c02170c33dd7ce7b",
  "opdager-head/upright/3/0": "9de6f92392ca2292",
  "opdager-head/wave": "70ced8d51def6b83",
  "opdager-neck/cheer": "d7707f995957eae5",
  "opdager-neck/happy": "6562ef2775af2255",
  "opdager-neck/idle": "2043126912044858",
  "opdager-neck/lionhead/1/2": "414cfbbb3d615cd0",
  "opdager-neck/lionhead/2/2": "f93134ea5e39bd6c",
  "opdager-neck/lionhead/3/2": "3a62a6fb6bee83fa",
  "opdager-neck/lop/1/1": "a65e084370747b87",
  "opdager-neck/lop/2/1": "cb924b8e6d39c21c",
  "opdager-neck/lop/3/1": "ce6a64408a93bf6a",
  "opdager-neck/oops": "13ad02fb69a3ca8f",
  "opdager-neck/sleep": "5ba04e2bac809671",
  "opdager-neck/think": "1963d5ded41c883a",
  "opdager-neck/upright/1/0": "1652e61656dbb84d",
  "opdager-neck/upright/2/0": "2043126912044858",
  "opdager-neck/upright/3/0": "9a51f3a489f9bcac",
  "opdager-neck/wave": "1831b83013fdb56c",
}
`;

exports[`hash-regression · unicorn > pr. genstand · stadie · farvesæt (racerne på skift) og pr. genstand · humør 1`] = `
{
  "hverdag-back/cheer": "582012944a2254fc",
  "hverdag-back/foal/1/0": "81c00884d9d6fa9e",
  "hverdag-back/foal/2/0": "31e6b24004dfa9d9",
  "hverdag-back/foal/3/0": "b73dac08f4455aaa",
  "hverdag-back/happy": "75634d0161825b85",
  "hverdag-back/idle": "31e6b24004dfa9d9",
  "hverdag-back/oops": "f8633fa98ff29a95",
  "hverdag-back/sleep": "0b1925fd6ed93b84",
  "hverdag-back/starhorn/1/2": "99583cdf48acaf30",
  "hverdag-back/starhorn/2/2": "e88694e7b96b04e4",
  "hverdag-back/starhorn/3/2": "8f54a342c3e1ec3d",
  "hverdag-back/think": "9fd7065b0467b7ee",
  "hverdag-back/wave": "b3c1dbc021fd69d4",
  "hverdag-back/wavy/1/1": "e32090b7c7fb847c",
  "hverdag-back/wavy/2/1": "78df72610609a1eb",
  "hverdag-back/wavy/3/1": "e616a629f04748d4",
  "hverdag-face/cheer": "689ef1000602fa01",
  "hverdag-face/foal/1/0": "c86dd85b287f4830",
  "hverdag-face/foal/2/0": "f27aec3601c1bb6a",
  "hverdag-face/foal/3/0": "ab4262e057c94494",
  "hverdag-face/happy": "39d1ff2fb5994c18",
  "hverdag-face/idle": "f27aec3601c1bb6a",
  "hverdag-face/oops": "9b5950bb02ebbb07",
  "hverdag-face/sleep": "b85b33186c088962",
  "hverdag-face/starhorn/1/2": "b2a0d7463cae0e79",
  "hverdag-face/starhorn/2/2": "c29ea510e612a642",
  "hverdag-face/starhorn/3/2": "59add4df310bc8d4",
  "hverdag-face/think": "786cd5cd9ac29e5d",
  "hverdag-face/wave": "554c532e0d49c688",
  "hverdag-face/wavy/1/1": "4cec5d859804488d",
  "hverdag-face/wavy/2/1": "8b11aefefb5f61b6",
  "hverdag-face/wavy/3/1": "fedf35b02f6f0c2b",
  "hverdag-hand/cheer": "45a3fdc906be0b7c",
  "hverdag-hand/foal/1/0": "55294fdb85bb5b70",
  "hverdag-hand/foal/2/0": "67bc1cb25c817730",
  "hverdag-hand/foal/3/0": "791bbc1bdd68d7b8",
  "hverdag-hand/happy": "5c0e598e28df31b1",
  "hverdag-hand/idle": "67bc1cb25c817730",
  "hverdag-hand/oops": "57bb6146b960ac19",
  "hverdag-hand/sleep": "2cae13d68da6dce1",
  "hverdag-hand/starhorn/1/2": "c5976994cb0c1d3d",
  "hverdag-hand/starhorn/2/2": "09728655eb7e04ce",
  "hverdag-hand/starhorn/3/2": "1b77e9a142e6613e",
  "hverdag-hand/think": "c72e88db17639b3b",
  "hverdag-hand/wave": "28cbc70235848602",
  "hverdag-hand/wavy/1/1": "a60e57db7060b481",
  "hverdag-hand/wavy/2/1": "24a7aadefb3b22d2",
  "hverdag-hand/wavy/3/1": "abc7440a136485c1",
  "hverdag-neck/cheer": "1fd284ef724a8f5a",
  "hverdag-neck/foal/1/0": "c617dd1d8ab65330",
  "hverdag-neck/foal/2/0": "af43a2b63759e735",
  "hverdag-neck/foal/3/0": "34f2c1c13c10bb01",
  "hverdag-neck/happy": "a485c71196c73f37",
  "hverdag-neck/idle": "af43a2b63759e735",
  "hverdag-neck/oops": "a99439c24e46d06f",
  "hverdag-neck/sleep": "57153b585a9a3bb5",
  "hverdag-neck/starhorn/1/2": "7c2091f80ce0478d",
  "hverdag-neck/starhorn/2/2": "b65f7b582da27f95",
  "hverdag-neck/starhorn/3/2": "e5fd8d41a5859b6a",
  "hverdag-neck/think": "02e6ac9a695ed413",
  "hverdag-neck/wave": "08f6cd366edc9d41",
  "hverdag-neck/wavy/1/1": "f2105d06bfb47b1b",
  "hverdag-neck/wavy/2/1": "5f3f9f8d2f77af35",
  "hverdag-neck/wavy/3/1": "e2758ab50fc31107",
  "opdager-back/cheer": "368d7eca180889ca",
  "opdager-back/foal/1/0": "5aa272f8d5c006a9",
  "opdager-back/foal/2/0": "5eb26136aeb71d67",
  "opdager-back/foal/3/0": "04a9ab72b0daf828",
  "opdager-back/happy": "31c11b15e040bd3c",
  "opdager-back/idle": "5eb26136aeb71d67",
  "opdager-back/oops": "7cd1f88df230db0f",
  "opdager-back/sleep": "d09497329b583ed4",
  "opdager-back/starhorn/1/2": "6dbb1991421ad3b1",
  "opdager-back/starhorn/2/2": "4a3ef39422a7a756",
  "opdager-back/starhorn/3/2": "e49ca21daa306d1b",
  "opdager-back/think": "0db62b742d94f373",
  "opdager-back/wave": "8d40a6fcd0a76364",
  "opdager-back/wavy/1/1": "f29003ef1c397df7",
  "opdager-back/wavy/2/1": "db152432f466bd21",
  "opdager-back/wavy/3/1": "3ec82f09dfe49c66",
  "opdager-body/cheer": "f7f1f0974f7a8137",
  "opdager-body/foal/1/0": "1a953abf9f1c3740",
  "opdager-body/foal/2/0": "94f22e62798b1082",
  "opdager-body/foal/3/0": "d6ab148c1f480842",
  "opdager-body/happy": "524117c33ca13622",
  "opdager-body/idle": "94f22e62798b1082",
  "opdager-body/oops": "c1871abe11b04eb3",
  "opdager-body/sleep": "5a9653c3e5667f24",
  "opdager-body/starhorn/1/2": "ec6a47e5bc6c98d8",
  "opdager-body/starhorn/2/2": "cf8101eb5910001d",
  "opdager-body/starhorn/3/2": "f9151cf97b401273",
  "opdager-body/think": "5c6497f4196ce9b7",
  "opdager-body/wave": "91a516bf098dbf09",
  "opdager-body/wavy/1/1": "afa1059c34a345e1",
  "opdager-body/wavy/2/1": "05a4af9473d42ef7",
  "opdager-body/wavy/3/1": "eff202782ddc8a8d",
  "opdager-face/cheer": "0c6f45c9b8b5f4c7",
  "opdager-face/foal/1/0": "e9a943834e8e6c80",
  "opdager-face/foal/2/0": "e9189e98c2ee58dc",
  "opdager-face/foal/3/0": "164b09d146330b3e",
  "opdager-face/happy": "1147e72b22794bd5",
  "opdager-face/idle": "e9189e98c2ee58dc",
  "opdager-face/oops": "e4a1a7fa11d37a08",
  "opdager-face/sleep": "c4acc5cab8844577",
  "opdager-face/starhorn/1/2": "1b8a8a410bf020b8",
  "opdager-face/starhorn/2/2": "7cb64d781c777de6",
  "opdager-face/starhorn/3/2": "9bd819ca61d43807",
  "opdager-face/think": "654bea259c2da805",
  "opdager-face/wave": "3911ef3a588480f6",
  "opdager-face/wavy/1/1": "8c61e9a5be5092b5",
  "opdager-face/wavy/2/1": "20b793e48500e212",
  "opdager-face/wavy/3/1": "ab23767df51495ca",
  "opdager-hand/cheer": "c8e6fe58f9199d2f",
  "opdager-hand/foal/1/0": "f6a0459f3dfef6d4",
  "opdager-hand/foal/2/0": "43cca2ae16091edf",
  "opdager-hand/foal/3/0": "1bdb7a8956c76f55",
  "opdager-hand/happy": "49ad999bc9537e30",
  "opdager-hand/idle": "43cca2ae16091edf",
  "opdager-hand/oops": "a6b35db5dd4249f5",
  "opdager-hand/sleep": "22b9f66a0fe34900",
  "opdager-hand/starhorn/1/2": "a03fe369f24c43a7",
  "opdager-hand/starhorn/2/2": "072be32cc8045310",
  "opdager-hand/starhorn/3/2": "581509517cf8eea9",
  "opdager-hand/think": "45d7fe72d89e0152",
  "opdager-hand/wave": "8ed756456fa28b66",
  "opdager-hand/wavy/1/1": "b6f1258ef7883488",
  "opdager-hand/wavy/2/1": "b5d0311a39db476c",
  "opdager-hand/wavy/3/1": "84af131d1b22f159",
  "opdager-head/cheer": "edab5fb1695fe428",
  "opdager-head/foal/1/0": "368f96020156c14e",
  "opdager-head/foal/2/0": "9d3152c067a2ccc2",
  "opdager-head/foal/3/0": "7a573d374323bde7",
  "opdager-head/happy": "52d29192f234bad2",
  "opdager-head/idle": "9d3152c067a2ccc2",
  "opdager-head/oops": "1946ef0c09aeca54",
  "opdager-head/sleep": "192607fc4d290755",
  "opdager-head/starhorn/1/2": "f0594e8b75a8bfa9",
  "opdager-head/starhorn/2/2": "d38595f98ab88759",
  "opdager-head/starhorn/3/2": "4ecc83f74bdabb43",
  "opdager-head/think": "a8551bfd3a12390e",
  "opdager-head/wave": "86c1fab4447ebb66",
  "opdager-head/wavy/1/1": "5927e21f437a6c40",
  "opdager-head/wavy/2/1": "4e957bc5fb3f37a8",
  "opdager-head/wavy/3/1": "aa8ec3cc5c511077",
  "opdager-neck/cheer": "61cb67f369412661",
  "opdager-neck/foal/1/0": "b067c8a23a9ec27e",
  "opdager-neck/foal/2/0": "70099350a3e3d05a",
  "opdager-neck/foal/3/0": "e9801d2a9baa1e35",
  "opdager-neck/happy": "8580a1739e1745cf",
  "opdager-neck/idle": "70099350a3e3d05a",
  "opdager-neck/oops": "7ed09d32dede701d",
  "opdager-neck/sleep": "3d57077b176e796b",
  "opdager-neck/starhorn/1/2": "e1b81112de89df6c",
  "opdager-neck/starhorn/2/2": "bf0ee43b184dc2db",
  "opdager-neck/starhorn/3/2": "4e561e110e633d6e",
  "opdager-neck/think": "c51f95b9f49f9f46",
  "opdager-neck/wave": "35556427b76e9e27",
  "opdager-neck/wavy/1/1": "25950c0a7ff55ada",
  "opdager-neck/wavy/2/1": "af1d38f1f099354b",
  "opdager-neck/wavy/3/1": "af5789e8dccba799",
}
`;
