11:30:32 generate.py --wave 1 --threads 2 --max-minutes 100 (log: /home/user/wt/voice/talvennerne2/voice/logs/generate-20261001-113032.log)
11:30:32 926 klip valgt, 59 færdige, 867 at lave
11:30:45 input frame rate=25
11:30:47 Could not load Cangjie mapping: An error happened while trying to locate the file on the Hub and we cannot find the requested files in the local cache. Please check your connection and try again or make sure your Internet connection is on.
11:30:48 model indlæst på 13 s (2 tråde)
11:31:33 ✅ EOS token detected! Stopping generation at step 345
11:32:04 kald carrier k=9 t0 'Tallet er et, tallet er et hundrede, tallet er enogtyve, tallet er too': 76.7 s for 13.76 s lyd
11:32:09   n.mid.1.et t0: 0.32 s (forhold 1.03) -18.2 LUFS, carrier: 'tallet er 1' CER 0.0 (wav2vec2) → ok
11:32:10   n.mid.100 t0: 0.72 s (forhold 0.77) -18.0 LUFS, carrier: 'tallet er 100' CER 0.0 (wav2vec2) → ok
11:32:10   n.mid.21 t0: 0.82 s (forhold 0.65) -18.0 LUFS, carrier: 'tallet er 21' CER 0.0 (wav2vec2) → ok
11:32:10   n.mid.22 t0: 0.96 s (forhold 0.77) -18.0 LUFS, carrier: 'tallet er 22' CER 0.0 (wav2vec2) → ok
11:32:11   n.mid.23 t0: 0.96 s (forhold 0.77) -18.1 LUFS, carrier: 'tallet er 23' CER 0.0 (wav2vec2) → ok
11:32:11   n.mid.24 t0: 1.00 s (forhold 0.64) -18.0 LUFS, carrier: 'tallet er 24' CER 0.0 (wav2vec2) → ok
11:32:12   n.mid.25 t0: 0.76 s (forhold 0.61) -18.14 LUFS, carrier: 'tallet er 25' CER 0.0 (wav2vec2) → ok
11:32:12   n.mid.26 t0: 1.02 s (forhold 0.81) -18.0 LUFS, carrier: 'tallet er 26' CER 0.0 (wav2vec2) → ok
11:32:13   n.mid.27 t0: 0.87 s (forhold 0.69) -18.04 LUFS, carrier: 'tandet er 27' CER 0.0 (wav2vec2) → ok
11:32:40 🚨 Detected 2x repetition of token 4299
11:32:40 forcing EOS token, long_tail=tensor(False), alignment_repetition=tensor(False), token_repetition=True
11:32:40 ✅ EOS token detected! Stopping generation at step 204
11:33:00 kald carrier k=9 t0 'Tallet er otteogtyve, tallet er niogtyve, tallet er tredive, tallet er': 47.9 s for 8.12 s lyd
11:33:12   n.mid.28 t0: 1.05 s (forhold 0.67) -18.0 LUFS, carrier: 'Tallet er 28' CER 0.0 (whisper, wav2vec2: 'tallet er 28  e') → ok
11:33:12   n.mid.29 t0: 0.67 s (forhold 0.54) -18.0 LUFS, carrier: 'tallet er 29' CER 0.0 (wav2vec2) → ok
11:33:16   n.mid.30 t0: 0.11 s (forhold 0.12) -18.67 LUFS, carrier: 'oka' CER 1.0 (wav2vec2, whisper: 'Nej') → FEJL varighed,asr
11:33:21   n.mid.31 t0: 0.48 s (forhold 0.31) -18.15 LUFS, carrier: 'tallet er 30' CER 0.3636 (wav2vec2, whisper: 'Tallet er 30') → FEJL varighed,asr
11:33:24   n.mid.32 t0: 0.26 s (forhold 0.17) -18.0 LUFS, carrier: '' CER 1.0 (wav2vec2, whisper: 'Ja') → FEJL varighed,asr
11:33:29   n.mid.33 t0: 0.64 s (forhold 0.41) -18.09 LUFS, carrier: 'tallet er 31' CER 0.25 (wav2vec2, whisper: 'Tallet er 31') → FEJL asr
11:33:33   n.mid.34 t0: 0.28 s (forhold 0.15) -18.0 LUFS, carrier: 'va' CER 0.9231 (wav2vec2, whisper: 'Det er det') → FEJL varighed,asr
11:33:37   n.mid.35 t0: 0.72 s (forhold 0.46) -18.0 LUFS, carrier: 'tallet er 32' CER 0.25 (wav2vec2, whisper: 'Tallet er 32') → FEJL asr
11:33:41   n.mid.36 t0: 0.18 s (forhold 0.12) -19.48 LUFS, carrier: 'ja' CER 1.0 (wav2vec2, whisper: 'Ja') → FEJL efterbehandling,varighed,asr
11:34:28 ✅ EOS token detected! Stopping generation at step 353
11:35:00 kald carrier k=9 t0 'Tallet er syvogtredive, tallet er otteogtredive, tallet er niogtredive': 79.6 s for 14.08 s lyd
11:35:04   n.mid.37 t0: 1.23 s (forhold 0.79) -18.11 LUFS, carrier: 'tallet er 37' CER 0.0 (wav2vec2) → ok
11:35:04   n.mid.38 t0: 0.77 s (forhold 0.41) -18.1 LUFS, carrier: 'tallet er 38' CER 0.0 (wav2vec2) → ok
11:35:04   n.mid.39 t0: 0.79 s (forhold 0.50) -18.09 LUFS, carrier: 'tallet er 39' CER 0.0 (wav2vec2) → ok
11:35:05   n.mid.40 t0: 0.79 s (forhold 1.26) -18.08 LUFS, carrier: 'tallet af 40' CER 0.0 (wav2vec2) → ok
11:35:05   n.mid.41 t0: 0.69 s (forhold 0.55) -18.0 LUFS, carrier: 'tallet er 41' CER 0.0 (wav2vec2) → ok
11:35:06   n.mid.42 t0: 0.91 s (forhold 0.73) -18.0 LUFS, carrier: 'tallet er 42' CER 0.0 (wav2vec2) → ok
11:35:06   n.mid.43 t0: 0.77 s (forhold 0.62) -18.16 LUFS, carrier: 'tallet er 43' CER 0.0 (wav2vec2) → ok
11:35:06   n.mid.44 t0: 0.89 s (forhold 0.57) -18.17 LUFS, carrier: 'tallet er 44' CER 0.0 (wav2vec2) → ok
11:35:07   n.mid.45 t0: 1.00 s (forhold 0.80) -18.09 LUFS, carrier: 'tallet er 45' CER 0.0 (wav2vec2) → ok
11:36:06 forcing EOS token, long_tail=tensor(False), alignment_repetition=tensor(True), token_repetition=False
11:36:06 ✅ EOS token detected! Stopping generation at step 422
11:36:43 kald carrier k=9 t0 'Tallet er seksogfyrre, tallet er syvogfyrre, tallet er otteogfyrre, ta': 96.2 s for 16.84 s lyd
11:36:47   n.mid.46 t0: 0.71 s (forhold 0.56) -18.0 LUFS, carrier: 'tallet er 46' CER 0.0 (wav2vec2) → ok
11:36:47   n.mid.47 t0: 0.99 s (forhold 0.79) -18.07 LUFS, carrier: 'tallet er 47' CER 0.0 (wav2vec2) → ok
11:36:47   n.mid.48 t0: 0.97 s (forhold 0.62) -18.09 LUFS, carrier: 'tallet er 48' CER 0.0 (wav2vec2) → ok
11:36:48   n.mid.49 t0: 0.98 s (forhold 0.78) -18.0 LUFS, carrier: 'tallet af 49' CER 0.0 (wav2vec2) → ok
11:36:48   n.mid.50 t0: 0.91 s (forhold 1.45) -18.0 LUFS, carrier: 'tallet er 50' CER 0.0 (wav2vec2) → ok
11:36:49   n.mid.51 t0: 0.88 s (forhold 0.70) -18.12 LUFS, carrier: 'tallet er 51' CER 0.0 (wav2vec2) → ok
11:36:54   n.mid.52 t0: 2.02 s (forhold 1.62) -18.13 LUFS, carrier: 'tallet er 52 tallet er' CER 0.6154 (wav2vec2, whisper: 'Tallet er 52. Tallet er 32') → FEJL asr
11:36:58   n.mid.53 t0: 0.67 s (forhold 0.54) -18.0 LUFS, carrier: 'tallet er 54' CER 0.1429 (wav2vec2, whisper: 'Tallet er 54') → FEJL asr
11:37:03   n.mid.54 t0: 0.26 s (forhold 0.17) -18.0 LUFS, carrier: 'og tallet' CER 0.6667 (wav2vec2, whisper: 'Og tallet er') → FEJL varighed,asr
11:37:46 🚨 Detected 2x repetition of token 2112
11:37:46 forcing EOS token, long_tail=tensor(False), alignment_repetition=tensor(False), token_repetition=True
11:37:46 ✅ EOS token detected! Stopping generation at step 325
11:38:14 kald carrier k=9 t0 'Tallet er femoghalvtreds, tallet er seksoghalvtreds, tallet er syvogha': 70.7 s for 12.96 s lyd
11:38:16   n.mid.55 t0: 0.86 s (forhold 0.69) -18.07 LUFS, carrier: 'tallet er 55' CER 0.0 (wav2vec2) → ok
11:38:17   n.mid.56 t0: 1.24 s (forhold 0.99) -18.07 LUFS, carrier: 'tallet af 56' CER 0.0 (wav2vec2) → ok
11:38:17   n.mid.57 t0: 0.93 s (forhold 0.74) -18.08 LUFS, carrier: 'tanlet er 57' CER 0.0 (wav2vec2) → ok
11:38:18   n.mid.58 t0: 1.31 s (forhold 0.84) -18.14 LUFS, carrier: 'tallet er 58' CER 0.0 (wav2vec2) → ok
11:38:18   n.mid.59 t0: 1.43 s (forhold 1.15) -18.08 LUFS, carrier: 'tallet er 59' CER 0.0 (wav2vec2) → ok
11:38:23   n.mid.60 t0: 0.25 s (forhold 0.79) -18.09 LUFS, carrier: 'Tallet er 60' CER 0.0 (whisper, wav2vec2: 'tallet af træ') → ok
11:38:26   n.mid.61 t0: 0.37 s (forhold 0.39) -18.0 LUFS, carrier: 's' CER 0.875 (wav2vec2, whisper: 'Yes') → FEJL varighed,asr
11:38:31   n.mid.62 t0: 0.68 s (forhold 0.72) -18.17 LUFS, carrier: 'tallet er 61' CER 0.25 (wav2vec2, whisper: 'Tallet er 61') → FEJL asr
11:38:35   n.mid.63 t0: 0.67 s (forhold 0.71) -18.0 LUFS, carrier: 'tallet er 62' CER 0.2222 (wav2vec2, whisper: 'Tallet er 62') → FEJL asr
11:39:21 ✅ EOS token detected! Stopping generation at step 347
11:39:53 kald carrier k=9 t0 'Tallet er fireogtres, tallet er femogtres, tallet er seksogtres, talle': 78.0 s for 13.84 s lyd
11:39:56   n.mid.64 t0: 0.84 s (forhold 0.67) -18.0 LUFS, carrier: 'tallet er 64' CER 0.0 (wav2vec2) → ok
11:39:56   n.mid.65 t0: 1.05 s (forhold 1.12) -18.14 LUFS, carrier: 'tallet er 65' CER 0.0 (wav2vec2) → ok
11:39:57   n.mid.66 t0: 1.04 s (forhold 1.11) -18.17 LUFS, carrier: 'tallet er 66' CER 0.0 (wav2vec2) → ok
11:39:57   n.mid.67 t0: 1.14 s (forhold 1.21) -18.0 LUFS, carrier: 'tallet er 67' CER 0.0 (wav2vec2) → ok
11:39:57   n.mid.68 t0: 0.71 s (forhold 0.57) -18.0 LUFS, carrier: 'tallet er 68' CER 0.0 (wav2vec2) → ok
11:39:58   n.mid.69 t0: 1.03 s (forhold 1.10) -18.03 LUFS, carrier: 'tallet er 69' CER 0.0 (wav2vec2) → ok
11:39:58   n.mid.70 t0: 0.65 s (forhold 1.03) -18.0 LUFS, carrier: 'tallet er 70' CER 0.0 (wav2vec2) → ok
11:39:58   n.mid.71 t0: 0.86 s (forhold 0.69) -18.0 LUFS, carrier: 'tallet er 71' CER 0.0 (wav2vec2) → ok
11:39:59   n.mid.72 t0: 0.85 s (forhold 0.68) -18.14 LUFS, carrier: 'tallet er 72' CER 0.0 (wav2vec2) → ok
11:41:02 forcing EOS token, long_tail=tensor(True), alignment_repetition=tensor(False), token_repetition=False
11:41:02 ✅ EOS token detected! Stopping generation at step 454
11:41:43 kald carrier k=9 t0 'Tallet er treoghalvfjerds, tallet er fireoghalvfjerds, tallet er femog': 104.3 s for 18.12 s lyd
11:41:48   n.mid.73 t0: 1.30 s (forhold 1.04) -18.18 LUFS, carrier: 'tallet er 73' CER 0.0 (wav2vec2) → ok
11:41:48   n.mid.74 t0: 1.29 s (forhold 0.82) -18.18 LUFS, carrier: 'tallet er 74' CER 0.0 (wav2vec2) → ok
11:41:49   n.mid.75 t0: 1.30 s (forhold 1.04) -18.08 LUFS, carrier: 'tallet er 75' CER 0.0 (wav2vec2) → ok
11:41:56   n.mid.76 t0: 1.47 s (forhold 1.17) -18.0 LUFS, carrier: 'tallet er 76 og' CER 0.125 (wav2vec2, whisper: 'Tallet er 76 og tæller på en hvid kugle') → FEJL asr
11:41:56   n.mid.77 t0: 1.46 s (forhold 1.17) -18.2 LUFS, carrier: 'tallet er 77' CER 0.0 (wav2vec2) → ok
11:42:02   n.mid.78 t0: 1.39 s (forhold 0.89) -18.07 LUFS, carrier: 'tallet er 78 og' CER 0.125 (wav2vec2, whisper: 'Tallet er 78 og tæller på en hvid kugle') → FEJL asr
11:42:03   n.mid.79 t0: 1.85 s (forhold 1.48) -18.09 LUFS, carrier: 'tallet er 79' CER 0.0 (wav2vec2) → ok
11:42:03   n.mid.80 t0: 0.69 s (forhold 2.21) -18.05 LUFS, carrier: 'tandet er 80' CER 0.0 (wav2vec2) → FEJL varighed
11:42:04   n.mid.81 t0: 0.81 s (forhold 0.86) -18.0 LUFS, carrier: 'tallet er 81' CER 0.0 (wav2vec2) → ok
11:42:46 ✅ EOS token detected! Stopping generation at step 314
11:43:14 kald carrier k=9 t0 'Tallet er toogfirs, tallet er treogfirs, tallet er fireogfirs, tallet ': 70.5 s for 12.52 s lyd
11:43:17   n.mid.82 t0: 0.72 s (forhold 0.77) -18.0 LUFS, carrier: 'tallet have 82' CER 0.0 (wav2vec2) → ok
11:43:18   n.mid.83 t0: 1.00 s (forhold 1.06) -18.06 LUFS, carrier: 'tallet er 83' CER 0.0 (wav2vec2) → ok
11:43:18   n.mid.84 t0: 1.05 s (forhold 0.84) -18.05 LUFS, carrier: 'tallet er 84' CER 0.0 (wav2vec2) → ok
11:43:18   n.mid.85 t0: 1.08 s (forhold 1.15) -18.0 LUFS, carrier: 'tallet er 85' CER 0.0 (wav2vec2) → ok
11:43:19   n.mid.86 t0: 0.83 s (forhold 0.88) -18.0 LUFS, carrier: 'tallet er 86' CER 0.0 (wav2vec2) → ok
11:43:19   n.mid.87 t0: 1.07 s (forhold 1.14) -18.0 LUFS, carrier: 'tallet er 87' CER 0.0 (wav2vec2) → ok
11:43:19   n.mid.88 t0: 0.59 s (forhold 0.47) -18.0 LUFS, carrier: 'tallet er 88' CER 0.0 (wav2vec2) → ok
11:43:20   n.mid.89 t0: 0.63 s (forhold 0.68) -18.0 LUFS, carrier: 'tallet er 89' CER 0.0 (wav2vec2) → ok
11:43:20   n.mid.90 t0: 0.59 s (forhold 0.94) -18.0 LUFS, carrier: 'tallet er 90' CER 0.0 (wav2vec2) → ok
11:44:03 🚨 Detected 2x repetition of token 4299
11:44:03 forcing EOS token, long_tail=tensor(False), alignment_repetition=tensor(False), token_repetition=True
11:44:03 ✅ EOS token detected! Stopping generation at step 314
11:44:31 kald carrier k=9 t0 'Tallet er enoghalvfems, tallet er tooghalvfems, tallet er treoghalvfem': 70.7 s for 12.52 s lyd
11:44:34   n.mid.91 t0: 0.93 s (forhold 0.74) -18.0 LUFS, carrier: 'tallet er 91' CER 0.0 (wav2vec2) → ok
11:44:34   n.mid.92 t0: 0.85 s (forhold 0.68) -18.13 LUFS, carrier: 'tallet er 92' CER 0.0 (wav2vec2) → ok
11:44:34   n.mid.93 t0: 0.89 s (forhold 0.71) -18.17 LUFS, carrier: 'tallet er 93' CER 0.0 (wav2vec2) → ok
11:44:35   n.mid.94 t0: 0.95 s (forhold 0.61) -18.05 LUFS, carrier: 'tallet er 94' CER 0.0 (wav2vec2) → ok
11:44:35   n.mid.95 t0: 0.93 s (forhold 0.74) -18.12 LUFS, carrier: 'tallet er 95' CER 0.0 (wav2vec2) → ok
11:44:36   n.mid.96 t0: 0.87 s (forhold 0.70) -18.0 LUFS, carrier: 'tallet er 96' CER 0.0 (wav2vec2) → ok
11:44:40   n.mid.97 t0: 0.27 s (forhold 0.21) -18.08 LUFS, carrier: 't' CER 1.0 (wav2vec2, whisper: 'Ja') → FEJL varighed,asr
11:44:45   n.mid.98 t0: 0.75 s (forhold 0.48) -18.12 LUFS, carrier: 'tallet er 97' CER 0.2857 (wav2vec2, whisper: 'Tallet er 97') → FEJL asr
11:44:49   n.mid.99 t0: 0.17 s (forhold 0.14) -18.1 LUFS, carrier: 'så' CER 1.0 (wav2vec2, whisper: 'Så') → FEJL varighed,asr
11:45:33 ✅ EOS token detected! Stopping generation at step 314
11:46:01 kald carrier k=9 t0 'Tallet er et. Tallet er et hundrede. Tallet er enogtyve. Tallet er too': 72.6 s for 12.52 s lyd
11:46:04   n.end.1.et t0: 0.30 s (forhold 0.98) -18.0 LUFS, carrier: 'tallet er 1' CER 0.0 (wav2vec2) → ok
11:46:04   n.end.100 t0: 0.69 s (forhold 0.73) -18.0 LUFS, carrier: 'tallet ar 100' CER 0.0 (wav2vec2) → ok
11:46:05   n.end.21 t0: 0.72 s (forhold 0.58) -18.0 LUFS, carrier: 'tallet er 21' CER 0.0 (wav2vec2) → ok
11:46:05   n.end.22 t0: 0.95 s (forhold 0.76) -18.11 LUFS, carrier: 'taldet er 22' CER 0.0 (wav2vec2) → ok
11:46:06   n.end.23 t0: 0.65 s (forhold 0.52) -18.13 LUFS, carrier: 'tallet er 23' CER 0.0 (wav2vec2) → ok
11:46:06   n.end.24 t0: 0.99 s (forhold 0.64) -18.05 LUFS, carrier: 'tallet er 24' CER 0.0 (wav2vec2) → ok
11:46:06   n.end.25 t0: 0.89 s (forhold 0.71) -18.07 LUFS, carrier: 'tallet er 25' CER 0.0 (wav2vec2) → ok
11:46:07   n.end.26 t0: 0.64 s (forhold 0.51) -18.18 LUFS, carrier: 'tallet er 26' CER 0.0 (wav2vec2) → ok
11:46:07   n.end.27 t0: 0.68 s (forhold 0.55) -18.0 LUFS, carrier: 'tallet er 27' CER 0.0 (wav2vec2) → ok
11:47:00 forcing EOS token, long_tail=tensor(False), alignment_repetition=tensor(True), token_repetition=False
11:47:00 ✅ EOS token detected! Stopping generation at step 358
11:47:32 kald carrier k=9 t0 'Tallet er otteogtyve. Tallet er niogtyve. Tallet er tredive. Tallet er': 84.6 s for 14.28 s lyd
11:47:35   n.end.28 t0: 0.66 s (forhold 0.42) -18.0 LUFS, carrier: 'tallet er 28' CER 0.0 (wav2vec2) → ok
11:47:35   n.end.29 t0: 0.61 s (forhold 0.49) -18.0 LUFS, carrier: 'tallet er 29' CER 0.0 (wav2vec2) → ok
11:47:41   n.end.30 t0: 1.29 s (forhold 1.37) -18.16 LUFS, carrier: 'tallet er 31' CER 0.5714 (wav2vec2, whisper: 'Tallet er 31') → FEJL asr
11:47:45   n.end.31 t0: 0.79 s (forhold 0.51) -18.0 LUFS, carrier: 'tallet er 32' CER 0.1818 (wav2vec2, whisper: 'Tallet er 32') → FEJL asr
11:47:50   n.end.32 t0: 0.79 s (forhold 0.51) -18.16 LUFS, carrier: 'tallet er 33' CER 0.1818 (wav2vec2, whisper: 'Tallet er 33') → FEJL asr
11:47:54   n.end.33 t0: 0.75 s (forhold 0.48) -18.08 LUFS, carrier: 'tallet er 34' CER 0.1667 (wav2vec2, whisper: 'Tallet er 34') → FEJL asr
11:47:58   n.end.34 t0: 0.81 s (forhold 0.43) -18.19 LUFS, carrier: 'tallet er 35' CER 0.2308 (wav2vec2, whisper: 'Tallet er 35') → FEJL asr
11:48:04   n.end.35 t0: 1.29 s (forhold 0.82) -18.08 LUFS, carrier: 'tallet er 36 og' CER 0.4167 (wav2vec2, whisper: 'Tallet er 36 og tænderne er 35') → FEJL asr
11:48:09   n.end.36 t0: 0.16 s (forhold 0.10) -18.03 LUFS, carrier: 'tallet f' CER 0.8462 (wav2vec2, whisper: 'Tallet ændrede sig') → FEJL varighed,asr
11:49:00 ✅ EOS token detected! Stopping generation at step 342
11:49:36 kald carrier k=9 t0 'Tallet er syvogtredive. Tallet er otteogtredive. Tallet er niogtredive': 87.1 s for 13.64 s lyd
11:49:40   n.end.37 t0: 1.13 s (forhold 0.73) -18.18 LUFS, carrier: 'tallet er 37' CER 0.0 (wav2vec2) → ok
11:49:41   n.end.38 t0: 1.23 s (forhold 0.65) -18.02 LUFS, carrier: 'tallet er 38' CER 0.0 (wav2vec2) → ok
11:49:41   n.end.39 t0: 0.80 s (forhold 0.51) -18.0 LUFS, carrier: 'tallet er 39' CER 0.0 (wav2vec2) → ok
11:49:42   n.end.40 t0: 0.98 s (forhold 1.57) -18.12 LUFS, carrier: 'tallet af 40' CER 0.0 (wav2vec2) → ok
11:49:42   n.end.41 t0: 0.81 s (forhold 0.65) -18.06 LUFS, carrier: 'tallet er 41' CER 0.0 (wav2vec2) → ok
11:49:43   n.end.42 t0: 0.96 s (forhold 0.77) -18.15 LUFS, carrier: 'tallet er 42' CER 0.0 (wav2vec2) → ok
11:49:43   n.end.43 t0: 0.67 s (forhold 0.54) -18.17 LUFS, carrier: 'tallet havde 43' CER 0.0 (wav2vec2) → ok
11:49:44   n.end.44 t0: 0.97 s (forhold 0.62) -18.16 LUFS, carrier: 'tallet er 44' CER 0.0 (wav2vec2) → ok
11:49:44   n.end.45 t0: 0.73 s (forhold 0.58) -18.15 LUFS, carrier: 'tallet er 45' CER 0.0 (wav2vec2) → ok
11:50:36 🚨 Detected 2x repetition of token 3975
11:50:36 forcing EOS token, long_tail=tensor(False), alignment_repetition=tensor(False), token_repetition=True
11:50:36 ✅ EOS token detected! Stopping generation at step 326
11:51:05 kald carrier k=9 t0 'Tallet er seksogfyrre. Tallet er syvogfyrre. Tallet er otteogfyrre. Ta': 81.1 s for 13.00 s lyd
11:51:13   n.end.46 t0: 1.04 s (forhold 0.83) -18.0 LUFS, carrier: 'Tallet er 46' CER 0.0 (whisper, wav2vec2: 'tallet er 46  ee') → ok
11:51:13   n.end.47 t0: 0.98 s (forhold 0.79) -18.05 LUFS, carrier: 'tallet er 47' CER 0.0 (wav2vec2) → ok
11:51:14   n.end.48 t0: 0.82 s (forhold 0.52) -18.05 LUFS, carrier: 'tallet er 48' CER 0.0 (wav2vec2) → ok
11:51:14   n.end.49 t0: 1.05 s (forhold 0.84) -18.06 LUFS, carrier: 'tallet er 49' CER 0.0 (wav2vec2) → ok
11:51:14   n.end.50 t0: 0.92 s (forhold 1.47) -18.0 LUFS, carrier: 'tallet er 50' CER 0.0 (wav2vec2) → ok
11:51:15   n.end.51 t0: 0.96 s (forhold 0.77) -18.04 LUFS, carrier: 'tallet er 51' CER 0.0 (wav2vec2) → ok
11:51:15   n.end.52 t0: 0.81 s (forhold 0.65) -18.11 LUFS, carrier: 'tallet er 52' CER 0.0 (wav2vec2) → ok
11:51:19   n.end.53 t0: 0.39 s (forhold 0.31) -18.0 LUFS, carrier: 'eog taltet er dae' CER 0.7143 (wav2vec2, whisper: 'Og tallet er') → FEJL varighed,asr
11:51:23   n.end.54 t0: 0.87 s (forhold 0.56) -18.11 LUFS, carrier: 'der er 53' CER 0.1333 (wav2vec2, whisper: '53') → FEJL asr
11:52:15 ✅ EOS token detected! Stopping generation at step 381
11:52:49 kald carrier k=9 t0 'Tallet er femoghalvtreds. Tallet er seksoghalvtreds. Tallet er syvogha': 86.1 s for 15.20 s lyd
11:52:52   n.end.55 t0: 0.88 s (forhold 0.70) -18.03 LUFS, carrier: 'tallet er 55' CER 0.0 (wav2vec2) → ok
11:52:53   n.end.56 t0: 0.77 s (forhold 0.62) -18.0 LUFS, carrier: 'tallet er 56' CER 0.0 (wav2vec2) → ok
11:52:53   n.end.57 t0: 1.15 s (forhold 0.92) -18.13 LUFS, carrier: 'tallet er 57' CER 0.0 (wav2vec2) → ok
11:52:54   n.end.58 t0: 0.88 s (forhold 0.56) -18.12 LUFS, carrier: 'tallet er 58' CER 0.0 (wav2vec2) → ok
11:52:54   n.end.59 t0: 0.81 s (forhold 0.64) -18.14 LUFS, carrier: 'tallet er 59' CER 0.0 (wav2vec2) → ok
11:52:54   n.end.60 t0: 0.44 s (forhold 1.41) -18.0 LUFS, carrier: 'tallet er 60' CER 0.0 (wav2vec2) → ok
11:52:55   n.end.61 t0: 1.96 s (forhold 2.08) -18.14 LUFS, carrier: 'tallet af 61 tallet af 61' CER 1.25 (wav2vec2) → FEJL asr
11:52:55   n.end.62 t0: 0.71 s (forhold 0.76) -18.0 LUFS, carrier: 'tallet er 62' CER 0.0 (wav2vec2) → ok
11:52:56   n.end.63 t0: 0.73 s (forhold 0.78) -18.19 LUFS, carrier: 'tallet er 63' CER 0.0 (wav2vec2) → ok
11:53:49 forcing EOS token, long_tail=tensor(True), alignment_repetition=tensor(False), token_repetition=False
11:53:49 ✅ EOS token detected! Stopping generation at step 392
11:54:24 kald carrier k=9 t0 'Tallet er fireogtres. Tallet er femogtres. Tallet er seksogtres. Talle': 88.2 s for 15.64 s lyd
11:54:27   n.end.64 t0: 1.07 s (forhold 0.85) -18.11 LUFS, carrier: 'tallet er 64' CER 0.0 (wav2vec2) → ok
11:54:28   n.end.65 t0: 0.99 s (forhold 1.06) -18.08 LUFS, carrier: 'tallet er 65' CER 0.0 (wav2vec2) → ok
11:54:28   n.end.66 t0: 1.10 s (forhold 1.18) -18.12 LUFS, carrier: 'tallet er 66' CER 0.0 (wav2vec2) → ok
11:54:28   n.end.67 t0: 1.13 s (forhold 1.20) -18.0 LUFS, carrier: 'tallet er 67' CER 0.0 (wav2vec2) → ok
11:54:34   n.end.68 t0: 1.43 s (forhold 1.15) -18.04 LUFS, carrier: 'tallet er 68 og' CER 0.2 (wav2vec2, whisper: 'Tallet er 68 og tænderne er') → FEJL asr
11:54:34   n.end.69 t0: 0.86 s (forhold 0.92) -18.07 LUFS, carrier: 'tallet er 69' CER 0.0 (wav2vec2) → ok
11:54:35   n.end.70 t0: 0.64 s (forhold 1.02) -18.11 LUFS, carrier: 'tallet er 70' CER 0.0 (wav2vec2) → ok
11:54:35   n.end.71 t0: 0.91 s (forhold 0.73) -18.14 LUFS, carrier: 'tallet er 71' CER 0.0 (wav2vec2) → ok
11:54:36   n.end.72 t0: 0.88 s (forhold 0.70) -18.19 LUFS, carrier: 'tallet er 72' CER 0.0 (wav2vec2) → ok
11:55:31 ✅ EOS token detected! Stopping generation at step 401
