05:31:34 generate.py --wave 1 --threads 4 --max-minutes 20 (log: /home/user/wt/voice/talvennerne2/voice/logs/generate-20261004-053134.log)
05:31:34 1224 klip valgt, 1220 færdige, 4 at lave
05:35:34 input frame rate=25
05:36:58 Could not load Cangjie mapping: An error happened while trying to locate the file on the Hub and we cannot find the requested files in the local cache. Please check your connection and try again or make sure your Internet connection is on.
05:37:07 model indlæst på 309 s (4 tråde)
05:37:10 ✅ EOS token detected! Stopping generation at step 37
05:37:18 kald single k=1 t0 'Dine nye ting,': 11.6 s for 1.44 s lyd
05:37:22   s.ceremony.finale.things t0: 0.74 s (forhold 0.48) -18.0 LUFS, none: 'None' CER None (None) → ok
05:37:26 ✅ EOS token detected! Stopping generation at step 39
05:37:36 kald single k=1 t0 'Halvdelen af,': 13.8 s for 1.52 s lyd
05:37:36   s.ceremony.learned.halfOf t0: 0.99 s (forhold 0.79) -18.15 LUFS, none: 'None' CER None (None) → ok
05:37:40 ✅ EOS token detected! Stopping generation at step 33
05:37:49 kald single k=1 t0 'Prøv dem på,': 12.8 s for 1.28 s lyd
05:37:49   s.ceremony.tryOnAll t0: 0.64 s (forhold 0.68) -18.1 LUFS, none: 'None' CER None (None) → ok
05:38:00 ✅ EOS token detected! Stopping generation at step 92
05:38:13 kald sentence k=1 t0 'Her er der nyt i morgen. Nu kan du øve det, du har lært.': 23.9 s for 3.64 s lyd
05:38:15   s.play.tomorrow t0: 2.82 s (forhold 0.56) -18.16 LUFS, alone: 'her er der nyt i morgen nu kan du øve det du har lært' CER 0.0 (wav2vec2) → ok
05:38:15   ✓ master s.play.tomorrow t0 (bestået)
05:38:15   sammensat frag.det_er + s.ceremony.finale.things: 'det er dine nye ting' CER 0.000 (wav2vec2) → ok
05:38:16   sammensat frag.det_er + s.ceremony.learned.halfOf: 'det er halvdelen af' CER 0.000 (wav2vec2) → ok
05:38:16   sammensat frag.det_er + s.ceremony.tryOnAll: 'det er prøv dem på' CER 0.000 (wav2vec2) → ok
05:38:16 sammensætning runde 1: 3 af 3 bestået
05:38:16   ✓ master s.ceremony.finale.things t0 (bestået)
05:38:16   ✓ master s.ceremony.learned.halfOf t0 (bestået)
05:38:16   ✓ master s.ceremony.tryOnAll t0 (bestået)
05:38:16 færdig: 4 nye mastere (0 ikke bestået, 0 kopier), 4 modelkald, 1.0 min generering (CPU 0.04 t), 0 klip mangler
