15:51:09 generate.py --wave 2 --threads 4 --max-minutes 100 (log: /home/user/wt/voice/talvennerne2/voice/logs/generate-20261003-155109.log)
15:51:10 1061 klip valgt, 341 færdige, 720 at lave
15:51:26 input frame rate=25
15:51:34 Could not load Cangjie mapping: An error happened while trying to locate the file on the Hub and we cannot find the requested files in the local cache. Please check your connection and try again or make sure your Internet connection is on.
15:51:35 model indlæst på 23 s (4 tråde)
15:53:43 ✅ EOS token detected! Stopping generation at step 143
15:53:52 kald sentence k=3 t0 'Den starter ikke ved nul. Hvor mange clips lang er tingen? Hvad måler ': 137.4 s for 5.68 s lyd
15:54:02   hint.rulerRead.notAtZero t0: 1.17 s (forhold 0.53) -18.15 LUFS, alone: 'Den starter ikke ved 0' CER 0.0 (whisper, wav2vec2: 'den starter ikke ved n0l') → ok
15:54:10   s.measureUnits.howManyClips t0: 1.59 s (forhold 0.64) -18.16 LUFS, alone: 'Hvor mange clips lang er tingen?' CER 0.0 (whisper, wav2vec2: 'hvor mange klips lang af tingen') → ok
15:54:11   s.unitChoice.q.carrot t0: 1.78 s (forhold 0.47) -18.14 LUFS, alone: 'hvad måler man længden af en gullerod i' CER 0.0323 (wav2vec2) → ok
15:54:11   ✓ master hint.rulerRead.notAtZero t0 (bestået)
15:54:11   ✓ master s.measureUnits.howManyClips t0 (bestået)
15:54:11   ✓ master s.unitChoice.q.carrot t0 (bestået)
15:54:32 ✅ EOS token detected! Stopping generation at step 170
15:54:54 kald sentence k=3 t0 'Tallet, hvor tingen starter, er ikke længden. Hvor mange klodser lang ': 43.2 s for 6.76 s lyd
15:54:55   hint.rulerRead.startIsNotLength t0: 1.93 s (forhold 0.52) -18.05 LUFS, alone: 'tallet hvor tingen starter ar ikke længden' CER 0.0278 (wav2vec2) → ok
15:54:56   s.measureUnits.howManyCubes t0: 1.45 s (forhold 0.52) -18.09 LUFS, alone: 'hvor mange klodser lang er tingen' CER 0.0 (wav2vec2) → ok
15:54:56   s.unitChoice.q.comb t0: 1.77 s (forhold 0.57) -18.07 LUFS, alone: 'hvad måler man lænden af én kam i' CER 0.037 (wav2vec2) → ok
15:54:56   ✓ master hint.rulerRead.startIsNotLength t0 (bestået)
15:54:56   ✓ master s.measureUnits.howManyCubes t0 (bestået)
15:54:56   ✓ master s.unitChoice.q.comb t0 (bestået)
15:55:13 ✅ EOS token detected! Stopping generation at step 201
15:55:24 kald sentence k=4 t0 'Tæl op fra prisen til det, du betaler med. Læg alle mønterne sammen. e': 27.8 s for 8.00 s lyd
15:55:29   hint.change.countUp t0: 2.05 s (forhold 0.55) -18.11 LUFS, alone: 'Tal op fra prisen til det du betaler med' CER 0.0312 (whisper, wav2vec2: 'tale op fra prisen til det du betaler med') → ok
15:55:32   hint.countCoins.addThemAll t0: 1.43 s (forhold 0.57) -18.02 LUFS, alone: 'Læg alle mønterne sammen' CER 0.0 (whisper, wav2vec2: 'lægge alle mindrene sammen') → ok
15:56:17   noun.coin.10000.indef.end t0: 1.04 s (forhold 0.48) -18.0 LUFS, alone: 'en 100 kronsæde' CER 0.25 (wav2vec2, whisper: 'En 100 kroner sæd') → FEJL asr
15:56:22   s.cando.change t0: 2.06 s (forhold 0.44) -18.09 LUFS, alone: 'jeg kan regne ud hvor mange penge jeg får tilbage' CER 0.0 (wav2vec2) → ok
15:56:22   ✓ master hint.change.countUp t0 (bestået)
15:56:22   ✓ master hint.countCoins.addThemAll t0 (bestået)
15:56:22   ✓ master s.cando.change t0 (bestået)
15:56:57 ✅ EOS token detected! Stopping generation at step 193
15:57:56 kald sentence k=4 t0 'Du skal have penge tilbage, så du skal trække fra. Start med de størst': 94.4 s for 7.68 s lyd
15:58:37   hint.change.takeAway t0: 2.42 s (forhold 0.52) -18.15 LUFS, alone: 'du skal have penge tilbage så du skal trække fra' CER 0.0 (wav2vec2) → ok
15:58:43   hint.countCoins.biggestFirst t0: 1.29 s (forhold 0.59) -18.19 LUFS, alone: 'startn med de største mønter' CER 0.0435 (wav2vec2) → ok
15:59:23   noun.coin.200.indef.end t0: 0.70 s (forhold 0.56) -18.04 LUFS, alone: 'En tokrone' CER 0.0 (whisper, wav2vec2: 'in tokrone') → ok
15:59:28   s.cando.coinNames t0: 1.79 s (forhold 0.57) -18.07 LUFS, alone: 'jeg kender mønterne og sedlerne' CER 0.0 (wav2vec2) → ok
15:59:28   ✓ master hint.change.takeAway t0 (bestået)
15:59:28   ✓ master hint.countCoins.biggestFirst t0 (bestået)
15:59:28   ✓ master noun.coin.200.indef.end t0 (bestået)
15:59:28   ✓ master s.cando.coinNames t0 (bestået)
16:01:15 ✅ EOS token detected! Stopping generation at step 259
16:01:28 kald sentence k=4 t0 'Den er sølvfarvet med et hul og den mindste af sølvmønterne. Tæl ikke,': 120.0 s for 10.32 s lyd
16:01:30   hint.coinNames.look.100 t0: 2.93 s (forhold 0.55) -18.14 LUFS, alone: 'den er sølvfarvet med et hul og den mindste af sølvmønterne' CER 0.0 (wav2vec2) → ok
16:01:31   hint.countCoins.notTheCoins t0: 2.59 s (forhold 0.52) -18.13 LUFS, alone: 'tel ikke hvor mange mønter der er men hvad der står på dem' CER 0.0217 (wav2vec2) → ok
16:01:34   noun.coin.2000.indef.end t0: 0.96 s (forhold 0.62) -18.0 LUFS, alone: 'en 20 krone' CER 0.0 (wav2vec2, whisper: 'En 20 kr') → FEJL asr
16:01:34   s.cando.countCoins t0: 1.63 s (forhold 0.47) -18.0 LUFS, alone: 'jeg kan tælle hvor mange penge der er' CER 0.0 (wav2vec2) → ok
16:01:34   ✓ master hint.coinNames.look.100 t0 (bestået)
16:01:34   ✓ master hint.countCoins.notTheCoins t0 (bestået)
16:01:34   ✓ master s.cando.countCoins t0 (bestået)
16:01:50 ✅ EOS token detected! Stopping generation at step 211
16:02:02 kald sentence k=4 t0 'Den er guldfarvet og mindre end tyvekronen. Hver mønt er en krone. en ': 27.6 s for 8.40 s lyd
16:02:07   hint.coinNames.look.1000 t0: 2.23 s (forhold 0.55) -18.06 LUFS, alone: 'den er gulvfarvet og mindre end 20 kron' CER 0.0833 (wav2vec2, whisper: 'Den er guldfarvet og mindre end 20 kroner') → FEJL asr
16:02:07   hint.countCoins.oneEach t0: 1.40 s (forhold 0.75) -18.07 LUFS, alone: 'hver mønt er en krone' CER 0.0 (wav2vec2) → ok
16:02:10   noun.coin.20000.indef.end t0: 1.32 s (forhold 0.53) -18.0 LUFS, alone: 'en 200 kron seddel' CER 0.0909 (wav2vec2, whisper: 'En 200 kroner seddel') → FEJL asr
16:02:10   s.cando.payExact t0: 1.77 s (forhold 0.52) -18.12 LUFS, alone: 'jeg kan betale præcist det det koster' CER 0.0333 (wav2vec2) → ok
16:02:10   ✓ master hint.countCoins.oneEach t0 (bestået)
16:02:10   ✓ master s.cando.payExact t0 (bestået)
16:02:28 ✅ EOS token detected! Stopping generation at step 218
16:02:40 kald sentence k=4 t0 'Den er sølvfarvet med et hul og større end enkronen. Start med de stør': 29.4 s for 8.68 s lyd
16:02:45   hint.coinNames.look.200 t0: 3.22 s (forhold 0.69) -18.05 LUFS, alone: 'Den er sølvfarvet med et hul og større end inkronen' CER 0.0238 (whisper, wav2vec2: 'den er sølvfarvet med et hul og større end en kronen') → ok
16:02:46   hint.pay.biggestFirst t0: 1.73 s (forhold 0.55) -18.07 LUFS, alone: 'snart med de største penge der passer' CER 0.0323 (wav2vec2) → ok
16:02:48   noun.coin.50.indef.end t0: 0.84 s (forhold 0.54) -18.0 LUFS, alone: 'en 50 øer' CER 0.1429 (wav2vec2, whisper: 'En halvtreds øre') → FEJL asr
16:02:49   s.change.howMuchBack t0: 1.31 s (forhold 0.42) -18.05 LUFS, alone: 'hvor mange penge får du tilbage' CER 0.0 (wav2vec2) → ok
16:02:49   ✓ master hint.coinNames.look.200 t0 (bestået)
16:02:49   ✓ master hint.pay.biggestFirst t0 (bestået)
16:02:49   ✓ master s.change.howMuchBack t0 (bestået)
16:03:10 ✅ EOS token detected! Stopping generation at step 194
16:04:44 kald sentence k=4 t0 'Den er guldfarvet og den største af guldmønterne. Tæl pengene efter. e': 115.0 s for 7.72 s lyd
16:04:45   hint.coinNames.look.2000 t0: 2.56 s (forhold 0.59) -18.05 LUFS, alone: 'den er guld ifarvet og den største af guldminterne' CER 0.0488 (wav2vec2) → ok
16:04:48   hint.pay.countAgain t0: 1.02 s (forhold 0.54) -18.09 LUFS, alone: 'tal pengene efter' CER 0.0667 (wav2vec2, whisper: 'Til pengene efter') → FEJL asr
16:04:50   noun.coin.500.indef.end t0: 0.89 s (forhold 0.71) -18.0 LUFS, alone: 'En femkrone' CER 0.0 (whisper, wav2vec2: 'en 5 krone') → ok
16:04:54   s.change.layChange t0: 1.61 s (forhold 0.57) -18.07 LUFS, alone: 'Læg byttepengene i bakken' CER 0.0 (whisper, wav2vec2: 'lik byttepengene i bakken') → ok
16:04:54   ✓ master hint.coinNames.look.2000 t0 (bestået)
16:04:54   ✓ master noun.coin.500.indef.end t0 (bestået)
16:04:54   ✓ master s.change.layChange t0 (bestået)
16:05:06 ✅ EOS token detected! Stopping generation at step 143
16:06:02 kald sentence k=4 t0 'Den er lille og kobberfarvet. en enkrone. en halvtredskroneseddel. Hvo': 68.2 s for 5.68 s lyd
16:06:03   hint.coinNames.look.50 t0: 1.40 s (forhold 0.50) -18.0 LUFS, alone: 'den er lille og kobberfarvet' CER 0.0 (wav2vec2) → ok
16:06:06   noun.coin.100.indef.end t0: 0.71 s (forhold 0.57) -18.18 LUFS, alone: 'end en krone' CER 0.1111 (wav2vec2, whisper: 'En af en krone') → FEJL asr
16:06:08   noun.coin.5000.indef.end t0: 1.17 s (forhold 0.53) -18.0 LUFS, alone: 'en 50 kronsæddel' CER 0.0909 (wav2vec2, whisper: 'En 50 kr sædel') → FEJL asr
16:06:09   s.countCoins.howMuch t0: 1.03 s (forhold 0.47) -18.06 LUFS, alone: 'hvor mange penge er der' CER 0.0 (wav2vec2) → ok
16:06:09   ✓ master hint.coinNames.look.50 t0 (bestået)
16:06:09   ✓ master s.countCoins.howMuch t0 (bestået)
16:06:23 ✅ EOS token detected! Stopping generation at step 171
16:06:33 kald sentence k=3 t0 'Den er sølvfarvet med et hul og den største af sølvmønterne. en tikron': 24.8 s for 6.80 s lyd
16:06:36   hint.coinNames.look.500 t0: 3.29 s (forhold 0.62) -18.12 LUFS, alone: 'den er sølvfarvet med et hul og den største af sølvmønterne' CER 0.0 (wav2vec2) → ok
16:06:49   noun.coin.1000.indef.end t0: 0.81 s (forhold 0.65) -18.13 LUFS, alone: 'en 10krone' CER 0.0 (wav2vec2, whisper: 'En 10 kr') → FEJL asr
16:06:53   noun.coin.50000.indef.end t0: 1.35 s (forhold 0.54) -18.19 LUFS, alone: 'en 500 kron sæddel' CER 0.1304 (wav2vec2, whisper: 'En 500 kroner seddel') → FEJL asr
16:06:53   ✓ master hint.coinNames.look.500 t0 (bestået)
16:09:07 ✅ EOS token detected! Stopping generation at step 254
16:11:05 kald sentence k=3 t0 'Vi skal ikke lægge de to tal sammen. Tæl alle i alle grupperne. Vi ska': 251.4 s for 10.12 s lyd
16:11:27   hint.groupsOf.countAll t0: 3.83 s (forhold 0.61) -18.05 LUFS, alone: 'vi skal ikke lægge de to tal sammen til alle i alle grupperne' CER 0.0204 (wav2vec2) → ok
16:11:32   hint.muldiv.notPlus t0: 3.69 s (forhold 0.51) -18.08 LUFS, alone: 'vi skal ikke lægge de to tal sammen gange ar grupper med lige mange i hver' CER 0.0169 (wav2vec2) → ok
16:11:36   hint.shareEqually.sameForAll t0: 1.44 s (forhold 0.46) -18.05 LUFS, alone: 'alle dyr skal have lige mange' CER 0.0 (wav2vec2) → ok
16:11:36   ✓ master hint.groupsOf.countAll t0 (bestået)
16:11:36   ✓ master hint.muldiv.notPlus t0 (bestået)
16:11:36   ✓ master hint.shareEqually.sameForAll t0 (bestået)
16:13:24 ✅ EOS token detected! Stopping generation at step 49
16:14:27 kald sentence k=1 t0 'Jeg kan dele ligeligt.': 170.2 s for 1.92 s lyd
16:14:31   s.cando.shareEqually t0: 1.17 s (forhold 0.53) -18.16 LUFS, alone: 'jeg kan dele ligeligt' CER 0.0 (wav2vec2) → ok
16:14:31   ✓ master s.cando.shareEqually t0 (bestået)
16:15:04 forcing EOS token, long_tail=tensor(True), alignment_repetition=tensor(False), token_repetition=False
16:15:04 ✅ EOS token detected! Stopping generation at step 230
16:15:29 kald sentence k=4 t0 'Tæl gruppe for gruppe. Når vi deler, skal alle tingene gives ud, og al': 57.6 s for 9.16 s lyd
16:15:36   hint.groupsOf.countGroups t0: 1.23 s (forhold 0.66) -18.14 LUFS, alone: 'telgruppe for gruppe' CER 0.0556 (wav2vec2, whisper: 'Tal gruppe for gruppe') → FEJL asr
16:15:38   hint.shareEqually.giveAll t0: 3.32 s (forhold 0.51) -18.07 LUFS, alone: 'når videler skal alle tingene gives ud og alle få lige mange' CER 0.02 (wav2vec2) → ok
16:15:40   s.cando.groupsOf t0: 1.91 s (forhold 0.47) -18.08 LUFS, alone: 'jeg kan tælle grupper med lige mange i hver' CER 0.0 (wav2vec2) → ok
16:15:43   s.groupsOf.howMany t0: 1.13 s (forhold 0.51) -18.05 LUFS, alone: 'hvor mange er der i alt' CER 0.0 (wav2vec2) → ok
16:15:43   ✓ master hint.shareEqually.giveAll t0 (bestået)
16:15:43   ✓ master s.cando.groupsOf t0 (bestået)
16:15:43   ✓ master s.groupsOf.howMany t0 (bestået)
16:20:33 ✅ EOS token detected! Stopping generation at step 241
16:20:52 kald sentence k=4 t0 'Tæl springene, så du ved, hvornår du skal stoppe. Giv en til hvert dyr': 308.7 s for 9.60 s lyd
16:20:57   hint.mul2510.countHops t0: 2.18 s (forhold 0.54) -18.03 LUFS, alone: 'Tæl springene så du ved hvornår du skal stoppe' CER 0.0 (whisper, wav2vec2: 'tælle springenes å du vil hvornår du skal stoppe') → ok
16:20:58   hint.shareEqually.oneEach t0: 3.23 s (forhold 0.57) -18.19 LUFS, alone: 'give en til hver dyr ad gangen rundt og rundt til der ikke er flere' CER 0.0377 (wav2vec2) → ok
16:21:01   s.cando.mul2510 t0: 1.55 s (forhold 0.55) -18.08 LUFS, alone: 'jeg kan 2 5 or til tabellen' CER 0.087 (wav2vec2, whisper: 'Jeg kan have to femmer til tabellen') → FEJL asr
16:21:02   s.shareEqually.howMany t0: 1.07 s (forhold 0.57) -18.16 LUFS, alone: 'hvor mange for hvert dyr' CER 0.05 (wav2vec2) → ok
16:21:02   ✓ master hint.mul2510.countHops t0 (bestået)
16:21:02   ✓ master hint.shareEqually.oneEach t0 (bestået)
16:21:02   ✓ master s.shareEqually.howMany t0 (bestået)
16:21:26 ✅ EOS token detected! Stopping generation at step 279
16:23:02 kald sentence k=4 t0 'først, men vi skriver tierne først. På hundredetavlen står det lige ov': 120.2 s for 11.12 s lyd
16:23:46   hint.hear.butTensFirst t0: 2.37 s (forhold 0.84) -18.08 LUFS, alone: 'først men vi skriver tierne først' CER 0.0 (wav2vec2) → ok
16:24:47   hint.order100.boardAbove t0: 2.32 s (forhold 0.53) -18.0 LUFS, alone: 'På hundredetavlen står det lige ovenover' CER 0.0 (whisper, wav2vec2: 'på hundredtavlen står det lige oren over') → ok
16:25:29   hint.order1000.hundredLess t0: 2.87 s (forhold 0.51) -18.17 LUFS, alone: 'hundredermindre betyder at hundredderne bliver en mindre' CER 0.0417 (wav2vec2, whisper: 'Hundrede mindre betyder at hunrødderne bliver mindre') → FEJL asr
16:25:30   s.cando.numberLine100 t0: 2.14 s (forhold 0.46) -18.12 LUFS, alone: 'jeg kan finde tallene til 100 på tallinjen' CER 0.0 (wav2vec2) → ok
16:25:30   ✓ master hint.hear.butTensFirst t0 (bestået)
16:25:30   ✓ master hint.order100.boardAbove t0 (bestået)
16:25:30   ✓ master s.cando.numberLine100 t0 (bestået)
16:25:50 ✅ EOS token detected! Stopping generation at step 237
16:26:03 kald sentence k=4 t0 'Vi skriver tierne først. På hundredetavlen står det lige nedenunder. H': 33.5 s for 9.44 s lyd
16:26:05   hint.hear.tensFirst t0: 1.37 s (forhold 0.63) -18.0 LUFS, alone: 'vi skriver tierne først' CER 0.0 (wav2vec2) → ok
16:26:08   hint.order100.boardBelow t0: 2.06 s (forhold 0.47) -18.01 LUFS, alone: 'På hundredetavlen står det lige nedenunder' CER 0.0 (whisper, wav2vec2: 'på hundredaf tavlen står det lige neden under') → ok
16:26:08   hint.order1000.hundredMore t0: 2.21 s (forhold 0.39) -18.0 LUFS, alone: 'hundrede mere betyder at hundrederne bliver en mere' CER 0.0 (wav2vec2) → ok
16:26:09   s.cando.numberLine1000 t0: 2.25 s (forhold 0.51) -18.09 LUFS, alone: 'jeg kan finde tallene til 1000 på talinjen' CER 0.0263 (wav2vec2) → ok
16:26:09   ✓ master hint.hear.tensFirst t0 (bestået)
16:26:09   ✓ master hint.order100.boardBelow t0 (bestået)
16:26:09   ✓ master hint.order1000.hundredMore t0 (bestået)
16:26:09   ✓ master s.cando.numberLine1000 t0 (bestået)
16:26:29 ✅ EOS token detected! Stopping generation at step 246
16:26:43 kald sentence k=3 t0 'Vi skriver hundrederne først, så tierne og så enerne. På hundredetavle': 33.7 s for 9.80 s lyd
16:26:44   hint.hear1000.hundredsFirst t0: 3.24 s (forhold 0.61) -18.0 LUFS, alone: 'vi skriver hundrederne først så tierne og så enerne' CER 0.0 (wav2vec2) → ok
16:26:48   hint.order100.boardLeft t0: 1.95 s (forhold 0.48) -18.06 LUFS, alone: 'På hundredetavlen står det lige til venstre' CER 0.0 (whisper, wav2vec2: 'på hundred af tavlen står det lige til venstre') → ok
16:26:52   hint.order1000.hundredsThenTens t0: 3.05 s (forhold 0.61) -18.09 LUFS, alone: 'Se på hundrederne først er de ens så se på tiderne' CER 0.0256 (whisper, wav2vec2: 'seberhundrederne først er de ens sæsenpartierne') → ok
16:26:52   ✓ master hint.hear1000.hundredsFirst t0 (bestået)
16:26:52   ✓ master hint.order100.boardLeft t0 (bestået)
16:26:52   ✓ master hint.order1000.hundredsThenTens t0 (bestået)
16:26:59 ✅ EOS token detected! Stopping generation at step 79
16:27:06 kald sentence k=1 t0 'Jeg kan sætte tallene til hundrede i rækkefølge.': 14.2 s for 3.12 s lyd
16:27:12   s.cando.order100 t0: 2.53 s (forhold 0.51) -18.06 LUFS, alone: 'Jeg kan sætte tallene til hundrede i rækkefølge' CER 0.0 (whisper, wav2vec2: 'jeg kan sætte tallene til hun0de i rækkefølge') → ok
16:27:12   ✓ master s.cando.order100 t0 (bestået)
16:27:33 ✅ EOS token detected! Stopping generation at step 256
16:27:47 kald sentence k=4 t0 'Det skriver vi med tre cifre. På hundredetavlen står det største tal l': 35.1 s for 10.20 s lyd
16:27:51   hint.hear1000.threeDigits t0: 1.53 s (forhold 0.61) -18.0 LUFS, alone: 'Det skriver vi med tre cifre' CER 0.0 (whisper, wav2vec2: 'det skriver vi med te cifre') → ok
16:27:51   hint.order100.boardLower t0: 2.78 s (forhold 0.64) -18.08 LUFS, alone: 'på hundredtavlen står de største tal længstnede' CER 0.0465 (wav2vec2) → ok
16:27:52   hint.order1000.notFirstDigit t0: 1.87 s (forhold 0.50) -18.06 LUFS, alone: 'det første ciffer siger ikke det hele' CER 0.0 (wav2vec2) → ok
16:27:52   s.cando.order1000 t0: 2.37 s (forhold 0.51) -18.08 LUFS, alone: 'jeg kan sætte tallene til tusind i rækkefølge' CER 0.0 (wav2vec2) → ok
16:27:52   ✓ master hint.hear1000.threeDigits t0 (bestået)
16:27:53   ✓ master hint.order100.boardLower t0 (bestået)
16:27:53   ✓ master hint.order1000.notFirstDigit t0 (bestået)
16:27:53   ✓ master s.cando.order1000 t0 (bestået)
16:28:10 ✅ EOS token detected! Stopping generation at step 214
16:28:22 kald sentence k=4 t0 'Hop ti ad gangen fra nul. På hundredetavlen står det lige til højre. T': 29.3 s for 8.52 s lyd
16:28:26   hint.nl.hopTens t0: 1.49 s (forhold 0.68) -18.06 LUFS, alone: 'hop ti er gangen fra 0' CER 0.1053 (wav2vec2, whisper: 'Hop 10 af gangen fra 0') → FEJL asr
16:28:27   hint.order100.boardRight t0: 2.11 s (forhold 0.52) -18.04 LUFS, alone: 'på hundredetavlen står det lige til højre' CER 0.0 (wav2vec2) → ok
16:28:30   hint.order1000.tenLess t0: 2.23 s (forhold 0.47) -18.05 LUFS, alone: 'tee mindre betyder at tierne bliver en mindre' CER 0.0541 (wav2vec2, whisper: 'Ti mindre betyder at tiende bliver en mindre') → FEJL asr
16:28:31   s.nl.whereLand t0: 0.71 s (forhold 0.57) -18.1 LUFS, alone: 'hvor lander det' CER 0.0 (wav2vec2) → ok
16:28:31   ✓ master hint.order100.boardRight t0 (bestået)
16:28:31   ✓ master s.nl.whereLand t0 (bestået)
16:28:47 ✅ EOS token detected! Stopping generation at step 211
16:28:59 kald sentence k=4 t0 'Hop hundrede ad gangen fra nul. Se på tierne først. Ti mere betyder, a': 27.8 s for 8.40 s lyd
16:29:00   hint.nl1000.hopHundreds t0: 1.76 s (forhold 0.63) -18.12 LUFS, alone: 'hop100 af gangen fra 0' CER 0.04 (wav2vec2) → ok
16:29:00   hint.order100.lookTens t0: 1.34 s (forhold 0.72) -18.02 LUFS, alone: 'se på tierne først' CER 0.0 (wav2vec2) → ok
16:29:01   hint.order1000.tenMore t0: 2.19 s (forhold 0.47) -18.16 LUFS, alone: 'ti mere betyder at tigerne bliver en mere' CER 0.0303 (wav2vec2) → ok
16:29:01   s.nl.whichArrow t0: 1.58 s (forhold 0.63) -18.1 LUFS, alone: 'hvilket tal peger pilen på' CER 0.0 (wav2vec2) → ok
16:29:01   ✓ master hint.nl1000.hopHundreds t0 (bestået)
16:29:01   ✓ master hint.order100.lookTens t0 (bestået)
16:29:01   ✓ master hint.order1000.tenMore t0 (bestået)
16:29:01   ✓ master s.nl.whichArrow t0 (bestået)
16:29:20 ✅ EOS token detected! Stopping generation at step 229
16:29:32 kald sentence k=3 t0 'Et hundrede bliver til ti tiere. Se på tierne. Tallet med flest tiere ': 30.4 s for 9.12 s lyd
16:29:36   hint.order.hundredTenTens t0: 1.66 s (forhold 0.53) -18.04 LUFS, alone: '100 bliver til 10 tiger' CER 0.0833 (wav2vec2, whisper: '100 bliver til 10TJ') → FEJL asr
16:29:40   hint.order100.mostTens t0: 3.09 s (forhold 0.71) -18.13 LUFS, alone: 'separtierne tallet med flest tidere er størst' CER 0.0811 (wav2vec2, whisper: 'Se på tiderne. Tallet med flest tigere er størst') → FEJL asr
16:29:45   hint.order1000.threeDigitsBigger t0: 3.37 s (forhold 0.67) -18.09 LUFS, alone: 'Et tal med tre cifre er større end et tal med to cifre' CER 0.0 (whisper, wav2vec2: 'etal med 3 cifre er større end etal med to cifre') → ok
16:29:45   ✓ master hint.order1000.threeDigitsBigger t0 (bestået)
16:29:57 ✅ EOS token detected! Stopping generation at step 162
16:30:08 kald sentence k=3 t0 'Ti enere bliver til en tier. Ti mindre er en tier mindre. Jeg kan find': 23.1 s for 6.44 s lyd
16:30:09   hint.order.tenOnesTen t0: 1.53 s (forhold 0.49) -18.0 LUFS, alone: 'ti enere bliver til en tier' CER 0.0 (wav2vec2) → ok
16:30:12   hint.order100.tenLessMeans t0: 1.74 s (forhold 0.62) -18.08 LUFS, alone: '10 mindre er end 10 og mindre' CER 0.1364 (wav2vec2, whisper: 'Ti mindre er end ti og mindre') → FEJL asr
16:30:12   s.cando.hear100 t0: 1.86 s (forhold 0.43) -18.08 LUFS, alone: 'jeg kan finde og skrive tallene til 100' CER 0.0 (wav2vec2) → ok
16:30:12   ✓ master hint.order.tenOnesTen t0 (bestået)
16:30:12   ✓ master s.cando.hear100 t0 (bestået)
16:30:26 ✅ EOS token detected! Stopping generation at step 181
16:30:37 kald sentence k=3 t0 'Ti tiere bliver til et hundrede. Ti mere er en tier mere. Jeg kan find': 24.8 s for 7.20 s lyd
16:30:41   hint.order.tenTensHundred t0: 1.81 s (forhold 0.58) -18.06 LUFS, alone: 'Ti tigre bliver til 100' CER 0.0417 (whisper, wav2vec2: 'ti tiger bliver til 100') → ok
16:30:44   hint.order100.tenMoreMeans t0: 1.90 s (forhold 0.67) -18.13 LUFS, alone: '10 mere er end 10 og mere' CER 0.1667 (wav2vec2, whisper: 'Ti mere er en ti og mere') → FEJL asr
16:30:48   s.cando.hear1000 t0: 2.17 s (forhold 0.53) -18.07 LUFS, alone: 'Jeg kan finde og skrive tallene til 1000' CER 0.0 (whisper, wav2vec2: 'jeg kan finde at skrive tallene til 1000') → ok
16:30:48   ✓ master hint.order.tenTensHundred t0 (bestået)
16:30:48   ✓ master s.cando.hear1000 t0 (bestået)
16:31:08 ✅ EOS token detected! Stopping generation at step 253
16:31:21 kald sentence k=4 t0 'Byg en terning for hver ener. Tiernes ciffer står først. En plade er h': 33.2 s for 10.08 s lyd
16:31:25   hint.place.buildCubes t0: 1.55 s (forhold 0.62) -18.0 LUFS, alone: 'byggen terning for hvere ener' CER 0.087 (wav2vec2, whisper: 'bygge en terning for hver ener') → FEJL asr
16:31:25   hint.place.tensDigitFirst t0: 1.51 s (forhold 0.69) -18.08 LUFS, alone: 'tierne ciffer står først' CER 0.0455 (wav2vec2) → ok
16:31:29   hint.pv.plateRodCube t0: 3.79 s (forhold 0.71) -18.15 LUFS, alone: 'en plade er 100 en stang af 10 og en terning af 1' CER 0.093 (wav2vec2, whisper: 'En plade af 100 en stang af 10 og en terning af 1') → FEJL asr
16:31:30   s.place.whichNumberBlocks t0: 1.60 s (forhold 0.64) -18.07 LUFS, alone: 'hvilket tal viser klodserne' CER 0.0 (wav2vec2) → ok
16:31:30   ✓ master hint.place.tensDigitFirst t0 (bestået)
16:31:30   ✓ master s.place.whichNumberBlocks t0 (bestået)
16:31:52 ✅ EOS token detected! Stopping generation at step 268
16:32:07 kald sentence k=4 t0 'Byg en stang for hver tier. Vi skriver tierne først, også når enerne b': 37.0 s for 10.68 s lyd
16:32:12   hint.place.buildRods t0: 1.37 s (forhold 0.63) -18.14 LUFS, alone: 'bygge en stang fra hver tiger' CER 0.2381 (wav2vec2, whisper: 'Bygge en stang for hver tiger') → FEJL asr
16:32:12   hint.place.tensFirstAlways t0: 3.14 s (forhold 0.59) -18.05 LUFS, alone: 'vi skriver tierne først ogs når inerne bliver sagt først' CER 0.0417 (wav2vec2) → ok
16:32:13   hint.pv.tensBeforeOnes t0: 3.01 s (forhold 0.51) -18.08 LUFS, alone: 'vi skriver tierne før enerne selvom vi siger enerne først' CER 0.0 (wav2vec2) → ok
16:32:14   s.place.writeNumberWithTokens t0: 1.23 s (forhold 0.56) -18.08 LUFS, alone: 'skriv tallet med brikkerne' CER 0.0 (wav2vec2) → ok
16:32:14   ✓ master hint.place.tensFirstAlways t0 (bestået)
16:32:14   ✓ master hint.pv.tensBeforeOnes t0 (bestået)
16:32:14   ✓ master s.place.writeNumberWithTokens t0 (bestået)
16:32:33 ✅ EOS token detected! Stopping generation at step 245
16:32:46 kald sentence k=4 t0 'Hver stang er en tier. Tæl stængerne først. Nullerne holder tiernes og': 32.1 s for 9.76 s lyd
16:32:51   hint.place.countRodsFirst t0: 2.81 s (forhold 0.82) -18.14 LUFS, alone: 'hver stang af en tier til stængerne først' CER 0.0882 (wav2vec2, whisper: 'Hver stang er en tiger tilstængerne først') → FEJL asr
16:32:52   hint.place.zeroBoth t0: 2.29 s (forhold 0.56) -18.13 LUFS, alone: 'nullerne holder tiernes og enernes plads' CER 0.0 (wav2vec2) → ok
16:32:55   s.cando.placeValue1000 t0: 2.12 s (forhold 0.52) -18.12 LUFS, alone: 'jeg kender 1 10 år og enere' CER 0.3333 (wav2vec2, whisper: 'Jeg kender hundrede tiere og enere') → FEJL asr
16:32:55   s.place.writeWithTokens t0: 1.00 s (forhold 0.54) -18.08 LUFS, alone: 'skriv det med prikkerne' CER 0.05 (wav2vec2) → ok
16:32:55   ✓ master hint.place.zeroBoth t0 (bestået)
16:32:55   ✓ master s.place.writeWithTokens t0 (bestået)
16:33:07 forcing EOS token, long_tail=tensor(True), alignment_repetition=tensor(False), token_repetition=False
16:33:07 ✅ EOS token detected! Stopping generation at step 139
16:33:17 kald sentence k=3 t0 'står på hundredernes plads. Nullet holder enernes plads. Jeg kender ti': 21.2 s for 5.52 s lyd
16:33:18   hint.place.onHundredsPlace t0: 1.44 s (forhold 0.66) -18.07 LUFS, alone: 'står på hundredernes plads' CER 0.0 (wav2vec2) → ok
16:33:18   hint.place.zeroHoldsOnes t0: 1.52 s (forhold 0.61) -18.09 LUFS, alone: 'nullet holder enernes plads' CER 0.0 (wav2vec2) → ok
16:33:21   s.cando.tensOnes t0: 1.64 s (forhold 0.53) -18.09 LUFS, alone: 'Jeg kender tiere og enere' CER 0.0 (whisper, wav2vec2: 'jeg kender 10 år enere') → ok
16:33:21   ✓ master hint.place.onHundredsPlace t0 (bestået)
16:33:21   ✓ master hint.place.zeroHoldsOnes t0 (bestået)
16:33:21   ✓ master s.cando.tensOnes t0 (bestået)
16:33:29 ✅ EOS token detected! Stopping generation at step 116
16:33:38 kald sentence k=3 t0 'står på tiernes plads. Nullet holder tiernes plads. Byg det, der mangl': 16.6 s for 4.60 s lyd
16:33:38   hint.place.onTensPlace t0: 1.35 s (forhold 0.72) -18.06 LUFS, alone: 'står på tiernes plads' CER 0.0 (wav2vec2) → ok
16:33:39   hint.place.zeroHoldsTens t0: 1.43 s (forhold 0.57) -18.14 LUFS, alone: 'nullet holder tiernes plads' CER 0.0 (wav2vec2) → ok
16:33:42   s.place.buildMissing t0: 0.85 s (forhold 0.55) -18.0 LUFS, alone: 'bygdeter mangler' CER 0.0625 (wav2vec2, whisper: 'Begge datter mangler') → FEJL asr
16:33:42   ✓ master hint.place.onTensPlace t0 (bestået)
16:33:42   ✓ master hint.place.zeroHoldsTens t0 (bestået)
16:33:54 ✅ EOS token detected! Stopping generation at step 151
16:34:04 kald sentence k=3 t0 'En stang er ti, ikke en. Der er ingen enere, så vi skriver et nul til ': 22.0 s for 6.00 s lyd
16:34:05   hint.place.rodIsTen t0: 1.56 s (forhold 0.71) -18.11 LUFS, alone: 'en stang er 10 ikke én' CER 0.0 (wav2vec2) → ok
16:34:06   hint.place.zeroOnesLast t0: 2.45 s (forhold 0.52) -18.03 LUFS, alone: 'der er ingen enere så vi skriver et n0 til sidst' CER 0.0256 (wav2vec2) → ok
16:34:06   s.place.whichNumber t0: 0.91 s (forhold 0.59) -18.0 LUFS, alone: 'hvilket tal er det' CER 0.0 (wav2vec2) → ok
16:34:06   ✓ master hint.place.rodIsTen t0 (bestået)
16:34:06   ✓ master hint.place.zeroOnesLast t0 (bestået)
16:34:06   ✓ master s.place.whichNumber t0 (bestået)
16:34:28 ✅ EOS token detected! Stopping generation at step 276
16:34:43 kald sentence k=4 t0 'En sekskant har seks sider og seks hjørner. Kvadrater, rektangler, rom': 37.4 s for 11.00 s lyd
16:34:49   hint.shapes2D.hexagon t0: 2.54 s (forhold 0.74) -18.03 LUFS, alone: 'En sekskant har seks sider og seks hjørner' CER 0.0 (whisper, wav2vec2: 'en sexkant har 6 sider og s6 hjørner') → ok
16:34:50   hint.sortShapes.fourCorners t0: 4.19 s (forhold 0.64) -18.19 LUFS, alone: 'kvadrater rektangler romber og alle andre firkanter har fire hjørner' CER 0.0 (wav2vec2) → ok
16:34:50   noun.solid.pyramid.indef.end t0: 0.70 s (forhold 0.45) -18.0 LUFS, alone: 'en pyramide' CER 0.0 (wav2vec2) → ok
16:34:54   s.shapes3D.which.flat t0: 1.81 s (forhold 0.58) -18.04 LUFS, alone: 'Hvilken figur har kun flade sider?' CER 0.0 (whisper, wav2vec2: 'hvilken figurer har kun fladet sider') → ok
16:34:54   ✓ master hint.shapes2D.hexagon t0 (bestået)
16:34:54   ✓ master hint.sortShapes.fourCorners t0 (bestået)
16:34:54   ✓ master noun.solid.pyramid.indef.end t0 (bestået)
16:34:54   ✓ master s.shapes3D.which.flat t0 (bestået)
16:35:10 ✅ EOS token detected! Stopping generation at step 202
16:35:21 kald sentence k=2 t0 'En ottekant har otte sider og otte hjørner. Se på siderne. Alle fire s': 27.3 s for 8.04 s lyd
16:35:26   hint.shapes2D.octagon t0: 2.60 s (forhold 0.59) -18.04 LUFS, alone: 'En ottekant har otte sider og otte hjørner' CER 0.0 (whisper, wav2vec2: 'en otekant har 8 sider og 8e hjørner') → ok
16:35:26   hint.sortShapes.fourEqualSides t0: 4.55 s (forhold 0.52) -18.19 LUFS, alone: 'se på siderne alle fire sider skal være lige lange som i et kvadrat eller en rumbe' CER 0.0152 (wav2vec2) → ok
16:35:26   ✓ master hint.shapes2D.octagon t0 (bestået)
16:35:27   ✓ master hint.sortShapes.fourEqualSides t0 (bestået)
16:35:35 ✅ EOS token detected! Stopping generation at step 111
16:35:44 kald sentence k=2 t0 'Jeg kan sætte figurer sammen af andre figurer. Hvilken figur kan trill': 17.2 s for 4.40 s lyd
16:35:48   s.cando.composeShapes t0: 2.10 s (forhold 0.45) -18.07 LUFS, alone: 'jeg kan sætte figurer sammen med andre figurer' CER 0.0789 (wav2vec2, whisper: 'Jeg kan sætte figurer sammen med andre figurer') → FEJL asr
16:35:51   s.shapes3D.which.rolls t0: 1.29 s (forhold 0.59) -18.15 LUFS, alone: 'Hvilken figur kan trille?' CER 0.0 (whisper, wav2vec2: 'hvilk hun figur kan trile') → ok
16:35:51   ✓ master s.shapes3D.which.rolls t0 (bestået)
16:36:14 ✅ EOS token detected! Stopping generation at step 270
16:36:28 kald sentence k=4 t0 'En femkant har fem sider og fem hjørner. Se på hver figur for sig. Jeg': 37.0 s for 10.76 s lyd
16:36:33   hint.shapes2D.pentagon t0: 2.33 s (forhold 0.68) -18.03 LUFS, alone: 'En femkant har fem sider og fem hjørner' CER 0.0 (whisper, wav2vec2: 'en femkant har fem sider og f5m hjørner') → ok
16:36:33   hint.sortShapes.lookEach t0: 1.31 s (forhold 0.60) -18.04 LUFS, alone: 'se på hver figur for sig' CER 0.0 (wav2vec2) → ok
16:36:34   s.cando.shapes3D t0: 4.18 s (forhold 0.67) -18.09 LUFS, alone: 'jeg kender kugler terninger kasser cilindre kegler og pyramider' CER 0.0182 (wav2vec2) → ok
16:36:34   s.shapes3D.which.stacks t0: 1.34 s (forhold 0.53) -18.0 LUFS, alone: 'hvilken figur kan du stable' CER 0.0 (wav2vec2) → ok
16:36:34   ✓ master hint.shapes2D.pentagon t0 (bestået)
16:36:34   ✓ master hint.sortShapes.lookEach t0 (bestået)
16:36:35   ✓ master s.cando.shapes3D t0 (bestået)
16:36:35   ✓ master s.shapes3D.which.stacks t0 (bestået)
16:37:00 ✅ EOS token detected! Stopping generation at step 277
16:37:14 kald sentence k=3 t0 'Et rektangel har fire sider og fire rette hjørner. En figur uden hjørn': 39.8 s for 11.04 s lyd
16:37:16   hint.shapes2D.rectangle t0: 2.89 s (forhold 0.58) -18.05 LUFS, alone: 'et rektangel har fire sider og fire rette hjørner' CER 0.0 (wav2vec2) → ok
16:37:22   hint.sortShapes.noCorners t0: 4.63 s (forhold 0.67) -18.04 LUFS, alone: 'En figur uden hjørner er rund hele vejen rundt. En halvcirkel har to hjørner' CER 0.0 (whisper, wav2vec2: 'en figur uden hjørner er rund helevejen rundt en halvsir de har t hjørner') → ok
16:37:22   s.cando.sidesCorners t0: 2.05 s (forhold 0.50) -18.16 LUFS, alone: 'jeg kan tælle sider og hjørner på figurer' CER 0.0 (wav2vec2) → ok
16:37:22   ✓ master hint.shapes2D.rectangle t0 (bestået)
16:37:22   ✓ master hint.sortShapes.noCorners t0 (bestået)
16:37:22   ✓ master s.cando.sidesCorners t0 (bestået)
16:37:27 ✅ EOS token detected! Stopping generation at step 60
16:37:33 kald sentence k=1 t0 'Hvor mange hjørner har figuren?': 10.9 s for 2.36 s lyd
16:37:34   s.sidesCorners.howMany.corners t0: 1.59 s (forhold 0.57) -18.05 LUFS, alone: 'hvor mange hjørner har figuren' CER 0.0 (wav2vec2) → ok
16:37:34   ✓ master s.sidesCorners.howMany.corners t0 (bestået)
16:37:52 ✅ EOS token detected! Stopping generation at step 223
16:38:04 kald sentence k=2 t0 'Et kvadrat har fire lige lange sider og fire rette hjørner. Et ret hjø': 29.9 s for 8.88 s lyd
16:38:06   hint.shapes2D.square t0: 3.12 s (forhold 0.53) -18.14 LUFS, alone: 'et kvadrat har fire ligelange sider og fire rette hjørner' CER 0.0 (wav2vec2) → ok
16:38:12   hint.sortShapes.rightAngle t0: 4.71 s (forhold 0.63) -18.13 LUFS, alone: 'Et ret hjørne er som hjørnet på et stykke papir. Kvadrater og rektangler har fire' CER 0.0 (whisper, wav2vec2: 'et ret hjørne er som hjørnet på et støt papir kvadrater og rektangler har 4') → ok
16:38:12   ✓ master hint.shapes2D.square t0 (bestået)
16:38:12   ✓ master hint.sortShapes.rightAngle t0 (bestået)
16:38:21 ✅ EOS token detected! Stopping generation at step 124
16:38:30 kald sentence k=2 t0 'Jeg kan sortere figurer efter hjørner og sider. Hvor mange sider har f': 18.0 s for 4.92 s lyd
16:38:31   s.cando.sortShapes t0: 2.37 s (forhold 0.51) -18.15 LUFS, alone: 'jeg kan sortere figurer efter hjørner og sider' CER 0.0 (wav2vec2) → ok
16:38:31   s.sidesCorners.howMany.sides t0: 1.52 s (forhold 0.54) -18.16 LUFS, alone: 'hvor mange sider har figuren' CER 0.0 (wav2vec2) → ok
16:38:31   ✓ master s.cando.sortShapes t0 (bestået)
16:38:31   ✓ master s.sidesCorners.howMany.sides t0 (bestået)
16:38:53 ✅ EOS token detected! Stopping generation at step 272
16:39:07 kald sentence k=4 t0 'Et kvadrat er også et rektangel. Selv om figuren er drejet, lille elle': 35.8 s for 10.84 s lyd
16:39:12   hint.shapes2D.squareIsRect t0: 2.08 s (forhold 0.67) -18.19 LUFS, alone: 'Et kvadrat er også et rektangel' CER 0.0 (whisper, wav2vec2: 'et kvadrat er også et ræktanchel') → ok
16:39:13   hint.sortShapes.stillCounts t0: 2.95 s (forhold 0.56) -18.15 LUFS, alone: 'selvom figurerne er drejet lille eller skæv tæller den med' CER 0.0426 (wav2vec2) → ok
16:39:17   s.cando.symmetry t0: 2.56 s (forhold 0.55) -18.14 LUFS, alone: 'Jeg kan finde symmetrilinjer og spejle et mønster' CER 0.0 (whisper, wav2vec2: 'jeg kan finde symmetrilinjer og spejle et ritster') → ok
16:39:20   s.sortShapes.fourCorners t0: 1.54 s (forhold 0.49) -18.11 LUFS, alone: 'Alle figurer med fire hjørner' CER 0.0 (whisper, wav2vec2: 'alle fik oret med fire hjørner') → ok
16:39:20   ✓ master hint.shapes2D.squareIsRect t0 (bestået)
16:39:20   ✓ master hint.sortShapes.stillCounts t0 (bestået)
16:39:20   ✓ master s.cando.symmetry t0 (bestået)
16:39:20   ✓ master s.sortShapes.fourCorners t0 (bestået)
16:39:42 ✅ EOS token detected! Stopping generation at step 272
16:39:55 kald sentence k=4 t0 'En kegle har en flad cirkel forneden og en spids foroven. En figur med': 35.0 s for 10.84 s lyd
16:40:01   hint.shapes3D.cone t0: 3.94 s (forhold 0.74) -18.1 LUFS, alone: 'en kegle har en flad sirdy for neden og en spids for oren' CER 0.1087 (wav2vec2, whisper: 'En kegle har en flad cirte for neden og en spids for ovnen') → FEJL asr
16:40:01   hint.sortShapes.threeCorners t0: 2.24 s (forhold 0.65) -18.13 LUFS, alone: 'en figur med tre hjørner er en trekant' CER 0.0 (wav2vec2) → ok
16:40:02   s.composeShapes.big.square.def.end t0: 0.91 s (forhold 0.58) -18.06 LUFS, alone: 'det store kvadrat' CER 0.0 (wav2vec2) → ok
16:40:05   s.sortShapes.fourEqualSides t0: 2.12 s (forhold 0.48) -18.03 LUFS, alone: 'Alle figurer med fire lige lange sider' CER 0.0 (whisper, wav2vec2: 'alle figurer med firelige lange sider') → ok
16:40:05   ✓ master hint.sortShapes.threeCorners t0 (bestået)
16:40:05   ✓ master s.composeShapes.big.square.def.end t0 (bestået)
16:40:05   ✓ master s.sortShapes.fourEqualSides t0 (bestået)
16:40:21 ✅ EOS token detected! Stopping generation at step 195
16:40:33 kald sentence k=4 t0 'En terning har seks flader, og de er alle kvadrater. Tjek felterne ét ': 27.4 s for 7.76 s lyd
16:40:34   hint.shapes3D.cube t0: 2.85 s (forhold 0.61) -18.2 LUFS, alone: 'en terning har 6 flader og de er alle kvadrater' CER 0.0 (wav2vec2) → ok
16:40:37   hint.symmetry.checkEach t0: 1.36 s (forhold 0.54) -18.12 LUFS, alone: 'chikfelterne er da gangen' CER 0.2727 (wav2vec2, whisper: 'Tjek felterne id af gangen') → FEJL asr
16:40:38   s.composeShapes.big.square.indef.end t0: 0.89 s (forhold 0.71) -18.16 LUFS, alone: 'et stort kvadrat' CER 0.0 (wav2vec2) → ok
16:40:38   s.sortShapes.noCorners t0: 1.32 s (forhold 0.47) -18.08 LUFS, alone: 'alle figurer uden hjørner' CER 0.0 (wav2vec2) → ok
16:40:38   ✓ master hint.shapes3D.cube t0 (bestået)
16:40:38   ✓ master s.composeShapes.big.square.indef.end t0 (bestået)
16:40:38   ✓ master s.sortShapes.noCorners t0 (bestået)
16:41:02 ✅ EOS token detected! Stopping generation at step 288
16:41:20 kald sentence k=4 t0 'En kasse har seks flader, der er rektangler. En terning er også en kas': 41.8 s for 11.48 s lyd
16:41:23   hint.shapes3D.cuboid t0: 4.04 s (forhold 0.62) -18.12 LUFS, alone: 'en kasse har seks flader der er ræktangler en terning er også en kasse' CER 0.0175 (wav2vec2) → ok
16:41:23   hint.symmetry.countMissing t0: 2.81 s (forhold 0.56) -18.18 LUFS, alone: 'find de spejlfelter der ikke er farvet endnu og tælt dem' CER 0.0222 (wav2vec2) → ok
16:41:23   s.composeShapes.big.triangle.def.end t0: 1.00 s (forhold 0.64) -18.0 LUFS, alone: 'den store trekant' CER 0.0 (wav2vec2) → ok
16:41:24   s.sortShapes.rightAngle t0: 1.98 s (forhold 0.53) -18.08 LUFS, alone: 'alle figurer med fire rette hjørner' CER 0.0 (wav2vec2) → ok
16:41:24   ✓ master hint.shapes3D.cuboid t0 (bestået)
16:41:24   ✓ master hint.symmetry.countMissing t0 (bestået)
16:41:24   ✓ master s.composeShapes.big.triangle.def.end t0 (bestået)
16:41:24   ✓ master s.sortShapes.rightAngle t0 (bestået)
16:41:45 ✅ EOS token detected! Stopping generation at step 245
16:41:57 kald sentence k=4 t0 'En cylinder er rund og lige og har en flad cirkel i hver ende. De to h': 32.7 s for 9.76 s lyd
16:42:02   hint.shapes3D.cylinder t0: 3.40 s (forhold 0.57) -18.17 LUFS, alone: 'En cylinder er rund og lige og har en flad cirkel i hver ende' CER 0.0 (whisper, wav2vec2: 'en cilinder er hund og lige og har en flad cirkel i mærende') → ok
16:42:03   hint.symmetry.fits t0: 2.43 s (forhold 0.52) -18.05 LUFS, alone: 'de to halvdele passer præcis oven på hinanden' CER 0.0 (wav2vec2) → ok
16:42:03   s.composeShapes.big.triangle.indef.end t0: 0.92 s (forhold 0.74) -18.03 LUFS, alone: 'en stor trekant' CER 0.0 (wav2vec2) → ok
16:42:03   s.sortShapes.threeCorners t0: 1.41 s (forhold 0.50) -18.15 LUFS, alone: 'alle figurer med tre hjørner' CER 0.0 (wav2vec2) → ok
16:42:03   ✓ master hint.shapes3D.cylinder t0 (bestået)
16:42:03   ✓ master hint.symmetry.fits t0 (bestået)
16:42:03   ✓ master s.composeShapes.big.triangle.indef.end t0 (bestået)
16:42:03   ✓ master s.sortShapes.threeCorners t0 (bestået)
16:42:25 ✅ EOS token detected! Stopping generation at step 272
16:42:38 kald sentence k=2 t0 'Se efter krumme flader. En figur med kun flade sider har ingen krumme ': 34.7 s for 10.84 s lyd
16:42:40   hint.shapes3D.flat t0: 4.77 s (forhold 0.66) -18.11 LUFS, alone: 'seefter krummeflader en figur med kun flade sider har ingen krummeflader' CER 0.0 (wav2vec2) → ok
16:42:41   hint.symmetry.fold t0: 5.12 s (forhold 0.55) -18.13 LUFS, alone: 'en figur har en symmetrilinje hvis du kan folde den så de to halvdele passer oven på hinanden' CER 0.0 (wav2vec2) → ok
16:42:41   ✓ master hint.shapes3D.flat t0 (bestået)
16:42:41   ✓ master hint.symmetry.fold t0 (bestået)
16:42:48 ✅ EOS token detected! Stopping generation at step 92
16:42:56 kald sentence k=2 t0 'kan du lave af dem? alle figurer, der har en symmetrilinje.': 14.4 s for 3.64 s lyd
16:42:56   s.composeShapes.canMake t0: 0.77 s (forhold 0.41) -18.0 LUFS, alone: 'kan du lave af dem' CER 0.0 (wav2vec2) → ok
16:42:57   s.symmetry.allWithLine t0: 1.88 s (forhold 0.46) -18.16 LUFS, alone: 'alle figurer der har en symmetrilinje' CER 0.0 (wav2vec2) → ok
16:42:57   ✓ master s.composeShapes.canMake t0 (bestået)
16:42:57   ✓ master s.symmetry.allWithLine t0 (bestået)
16:43:20 ✅ EOS token detected! Stopping generation at step 278
16:43:34 kald sentence k=3 t0 'Figurer med en krum flade kan trille. Figurer med kun flade sider kan ': 37.4 s for 11.08 s lyd
16:43:37   hint.shapes3D.rolls t0: 4.21 s (forhold 0.59) -18.17 LUFS, alone: 'figurer med en krum flade katrile figurer med kun flade sider kan ikke' CER 0.0333 (wav2vec2) → ok
16:43:38   hint.symmetry.mirrorCell t0: 4.08 s (forhold 0.57) -18.11 LUFS, alone: 'hvert farvet felt skal have et spejlfelt lige så langt fra stregen på den anden side' CER 0.0 (wav2vec2) → ok
16:43:38   s.shapes3D.all.flat t0: 1.45 s (forhold 0.52) -18.15 LUFS, alone: 'alle der kun har flade sider' CER 0.0 (wav2vec2) → ok
16:43:38   ✓ master hint.shapes3D.rolls t0 (bestået)
16:43:38   ✓ master hint.symmetry.mirrorCell t0 (bestået)
16:43:38   ✓ master s.shapes3D.all.flat t0 (bestået)
16:43:46 ✅ EOS token detected! Stopping generation at step 96
16:43:53 kald sentence k=1 t0 'Hvor mange felter mangler, før mønsteret er spejlet i stregen?': 14.7 s for 3.80 s lyd
16:43:58   s.symmetry.howManyMissing t0: 3.16 s (forhold 0.60) -18.16 LUFS, alone: 'Hvor mange felter mangler før mønstret er spejlet i stregen' CER 0.0196 (whisper, wav2vec2: 'hvor mange felter mangler før mønstret spejlet i stregen') → ok
16:43:58   ✓ master s.symmetry.howManyMissing t0 (bestået)
16:44:42 ✅ EOS token detected! Stopping generation at step 251
16:44:57 kald sentence k=4 t0 'En kugle er rund over det hele, ligesom en bold. De to halvdele passer': 58.8 s for 10.00 s lyd
16:45:02   hint.shapes3D.sphere t0: 2.68 s (forhold 0.57) -18.16 LUFS, alone: 'En kugle er rundt over det hele ligesom en bold' CER 0.027 (whisper, wav2vec2: 'en kugle er rund over det hele ligesom en bøjt') → ok
16:45:03   hint.symmetry.notFits t0: 2.29 s (forhold 0.49) -18.06 LUFS, alone: 'de to halvdele passer ikke oven på hinanden' CER 0.0 (wav2vec2) → ok
16:45:05   s.shapes3D.all.rolls t0: 0.97 s (forhold 0.52) -18.06 LUFS, alone: 'Alle der kan trille' CER 0.0 (whisper, wav2vec2: 'alle der kan trile') → ok
16:45:06   s.symmetry.howManyWithLine t0: 2.38 s (forhold 0.51) -18.07 LUFS, alone: 'hvor mange af figurerne har en symmetrilinje' CER 0.0 (wav2vec2) → ok
16:45:06   ✓ master hint.shapes3D.sphere t0 (bestået)
16:45:06   ✓ master hint.symmetry.notFits t0 (bestået)
16:45:06   ✓ master s.shapes3D.all.rolls t0 (bestået)
16:45:06   ✓ master s.symmetry.howManyWithLine t0 (bestået)
16:45:39 ✅ EOS token detected! Stopping generation at step 241
16:45:53 kald sentence k=4 t0 'Du kan stable figurer, der er flade både foroven og forneden. En skæv ': 47.4 s for 9.60 s lyd
16:45:55   hint.shapes3D.stacks t0: 3.29 s (forhold 0.53) -18.05 LUFS, alone: 'du kan stable figurer der er flade både fororen og for niden' CER 0.0408 (wav2vec2) → ok
16:45:55   hint.symmetry.skewNot t0: 1.97 s (forhold 0.57) -18.0 LUFS, alone: 'en skævfigur kan ikke foldes sådan' CER 0.0 (wav2vec2) → ok
16:45:56   s.shapes3D.all.stacks t0: 1.08 s (forhold 0.58) -18.11 LUFS, alone: 'alle der kan stables' CER 0.0 (wav2vec2) → ok
16:45:56   s.symmetry.isLine t0: 1.73 s (forhold 0.61) -18.07 LUFS, alone: 'eir stregen en symmetrilinje' CER 0.0417 (wav2vec2) → ok
16:45:56   ✓ master hint.shapes3D.stacks t0 (bestået)
16:45:57   ✓ master hint.symmetry.skewNot t0 (bestået)
16:45:57   ✓ master s.shapes3D.all.stacks t0 (bestået)
16:45:57   ✓ master s.symmetry.isLine t0 (bestået)
16:46:25 ✅ EOS token detected! Stopping generation at step 239
16:46:42 kald sentence k=4 t0 'Sæt en finger på et hjørne, og tæl hjørnerne hele vejen rundt. en otte': 45.3 s for 9.52 s lyd
16:46:54   hint.sidesCorners.count.corners t0: 3.08 s (forhold 0.55) -18.04 LUFS, alone: 'Sæt en finger på et hjørne og tæl hjørnerne hele vejen rundt' CER 0.0 (whisper, wav2vec2: 'settin finger på et hjørne og tælv hjørnerne hele vejen rundt') → ok
16:46:58   noun.shape.octagon.indef.end t0: 0.80 s (forhold 0.64) -18.0 LUFS, alone: 'En ottekant' CER 0.0 (whisper, wav2vec2: 'en otte kant') → ok
16:46:59   s.shapes3D.howMany.flat t0: 1.93 s (forhold 0.48) -18.14 LUFS, alone: 'hvor mange af tingene har kun flade sider' CER 0.0 (wav2vec2) → ok
16:47:07   s.symmetry.isMirrored t0: 2.10 s (forhold 0.61) -18.07 LUFS, alone: 'Er mønstret spejlet rigtigt i stregen' CER 0.0303 (whisper, wav2vec2: 'af mønsteret spejlete rigtigt i stregen') → ok
16:47:07   ✓ master hint.sidesCorners.count.corners t0 (bestået)
16:47:07   ✓ master noun.shape.octagon.indef.end t0 (bestået)
16:47:07   ✓ master s.shapes3D.howMany.flat t0 (bestået)
16:47:07   ✓ master s.symmetry.isMirrored t0 (bestået)
16:47:22 ✅ EOS token detected! Stopping generation at step 184
16:47:34 kald sentence k=3 t0 'Følg kanten med fingeren, og tæl siderne hele vejen rundt. et rektange': 26.5 s for 7.32 s lyd
16:47:39   hint.sidesCorners.count.sides t0: 3.24 s (forhold 0.61) -18.08 LUFS, alone: 'Fød kanten med fingeren og tæl siderne hele vejen rundt' CER 0.0426 (whisper, wav2vec2: 'fø kanten med fingeren og tælle siderne hele vejen rundt') → ok
16:47:42   noun.shape.rectangle.indef.end t0: 1.27 s (forhold 1.02) -18.11 LUFS, alone: 'Et rektangel' CER 0.0 (whisper, wav2vec2: 'et ricetanshel') → ok
16:47:42   s.shapes3D.howMany.rolls t0: 1.47 s (forhold 0.47) -18.12 LUFS, alone: 'hvor mange af tingene kan trille' CER 0.0 (wav2vec2) → ok
16:47:42   ✓ master hint.sidesCorners.count.sides t0 (bestået)
16:47:42   ✓ master noun.shape.rectangle.indef.end t0 (bestået)
16:47:42   ✓ master s.shapes3D.howMany.rolls t0 (bestået)
16:48:00 ✅ EOS token detected! Stopping generation at step 181
16:48:10 kald sentence k=3 t0 'Tæl hvert hjørne én gang, og stop, når du er tilbage, hvor du startede': 27.9 s for 7.20 s lyd
16:48:16   hint.sidesCorners.once.corners t0: 3.56 s (forhold 0.60) -18.08 LUFS, alone: 'Tæl hvert hjørne én gang og stop når du er tilbage hvor du startede' CER 0.0 (whisper, wav2vec2: 'tel hvert hjørne én gang og stoppnår du tilbage hvor du startede') → ok
16:48:19   noun.shape.semicircle.indef.end t0: 0.79 s (forhold 0.63) -18.0 LUFS, alone: 'en halv sirde' CER 0.25 (wav2vec2, whisper: 'En halv tredjedel') → FEJL asr
16:48:19   s.shapes3D.howMany.stacks t0: 1.58 s (forhold 0.51) -18.1 LUFS, alone: 'hvor mange af tingene kan snables' CER 0.0357 (wav2vec2) → ok
16:48:19   ✓ master hint.sidesCorners.once.corners t0 (bestået)
16:48:19   ✓ master s.shapes3D.howMany.stacks t0 (bestået)
16:48:51 ✅ EOS token detected! Stopping generation at step 205
16:49:10 kald sentence k=3 t0 'Tæl hver side én gang, og stop, når du er tilbage, hvor du startede. e': 50.5 s for 8.16 s lyd
16:49:11   hint.sidesCorners.once.sides t0: 3.81 s (forhold 0.64) -18.18 LUFS, alone: 'tal hver side én gang og stopp når du er tilbage hvor du startede' CER 0.0392 (wav2vec2) → ok
16:49:13   noun.solid.cylinder.indef.end t0: 0.72 s (forhold 0.58) -18.0 LUFS, alone: 'En cylinder' CER 0.0 (whisper, wav2vec2: 'en cilinder') → ok
16:49:14   s.shapes3D.sameShape t0: 2.02 s (forhold 0.59) -18.11 LUFS, alone: 'hvilken figur har samme form som tingen' CER 0.0 (wav2vec2) → ok
16:49:14   ✓ master hint.sidesCorners.once.sides t0 (bestået)
16:49:14   ✓ master noun.solid.cylinder.indef.end t0 (bestået)
16:49:14   ✓ master s.shapes3D.sameShape t0 (bestået)
16:49:18 ✅ EOS token detected! Stopping generation at step 51
16:49:24 kald single k=1 t2 'Stil uret, så klokken er,': 10.1 s for 2.00 s lyd
16:49:27   frag.stil_uret_saa_klokken_er t2: 1.73 s (forhold 0.79) -18.09 LUFS, alone: 'stel uret så klokken er' CER 0.0526 (wav2vec2, whisper: 'Stel uret så klokken er') → FEJL asr
16:49:35 ✅ EOS token detected! Stopping generation at step 107
16:49:49 kald sentence k=1 t1 'Når tierne giver ti tiere eller mere, kommer der et hundrede mere.': 21.8 s for 4.24 s lyd
16:49:58   hint.addSub1000Round.keepHundred t1: 4.02 s (forhold 0.58) -18.17 LUFS, alone: 'Når tigerne giver 10 tigere eller mere kommer der 100 mere' CER 0.0392 (whisper, wav2vec2: 'når tigerne giver 10 tigere eller mere kommer der 1100 mere') → ok
16:49:58   ✓ master hint.addSub1000Round.keepHundred t1 (bestået)
16:50:04 ✅ EOS token detected! Stopping generation at step 42
16:50:15 kald sentence k=1 t1 'Regn med tierne.': 17.5 s for 1.64 s lyd
16:50:17   hint.addSub1000Round.tens t1: 0.98 s (forhold 0.63) -18.08 LUFS, alone: 'regn med tierne' CER 0.0 (wav2vec2) → ok
16:50:17   ✓ master hint.addSub1000Round.tens t1 (bestået)
16:50:22 ✅ EOS token detected! Stopping generation at step 38
16:50:28 kald sentence k=1 t1 'Tag enerne væk.': 11.1 s for 1.48 s lyd
16:50:28   hint.addSub20Simple.takeOnes t1: 0.84 s (forhold 0.54) -18.08 LUFS, alone: 'tagenerne væk' CER 0.0 (wav2vec2) → ok
16:50:28   ✓ master hint.addSub20Simple.takeOnes t1 (bestået)
16:50:36 ✅ EOS token detected! Stopping generation at step 98
16:50:43 kald sentence k=1 t1 'Der er ikke enere nok. Veksl en tier til ti enere.': 15.2 s for 3.88 s lyd
16:50:48   hint.addsub2.borrowTen t1: 3.38 s (forhold 0.64) -18.04 LUFS, alone: 'der er ikke endere nok veksle end ti og til 1i enere' CER 0.1842 (wav2vec2, whisper: 'Der er ikke enere nok veksle en tigert til ti enere') → FEJL asr
16:50:51 ✅ EOS token detected! Stopping generation at step 48
16:50:57 kald sentence k=1 t1 'Regn enerne først.': 9.1 s for 1.88 s lyd
16:51:00   hint.addsub2.onesFirst t1: 1.24 s (forhold 0.79) -18.04 LUFS, alone: 'rejen inderne først' CER 0.2667 (wav2vec2, whisper: 'Egninderne først') → FEJL asr
16:51:09 ✅ EOS token detected! Stopping generation at step 116
16:51:23 kald sentence k=1 t1 'Det lille tal er enere. Læg det til enerne, ikke til tierne.': 22.3 s for 4.60 s lyd
16:51:24   hint.addsub2.onesToOnes t1: 3.78 s (forhold 0.61) -18.03 LUFS, alone: 'det lille tal er enere lægte til enerne ikke til tierne' CER 0.0435 (wav2vec2) → ok
16:51:24   ✓ master hint.addsub2.onesToOnes t1 (bestået)
16:51:27 ✅ EOS token detected! Stopping generation at step 43
16:51:33 kald sentence k=1 t1 'Regn tierne.': 9.2 s for 1.68 s lyd
16:51:36   hint.addsub2.tensOnly t1: 0.94 s (forhold 0.75) -18.09 LUFS, alone: 'regen tierne' CER 0.1 (wav2vec2, whisper: 'Regntiderne') → FEJL asr
16:51:39 ✅ EOS token detected! Stopping generation at step 43
16:51:45 kald sentence k=1 t1 'Regn så tierne.': 8.6 s for 1.68 s lyd
16:51:47   hint.addsub2.tensThen t1: 0.98 s (forhold 0.63) -18.15 LUFS, alone: 'regen så tierne' CER 0.0833 (wav2vec2, whisper: 'Regn satirerne') → FEJL asr
16:51:51 ✅ EOS token detected! Stopping generation at step 53
16:51:57 kald single k=1 t1 'Forestil dig, at du lægger,': 9.9 s for 2.08 s lyd
16:52:01   hint.composeShapes.imagine t1: 1.26 s (forhold 0.50) -18.09 LUFS, alone: 'Forestil dig at du ligger' CER 0.0476 (whisper, wav2vec2: 'forestille dig at du likker') → ok
16:52:01   ✓ master hint.composeShapes.imagine t1 (bestået)
16:52:04 ✅ EOS token detected! Stopping generation at step 42
16:52:10 kald single k=1 t1 'Tæl i spring med,': 9.1 s for 1.64 s lyd
16:52:13   hint.countCoins.skipBy t1: 0.93 s (forhold 0.75) -18.17 LUFS, alone: 'tel y spring med' CER 0.1538 (wav2vec2, whisper: 'Tali spring med') → FEJL asr
16:52:18 ✅ EOS token detected! Stopping generation at step 72
16:52:25 kald sentence k=1 t1 'Forestil dig, at du folder figuren langs stregen.': 12.4 s for 2.84 s lyd
16:52:29   hint.halfShape.fold t1: 2.31 s (forhold 0.53) -18.16 LUFS, alone: 'Forestil dig at du folder figuren langs stregen' CER 0.0 (whisper, wav2vec2: 'forestillet dig at dufolderfiguren langs tregen') → ok
16:52:29   ✓ master hint.halfShape.fold t1 (bestået)
16:52:35 ✅ EOS token detected! Stopping generation at step 70
16:52:41 kald sentence k=1 t1 'To dele er ikke altid to halve.': 12.0 s for 2.76 s lyd
16:52:42   hint.halfShape.twoPartsNotHalves t1: 2.10 s (forhold 0.61) -18.15 LUFS, alone: 'to dele er ikke altid to halve' CER 0.0 (wav2vec2) → ok
16:52:42   ✓ master hint.halfShape.twoPartsNotHalves t1 (bestået)
16:52:50 ✅ EOS token detected! Stopping generation at step 101
16:53:07 kald sentence k=1 t1 'Tæl clipsene under tingen. Peg på hver clips, mens du tæller.': 24.6 s for 4.00 s lyd
16:53:17   hint.measureUnits.countClips t1: 3.38 s (forhold 0.68) -18.18 LUFS, alone: 'teldklipsene under tingen peg på hver klips mins du teller' CER 0.125 (wav2vec2, whisper: 'Tæl klipsene under tingene. Pej på hver klips mens du tæller') → FEJL asr
16:53:30 ✅ EOS token detected! Stopping generation at step 83
16:53:39 kald sentence k=1 t1 'Tæl langsomt, og tæl hver enkelt en gang.': 22.0 s for 3.28 s lyd
16:53:47   hint.measureUnits.eachOnce t1: 2.59 s (forhold 0.83) -18.06 LUFS, alone: 'tæl langsomt og til være enkelt én gang' CER 0.125 (wav2vec2, whisper: 'Til langsomt og til hver enkelt en gang') → FEJL asr
16:53:58 forcing EOS token, long_tail=tensor(True), alignment_repetition=tensor(False), token_repetition=False
16:53:58 ✅ EOS token detected! Stopping generation at step 127
16:54:16 kald sentence k=1 t1 'Tæl hele vejen op til hundrede. Tierne og enerne skal ikke hver for si': 28.4 s for 5.04 s lyd
16:54:26   hint.missingPart100.wholeWay t1: 4.38 s (forhold 0.54) -18.16 LUFS, alone: 'tal helevejen op til 10dtierne og enerne skal ikke være for sig op til 10' CER 0.1719 (wav2vec2, whisper: 'Tal hele vejen op til 110'erne og enerne skal ikke være for sig op til 10') → FEJL asr
16:54:40 ✅ EOS token detected! Stopping generation at step 88
16:54:49 kald sentence k=1 t1 'Tæl langsomt, og tæl hver stjerne en gang.': 22.6 s for 3.48 s lyd
16:54:53   hint.readChart.countSlowly t1: 2.63 s (forhold 0.84) -18.08 LUFS, alone: 'til langsomt og tilver stjerne én gang' CER 0.0909 (wav2vec2, whisper: 'Til langsomt og til hver stjerne én gang') → FEJL asr
16:54:58 ✅ EOS token detected! Stopping generation at step 66
16:55:05 kald sentence k=1 t1 'Tæl stjernerne i rækken en ad gangen.': 11.5 s for 2.60 s lyd
16:55:12   hint.readChart.countStars t1: 1.98 s (forhold 0.58) -18.14 LUFS, alone: 'tælles stjernerne i rækken enad gangen' CER 0.1 (wav2vec2, whisper: 'Tælle stjernerne i rækken en af gangen') → FEJL asr
16:55:18 ✅ EOS token detected! Stopping generation at step 62
16:55:32 kald single k=1 t1 'Tæl de ting, der passer. Der er,': 19.7 s for 2.44 s lyd
16:55:33   hint.shapes3D.countThings t1: 1.69 s (forhold 0.67) -18.17 LUFS, alone: 'tal de ting der passer der er' CER 0.0435 (wav2vec2) → ok
16:55:33   ✓ master hint.shapes3D.countThings t1 (bestået)
16:55:41 ✅ EOS token detected! Stopping generation at step 37
16:55:46 kald sentence k=1 t1 'En bog er tung.': 13.5 s for 1.44 s lyd
16:55:49   hint.weightCompare.heavy.book t1: 0.70 s (forhold 0.56) -18.03 LUFS, alone: 'en bog af 2' CER 0.4545 (wav2vec2, whisper: 'En bog af 2') → FEJL asr
16:55:53 ✅ EOS token detected! Stopping generation at step 61
16:56:00 kald sentence k=1 t1 'En flaske med vand er tung.': 10.6 s for 2.40 s lyd
16:56:03   hint.weightCompare.heavy.bottle t1: 1.60 s (forhold 0.73) -18.15 LUFS, alone: 'en flaske med vanden er 2' CER 0.2381 (wav2vec2, whisper: 'En flaske med vand er 2') → FEJL asr
16:56:06 ✅ EOS token detected! Stopping generation at step 39
16:56:12 kald sentence k=1 t1 'En sten er tung.': 8.6 s for 1.52 s lyd
16:56:15   hint.weightCompare.heavy.stone t1: 0.87 s (forhold 0.69) -18.0 LUFS, alone: 'En sten er tung' CER 0.0 (whisper, wav2vec2: 'en sten of tung') → ok
16:56:15   ✓ master hint.weightCompare.heavy.stone t1 (bestået)
16:56:19 ✅ EOS token detected! Stopping generation at step 63
16:56:26 kald sentence k=1 t1 'En bog er tung, selv når den er lille.': 11.0 s for 2.48 s lyd
16:56:29   hint.weightCompare.heavyEvenSmall.book t1: 1.90 s (forhold 0.61) -18.05 LUFS, alone: 'en bog af to sendner den er lelle' CER 0.3214 (wav2vec2, whisper: 'En bog er to selv når den er lille') → FEJL asr
16:56:35 ✅ EOS token detected! Stopping generation at step 67
16:56:41 kald sentence k=1 t1 'En sten er tung, selv når den er lille.': 11.9 s for 2.64 s lyd
16:56:45   hint.weightCompare.heavyEvenSmall.stone t1: 2.01 s (forhold 0.64) -18.05 LUFS, alone: 'En sten er tung selv når den er lille' CER 0.0 (whisper, wav2vec2: 'en sten af tog selv når den er lille') → ok
16:56:45   ✓ master hint.weightCompare.heavyEvenSmall.stone t1 (bestået)
16:56:46 forcing EOS token, long_tail=tensor(True), alignment_repetition=tensor(False), token_repetition=False
16:56:46 ✅ EOS token detected! Stopping generation at step 19
16:56:51 kald single k=1 t1 'polar': 6.6 s for 0.72 s lyd
16:56:52   name.color.fox.c2 t1: 0.28 s (forhold 0.45) -18.09 LUFS, none: 'None' CER None (None) → ok
16:56:53 forcing EOS token, long_tail=tensor(True), alignment_repetition=tensor(False), token_repetition=False
16:56:53 ✅ EOS token detected! Stopping generation at step 17
16:56:58 kald single k=1 t1 'Hest': 6.4 s for 0.64 s lyd
16:56:58   name.species.horse t1: 0.30 s (forhold 0.95) -19.04 LUFS, none: 'None' CER None (None) → FEJL efterbehandling
16:57:03 forcing EOS token, long_tail=tensor(True), alignment_repetition=tensor(False), token_repetition=False
16:57:03 ✅ EOS token detected! Stopping generation at step 55
16:57:09 kald single k=1 t1 'Hundrede ting sidder helt fast': 10.7 s for 2.16 s lyd
16:57:10   name.trophy.keys5-100 t1: 1.55 s (forhold 0.62) -18.0 LUFS, alone: 'hundred ting sidder helt fast' CER 0.0385 (wav2vec2) → ok
16:57:10   ✓ master name.trophy.keys5-100 t1 (bestået)
16:57:12 ✅ EOS token detected! Stopping generation at step 33
16:57:18 kald sentence k=1 t1 'to tredjedele.': 8.5 s for 1.28 s lyd
16:57:19   noun.frac.2_3.end t1: 0.91 s (forhold 0.58) -18.03 LUFS, alone: 'to tredjedele' CER 0.0 (wav2vec2) → ok
16:57:19   ✓ master noun.frac.2_3.end t1 (bestået)
16:57:20 forcing EOS token, long_tail=tensor(True), alignment_repetition=tensor(False), token_repetition=False
16:57:20 ✅ EOS token detected! Stopping generation at step 21
16:57:26 kald single k=1 t1 'tiere.': 7.4 s for 0.80 s lyd
16:57:26   noun.place.t.pl.end t1: 0.41 s (forhold 0.44) -18.16 LUFS, none: 'None' CER None (None) → ok
16:57:28 forcing EOS token, long_tail=tensor(True), alignment_repetition=tensor(False), token_repetition=False
16:57:28 ✅ EOS token detected! Stopping generation at step 18
16:57:33 kald single k=1 t1 'tiere,': 6.5 s for 0.68 s lyd
16:57:33   noun.place.t.pl.mid t1: 0.22 s (forhold 0.23) -18.12 LUFS, none: 'None' CER None (None) → FEJL varighed
16:57:37 ✅ EOS token detected! Stopping generation at step 50
16:57:48 kald sentence k=1 t1 'Hvad er to plus ni?': 15.4 s for 1.96 s lyd
16:57:50   q.add:2+9 t1: 1.13 s (forhold 0.72) -18.0 LUFS, alone: 'hvad er 2 plus 9' CER 0.0 (wav2vec2) → ok
16:57:50   ✓ master q.add:2+9 t1 (bestået)
16:57:58 ✅ EOS token detected! Stopping generation at step 53
16:58:06 kald sentence k=1 t1 'Hvad er tre plus otte?': 15.8 s for 2.08 s lyd
16:58:06   q.add:3+8 t1: 1.47 s (forhold 0.79) -18.05 LUFS, alone: 'hvad er 3 plus 8' CER 0.0 (wav2vec2) → ok
16:58:06   ✓ master q.add:3+8 t1 (bestået)
16:58:11 ✅ EOS token detected! Stopping generation at step 56
16:58:17 kald sentence k=1 t1 'Hvad er seks plus otte?': 11.1 s for 2.20 s lyd
16:58:21   q.add:6+8 t1: 1.52 s (forhold 0.81) -18.03 LUFS, alone: 'Hvad er 6 plus 8?' CER 0.0 (whisper, wav2vec2: 'hvad er 6 pr0s8') → ok
16:58:21   ✓ master q.add:6+8 t1 (bestået)
16:58:25 ✅ EOS token detected! Stopping generation at step 56
16:58:31 kald sentence k=1 t1 'Hvad er syv plus seks?': 10.3 s for 2.20 s lyd
16:58:31   q.add:7+6 t1: 1.56 s (forhold 1.00) -18.0 LUFS, alone: 'hvad er 7 plus 6' CER 0.0 (wav2vec2) → ok
16:58:31   ✓ master q.add:7+6 t1 (bestået)
16:58:35 ✅ EOS token detected! Stopping generation at step 51
16:58:41 kald sentence k=1 t1 'Hvad er syv plus otte?': 9.8 s for 2.00 s lyd
16:58:45   q.add:7+8 t1: 1.29 s (forhold 0.69) -18.11 LUFS, alone: 'Hvad er 7 plus 8?' CER 0.0 (whisper, wav2vec2: 'der er 7 plus 8') → ok
16:58:45   ✓ master q.add:7+8 t1 (bestået)
16:58:48 ✅ EOS token detected! Stopping generation at step 52
16:59:25 kald sentence k=1 t1 'Hvad er otte plus syv?': 39.9 s for 2.04 s lyd
16:59:25   q.add:8+7 t1: 1.39 s (forhold 0.74) -18.12 LUFS, alone: 'hvad er 8 plus 7' CER 0.0 (wav2vec2) → ok
16:59:25   ✓ master q.add:8+7 t1 (bestået)
16:59:30 ✅ EOS token detected! Stopping generation at step 57
16:59:36 kald sentence k=1 t1 'Hvad er ni plus syv?': 10.2 s for 2.24 s lyd
16:59:38   q.add:9+7 t1: 1.45 s (forhold 0.93) -18.0 LUFS, alone: 'Hvad er 9 plus 7?' CER 0.0 (whisper, wav2vec2: 'hvad r 9 plus 7') → ok
16:59:38   ✓ master q.add:9+7 t1 (bestået)
16:59:50 forcing EOS token, long_tail=tensor(True), alignment_repetition=tensor(False), token_repetition=False
16:59:50 ✅ EOS token detected! Stopping generation at step 54
16:59:56 kald sentence k=1 t1 'Hvad er det dobbelte af fem?': 17.6 s for 2.12 s lyd
17:00:00   q.dbl:5 t1: 1.41 s (forhold 0.57) -18.08 LUFS, alone: 'Hvad er det dobbelte af 5?' CER 0.0 (whisper, wav2vec2: 'hvad er det dobblda fib') → ok
17:00:00   ✓ master q.dbl:5 t1 (bestået)
17:00:04 ✅ EOS token detected! Stopping generation at step 60
17:00:10 kald sentence k=1 t1 'Hvad er halvdelen af tolv?': 10.7 s for 2.36 s lyd
17:00:11   q.hlf:12 t1: 1.46 s (forhold 0.67) -18.06 LUFS, alone: 'hvad er halvdelen af 12' CER 0.0 (wav2vec2) → ok
17:00:11   ✓ master q.hlf:12 t1 (bestået)
17:00:16 ✅ EOS token detected! Stopping generation at step 61
17:00:21 kald sentence k=1 t1 'Hvad er halvdelen af fjorten?': 10.4 s for 2.40 s lyd
17:00:22   q.hlf:14 t1: 1.64 s (forhold 0.66) -18.0 LUFS, alone: 'hvad er halvdelen af 14' CER 0.0 (wav2vec2) → ok
17:00:22   ✓ master q.hlf:14 t1 (bestået)
17:00:36 ✅ EOS token detected! Stopping generation at step 60
17:00:45 kald sentence k=1 t1 'Hvad er halvdelen af seksten?': 22.6 s for 2.36 s lyd
17:00:45   q.hlf:16 t1: 1.72 s (forhold 0.69) -18.07 LUFS, alone: 'hvad er halvdelen af 16' CER 0.0 (wav2vec2) → ok
17:00:45   ✓ master q.hlf:16 t1 (bestået)
17:00:50 ✅ EOS token detected! Stopping generation at step 63
17:00:56 kald sentence k=1 t1 'Hvad er halvdelen af atten?': 10.7 s for 2.48 s lyd
17:00:57   q.hlf:18 t1: 1.71 s (forhold 0.68) -18.0 LUFS, alone: 'hvad er halvdelen af 18' CER 0.0 (wav2vec2) → ok
17:00:57   ✓ master q.hlf:18 t1 (bestået)
17:01:01 ✅ EOS token detected! Stopping generation at step 53
17:01:06 kald sentence k=1 t1 'Hvad er halvdelen af to?': 9.6 s for 2.08 s lyd
17:01:07   q.hlf:2 t1: 1.45 s (forhold 0.66) -18.05 LUFS, alone: 'hvad er halvdelen af 2' CER 0.0 (wav2vec2) → ok
17:01:07   ✓ master q.hlf:2 t1 (bestået)
17:01:11 ✅ EOS token detected! Stopping generation at step 55
17:01:21 kald sentence k=1 t1 'Hvad er halvdelen af tyve?': 13.9 s for 2.16 s lyd
17:01:21   q.hlf:20 t1: 1.49 s (forhold 0.60) -18.0 LUFS, alone: 'hvade er halvdelen af 20' CER 0.0476 (wav2vec2) → ok
17:01:21   ✓ master q.hlf:20 t1 (bestået)
17:01:26 forcing EOS token, long_tail=tensor(True), alignment_repetition=tensor(False), token_repetition=False
17:01:26 ✅ EOS token detected! Stopping generation at step 54
17:01:31 kald sentence k=1 t1 'Hvad er halvdelen af seks?': 9.7 s for 2.12 s lyd
17:01:32   q.hlf:6 t1: 1.60 s (forhold 0.73) -18.0 LUFS, alone: 'hvad er halvdelen af 6' CER 0.0 (wav2vec2) → ok
17:01:32   ✓ master q.hlf:6 t1 (bestået)
17:01:36 ✅ EOS token detected! Stopping generation at step 62
17:01:42 kald sentence k=1 t1 'Hvad er halvdelen af otte?': 10.6 s for 2.44 s lyd
17:01:46   q.hlf:8 t1: 1.71 s (forhold 0.68) -18.03 LUFS, alone: 'Hvad er halvdelen af 8 g?' CER 0.0476 (whisper, wav2vec2: 'hvad er halvdelngen af 8e') → ok
17:01:46   ✓ master q.hlf:8 t1 (bestået)
17:01:49 forcing EOS token, long_tail=tensor(True), alignment_repetition=tensor(False), token_repetition=False
17:01:49 ✅ EOS token detected! Stopping generation at step 45
17:01:59 kald sentence k=1 t1 'En plus hvad giver to?': 13.3 s for 1.76 s lyd
17:02:00   q.mp:1+?=2 t1: 1.02 s (forhold 0.55) -18.0 LUFS, alone: 'en plus hvad giver 2' CER 0.0 (wav2vec2) → ok
17:02:00   ✓ master q.mp:1+?=2 t1 (bestået)
17:02:04 ✅ EOS token detected! Stopping generation at step 52
17:02:14 kald sentence k=1 t1 'En plus hvad giver fem?': 14.1 s for 2.04 s lyd
17:02:14   q.mp:1+?=5 t1: 1.27 s (forhold 0.68) -18.0 LUFS, alone: 'en plus hvad giver 5' CER 0.0 (wav2vec2) → ok
17:02:14   ✓ master q.mp:1+?=5 t1 (bestået)
17:02:23 ✅ EOS token detected! Stopping generation at step 49
17:02:28 kald sentence k=1 t1 'En plus hvad giver otte?': 14.0 s for 1.92 s lyd
17:02:31   q.mp:1+?=8 t1: 1.25 s (forhold 0.57) -18.0 LUFS, alone: 'En plus hvad giver 8?' CER 0.0 (whisper, wav2vec2: 'en plus vac ir 8') → ok
17:02:31   ✓ master q.mp:1+?=8 t1 (bestået)
17:02:35 forcing EOS token, long_tail=tensor(True), alignment_repetition=tensor(False), token_repetition=False
17:02:35 ✅ EOS token detected! Stopping generation at step 45
17:02:40 kald sentence k=1 t1 'To plus hvad giver tre?': 8.9 s for 1.76 s lyd
17:02:43   q.mp:2+?=3 t1: 1.35 s (forhold 0.72) -18.16 LUFS, alone: '2 plus hvad giver 3?' CER 0.0 (whisper, wav2vec2: 't plus vargever 3') → ok
17:02:43   ✓ master q.mp:2+?=3 t1 (bestået)
17:02:48 ✅ EOS token detected! Stopping generation at step 59
17:02:55 kald sentence k=1 t1 'To plus hvad giver fire?': 11.3 s for 2.32 s lyd
17:02:58   q.mp:2+?=4 t1: 1.40 s (forhold 0.64) -18.07 LUFS, alone: 'to plus ragerer 4' CER 0.2632 (wav2vec2, whisper: '2 plus var G4') → FEJL asr
17:03:02 ✅ EOS token detected! Stopping generation at step 52
17:03:08 kald sentence k=1 t1 'Tre plus hvad giver otte?': 10.3 s for 2.04 s lyd
17:03:09   q.mp:3+?=8 t1: 1.41 s (forhold 0.64) -18.07 LUFS, alone: '3 plus hvad giver 8' CER 0.0 (wav2vec2) → ok
17:03:09   ✓ master q.mp:3+?=8 t1 (bestået)
17:03:13 forcing EOS token, long_tail=tensor(True), alignment_repetition=tensor(False), token_repetition=False
17:03:13 ✅ EOS token detected! Stopping generation at step 62
17:03:37 kald sentence k=1 t1 'Fire plus hvad giver seks?': 28.0 s for 2.44 s lyd
17:03:41   q.mp:4+?=6 t1: 1.76 s (forhold 0.81) -18.0 LUFS, alone: 'fire plus vagever 6' CER 0.1429 (wav2vec2, whisper: '4 plus var 6') → FEJL asr
17:03:56 forcing EOS token, long_tail=tensor(True), alignment_repetition=tensor(False), token_repetition=False
17:03:56 ✅ EOS token detected! Stopping generation at step 56
17:04:02 kald sentence k=1 t1 'Fire plus hvad giver syv?': 21.9 s for 2.20 s lyd
17:04:05   q.mp:4+?=7 t1: 1.37 s (forhold 0.63) -18.0 LUFS, alone: 'fre plus vagerer 7' CER 0.25 (wav2vec2, whisper: '4 plus var G7') → FEJL asr
17:04:10 ✅ EOS token detected! Stopping generation at step 57
17:04:34 kald sentence k=1 t1 'Fire plus hvad giver otte?': 28.7 s for 2.24 s lyd
17:04:43   q.mp:4+?=8 t1: 1.51 s (forhold 0.61) -18.02 LUFS, alone: 'fire plus vagever 8' CER 0.1429 (wav2vec2, whisper: '4 plus værdier 8') → FEJL asr
17:04:51 forcing EOS token, long_tail=tensor(True), alignment_repetition=tensor(False), token_repetition=False
17:04:51 ✅ EOS token detected! Stopping generation at step 54
17:04:57 kald sentence k=1 t1 'Fem plus hvad giver seks?': 14.5 s for 2.12 s lyd
17:05:01   q.mp:5+?=6 t1: 1.47 s (forhold 0.78) -18.05 LUFS, alone: '5 plus hvad giver 6?' CER 0.0 (whisper, wav2vec2: 'f5 plus hvagerer 6') → ok
17:05:01   ✓ master q.mp:5+?=6 t1 (bestået)
17:05:05 forcing EOS token, long_tail=tensor(True), alignment_repetition=tensor(False), token_repetition=False
17:05:05 ✅ EOS token detected! Stopping generation at step 51
17:05:10 kald sentence k=1 t1 'Fem plus hvad giver syv?': 9.7 s for 2.00 s lyd
17:05:14   q.mp:5+?=7 t1: 1.23 s (forhold 0.66) -18.14 LUFS, alone: '5 plus hvad giver 7?' CER 0.0 (whisper, wav2vec2: 'em plus hvar giver 7') → ok
17:05:14   ✓ master q.mp:5+?=7 t1 (bestået)
17:05:24 ✅ EOS token detected! Stopping generation at step 52
17:05:33 kald sentence k=1 t1 'Fem plus hvad giver otte?': 18.9 s for 2.04 s lyd
17:05:36   q.mp:5+?=8 t1: 1.32 s (forhold 0.60) -18.12 LUFS, alone: '5 plus hvad giver 8?' CER 0.0 (whisper, wav2vec2: 'f5m plu svaki og 8') → ok
17:05:37   ✓ master q.mp:5+?=8 t1 (bestået)
17:05:41 ✅ EOS token detected! Stopping generation at step 52
17:05:47 kald sentence k=1 t1 'Seks plus hvad giver syv?': 10.2 s for 2.04 s lyd
17:05:52   q.mp:6+?=7 t1: 1.56 s (forhold 0.83) -18.13 LUFS, alone: '6 plus vagerer 7' CER 0.2 (wav2vec2, whisper: '6 plus værdier 7') → FEJL asr
17:05:59 ✅ EOS token detected! Stopping generation at step 61
17:06:06 kald sentence k=1 t1 'Seks plus hvad giver otte?': 13.8 s for 2.40 s lyd
17:06:09   q.mp:6+?=8 t1: 1.64 s (forhold 0.75) -18.0 LUFS, alone: '6 plus vagever 8' CER 0.1429 (wav2vec2, whisper: '6 plus var giver 8') → FEJL asr
17:06:13 ✅ EOS token detected! Stopping generation at step 51
17:06:19 kald sentence k=1 t1 'Seks plus hvad giver ni?': 10.5 s for 2.00 s lyd
17:06:23   q.mp:6+?=9 t1: 1.25 s (forhold 0.67) -18.08 LUFS, alone: '6 plus hvad giver 9?' CER 0.0 (whisper, wav2vec2: 's6 plus hva giver 9') → ok
17:06:23   ✓ master q.mp:6+?=9 t1 (bestået)
17:06:27 ✅ EOS token detected! Stopping generation at step 58
17:06:33 kald sentence k=1 t1 'Syv plus hvad giver otte?': 10.0 s for 2.28 s lyd
17:06:36   q.mp:7+?=8 t1: 1.84 s (forhold 0.84) -18.06 LUFS, alone: '7 plus hvad giver 8?' CER 0.0 (whisper, wav2vec2: '7 plus vagever 8') → ok
17:06:36   ✓ master q.mp:7+?=8 t1 (bestået)
17:06:39 ✅ EOS token detected! Stopping generation at step 44
17:06:44 kald sentence k=1 t1 'Syv plus hvad giver ni?': 8.8 s for 1.72 s lyd
17:06:47   q.mp:7+?=9 t1: 1.27 s (forhold 0.68) -18.0 LUFS, alone: '7 plus hvad giver 9?' CER 0.0 (whisper, wav2vec2: 'sy plus var gier 9') → ok
17:06:47   ✓ master q.mp:7+?=9 t1 (bestået)
17:06:52 ✅ EOS token detected! Stopping generation at step 63
17:06:58 kald sentence k=1 t1 'Hvad er elleve minus fire?': 10.8 s for 2.48 s lyd
17:06:59   q.sub:11-4 t1: 1.77 s (forhold 0.63) -18.0 LUFS, alone: 'hvad er 11 minus 4' CER 0.0 (wav2vec2) → ok
17:06:59   ✓ master q.sub:11-4 t1 (bestået)
17:07:02 ✅ EOS token detected! Stopping generation at step 51
17:07:08 kald sentence k=1 t1 'Hvad er tolv minus fire?': 9.4 s for 2.00 s lyd
17:07:11   q.sub:12-4 t1: 1.39 s (forhold 0.63) -18.1 LUFS, alone: 'Hvad er 12 minus 4?' CER 0.0 (whisper, wav2vec2: 'hvaret er 12 minus 4') → ok
17:07:11   ✓ master q.sub:12-4 t1 (bestået)
17:07:15 ✅ EOS token detected! Stopping generation at step 56
17:07:22 kald sentence k=1 t1 'Hvad er tolv minus seks?': 10.5 s for 2.20 s lyd
17:07:22   q.sub:12-6 t1: 1.66 s (forhold 0.89) -18.0 LUFS, alone: 'hvad er 12 minus 6' CER 0.0 (wav2vec2) → ok
17:07:22   ✓ master q.sub:12-6 t1 (bestået)
17:07:27 forcing EOS token, long_tail=tensor(True), alignment_repetition=tensor(False), token_repetition=False
17:07:27 ✅ EOS token detected! Stopping generation at step 64
17:07:34 kald sentence k=1 t1 'Hvad er fjorten minus seks?': 11.5 s for 2.52 s lyd
17:07:34   q.sub:14-6 t1: 1.89 s (forhold 0.87) -18.05 LUFS, alone: 'hvad er 14 minus 6' CER 0.0 (wav2vec2) → ok
17:07:34   ✓ master q.sub:14-6 t1 (bestået)
17:07:39 ✅ EOS token detected! Stopping generation at step 60
17:07:50 kald sentence k=1 t1 'Hvad er fjorten minus syv?': 15.1 s for 2.36 s lyd
17:07:53   q.sub:14-7 t1: 1.62 s (forhold 0.74) -18.02 LUFS, alone: 'Hvad er 14 minus 7?' CER 0.0 (whisper, wav2vec2: 'lad er 14 minus 7') → ok
17:07:53   ✓ master q.sub:14-7 t1 (bestået)
17:07:58 ✅ EOS token detected! Stopping generation at step 62
17:08:08 kald sentence k=1 t1 'Hvad er femten minus seks?': 15.0 s for 2.44 s lyd
17:08:09   q.sub:15-6 t1: 1.73 s (forhold 0.79) -18.14 LUFS, alone: 'hvad er 15 minus 6' CER 0.0 (wav2vec2) → ok
17:08:09   ✓ master q.sub:15-6 t1 (bestået)
17:08:14 ✅ EOS token detected! Stopping generation at step 54
17:08:20 kald sentence k=1 t1 'Hvad er atten minus ni?': 10.7 s for 2.12 s lyd
17:08:20   q.sub:18-9 t1: 1.38 s (forhold 0.63) -18.02 LUFS, alone: 'hvad er 18 minus 9' CER 0.0 (wav2vec2) → ok
17:08:20   ✓ master q.sub:18-9 t1 (bestået)
17:08:25 ✅ EOS token detected! Stopping generation at step 56
17:08:31 kald sentence k=1 t1 'Jeg kan plus over tieren.': 10.9 s for 2.20 s lyd
17:08:32   s.cando.addTo20 t1: 1.63 s (forhold 0.65) -18.08 LUFS, alone: 'jeg kan plus over tieren' CER 0.0 (wav2vec2) → ok
17:08:32   ✓ master s.cando.addTo20 t1 (bestået)
17:08:37 ✅ EOS token detected! Stopping generation at step 58
17:08:43 kald sentence k=1 t1 'Jeg kan se, hvad klokken er ved hele timer.': 11.1 s for 2.28 s lyd
17:08:44   s.cando.clockHour t1: 1.70 s (forhold 0.45) -18.03 LUFS, alone: 'jeg kan se hvad klokken er ved hele timer' CER 0.0 (wav2vec2) → ok
17:08:44   ✓ master s.cando.clockHour t1 (bestået)
17:08:54 ✅ EOS token detected! Stopping generation at step 76
17:09:04 kald sentence k=1 t1 'Jeg kan trække tocifrede tal fra hinanden.': 20.3 s for 3.00 s lyd
17:09:08   s.cando.sub100NoBorrow t1: 2.29 s (forhold 0.56) -18.11 LUFS, alone: 'jeg kan trække toshifredetal fra hinanden' CER 0.0571 (wav2vec2, whisper: 'Jeg kan trække to cifrede tal fra hinanden') → FEJL asr
17:09:12 ✅ EOS token detected! Stopping generation at step 58
17:09:18 kald sentence k=1 t1 'Jeg kan minus over tieren.': 10.2 s for 2.28 s lyd
17:09:21   s.cando.subTo20 t1: 1.63 s (forhold 0.58) -18.09 LUFS, alone: 'Jeg kan minus over tieren' CER 0.0 (whisper, wav2vec2: 'jaka minus over tieren') → ok
17:09:21   ✓ master s.cando.subTo20 t1 (bestået)
17:09:26 forcing EOS token, long_tail=tensor(True), alignment_repetition=tensor(False), token_repetition=False
17:09:26 ✅ EOS token detected! Stopping generation at step 71
17:09:34 kald sentence k=1 t1 'Jeg kan plus og minus med hele tiere.': 12.3 s for 2.80 s lyd
17:09:37   s.cando.tens100 t1: 2.25 s (forhold 0.60) -18.03 LUFS, alone: 'jeg kan plus og menus med hele tigeret' CER 0.1034 (wav2vec2, whisper: 'Jeg kan plus og minus med hele ti j') → FEJL asr
17:10:45 ✅ EOS token detected! Stopping generation at step 68
17:10:52 kald sentence k=1 t1 'Skriv brøken for den farvede del.': 74.7 s for 2.68 s lyd
17:10:56   s.fractionShape.write t1: 2.05 s (forhold 0.73) -18.0 LUFS, alone: 'skriv bryggen fr den farvede de' CER 0.1852 (wav2vec2, whisper: 'Skriv bryggen for den farvede D') → FEJL asr
17:11:00 ✅ EOS token detected! Stopping generation at step 59
17:11:07 kald single k=1 t1 'Tæl baglæns i hundreder fra,': 10.8 s for 2.32 s lyd
17:11:10   s.order.countBackHundreds t1: 1.65 s (forhold 0.66) -18.08 LUFS, alone: 'Tal baglæns i hundreder fra' CER 0.0435 (whisper, wav2vec2: 'tale baulins i hundreder fra') → ok
17:11:10   ✓ master s.order.countBackHundreds t1 (bestået)
17:11:15 ✅ EOS token detected! Stopping generation at step 61
17:11:22 kald single k=1 t1 'Tæl baglæns i tiere fra,': 11.3 s for 2.40 s lyd
17:11:25   s.order.countBackTens t1: 1.66 s (forhold 0.66) -18.1 LUFS, alone: 'tal baglin i tirer fra' CER 0.2632 (wav2vec2, whisper: 'Til baglæns i tiere fra') → FEJL asr
17:11:30 ✅ EOS token detected! Stopping generation at step 58
17:11:36 kald single k=1 t1 'Tæl videre i tiere fra,': 10.7 s for 2.28 s lyd
17:11:39   s.order.countOnTens t1: 1.59 s (forhold 0.57) -18.0 LUFS, alone: 'til lidere i tigere fra' CER 0.1667 (wav2vec2, whisper: 'Til videre i ti år fra') → FEJL asr
17:11:43 ✅ EOS token detected! Stopping generation at step 47
17:11:49 kald single k=1 t1 'Byg kun enerne i,': 9.7 s for 1.84 s lyd
17:11:54   s.place.buildOnlyOnes t1: 1.07 s (forhold 0.57) -18.0 LUFS, alone: 'by kun enerne i' CER 0.0769 (wav2vec2, whisper: 'Bøg kun enderne i') → FEJL asr
17:11:59 ✅ EOS token detected! Stopping generation at step 47
17:12:05 kald single k=1 t1 'Byg kun tierne i,': 10.9 s for 1.84 s lyd
17:12:12   s.place.buildOnlyTens t1: 1.09 s (forhold 0.58) -18.07 LUFS, alone: 'by koentererne i' CER 0.3846 (wav2vec2, whisper: 'Byg kvartererne i') → FEJL asr
17:12:17 ✅ EOS token detected! Stopping generation at step 68
17:12:23 kald single k=1 t1 'Hvor mange tiere og enere er der i,': 11.4 s for 2.68 s lyd
17:12:31   s.place.howManyTensOnes t1: 2.04 s (forhold 0.50) -18.11 LUFS, alone: 'Hvor mange tigre og enere er der i' CER 0.037 (whisper, wav2vec2: 'hvor mange tiger og enere er der i') → ok
17:12:31   ✓ master s.place.howManyTensOnes t1 (bestået)
17:12:40 ✅ EOS token detected! Stopping generation at step 56
17:12:53 kald single k=1 t1 'Hvad er hundrederne værd i,': 22.1 s for 2.20 s lyd
17:13:01   s.pv.worthHundreds t1: 1.50 s (forhold 0.60) -18.16 LUFS, alone: 'Hvad er hundrederne værd i?' CER 0.0 (whisper, wav2vec2: 'hvad er hundrederne hver i') → ok
17:13:01   ✓ master s.pv.worthHundreds t1 (bestået)
17:14:30 ✅ EOS token detected! Stopping generation at step 54
17:16:42 kald single k=1 t1 'Hvad er tierne værd i,': 220.9 s for 2.12 s lyd
17:17:02   s.pv.worthTens t1: 1.31 s (forhold 0.60) -18.05 LUFS, alone: 'hvad er aterernde hver i' CER 0.4118 (wav2vec2, whisper: 'Hvad er tiderne værd i?') → FEJL asr
17:17:08 ✅ EOS token detected! Stopping generation at step 71
17:17:15 kald sentence k=1 t1 'Hvad måler man længden af en regnorm i?': 12.3 s for 2.80 s lyd
17:17:16   s.unitChoice.q.worm t1: 2.06 s (forhold 0.60) -18.06 LUFS, alone: 'hvad måler man længden af en regnorm i' CER 0.0 (wav2vec2) → ok
17:17:16   ✓ master s.unitChoice.q.worm t1 (bestået)
17:17:19 ✅ EOS token detected! Stopping generation at step 44
17:17:25 kald sentence k=1 t1 'en hundredkroneseddel.': 9.1 s for 1.72 s lyd
17:17:32   noun.coin.10000.indef.end t1: 1.15 s (forhold 0.53) -18.0 LUFS, alone: 'en 100 krontæddel' CER 0.2 (wav2vec2, whisper: 'En 100 kroner seddel') → FEJL asr
17:17:35 ✅ EOS token detected! Stopping generation at step 38
17:17:48 kald sentence k=1 t1 'en tyvekrone.': 16.3 s for 1.48 s lyd
17:17:53   noun.coin.2000.indef.end t1: 0.90 s (forhold 0.58) -18.0 LUFS, alone: 'En tyvekrone' CER 0.0 (whisper, wav2vec2: 'en 20 krone') → ok
17:17:54   ✓ master noun.coin.2000.indef.end t1 (bestået)
17:18:06 ✅ EOS token detected! Stopping generation at step 78
17:18:20 kald sentence k=1 t1 'Den er guldfarvet og mindre end tyvekronen.': 26.0 s for 3.08 s lyd
17:18:24   hint.coinNames.look.1000 t1: 2.42 s (forhold 0.60) -18.19 LUFS, alone: 'den er gu ifarvet og mindre end 20 kroe' CER 0.1111 (wav2vec2, whisper: 'Den er gulfarvet og mindre end 20 kroner') → FEJL asr
17:18:31 ✅ EOS token detected! Stopping generation at step 55
17:18:43 kald sentence k=1 t1 'en tohundredkroneseddel.': 19.4 s for 2.16 s lyd
17:18:49   noun.coin.20000.indef.end t1: 1.56 s (forhold 0.63) -18.0 LUFS, alone: 'en 200 kron sædddel' CER 0.1818 (wav2vec2, whisper: 'En 200 kroner seddel') → FEJL asr
17:18:55 ✅ EOS token detected! Stopping generation at step 40
17:19:07 kald sentence k=1 t1 'en halvtredsøre.': 17.5 s for 1.56 s lyd
17:19:11   noun.coin.50.indef.end t1: 0.97 s (forhold 0.62) -18.0 LUFS, alone: 'en h0 syer' CER 0.6429 (wav2vec2, whisper: 'En halvtreds øer') → FEJL asr
17:19:15 ✅ EOS token detected! Stopping generation at step 44
17:20:55 kald sentence k=1 t1 'Tæl pengene efter.': 103.7 s for 1.72 s lyd
17:21:04   hint.pay.countAgain t1: 1.03 s (forhold 0.55) -18.08 LUFS, alone: 'tæl pengene efter' CER 0.0 (wav2vec2) → ok
17:21:04   ✓ master hint.pay.countAgain t1 (bestået)
17:22:56 forcing EOS token, long_tail=tensor(True), alignment_repetition=tensor(False), token_repetition=False
17:22:56 ✅ EOS token detected! Stopping generation at step 38
17:23:26 kald sentence k=1 t1 'en enkrone.': 142.0 s for 1.48 s lyd
17:23:30   noun.coin.100.indef.end t1: 0.89 s (forhold 0.71) -18.16 LUFS, alone: 'en en krone' CER 0.0 (wav2vec2, whisper: 'End end kroner') → FEJL asr
17:23:34 ✅ EOS token detected! Stopping generation at step 48
17:23:46 kald sentence k=1 t1 'en halvtredskroneseddel.': 16.8 s for 1.88 s lyd
17:23:50   noun.coin.5000.indef.end t1: 1.19 s (forhold 0.54) -18.16 LUFS, alone: 'en 50 kron sæddel' CER 0.0909 (wav2vec2, whisper: 'En 50 kroner seddel') → FEJL asr
17:23:56 ✅ EOS token detected! Stopping generation at step 35
17:24:09 kald sentence k=1 t1 'en tikrone.': 19.4 s for 1.36 s lyd
17:24:18   noun.coin.1000.indef.end t1: 0.86 s (forhold 0.69) -18.0 LUFS, alone: 'en 10 krone' CER 0.0 (wav2vec2, whisper: 'End 10 kr') → FEJL asr
17:24:28 ✅ EOS token detected! Stopping generation at step 56
17:24:37 kald sentence k=1 t1 'en femhundredkroneseddel.': 19.3 s for 2.20 s lyd
17:24:42   noun.coin.50000.indef.end t1: 1.49 s (forhold 0.60) -18.0 LUFS, alone: 'en 500 kron sæddel' CER 0.1304 (wav2vec2, whisper: 'En 500 kroner seddel') → FEJL asr
17:24:47 ✅ EOS token detected! Stopping generation at step 46
17:24:58 kald sentence k=1 t1 'Tæl gruppe for gruppe.': 15.8 s for 1.80 s lyd
17:25:03   hint.groupsOf.countGroups t1: 1.25 s (forhold 0.67) -18.05 LUFS, alone: 'tel cruppe for gruppe' CER 0.1111 (wav2vec2, whisper: 'Telt gruppe for gruppe') → FEJL asr
17:25:09 ✅ EOS token detected! Stopping generation at step 60
17:25:20 kald sentence k=1 t1 'Jeg kan to-, fem- og titabellen.': 17.6 s for 2.36 s lyd
17:25:25   s.cando.mul2510 t1: 1.89 s (forhold 0.67) -18.15 LUFS, alone: 'Jeg kan 2 5 og til tabellen' CER 0.0435 (whisper, wav2vec2: 'jeg kan 2 5 og ti tabellen') → ok
17:25:25   ✓ master s.cando.mul2510 t1 (bestået)
17:25:35 ✅ EOS token detected! Stopping generation at step 90
17:25:57 kald sentence k=1 t1 'Hundrede mindre betyder, at hundrederne bliver en mindre.': 32.1 s for 3.56 s lyd
17:25:59   hint.order1000.hundredLess t1: 2.92 s (forhold 0.52) -18.15 LUFS, alone: 'hundrede mindre betyder at hundrederne bliver en mindre' CER 0.0 (wav2vec2) → ok
17:26:00   ✓ master hint.order1000.hundredLess t1 (bestået)
17:26:10 ✅ EOS token detected! Stopping generation at step 50
17:26:18 kald sentence k=1 t1 'Hop ti ad gangen fra nul.': 18.0 s for 1.96 s lyd
17:26:23   hint.nl.hopTens t1: 1.41 s (forhold 0.64) -18.09 LUFS, alone: 'Hop 10 ad gangen fra 0' CER 0.0 (whisper, wav2vec2: 'hop 1i af gangen fra 0') → ok
17:26:23   ✓ master hint.nl.hopTens t1 (bestået)
17:26:38 ✅ EOS token detected! Stopping generation at step 84
17:26:56 kald sentence k=1 t1 'Ti mindre betyder, at tierne bliver en mindre.': 32.4 s for 3.32 s lyd
17:26:58   hint.order1000.tenLess t1: 2.66 s (forhold 0.57) -18.05 LUFS, alone: 'ti mindre betyder at tigerne bliver en mindre' CER 0.027 (wav2vec2) → ok
17:26:58   ✓ master hint.order1000.tenLess t1 (bestået)
17:27:05 forcing EOS token, long_tail=tensor(True), alignment_repetition=tensor(False), token_repetition=False
17:27:05 ✅ EOS token detected! Stopping generation at step 56
17:27:14 kald sentence k=1 t1 'Et hundrede bliver til ti tiere.': 15.9 s for 2.20 s lyd
17:27:19   hint.order.hundredTenTens t1: 1.64 s (forhold 0.52) -18.05 LUFS, alone: '100 bliver til 10 tigre' CER 0.0417 (whisper, wav2vec2: '100 bliver til 10 tiger') → ok
17:27:19   ✓ master hint.order.hundredTenTens t1 (bestået)
17:27:32 forcing EOS token, long_tail=tensor(True), alignment_repetition=tensor(False), token_repetition=False
17:27:32 ✅ EOS token detected! Stopping generation at step 100
17:27:47 kald sentence k=1 t1 'Se på tierne. Tallet med flest tiere er størst.': 28.1 s for 3.96 s lyd
17:27:49   hint.order100.mostTens t1: 3.41 s (forhold 0.78) -18.1 LUFS, alone: 'se på tierne tallet med flest tigere er størst' CER 0.027 (wav2vec2) → ok
17:27:49   ✓ master hint.order100.mostTens t1 (bestået)
17:27:55 ✅ EOS token detected! Stopping generation at step 63
17:28:04 kald sentence k=1 t1 'Ti mindre er en tier mindre.': 15.4 s for 2.48 s lyd
17:28:09   hint.order100.tenLessMeans t1: 1.94 s (forhold 0.69) -18.15 LUFS, alone: '10 mindre er end 10 og mindre' CER 0.1364 (wav2vec2, whisper: 'Ti mindre er en ti og mindre') → FEJL asr
17:28:16 ✅ EOS token detected! Stopping generation at step 61
17:28:24 kald sentence k=1 t1 'Ti mere er en tier mere.': 14.4 s for 2.40 s lyd
17:28:30   hint.order100.tenMoreMeans t1: 1.80 s (forhold 0.64) -18.1 LUFS, alone: 'te mere er end 10 og mere' CER 0.2222 (wav2vec2, whisper: 'Ti mere er en ti og mere') → FEJL asr
17:28:36 ✅ EOS token detected! Stopping generation at step 56
17:28:44 kald sentence k=1 t1 'Byg en terning for hver ener.': 14.5 s for 2.20 s lyd
17:28:49   hint.place.buildCubes t1: 1.58 s (forhold 0.63) -18.0 LUFS, alone: 'Byg en terning for hver ener' CER 0.0 (whisper, wav2vec2: 'byggen terning for hver ener') → ok
17:28:49   ✓ master hint.place.buildCubes t1 (bestået)
17:29:06 ✅ EOS token detected! Stopping generation at step 114
17:29:21 kald sentence k=1 t1 'En plade er hundrede, en stang er ti, og en terning er en.': 31.5 s for 4.52 s lyd
17:29:30   hint.pv.plateRodCube t1: 3.84 s (forhold 0.72) -18.03 LUFS, alone: 'en plade af 100 en stang af 10 og en terning er 1n' CER 0.1163 (wav2vec2, whisper: 'En plade af 100 en stang af 10 og en terning af 1') → FEJL asr
17:29:39 ✅ EOS token detected! Stopping generation at step 52
17:29:51 kald sentence k=1 t1 'Byg en stang for hver tier.': 22.0 s for 2.04 s lyd
17:29:58   hint.place.buildRods t1: 1.43 s (forhold 0.65) -18.17 LUFS, alone: 'Byg en stang for hver tiger' CER 0.0476 (whisper, wav2vec2: 'bygge en stang fra hver tier') → ok
17:29:58   ✓ master hint.place.buildRods t1 (bestået)
17:30:06 forcing EOS token, long_tail=tensor(True), alignment_repetition=tensor(False), token_repetition=False
17:30:06 ✅ EOS token detected! Stopping generation at step 90
17:30:13 kald sentence k=1 t1 'Hver stang er en tier. Tæl stængerne først.': 15.1 s for 3.56 s lyd
17:30:18   hint.place.countRodsFirst t1: 2.82 s (forhold 0.82) -18.12 LUFS, alone: 'hver stang af en tier tæt stængerne først' CER 0.0882 (wav2vec2, whisper: 'Hver stang af antier tæt stængerne først') → FEJL asr
17:30:23 ✅ EOS token detected! Stopping generation at step 71
17:30:31 kald sentence k=1 t1 'Jeg kender hundreder, tiere og enere.': 12.5 s for 2.80 s lyd
17:30:32   s.cando.placeValue1000 t1: 2.15 s (forhold 0.53) -18.09 LUFS, alone: 'jeg kender hundreder tiere og enere' CER 0.0 (wav2vec2) → ok
17:30:32   ✓ master s.cando.placeValue1000 t1 (bestået)
17:30:34 ✅ EOS token detected! Stopping generation at step 36
17:30:54 kald sentence k=1 t1 'Byg det, der mangler.': 22.9 s for 1.40 s lyd
17:31:01   s.place.buildMissing t1: 1.14 s (forhold 0.73) -18.2 LUFS, alone: 'Byg det der mangler' CER 0.0 (whisper, wav2vec2: 'bygg di der mangler') → ok
17:31:01   ✓ master s.place.buildMissing t1 (bestået)
17:31:12 ✅ EOS token detected! Stopping generation at step 76
17:31:25 kald sentence k=1 t1 'Jeg kan sætte figurer sammen af andre figurer.': 24.5 s for 3.00 s lyd
17:31:32   s.cando.composeShapes t1: 2.27 s (forhold 0.48) -18.14 LUFS, alone: 'jeg kan sætte figurer sammen med andre figurer' CER 0.0789 (wav2vec2, whisper: 'Jeg kan sætte figurer sammen med andre figurer') → FEJL asr
17:31:32   ✓ master hint.symmetry.foldLine = kopi af hint.halfShape.fold (samme tekst)
17:31:32 færdig: 209 nye mastere (0 ikke bestået, 1 kopier), 164 modelkald, 81.6 min generering (CPU 4.37 t), 511 klip mangler
