06:11:42 generate.py --wave 1 --threads 2 --max-minutes 100 --retake-from voice/qa.json (log: /home/user/wt/voice/talvennerne2/voice/logs/generate-20261003-061142.log)
06:11:42 frag.laeg: take 1 afvist af sammensætningstesten, genereres igen
06:11:42 hog.300: ingen takes tilbage til en ny take
06:11:42 n.mid.17: ingen takes tilbage til en ny take
06:11:42 noun.thing.ball.pl: ingen takes tilbage til en ny take
06:11:42 noun.thing.cube.sg: ingen takes tilbage til en ny take
06:11:42 op.er_lig_med: ingen takes tilbage til en ny take
06:11:42 s.order20.countBack: ingen takes tilbage til en ny take
06:11:42 s.order20.countOn: ingen takes tilbage til en ny take
06:11:42 s.patterns.continue: ingen takes tilbage til en ny take
06:11:43 1220 klip valgt, 1219 færdige, 1 at lave
06:15:21 input frame rate=25
06:16:40 Could not load Cangjie mapping: An error happened while trying to locate the file on the Hub and we cannot find the requested files in the local cache. Please check your connection and try again or make sure your Internet connection is on.
06:16:48 model indlæst på 285 s (2 tråde)
06:16:55 ✅ EOS token detected! Stopping generation at step 21
06:17:15 kald single k=1 t2 'Læg,': 27.3 s for 0.80 s lyd
06:17:17   frag.laeg t2: 0.34 s (forhold 1.10) -18.16 LUFS, none: 'None' CER None (None) → ok
06:17:27   sammensat frag.laeg + n.end.5: 'Læg 5' CER 0.000 (whisper, wav2vec2: 'lik 5') → ok
06:17:31   sammensat frag.laeg + n.end.4: 'Læg 4' CER 0.000 (whisper, wav2vec2: 'lik 4') → ok
06:17:31 sammensætning runde 1: 1 af 1 bestået
06:17:31   ✓ master frag.laeg t2 (bestået)
06:17:31 færdig: 1 nye mastere (0 ikke bestået, 0 kopier), 1 modelkald, 0.5 min generering (CPU 0.01 t), 0 klip mangler
