16:54:10 generate.py --wave 1 --threads 2 --max-minutes 100 (log: /home/user/wt/voice/talvennerne2/voice/logs/generate-20261001-165410.log)
16:54:10 926 klip valgt, 66 færdige, 860 at lave
16:54:28 input frame rate=25
16:54:34 Could not load Cangjie mapping: An error happened while trying to locate the file on the Hub and we cannot find the requested files in the local cache. Please check your connection and try again or make sure your Internet connection is on.
16:54:35 model indlæst på 22 s (2 tråde)
16:54:37 ✅ EOS token detected! Stopping generation at step 20
16:54:46 kald single k=1 t0 'Ja': 11.4 s for 0.76 s lyd
16:54:47   s.ui.yes t0: 0.26 s (forhold 0.83) -18.12 LUFS, none: 'None' CER None (None) → ok
16:55:13 ✅ EOS token detected! Stopping generation at step 205
16:55:32 kald sentence k=4 t0 'Når man tager det hele væk, er der nul tilbage. Hvad er en plus seks? ': 44.9 s for 8.16 s lyd
16:55:44   hint.addsub.allGone t0: 2.22 s (forhold 0.51) -18.04 LUFS, alone: 'når man tager det hele væk er der noget tilbage' CER 0.1111 (wav2vec2, whisper: 'Når man tager det hele væk er der noget tilbage') → FEJL asr
16:55:45   q.add:1+6 t0: 1.42 s (forhold 0.91) -18.0 LUFS, alone: 'hvad er en plus 6' CER 0.0 (wav2vec2) → ok
16:55:45   q.add:7+3 t0: 1.37 s (forhold 0.88) -18.07 LUFS, alone: 'hvad er 7 plus 3' CER 0.0 (wav2vec2) → ok
16:55:45   q.sub:6-3 t0: 1.24 s (forhold 0.66) -18.0 LUFS, alone: 'hvad er 6 minus 3' CER 0.0 (wav2vec2) → ok
16:55:45   ✓ master q.add:1+6 t0 (bestået)
16:55:45   ✓ master q.add:7+3 t0 (bestået)
16:55:45   ✓ master q.sub:6-3 t0 (bestået)
16:56:04 ✅ EOS token detected! Stopping generation at step 145
16:56:21 kald sentence k=4 t0 'og tæl hoppene. Hvad er en plus syv? Hvad er otte plus nul? Hvad er se': 35.3 s for 5.76 s lyd
16:56:26   hint.addsub.countHops t0: 0.84 s (forhold 0.54) -18.14 LUFS, alone: 'og til hoppene' CER 0.0833 (wav2vec2, whisper: 'Og til hoppende') → FEJL asr
16:56:30   q.add:1+7 t0: 0.86 s (forhold 0.55) -18.05 LUFS, alone: 'varen plus 7' CER 0.2 (wav2vec2, whisper: 'Van plus 7') → FEJL asr
16:56:35   q.add:8+0 t0: 1.07 s (forhold 0.57) -18.0 LUFS, alone: 'hvad er et 8 plus 0' CER 0.1176 (wav2vec2, whisper: 'Hvert ordepus 0') → FEJL asr
16:56:35   q.sub:6-4 t0: 1.24 s (forhold 0.57) -18.15 LUFS, alone: 'hvad er 6 minus 4' CER 0.0 (wav2vec2) → ok
16:56:35   ✓ master q.sub:6-4 t0 (bestået)
16:56:54 ✅ EOS token detected! Stopping generation at step 143
16:57:10 kald sentence k=4 t0 'Hop en gang tilbage. Hvad er en plus otte? Hvad er otte plus en? Hvad ': 34.5 s for 5.68 s lyd
16:57:16   hint.addsub.hopBack.1 t0: 1.04 s (forhold 0.56) -18.12 LUFS, alone: 'Hop en gang tilbage' CER 0.0 (whisper, wav2vec2: 'hop engang tilbage') → ok
16:57:20   q.add:1+8 t0: 1.00 s (forhold 0.53) -18.14 LUFS, alone: 'varen plus 8' CER 0.1875 (wav2vec2, whisper: 'Vand plus 8') → FEJL asr
16:57:21   q.add:8+1 t0: 1.13 s (forhold 0.60) -18.0 LUFS, alone: 'hvad er 8 plus 1' CER 0.0 (wav2vec2) → ok
16:57:21   q.sub:6-5 t0: 1.17 s (forhold 0.63) -18.07 LUFS, alone: 'hvad er 6 minus 5' CER 0.0 (wav2vec2) → ok
16:57:21   ✓ master hint.addsub.hopBack.1 t0 (bestået)
16:57:21   ✓ master q.add:8+1 t0 (bestået)
16:57:21   ✓ master q.sub:6-5 t0 (bestået)
16:57:41 ✅ EOS token detected! Stopping generation at step 160
16:57:59 kald sentence k=4 t0 'Hop ti gange tilbage. Hvad er en plus ni? Hvad er otte plus to? Hvad e': 37.6 s for 6.36 s lyd
16:58:00   hint.addsub.hopBack.10 t0: 1.14 s (forhold 0.52) -18.07 LUFS, alone: 'hop 10 gange tilbage' CER 0.0 (wav2vec2) → ok
16:58:01   q.add:1+9 t0: 0.93 s (forhold 0.59) -18.14 LUFS, alone: 'hvad er en plus 9' CER 0.0 (wav2vec2) → ok
16:58:01   q.add:8+2 t0: 1.15 s (forhold 0.61) -18.09 LUFS, alone: 'hvad er 8 plus 2' CER 0.0 (wav2vec2) → ok
16:58:06   q.sub:6-6 t0: 1.42 s (forhold 0.76) -18.0 LUFS, alone: 'Hvad er 6 minus 6?' CER 0.0 (whisper, wav2vec2: 'hverer 6 minu6') → ok
16:58:06   ✓ master hint.addsub.hopBack.10 t0 (bestået)
16:58:06   ✓ master q.add:1+9 t0 (bestået)
16:58:06   ✓ master q.add:8+2 t0 (bestået)
16:58:06   ✓ master q.sub:6-6 t0 (bestået)
16:58:26 ✅ EOS token detected! Stopping generation at step 159
16:58:43 kald sentence k=4 t0 'Hop to gange tilbage. Hvad er ti plus nul? Hvad er ni plus nul? Hvad e': 37.2 s for 6.32 s lyd
16:58:49   hint.addsub.hopBack.2 t0: 1.05 s (forhold 0.48) -18.11 LUFS, alone: 'Hop to gange tilbage' CER 0.0 (whisper, wav2vec2: 'hop 2o gange tilbage') → ok
16:58:50   q.add:10+0 t0: 1.27 s (forhold 0.81) -18.06 LUFS, alone: 'hvad er 10 plus 0' CER 0.0 (wav2vec2) → ok
16:58:55   q.add:9+0 t0: 1.32 s (forhold 0.84) -18.05 LUFS, alone: 'Hvad er 9 plus 0?' CER 0.0 (whisper, wav2vec2: 'hvad er 9plu0') → ok
16:59:00   q.sub:7-0 t0: 1.48 s (forhold 0.79) -18.08 LUFS, alone: 'Hvad er 7 minus 0?' CER 0.0 (whisper, wav2vec2: 'vad er 7 minus0') → ok
16:59:00   ✓ master hint.addsub.hopBack.2 t0 (bestået)
16:59:00   ✓ master q.add:10+0 t0 (bestået)
16:59:00   ✓ master q.add:9+0 t0 (bestået)
16:59:00   ✓ master q.sub:7-0 t0 (bestået)
16:59:22 ✅ EOS token detected! Stopping generation at step 177
16:59:41 kald sentence k=4 t0 'Hop tre gange tilbage. Hvad er to plus nul? Hvad er ni plus en? Hvad e': 41.3 s for 7.04 s lyd
16:59:43   hint.addsub.hopBack.3 t0: 1.16 s (forhold 0.53) -18.05 LUFS, alone: 'hop 3 gange tilbage' CER 0.0 (wav2vec2) → ok
16:59:48   q.add:2+0 t0: 1.34 s (forhold 0.86) -18.07 LUFS, alone: 'Hvad er 2 plus 0?' CER 0.0 (whisper, wav2vec2: 'hvad er 2000') → ok
16:59:48   q.add:9+1 t0: 1.45 s (forhold 0.93) -18.12 LUFS, alone: 'hvad er 9 plus 1' CER 0.0 (wav2vec2) → ok
16:59:53   q.sub:7-1 t0: 1.56 s (forhold 0.83) -18.0 LUFS, alone: 'Hvad er 7 minus 1?' CER 0.0 (whisper, wav2vec2: 'hvad er 7 minus e') → ok
16:59:53   ✓ master hint.addsub.hopBack.3 t0 (bestået)
16:59:53   ✓ master q.add:2+0 t0 (bestået)
16:59:53   ✓ master q.add:9+1 t0 (bestået)
16:59:53   ✓ master q.sub:7-1 t0 (bestået)
17:00:14 ✅ EOS token detected! Stopping generation at step 163
17:00:32 kald sentence k=4 t0 'Hop fire gange tilbage. Hvad er to plus en? Hvad er nul minus nul? Hva': 39.0 s for 6.48 s lyd
17:00:39   hint.addsub.hopBack.4 t0: 1.18 s (forhold 0.47) -18.12 LUFS, alone: 'hap fr gange tilbage' CER 0.1579 (wav2vec2, whisper: 'Hoppede fire gange tilbage') → FEJL asr
17:00:39   q.add:2+1 t0: 1.00 s (forhold 0.64) -18.17 LUFS, alone: 'hvad er 2 plus 1' CER 0.0 (wav2vec2) → ok
17:00:45   q.sub:0-0 t0: 1.48 s (forhold 0.79) -18.07 LUFS, alone: 'Hvad er 0 minus 0?' CER 0.0 (whisper, wav2vec2: 'hvadet er 0 minus 0') → ok
17:00:49   q.sub:7-3 t0: 1.33 s (forhold 0.71) -18.0 LUFS, alone: 'Hvad er 7 minus 3?' CER 0.0 (whisper, wav2vec2: 'hvadt er 7 minus 3') → ok
17:00:49   ✓ master q.add:2+1 t0 (bestået)
17:00:49   ✓ master q.sub:0-0 t0 (bestået)
17:00:49   ✓ master q.sub:7-3 t0 (bestået)
17:01:08 ✅ EOS token detected! Stopping generation at step 153
17:01:25 kald sentence k=4 t0 'Hop fem gange tilbage. Hvad er to plus to? Hvad er en minus nul? Hvad ': 36.2 s for 6.08 s lyd
17:01:27   hint.addsub.hopBack.5 t0: 1.16 s (forhold 0.53) -18.16 LUFS, alone: 'hop 5 gange tilbage' CER 0.0 (wav2vec2) → ok
17:01:28   q.add:2+2 t0: 0.89 s (forhold 0.57) -18.09 LUFS, alone: 'hvad er 2 plus 2' CER 0.0 (wav2vec2) → ok
17:01:33   q.sub:1-0 t0: 0.98 s (forhold 0.52) -18.08 LUFS, alone: 'hvader en minusnu' CER 0.0625 (wav2vec2, whisper: 'Hvad er en minusnul?') → FEJL asr
17:01:33   q.sub:7-4 t0: 1.24 s (forhold 0.57) -18.1 LUFS, alone: 'hvad er 7 minus 4' CER 0.0 (wav2vec2) → ok
17:01:33   ✓ master hint.addsub.hopBack.5 t0 (bestået)
17:01:33   ✓ master q.add:2+2 t0 (bestået)
17:01:33   ✓ master q.sub:7-4 t0 (bestået)
17:01:54 ✅ EOS token detected! Stopping generation at step 162
17:02:12 kald sentence k=4 t0 'Hop seks gange tilbage. Hvad er to plus tre? Hvad er en minus en? Hvad': 39.1 s for 6.44 s lyd
17:02:14   hint.addsub.hopBack.6 t0: 1.28 s (forhold 0.58) -18.11 LUFS, alone: 'hop 6 gange tilbage' CER 0.0 (wav2vec2) → ok
17:02:14   q.add:2+3 t0: 1.02 s (forhold 0.65) -18.08 LUFS, alone: 'hvad er 2 plus 3' CER 0.0 (wav2vec2) → ok
17:02:15   q.sub:1-1 t0: 1.22 s (forhold 0.65) -18.09 LUFS, alone: 'hvad er en minus én' CER 0.0 (wav2vec2) → ok
17:02:19   q.sub:7-5 t0: 1.19 s (forhold 0.64) -18.06 LUFS, alone: 'hved er 7 minus 5' CER 0.0588 (wav2vec2, whisper: 'Hver 7 minus 5') → FEJL asr
17:02:19   ✓ master hint.addsub.hopBack.6 t0 (bestået)
17:02:19   ✓ master q.add:2+3 t0 (bestået)
17:02:19   ✓ master q.sub:1-1 t0 (bestået)
17:02:39 ✅ EOS token detected! Stopping generation at step 163
17:02:56 kald sentence k=4 t0 'Hop syv gange tilbage. Hvad er to plus fire? Hvad er ti minus nul? Hva': 36.9 s for 6.48 s lyd
17:02:58   hint.addsub.hopBack.7 t0: 1.17 s (forhold 0.54) -18.07 LUFS, alone: 'hop 7 gange tilbage' CER 0.0 (wav2vec2) → ok
17:02:58   q.add:2+4 t0: 1.17 s (forhold 0.62) -18.11 LUFS, alone: 'hvad er 2 plus 4' CER 0.0 (wav2vec2) → ok
17:02:59   q.sub:10-0 t0: 1.12 s (forhold 0.60) -18.05 LUFS, alone: 'hvad er 10 minus 0' CER 0.0 (wav2vec2) → ok
17:02:59   q.sub:7-6 t0: 1.31 s (forhold 0.70) -18.0 LUFS, alone: 'hvad er 7 minus 6' CER 0.0 (wav2vec2) → ok
17:02:59   ✓ master hint.addsub.hopBack.7 t0 (bestået)
17:02:59   ✓ master q.add:2+4 t0 (bestået)
17:02:59   ✓ master q.sub:10-0 t0 (bestået)
17:02:59   ✓ master q.sub:7-6 t0 (bestået)
17:03:19 ✅ EOS token detected! Stopping generation at step 154
17:03:36 kald sentence k=4 t0 'Hop otte gange tilbage. Hvad er to plus seks? Hvad er ti minus en? Hva': 36.9 s for 6.12 s lyd
17:03:43   hint.addsub.hopBack.8 t0: 1.27 s (forhold 0.51) -18.13 LUFS, alone: 'Hop otte gange tilbage' CER 0.0 (whisper, wav2vec2: 'hop o gange tilbage') → ok
17:03:43   q.add:2+6 t0: 1.16 s (forhold 0.74) -18.07 LUFS, alone: 'hvad er 2plus 6' CER 0.0 (wav2vec2) → ok
17:03:44   q.sub:10-1 t0: 1.24 s (forhold 0.66) -18.08 LUFS, alone: 'hvad er 10 minus 1' CER 0.0 (wav2vec2) → ok
17:03:49   q.sub:7-7 t0: 1.13 s (forhold 0.60) -18.0 LUFS, alone: 'hved er 7 minur 7' CER 0.1176 (wav2vec2, whisper: 'Hvad er 7 minus minus 7?') → FEJL asr
17:03:49   ✓ master hint.addsub.hopBack.8 t0 (bestået)
17:03:49   ✓ master q.add:2+6 t0 (bestået)
17:03:49   ✓ master q.sub:10-1 t0 (bestået)
17:04:09 forcing EOS token, long_tail=tensor(True), alignment_repetition=tensor(False), token_repetition=False
17:04:09 ✅ EOS token detected! Stopping generation at step 159
17:04:27 kald sentence k=4 t0 'Hop ni gange tilbage. Hvad er to plus syv? Hvad er ti minus ti? Hvad e': 38.2 s for 6.32 s lyd
17:04:29   hint.addsub.hopBack.9 t0: 1.12 s (forhold 0.51) -18.18 LUFS, alone: 'hop 9 gange tilbage' CER 0.0 (wav2vec2) → ok
17:04:34   q.add:2+7 t0: 1.02 s (forhold 0.65) -18.0 LUFS, alone: 'hvad er 2pus 7' CER 0.0667 (wav2vec2, whisper: 'Hvad er topos 7?') → FEJL asr
17:04:34   q.sub:10-10 t0: 1.07 s (forhold 0.57) -18.0 LUFS, alone: 'hvad er 10 minus 10' CER 0.0 (wav2vec2) → ok
17:04:35   q.sub:8-0 t0: 1.46 s (forhold 0.67) -18.05 LUFS, alone: 'hvad er 8 minus 0' CER 0.0 (wav2vec2) → ok
17:04:35   ✓ master hint.addsub.hopBack.9 t0 (bestået)
17:04:35   ✓ master q.sub:10-10 t0 (bestået)
17:04:35   ✓ master q.sub:8-0 t0 (bestået)
17:04:53 ✅ EOS token detected! Stopping generation at step 142
17:05:09 kald sentence k=4 t0 'Hop en gang frem. Hvad er to plus otte? Hvad er ti minus to? Hvad er o': 34.7 s for 5.64 s lyd
17:05:15   hint.addsub.hopForward.1 t0: 0.86 s (forhold 0.69) -18.15 LUFS, alone: 'Hop en gang frem' CER 0.0 (whisper, wav2vec2: 'hoppingang frem') → ok
17:05:16   q.add:2+8 t0: 1.11 s (forhold 0.59) -18.15 LUFS, alone: 'hvad er 2 plus 8' CER 0.0 (wav2vec2) → ok
17:05:16   q.sub:10-2 t0: 1.11 s (forhold 0.59) -18.1 LUFS, alone: 'hvad er 10 minus 2' CER 0.0 (wav2vec2) → ok
17:05:22   q.sub:8-1 t0: 1.26 s (forhold 0.57) -18.13 LUFS, alone: 'Hvad er 8 minus 1?' CER 0.0 (whisper, wav2vec2: 'hvad er 8 minus é') → ok
17:05:22   ✓ master hint.addsub.hopForward.1 t0 (bestået)
17:05:22   ✓ master q.add:2+8 t0 (bestået)
17:05:22   ✓ master q.sub:10-2 t0 (bestået)
17:05:22   ✓ master q.sub:8-1 t0 (bestået)
17:05:41 forcing EOS token, long_tail=tensor(True), alignment_repetition=tensor(False), token_repetition=False
17:05:41 ✅ EOS token detected! Stopping generation at step 150
17:05:59 kald sentence k=4 t0 'Hop to gange frem. Hvad er tre plus nul? Hvad er ti minus fire? Hvad e': 36.5 s for 5.96 s lyd
17:06:05   hint.addsub.hopForward.2 t0: 0.96 s (forhold 0.61) -18.14 LUFS, alone: 'op 2 gange frem' CER 0.0714 (wav2vec2, whisper: 'Op to gange fra') → FEJL asr
17:06:06   q.add:3+0 t0: 1.06 s (forhold 0.68) -18.09 LUFS, alone: 'hvad er 3 plus 0' CER 0.0 (wav2vec2) → ok
17:06:06   q.sub:10-4 t0: 1.17 s (forhold 0.54) -18.17 LUFS, alone: 'hvad er 10 minus 4' CER 0.0 (wav2vec2) → ok
17:06:06   q.sub:8-2 t0: 1.14 s (forhold 0.52) -18.0 LUFS, alone: 'hvad er 8 minus 2' CER 0.0 (wav2vec2) → ok
17:06:06   ✓ master q.add:3+0 t0 (bestået)
17:06:06   ✓ master q.sub:10-4 t0 (bestået)
17:06:06   ✓ master q.sub:8-2 t0 (bestået)
17:06:27 ✅ EOS token detected! Stopping generation at step 158
17:06:46 kald sentence k=4 t0 'Hop tre gange frem. Hvad er tre plus en? Hvad er ti minus fem? Hvad er': 39.6 s for 6.28 s lyd
17:06:53   hint.addsub.hopForward.3 t0: 0.98 s (forhold 0.63) -18.09 LUFS, alone: 'hop 3e gange frem' CER 0.0667 (wav2vec2, whisper: 'Op 3 gange frem') → FEJL asr
17:06:53   q.add:3+1 t0: 1.06 s (forhold 0.68) -18.1 LUFS, alone: 'hvad er 3 plus 1' CER 0.0 (wav2vec2) → ok
17:06:53   q.sub:10-5 t0: 1.14 s (forhold 0.61) -18.0 LUFS, alone: 'hvad er 10 minus 5' CER 0.0 (wav2vec2) → ok
17:06:54   q.sub:8-3 t0: 1.44 s (forhold 0.66) -18.0 LUFS, alone: 'hvad er 8 minus 3' CER 0.0 (wav2vec2) → ok
17:06:54   ✓ master q.add:3+1 t0 (bestået)
17:06:54   ✓ master q.sub:10-5 t0 (bestået)
17:06:54   ✓ master q.sub:8-3 t0 (bestået)
17:07:16 ✅ EOS token detected! Stopping generation at step 170
17:07:38 kald sentence k=4 t0 'Hop fire gange frem. Hvad er tre plus to? Hvad er ti minus seks? Hvad ': 44.3 s for 6.76 s lyd
17:07:45   hint.addsub.hopForward.4 t0: 1.11 s (forhold 0.59) -18.17 LUFS, alone: 'Hop fire gange frem' CER 0.0 (whisper, wav2vec2: 'hop 4r gange frem') → ok
17:07:50   q.add:3+2 t0: 1.13 s (forhold 0.72) -18.0 LUFS, alone: 'Hvad er 3 plus 2?' CER 0.0 (whisper, wav2vec2: 'hvaret er 3 plus 2') → ok
17:07:51   q.sub:10-6 t0: 1.23 s (forhold 0.66) -18.0 LUFS, alone: 'hvad er 10 minus 6' CER 0.0 (wav2vec2) → ok
17:07:51   q.sub:8-4 t0: 1.60 s (forhold 0.64) -18.03 LUFS, alone: 'hvad er 8 minus 4' CER 0.0 (wav2vec2) → ok
17:07:51   ✓ master hint.addsub.hopForward.4 t0 (bestået)
17:07:51   ✓ master q.add:3+2 t0 (bestået)
17:07:51   ✓ master q.sub:10-6 t0 (bestået)
17:07:51   ✓ master q.sub:8-4 t0 (bestået)
17:08:13 ✅ EOS token detected! Stopping generation at step 154
17:08:31 kald sentence k=4 t0 'Hop fem gange frem. Hvad er tre plus tre? Hvad er ti minus syv? Hvad e': 39.7 s for 6.12 s lyd
17:08:33   hint.addsub.hopForward.5 t0: 1.05 s (forhold 0.67) -18.09 LUFS, alone: 'hop 5 gange frem' CER 0.0 (wav2vec2) → ok
17:08:37   q.add:3+3 t0: 1.01 s (forhold 0.65) -18.19 LUFS, alone: 'Hvad er 3 plus 3?' CER 0.0 (whisper, wav2vec2: 'hvad er 3 pus 3') → ok
17:08:38   q.sub:10-7 t0: 1.04 s (forhold 0.55) -18.0 LUFS, alone: 'hvad er 10 minus 7' CER 0.0 (wav2vec2) → ok
17:08:42   q.sub:8-5 t0: 1.08 s (forhold 0.49) -18.13 LUFS, alone: 'hvad e 8 minus 5' CER 0.0556 (wav2vec2, whisper: 'Hver 8 minus 5') → FEJL asr
17:08:42   ✓ master hint.addsub.hopForward.5 t0 (bestået)
17:08:42   ✓ master q.add:3+3 t0 (bestået)
17:08:42   ✓ master q.sub:10-7 t0 (bestået)
17:09:06 ✅ EOS token detected! Stopping generation at step 192
17:09:25 kald sentence k=4 t0 'Minus betyder, at nogle bliver taget væk. Hvad er tre plus fem? Hvad e': 43.1 s for 7.64 s lyd
17:09:27   hint.addsub.minusMeansLess t0: 2.10 s (forhold 0.52) -18.18 LUFS, alone: 'minus betyder at nogle bliver taget væk' CER 0.0 (wav2vec2) → ok
17:09:32   q.add:3+5 t0: 1.17 s (forhold 0.75) -18.0 LUFS, alone: 'Hvad er 3 plus 5?' CER 0.0 (whisper, wav2vec2: 'hvad er 3re blus 5') → ok
17:09:33   q.sub:10-8 t0: 1.43 s (forhold 0.65) -18.0 LUFS, alone: 'hvad er 10 minus 8' CER 0.0 (wav2vec2) → ok
17:09:33   q.sub:8-6 t0: 1.41 s (forhold 0.65) -18.0 LUFS, alone: 'hvad er 8 minus 6' CER 0.0 (wav2vec2) → ok
17:09:33   ✓ master hint.addsub.minusMeansLess t0 (bestået)
17:09:33   ✓ master q.add:3+5 t0 (bestået)
17:09:33   ✓ master q.sub:10-8 t0 (bestået)
17:09:33   ✓ master q.sub:8-6 t0 (bestået)
17:09:58 ✅ EOS token detected! Stopping generation at step 199
17:10:17 kald sentence k=4 t0 'Minus nul giver det samme tal. Hvad er tre plus seks? Hvad er ti minus': 44.1 s for 7.92 s lyd
17:10:19   hint.addsub.minusZero t0: 1.78 s (forhold 0.63) -18.02 LUFS, alone: 'minus n0 giver det samme tal' CER 0.0417 (wav2vec2) → ok
17:10:20   q.add:3+6 t0: 1.53 s (forhold 0.98) -18.04 LUFS, alone: 'hvad er 3 plus 6' CER 0.0 (wav2vec2) → ok
17:10:20   q.sub:10-9 t0: 1.35 s (forhold 0.72) -18.11 LUFS, alone: 'hvad er 10 minus 9' CER 0.0 (wav2vec2) → ok
17:10:20   q.sub:8-7 t0: 1.59 s (forhold 0.73) -18.04 LUFS, alone: 'hvad er 8 minus 7' CER 0.0 (wav2vec2) → ok
17:10:20   ✓ master hint.addsub.minusZero t0 (bestået)
17:10:20   ✓ master q.add:3+6 t0 (bestået)
17:10:20   ✓ master q.sub:10-9 t0 (bestået)
17:10:20   ✓ master q.sub:8-7 t0 (bestået)
17:10:42 ✅ EOS token detected! Stopping generation at step 174
17:11:01 kald sentence k=4 t0 'Plus betyder, at der kommer flere til. Hvad er tre plus syv? Hvad er t': 40.9 s for 6.92 s lyd
17:11:03   hint.addsub.plusMeansMore t0: 1.79 s (forhold 0.52) -18.15 LUFS, alone: 'plus betyder at der kommer flere til' CER 0.0 (wav2vec2) → ok
17:11:04   q.add:3+7 t0: 1.19 s (forhold 0.76) -18.0 LUFS, alone: 'hvad er 3 plus 7' CER 0.0 (wav2vec2) → ok
17:11:08   q.sub:2-0 t0: 1.10 s (forhold 0.59) -18.11 LUFS, alone: 'hver er 2 minus 0' CER 0.125 (wav2vec2, whisper: 'Hver 2 minus 0') → FEJL asr
17:11:13   q.sub:9-0 t0: 1.09 s (forhold 0.58) -18.11 LUFS, alone: 'hver er 9 minus n0' CER 0.1875 (wav2vec2, whisper: 'Hver 9 minus 0') → FEJL asr
17:11:13   ✓ master hint.addsub.plusMeansMore t0 (bestået)
17:11:13   ✓ master q.add:3+7 t0 (bestået)
17:11:39 ✅ EOS token detected! Stopping generation at step 202
17:11:59 kald sentence k=4 t0 'Plus nul giver det samme tal. Hvad er fire plus nul? Hvad er to minus ': 45.3 s for 8.04 s lyd
17:12:01   hint.addsub.plusZero t0: 2.04 s (forhold 0.82) -18.06 LUFS, alone: 'plus 0 giver det samme tal' CER 0.0 (wav2vec2) → ok
17:12:01   q.add:4+0 t0: 1.52 s (forhold 0.81) -18.18 LUFS, alone: 'hvad er 4plus 0' CER 0.0 (wav2vec2) → ok
17:12:02   q.sub:2-1 t0: 1.46 s (forhold 0.78) -18.1 LUFS, alone: 'hvad er 2 minus 1' CER 0.0 (wav2vec2) → ok
17:12:02   q.sub:9-1 t0: 1.53 s (forhold 0.81) -18.17 LUFS, alone: 'hvad er 9 minus 1' CER 0.0 (wav2vec2) → ok
17:12:02   ✓ master hint.addsub.plusZero t0 (bestået)
17:12:02   ✓ master q.add:4+0 t0 (bestået)
17:12:02   ✓ master q.sub:2-1 t0 (bestået)
17:12:02   ✓ master q.sub:9-1 t0 (bestået)
17:12:26 ✅ EOS token detected! Stopping generation at step 191
17:12:47 kald sentence k=4 t0 'Tæl de tomme felter i ti-rammen. Hvad er fire plus en? Hvad er to minu': 45.3 s for 7.60 s lyd
17:12:50   hint.tenFriends.countEmpty t0: 2.10 s (forhold 0.67) -18.06 LUFS, alone: 'til de tommefelter i tirammen' CER 0.04 (wav2vec2) → ok
17:12:55   q.add:4+1 t0: 1.38 s (forhold 0.74) -18.13 LUFS, alone: 'Hvad er 4 plus 1?' CER 0.0 (whisper, wav2vec2: 'hvad er f plus 1') → ok
17:12:55   q.sub:2-2 t0: 1.10 s (forhold 0.58) -18.0 LUFS, alone: 'hvad er 2 minus 2' CER 0.0 (wav2vec2) → ok
17:12:56   q.sub:9-2 t0: 1.08 s (forhold 0.58) -18.06 LUFS, alone: 'hvad er 9 minus 2' CER 0.0 (wav2vec2) → ok
17:12:56   ✓ master hint.tenFriends.countEmpty t0 (bestået)
17:12:56   ✓ master q.add:4+1 t0 (bestået)
17:12:56   ✓ master q.sub:2-2 t0 (bestået)
17:12:56   ✓ master q.sub:9-2 t0 (bestået)
17:13:23 ✅ EOS token detected! Stopping generation at step 209
17:13:45 kald sentence k=4 t0 'Ti-rammen er tom, så alle ti felter mangler. Hvad er fire plus to? Hva': 49.1 s for 8.32 s lyd
17:13:53   hint.tenFriends.empty t0: 2.54 s (forhold 0.63) -18.08 LUFS, alone: 'Tirammen er tom så alle 10 felter mangler' CER 0.0 (whisper, wav2vec2: 'tirammen er tom sig alle ti felter mangler') → ok
17:13:58   q.add:4+2 t0: 1.30 s (forhold 0.69) -18.04 LUFS, alone: 'Hvad er 4 plus 2?' CER 0.0 (whisper, wav2vec2: 'hvad er f plus 2') → ok
17:14:03   q.sub:3-0 t0: 1.20 s (forhold 0.64) -18.06 LUFS, alone: 'Hvad er 3 minus 0?' CER 0.0 (whisper, wav2vec2: 'hvar er 3 minus nu') → ok
17:14:09   q.sub:9-3 t0: 1.33 s (forhold 0.71) -18.0 LUFS, alone: 'hvadet er han 9 minus 3' CER 0.3125 (wav2vec2, whisper: 'Hvad er 9 minus minus 3?') → FEJL asr
17:14:09   ✓ master hint.tenFriends.empty t0 (bestået)
17:14:09   ✓ master q.add:4+2 t0 (bestået)
17:14:09   ✓ master q.sub:3-0 t0 (bestået)
17:14:36 ✅ EOS token detected! Stopping generation at step 211
17:15:00 kald sentence k=4 t0 'Ti-rammen er allerede fuld. Hvad er fire plus tre? Hvad er tre minus e': 50.6 s for 8.40 s lyd
17:15:03   hint.tenFriends.full t0: 1.59 s (forhold 0.57) -18.07 LUFS, alone: 'tirammen er allerede fuldt' CER 0.0455 (wav2vec2) → ok
17:15:04   q.add:4+3 t0: 1.53 s (forhold 0.81) -18.06 LUFS, alone: 'hvad er 4 plus 3' CER 0.0 (wav2vec2) → ok
17:15:04   q.sub:3-1 t0: 1.58 s (forhold 0.84) -18.0 LUFS, alone: 'hvad er 3 minus 1' CER 0.0 (wav2vec2) → ok
17:15:05   q.sub:9-4 t0: 1.76 s (forhold 0.81) -18.04 LUFS, alone: 'hvad er 9 minus 4' CER 0.0 (wav2vec2) → ok
17:15:05   ✓ master hint.tenFriends.full t0 (bestået)
17:15:05   ✓ master q.add:4+3 t0 (bestået)
17:15:05   ✓ master q.sub:3-1 t0 (bestået)
17:15:05   ✓ master q.sub:9-4 t0 (bestået)
17:15:30 ✅ EOS token detected! Stopping generation at step 187
17:15:52 kald sentence k=4 t0 'Hvad er nul plus en? Hvad er fire plus fire? Hvad er tre minus to? Hva': 46.7 s for 7.44 s lyd
17:15:54   q.add:0+1 t0: 1.30 s (forhold 0.84) -18.13 LUFS, alone: 'hvad er 0plus 1' CER 0.0 (wav2vec2) → ok
17:16:01   q.add:4+4 t0: 1.51 s (forhold 0.69) -18.06 LUFS, alone: 'Hvad er 4 plus 4?' CER 0.0 (whisper, wav2vec2: 'hvadet er 4 plus 4') → ok
17:16:05   q.sub:3-2 t0: 1.39 s (forhold 0.74) -18.02 LUFS, alone: 'Hvad er 3 minus 2?' CER 0.0 (whisper, wav2vec2: 'vadt er 3 minus 2') → ok
17:16:10   q.sub:9-6 t0: 1.56 s (forhold 0.83) -18.0 LUFS, alone: 'Hvad er 9 minus 6?' CER 0.0 (whisper, wav2vec2: 'vadet er 9 minus 6') → ok
17:16:10   ✓ master q.add:0+1 t0 (bestået)
17:16:10   ✓ master q.add:4+4 t0 (bestået)
17:16:10   ✓ master q.sub:3-2 t0 (bestået)
17:16:10   ✓ master q.sub:9-6 t0 (bestået)
17:16:35 ✅ EOS token detected! Stopping generation at step 191
17:16:55 kald sentence k=4 t0 'Hvad er nul plus ti? Hvad er fire plus fem? Hvad er tre minus tre? Hva': 44.4 s for 7.60 s lyd
17:16:57   q.add:0+10 t0: 1.50 s (forhold 0.96) -18.16 LUFS, alone: 'hvad er 0 plus 10' CER 0.0 (wav2vec2) → ok
17:16:58   q.add:4+5 t0: 1.45 s (forhold 0.77) -18.17 LUFS, alone: 'hvad er 4 plus 5' CER 0.0 (wav2vec2) → ok
17:16:58   q.sub:3-3 t0: 1.38 s (forhold 0.73) -18.17 LUFS, alone: 'hvad er 3 minus 3' CER 0.0 (wav2vec2) → ok
17:16:59   q.sub:9-7 t0: 1.41 s (forhold 0.75) -18.06 LUFS, alone: 'hvad er 9 minus 7' CER 0.0 (wav2vec2) → ok
17:16:59   ✓ master q.add:0+10 t0 (bestået)
17:16:59   ✓ master q.add:4+5 t0 (bestået)
17:16:59   ✓ master q.sub:3-3 t0 (bestået)
17:16:59   ✓ master q.sub:9-7 t0 (bestået)
17:17:24 ✅ EOS token detected! Stopping generation at step 189
17:17:44 kald sentence k=4 t0 'Hvad er nul plus to? Hvad er fire plus seks? Hvad er fire minus nul? H': 45.6 s for 7.52 s lyd
17:17:46   q.add:0+2 t0: 1.42 s (forhold 0.91) -18.13 LUFS, alone: 'hvad er 0 plus 2' CER 0.0 (wav2vec2) → ok
17:17:51   q.add:4+6 t0: 1.51 s (forhold 0.81) -18.07 LUFS, alone: 'Hvad er 4 plus 6?' CER 0.0 (whisper, wav2vec2: 'hvad er 44plus 6') → ok
17:17:56   q.sub:4-0 t0: 1.44 s (forhold 0.66) -18.0 LUFS, alone: 'Hvad er 4 minus 0?' CER 0.0 (whisper, wav2vec2: 'hvadt er er f minusnog') → ok
17:17:56   q.sub:9-8 t0: 1.36 s (forhold 0.62) -18.05 LUFS, alone: 'hvad er 9 minus 8' CER 0.0 (wav2vec2) → ok
17:17:56   ✓ master q.add:0+2 t0 (bestået)
17:17:56   ✓ master q.add:4+6 t0 (bestået)
17:17:56   ✓ master q.sub:4-0 t0 (bestået)
17:17:56   ✓ master q.sub:9-8 t0 (bestået)
17:18:18 ✅ EOS token detected! Stopping generation at step 170
17:18:36 kald sentence k=4 t0 'Hvad er nul plus tre? Hvad er fem plus nul? Hvad er fire minus en? Hva': 39.3 s for 6.76 s lyd
17:18:37   q.add:0+3 t0: 1.00 s (forhold 0.64) -18.07 LUFS, alone: 'hvad er 0 plus 3' CER 0.0 (wav2vec2) → ok
17:18:43   q.add:5+0 t0: 1.08 s (forhold 0.69) -18.06 LUFS, alone: 'Hvad er 5 plus 0?' CER 0.0 (whisper, wav2vec2: 'hvad er e plus nory') → ok
17:18:43   q.sub:4-1 t0: 1.58 s (forhold 0.72) -18.07 LUFS, alone: 'hvad er 4 minus 1' CER 0.0 (wav2vec2) → ok
17:18:48   q.sub:9-9 t0: 1.06 s (forhold 0.57) -18.0 LUFS, alone: 'Hvad er 9 minus 9?' CER 0.0 (whisper, wav2vec2: 'hvar er 9 minus 9') → ok
17:18:48   ✓ master q.add:0+3 t0 (bestået)
17:18:48   ✓ master q.add:5+0 t0 (bestået)
17:18:48   ✓ master q.sub:4-1 t0 (bestået)
17:18:48   ✓ master q.sub:9-9 t0 (bestået)
17:19:11 forcing EOS token, long_tail=tensor(True), alignment_repetition=tensor(False), token_repetition=False
17:19:11 ✅ EOS token detected! Stopping generation at step 179
17:19:30 kald sentence k=4 t0 'Hvad er nul plus fire? Hvad er fem plus en? Hvad er fire minus to? Nul': 42.5 s for 7.12 s lyd
17:19:37   q.add:0+4 t0: 1.22 s (forhold 0.65) -18.08 LUFS, alone: 'hveder 0 plus 4' CER 0.0588 (wav2vec2, whisper: 'Hvad 0 plus 4?') → FEJL asr
17:19:37   q.add:5+1 t0: 1.38 s (forhold 0.88) -18.1 LUFS, alone: 'hvad er 5 plus 1' CER 0.0 (wav2vec2) → ok
17:19:38   q.sub:4-2 t0: 1.47 s (forhold 0.67) -18.19 LUFS, alone: 'hvad er 4 minus 2' CER 0.0 (wav2vec2) → ok
17:19:43   q.ten:0 t0: 1.31 s (forhold 0.70) -18.08 LUFS, alone: 'nulplus magiver 10' CER 0.1667 (wav2vec2, whisper: 'Nul plus man giver 10') → FEJL asr
17:19:43   ✓ master q.add:5+1 t0 (bestået)
17:19:43   ✓ master q.sub:4-2 t0 (bestået)
17:20:03 forcing EOS token, long_tail=tensor(True), alignment_repetition=tensor(False), token_repetition=False
17:20:03 ✅ EOS token detected! Stopping generation at step 156
17:20:21 kald sentence k=4 t0 'Hvad er nul plus fem? Hvad er fem plus to? Hvad er fire minus tre? En ': 37.7 s for 6.20 s lyd
17:20:27   q.add:0+5 t0: 1.08 s (forhold 0.69) -18.0 LUFS, alone: 'Hvad er 0 plus 5?' CER 0.0 (whisper, wav2vec2: 'hvad er nøge plus 5') → ok
17:20:27   q.add:5+2 t0: 1.06 s (forhold 0.68) -18.09 LUFS, alone: 'hvad er 5plus 2' CER 0.0 (wav2vec2) → ok
17:20:28   q.sub:4-3 t0: 1.22 s (forhold 0.56) -18.18 LUFS, alone: 'hvad er 4 minus 3' CER 0.0 (wav2vec2) → ok
17:20:28   q.ten:1 t0: 1.13 s (forhold 0.60) -18.0 LUFS, alone: 'én plus hvad giver 10' CER 0.0 (wav2vec2) → ok
17:20:28   ✓ master q.add:0+5 t0 (bestået)
17:20:28   ✓ master q.add:5+2 t0 (bestået)
17:20:28   ✓ master q.sub:4-3 t0 (bestået)
17:20:28   ✓ master q.ten:1 t0 (bestået)
17:20:53 forcing EOS token, long_tail=tensor(True), alignment_repetition=tensor(False), token_repetition=False
17:20:53 ✅ EOS token detected! Stopping generation at step 186
17:21:13 kald sentence k=4 t0 'Hvad er nul plus seks? Hvad er fem plus tre? Hvad er fire minus fire? ': 45.4 s for 7.40 s lyd
17:21:15   q.add:0+6 t0: 1.49 s (forhold 0.95) -18.18 LUFS, alone: 'hvad er 0 plus 6' CER 0.0 (wav2vec2) → ok
17:21:16   q.add:5+3 t0: 1.31 s (forhold 0.84) -18.04 LUFS, alone: 'hvad er 5 plus 3' CER 0.0 (wav2vec2) → ok
17:21:16   q.sub:4-4 t0: 1.47 s (forhold 0.59) -18.05 LUFS, alone: 'hvad er 4 minus 4' CER 0.0 (wav2vec2) → ok
17:21:22   q.ten:10 t0: 1.04 s (forhold 0.56) -18.0 LUFS, alone: 't0 plus var giver 10' CER 0.2941 (wav2vec2, whisper: 'T plus hvad giver 10?') → FEJL asr
17:21:22   ✓ master q.add:0+6 t0 (bestået)
17:21:22   ✓ master q.add:5+3 t0 (bestået)
17:21:22   ✓ master q.sub:4-4 t0 (bestået)
17:21:44 forcing EOS token, long_tail=tensor(True), alignment_repetition=tensor(False), token_repetition=False
17:21:44 ✅ EOS token detected! Stopping generation at step 175
17:22:03 kald sentence k=4 t0 'Hvad er nul plus syv? Hvad er fem plus fire? Hvad er fem minus nul? To': 41.5 s for 6.96 s lyd
17:22:05   q.add:0+7 t0: 1.33 s (forhold 0.85) -18.09 LUFS, alone: 'hvad er 0plus 7' CER 0.0 (wav2vec2) → ok
17:22:05   q.add:5+4 t0: 1.49 s (forhold 0.80) -18.06 LUFS, alone: 'hvad er 5 plus 4' CER 0.0 (wav2vec2) → ok
17:22:11   q.sub:5-0 t0: 1.41 s (forhold 0.75) -18.09 LUFS, alone: 'Hvad er 5 minus 0?' CER 0.0 (whisper, wav2vec2: 'hvad er 5 minus nury') → ok
17:22:16   q.ten:2 t0: 1.12 s (forhold 0.60) -18.0 LUFS, alone: '2 plus hvad giver 10?' CER 0.0 (whisper, wav2vec2: 'toplus hvagiver 10') → ok
17:22:16   ✓ master q.add:0+7 t0 (bestået)
17:22:16   ✓ master q.add:5+4 t0 (bestået)
17:22:16   ✓ master q.sub:5-0 t0 (bestået)
17:22:16   ✓ master q.ten:2 t0 (bestået)
17:22:37 forcing EOS token, long_tail=tensor(True), alignment_repetition=tensor(False), token_repetition=False
17:22:37 ✅ EOS token detected! Stopping generation at step 165
17:22:55 kald sentence k=4 t0 'Hvad er nul plus otte? Hvad er fem plus fem? Hvad er fem minus en? Tre': 39.6 s for 6.56 s lyd
17:23:02   q.add:0+8 t0: 1.21 s (forhold 0.64) -18.07 LUFS, alone: 'Hvad er 0 plus 8?' CER 0.0 (whisper, wav2vec2: 'hvader nå de plus 8') → ok
17:23:02   q.add:5+5 t0: 1.17 s (forhold 0.75) -18.06 LUFS, alone: 'hvad er 5 plus 5' CER 0.0 (wav2vec2) → ok
17:23:07   q.sub:5-1 t0: 1.39 s (forhold 0.74) -18.14 LUFS, alone: 'Hvad er 5 minus 1?' CER 0.0 (whisper, wav2vec2: 'hvad er 5 minus é') → ok
17:23:07   q.ten:3 t0: 1.13 s (forhold 0.60) -18.05 LUFS, alone: '3 plus hvad giver 10' CER 0.0 (wav2vec2) → ok
17:23:07   ✓ master q.add:0+8 t0 (bestået)
17:23:07   ✓ master q.add:5+5 t0 (bestået)
17:23:07   ✓ master q.sub:5-1 t0 (bestået)
17:23:07   ✓ master q.ten:3 t0 (bestået)
17:23:30 forcing EOS token, long_tail=tensor(True), alignment_repetition=tensor(False), token_repetition=False
17:23:30 ✅ EOS token detected! Stopping generation at step 173
17:23:49 kald sentence k=4 t0 'Hvad er nul plus ni? Hvad er seks plus nul? Hvad er fem minus to? Fem ': 41.7 s for 6.88 s lyd
17:23:51   q.add:0+9 t0: 1.38 s (forhold 0.89) -18.03 LUFS, alone: 'hvad er 0 plus 9' CER 0.0 (wav2vec2) → ok
17:23:51   q.add:6+0 t0: 1.56 s (forhold 1.00) -18.0 LUFS, alone: 'hvad er 6 plus 0' CER 0.0 (wav2vec2) → ok
17:23:52   q.sub:5-2 t0: 1.29 s (forhold 0.69) -18.07 LUFS, alone: 'hvad er 5 minus 2' CER 0.0 (wav2vec2) → ok
17:23:57   q.ten:5 t0: 1.09 s (forhold 0.58) -18.15 LUFS, alone: '5 plus hvad giver 10?' CER 0.0 (whisper, wav2vec2: 'e plus hvargiver 10') → ok
17:23:57   ✓ master q.add:0+9 t0 (bestået)
17:23:57   ✓ master q.add:6+0 t0 (bestået)
17:23:57   ✓ master q.sub:5-2 t0 (bestået)
17:23:57   ✓ master q.ten:5 t0 (bestået)
17:24:20 forcing EOS token, long_tail=tensor(True), alignment_repetition=tensor(False), token_repetition=False
17:24:20 ✅ EOS token detected! Stopping generation at step 178
17:24:39 kald sentence k=4 t0 'Hvad er en plus nul? Hvad er seks plus en? Hvad er fem minus tre? Seks': 42.2 s for 7.08 s lyd
17:24:41   q.add:1+0 t0: 1.34 s (forhold 0.86) -18.04 LUFS, alone: 'hvad er en plus 0' CER 0.0 (wav2vec2) → ok
17:24:41   q.add:6+1 t0: 1.52 s (forhold 0.98) -18.04 LUFS, alone: 'hvad er 6 plus 1' CER 0.0 (wav2vec2) → ok
17:24:42   q.sub:5-3 t0: 1.41 s (forhold 0.75) -18.0 LUFS, alone: 'hvad er 5 minus 3' CER 0.0 (wav2vec2) → ok
17:24:47   q.ten:6 t0: 1.12 s (forhold 0.60) -18.0 LUFS, alone: '6 plus hvad giver 10?' CER 0.0 (whisper, wav2vec2: 's6 plus vargier 10') → ok
17:24:47   ✓ master q.add:1+0 t0 (bestået)
17:24:47   ✓ master q.add:6+1 t0 (bestået)
17:24:47   ✓ master q.sub:5-3 t0 (bestået)
17:24:47   ✓ master q.ten:6 t0 (bestået)
17:25:07 forcing EOS token, long_tail=tensor(True), alignment_repetition=tensor(False), token_repetition=False
17:25:07 ✅ EOS token detected! Stopping generation at step 158
17:25:25 kald sentence k=4 t0 'Hvad er en plus en? Hvad er seks plus to? Hvad er fem minus fire? Otte': 38.0 s for 6.28 s lyd
17:25:27   q.add:1+1 t0: 1.10 s (forhold 0.70) -18.0 LUFS, alone: 'hvad er en plus 1' CER 0.0 (wav2vec2) → ok
17:25:27   q.add:6+2 t0: 1.39 s (forhold 0.89) -18.0 LUFS, alone: 'hvad er 6 plus 2' CER 0.0 (wav2vec2) → ok
17:25:32   q.sub:5-4 t0: 1.24 s (forhold 0.57) -18.12 LUFS, alone: 'hved er 5 minus 4' CER 0.0556 (wav2vec2, whisper: 'Hvad er 5 minus minus 4?') → FEJL asr
17:25:37   q.ten:8 t0: 1.05 s (forhold 0.48) -18.03 LUFS, alone: '8 plus vargever 10' CER 0.1579 (wav2vec2, whisper: '8 plus var giver 10') → FEJL asr
17:25:37   ✓ master q.add:1+1 t0 (bestået)
17:25:37   ✓ master q.add:6+2 t0 (bestået)
17:26:00 forcing EOS token, long_tail=tensor(True), alignment_repetition=tensor(False), token_repetition=False
17:26:00 ✅ EOS token detected! Stopping generation at step 178
17:26:20 kald sentence k=4 t0 'Hvad er en plus to? Hvad er seks plus tre? Hvad er fem minus fem? Ni p': 42.8 s for 7.08 s lyd
17:26:22   q.add:1+2 t0: 1.26 s (forhold 0.81) -18.12 LUFS, alone: 'hvad er en plus 2' CER 0.0 (wav2vec2) → ok
17:26:22   q.add:6+3 t0: 1.48 s (forhold 0.95) -18.0 LUFS, alone: 'hvad er 6 plus 3' CER 0.0 (wav2vec2) → ok
17:26:23   q.sub:5-5 t0: 1.33 s (forhold 0.71) -18.0 LUFS, alone: 'hvad er 5 minus 5' CER 0.0 (wav2vec2) → ok
17:26:28   q.ten:9 t0: 1.20 s (forhold 0.64) -18.0 LUFS, alone: '9 plus hvad giver 10?' CER 0.0 (whisper, wav2vec2: '9 plus vargiver 10') → ok
17:26:28   ✓ master q.add:1+2 t0 (bestået)
17:26:28   ✓ master q.add:6+3 t0 (bestået)
17:26:28   ✓ master q.sub:5-5 t0 (bestået)
17:26:28   ✓ master q.ten:9 t0 (bestået)
17:26:47 forcing EOS token, long_tail=tensor(True), alignment_repetition=tensor(False), token_repetition=False
17:26:47 ✅ EOS token detected! Stopping generation at step 150
17:27:04 kald sentence k=4 t0 'Hvad er en plus tre? Hvad er syv plus nul? Hvad er seks minus nul? Jeg': 35.9 s for 5.96 s lyd
17:27:10   q.add:1+3 t0: 0.83 s (forhold 0.53) -18.19 LUFS, alone: 'varn plus 3' CER 0.2667 (wav2vec2, whisper: 'Van plus 3') → FEJL asr
17:27:10   q.add:7+0 t0: 1.26 s (forhold 0.81) -18.0 LUFS, alone: 'hvad er 7 plus 0' CER 0.0 (wav2vec2) → ok
17:27:10   q.sub:6-0 t0: 1.31 s (forhold 0.70) -18.0 LUFS, alone: 'hvad er 6 minus 0' CER 0.0 (wav2vec2) → ok
17:27:11   s.cando.addTo10 t0: 1.07 s (forhold 0.43) -18.2 LUFS, alone: 'jeg kan lægge sammen til 10' CER 0.0 (wav2vec2) → ok
17:27:11   ✓ master q.add:7+0 t0 (bestået)
17:27:11   ✓ master q.sub:6-0 t0 (bestået)
17:27:11   ✓ master s.cando.addTo10 t0 (bestået)
17:27:31 ✅ EOS token detected! Stopping generation at step 156
17:27:49 kald sentence k=4 t0 'Hvad er en plus fire? Hvad er syv plus en? Hvad er seks minus en? Jeg ': 38.1 s for 6.20 s lyd
17:27:55   q.add:1+4 t0: 1.01 s (forhold 0.54) -18.0 LUFS, alone: 'varen plus 4' CER 0.1875 (wav2vec2, whisper: 'Hvad en plus 4') → FEJL asr
17:28:00   q.add:7+1 t0: 1.08 s (forhold 0.69) -18.08 LUFS, alone: 'hveder 7 plus 1' CER 0.0667 (wav2vec2, whisper: 'Hver 7 plus 1') → FEJL asr
17:28:05   q.sub:6-1 t0: 1.19 s (forhold 0.64) -18.0 LUFS, alone: 'Hvad er 6 minus 1?' CER 0.0 (whisper, wav2vec2: 'hverer 6 minus 1') → ok
17:28:05   s.cando.subTo10 t0: 1.35 s (forhold 0.48) -18.16 LUFS, alone: 'jeg kan trække fra indenfor 10' CER 0.0 (wav2vec2) → ok
17:28:05   ✓ master q.sub:6-1 t0 (bestået)
17:28:05   ✓ master s.cando.subTo10 t0 (bestået)
17:28:29 ✅ EOS token detected! Stopping generation at step 181
17:28:49 kald sentence k=4 t0 'Hvad er en plus fem? Hvad er syv plus to? Hvad er seks minus to? Jeg k': 43.8 s for 7.20 s lyd
17:28:51   q.add:1+5 t0: 1.40 s (forhold 0.90) -18.2 LUFS, alone: 'hvad er en plus 5' CER 0.0 (wav2vec2) → ok
17:28:51   q.add:7+2 t0: 1.24 s (forhold 0.79) -18.13 LUFS, alone: 'hvad er 7 plus 2' CER 0.0 (wav2vec2) → ok
17:28:52   q.sub:6-2 t0: 1.46 s (forhold 0.78) -18.04 LUFS, alone: 'hvad er 6 minus 2' CER 0.0 (wav2vec2) → ok
17:28:58   s.cando.tenFriends t0: 1.43 s (forhold 0.51) -18.04 LUFS, alone: 'jeg kan alle tirvinnerne' CER 0.0909 (wav2vec2, whisper: 'Jeg kan alle tage vennerne') → FEJL asr
17:28:58   ✓ master q.add:1+5 t0 (bestået)
17:28:58   ✓ master q.add:7+2 t0 (bestået)
17:28:58   ✓ master q.sub:6-2 t0 (bestået)
17:29:26 ✅ EOS token detected! Stopping generation at step 217
17:29:48 kald sentence k=3 t0 'To ens, og så en anden. Det gentager sig. Tre forskellige i samme rækk': 50.0 s for 8.64 s lyd
17:29:56   hint.patterns.AAB t0: 2.88 s (forhold 0.77) -18.18 LUFS, alone: 'tog ens og så en anden det gentager sig' CER 0.0333 (wav2vec2, whisper: 'Tog ens og så en anden. Det gentager sig') → FEJL asr
17:29:57   hint.patterns.ABC t0: 3.08 s (forhold 0.58) -18.07 LUFS, alone: 'tre forskellige i samme rækkefølge igen og igen' CER 0.0 (wav2vec2) → ok
17:29:57   s.cando.patterns t0: 1.45 s (forhold 0.58) -18.0 LUFS, alone: 'jeg kan fortsætte et mønster' CER 0.0 (wav2vec2) → ok
17:29:57   ✓ master hint.patterns.ABC t0 (bestået)
17:29:57   ✓ master s.cando.patterns t0 (bestået)
17:30:19 ✅ EOS token detected! Stopping generation at step 171
17:30:39 kald sentence k=3 t0 'To ting skiftes: den ene, den anden, igen og igen. Se, der kommer en m': 41.5 s for 6.80 s lyd
17:30:41   hint.patterns.AB t0: 3.02 s (forhold 0.65) -18.08 LUFS, alone: 'to ting skiftes den ene den anden igen og igen' CER 0.0 (wav2vec2) → ok
17:30:42   hint.patterns.growing t0: 1.44 s (forhold 0.51) -18.02 LUFS, alone: 'se der kommer en mere hver gang' CER 0.0 (wav2vec2) → ok
17:30:47   s.patterns.continue t0: 1.15 s (forhold 0.92) -18.08 LUFS, alone: 'fortsæt mind stred' CER 0.2 (wav2vec2, whisper: 'For at tætte mønstret') → FEJL asr
17:30:47   ✓ master hint.patterns.AB t0 (bestået)
17:30:47   ✓ master hint.patterns.growing t0 (bestået)
17:31:09 forcing EOS token, long_tail=tensor(True), alignment_repetition=tensor(False), token_repetition=False
17:31:09 ✅ EOS token detected! Stopping generation at step 174
17:31:28 kald sentence k=3 t0 'En, og så to ens. Det gentager sig. Sig mønstret højt, og hør, hvad de': 41.3 s for 6.92 s lyd
17:31:30   hint.patterns.ABB t0: 2.57 s (forhold 0.82) -18.08 LUFS, alone: '1n og så 2 ens det gentager sig' CER 0.04 (wav2vec2) → ok
17:31:38   hint.patterns.sayIt t0: 2.24 s (forhold 0.60) -18.07 LUFS, alone: 'sejmøn strede højt og hør hvad der kommer igen' CER 0.1081 (wav2vec2, whisper: 'Sej mønstrede højt og hør hvad der kommer igen') → FEJL asr
17:31:38   s.patterns.whatNext t0: 0.69 s (forhold 0.55) -18.0 LUFS, alone: 'hvad kommer så' CER 0.0 (wav2vec2) → ok
17:31:38   ✓ master hint.patterns.ABB t0 (bestået)
17:31:38   ✓ master s.patterns.whatNext t0 (bestået)
17:32:15 ✅ EOS token detected! Stopping generation at step 274
17:32:41 kald sentence k=4 t0 'Når tingene starter samme sted, kan du se, hvilken der er længst. Se p': 62.4 s for 10.92 s lyd
17:32:44   hint.compareLength.alignLong t0: 3.25 s (forhold 0.61) -18.11 LUFS, alone: 'når tingene starter samme sted kan du se hvilken deg er længst' CER 0.0196 (wav2vec2) → ok
17:32:45   hint.compareLength.bothEnds t0: 2.12 s (forhold 0.56) -18.08 LUFS, alone: 'se på begge ender ikke kun den ene' CER 0.0 (wav2vec2) → ok
17:32:45   s.compareLength.longest t0: 1.21 s (forhold 0.77) -18.0 LUFS, alone: 'hvilken ting er længst' CER 0.0 (wav2vec2) → ok
17:32:46   s.compareLength.sortLong t0: 2.55 s (forhold 0.58) -18.1 LUFS, alone: 'sættingene i rækkefølge start med den længste' CER 0.0 (wav2vec2) → ok
17:32:46   ✓ master hint.compareLength.alignLong t0 (bestået)
17:32:46   ✓ master hint.compareLength.bothEnds t0 (bestået)
17:32:46   ✓ master s.compareLength.longest t0 (bestået)
17:32:46   ✓ master s.compareLength.sortLong t0 (bestået)
17:33:24 ✅ EOS token detected! Stopping generation at step 276
17:33:51 kald sentence k=4 t0 'Når tingene starter samme sted, kan du se, hvilken der er kortest. Jeg': 65.2 s for 11.00 s lyd
17:33:54   hint.compareLength.alignShort t0: 3.17 s (forhold 0.56) -18.05 LUFS, alone: 'når tingene starter samme sted kan du se hvilden der er kortest' CER 0.0192 (wav2vec2) → ok
17:34:00   s.cando.compareLength t0: 1.65 s (forhold 0.53) -18.02 LUFS, alone: 'Jeg kan se hvad der er længst og kortest' CER 0.0 (whisper, wav2vec2: 'jeg kan se hvad der er længst er kortest') → ok
17:34:01   s.compareLength.shortest t0: 1.31 s (forhold 0.70) -18.08 LUFS, alone: 'hvilken ting er kortest' CER 0.0 (wav2vec2) → ok
17:34:02   s.compareLength.sortShort t0: 2.89 s (forhold 0.62) -18.13 LUFS, alone: 'sættingene i rækkefølge start med den korteste' CER 0.0 (wav2vec2) → ok
17:34:02   ✓ master hint.compareLength.alignShort t0 (bestået)
17:34:02   ✓ master s.cando.compareLength t0 (bestået)
17:34:02   ✓ master s.compareLength.shortest t0 (bestået)
17:34:02   ✓ master s.compareLength.sortShort t0 (bestået)
17:34:31 ✅ EOS token detected! Stopping generation at step 225
17:34:53 kald sentence k=4 t0 'Et øje i midten. Det er en. En fuld række og en prik mere er seks. Tæl': 51.7 s for 8.96 s lyd
17:35:01   hint.count.dice.1 t0: 2.20 s (forhold 0.78) -18.16 LUFS, alone: 'et øje i midten det er 1n d' CER 0.1053 (wav2vec2, whisper: 'Et øje i midten det er en del') → FEJL asr
17:35:07   hint.count.rowAndOne t0: 2.43 s (forhold 0.71) -18.12 LUFS, alone: 'en fuld række og en brik mere af 6' CER 0.1034 (wav2vec2, whisper: 'en fuld række og en prik mere af 6') → FEJL asr
17:35:13   hint.order20.countBackward t0: 1.96 s (forhold 0.78) -18.09 LUFS, alone: 'Til baglæns et tal ad gangen' CER 0.0435 (whisper, wav2vec2: 'til baglins i t tal ad gangen') → ok
17:35:13   s.count.howMany.chestnut t0: 1.24 s (forhold 0.49) -18.1 LUFS, alone: 'hvor mange kastanjer er der' CER 0.0 (wav2vec2) → ok
17:35:13   ✓ master hint.order20.countBackward t0 (bestået)
17:35:14   ✓ master s.count.howMany.chestnut t0 (bestået)
17:35:37 ✅ EOS token detected! Stopping generation at step 184
17:35:57 kald sentence k=4 t0 'To øjne på skrå. Det er to. Tæl videre fra ti. Tæl fremad, et tal ad g': 43.6 s for 7.32 s lyd
17:36:05   hint.count.dice.2 t0: 2.00 s (forhold 0.80) -18.14 LUFS, alone: 't øjne på sko det er 2' CER 0.1579 (wav2vec2, whisper: 'To øjne på skov det er to') → FEJL asr
17:36:10   hint.count20.countOn t0: 1.08 s (forhold 0.58) -18.11 LUFS, alone: 'tel lidere fra 10' CER 0.1429 (wav2vec2, whisper: 'Hotellledere fra 10 til 15') → FEJL asr
17:36:15   hint.order20.countForward t0: 1.82 s (forhold 0.73) -18.17 LUFS, alone: 'tilfremad et tal ad gangen' CER 0.0455 (whisper, wav2vec2: 'tilfremade i tal ad gangen') → ok
17:36:16   s.count.howMany.fish t0: 1.05 s (forhold 0.56) -18.12 LUFS, alone: 'hvor mange fisk er der' CER 0.0 (wav2vec2) → ok
17:36:16   ✓ master hint.order20.countForward t0 (bestået)
17:36:16   ✓ master s.count.howMany.fish t0 (bestået)
17:36:43 ✅ EOS token detected! Stopping generation at step 205
17:37:02 kald sentence k=4 t0 'Tre øjne på en skrå linje. Det er tre. En fuld ti-ramme er ti. Jeg kan': 45.7 s for 8.16 s lyd
17:37:10   hint.count.dice.3 t0: 2.79 s (forhold 0.81) -18.15 LUFS, alone: 'Tre øjne på en skrå linje det er 3' CER 0.0 (whisper, wav2vec2: 'te øjne på en skrå linje dr 3') → ok
17:37:15   hint.count20.fullFrame t0: 1.42 s (forhold 0.65) -18.13 LUFS, alone: 'en fuld tidhamme er 10' CER 0.1176 (wav2vec2, whisper: 'En fuld tiarme er 10') → FEJL asr
17:37:20   s.cando.count10 t0: 1.19 s (forhold 0.63) -18.08 LUFS, alone: 'jeg kan tale til 10' CER 0.125 (wav2vec2, whisper: 'Jeg kan tale til 10') → FEJL asr
17:37:20   s.count.howMany.flower t0: 1.14 s (forhold 0.52) -18.16 LUFS, alone: 'hvor mange blomster er der' CER 0.0 (wav2vec2) → ok
17:37:20   ✓ master hint.count.dice.3 t0 (bestået)
17:37:20   ✓ master s.count.howMany.flower t0 (bestået)
17:37:49 ✅ EOS token detected! Stopping generation at step 214
17:38:10 kald sentence k=4 t0 'Et øje i hvert hjørne. Det er fire. Find ti først, og tæl så videre fr': 50.2 s for 8.52 s lyd
17:38:13   hint.count.dice.4 t0: 2.57 s (forhold 0.75) -18.06 LUFS, alone: 'et øje i hvert hjørne det er 4' CER 0.0 (wav2vec2) → ok
17:38:19   hint.count20.tenFirst t0: 2.39 s (forhold 0.69) -18.04 LUFS, alone: 'fin 10 først og tale sig videre fra 10' CER 0.1724 (wav2vec2, whisper: 'Find 10 først og tæppe sig videre fra 10') → FEJL asr
17:38:24   s.cando.count20 t0: 1.14 s (forhold 0.52) -18.13 LUFS, alone: 'Jeg kan tælle til 20' CER 0.0 (whisper, wav2vec2: 'jeg kan tæle til 20') → ok
17:38:25   s.count.howMany.leaf t0: 1.13 s (forhold 0.51) -18.17 LUFS, alone: 'hvor mange blade er der' CER 0.0 (wav2vec2) → ok
17:38:25   ✓ master hint.count.dice.4 t0 (bestået)
17:38:25   ✓ master s.cando.count20 t0 (bestået)
17:38:25   ✓ master s.count.howMany.leaf t0 (bestået)
17:38:58 ✅ EOS token detected! Stopping generation at step 242
17:39:21 kald sentence k=4 t0 'Et øje i hvert hjørne og et i midten. Det er fem. først, men vi skrive': 56.9 s for 9.64 s lyd
17:39:31   hint.count.dice.5 t0: 2.98 s (forhold 0.63) -18.19 LUFS, alone: 'et øje i hvert hjørne og t i midten det er 5' CER 0.0556 (wav2vec2, whisper: 'Et øje i hvert hjørne og et i midten. Det er fem ting') → FEJL asr
17:39:31   hint.hear20.butOneFirst t0: 2.39 s (forhold 0.85) -18.03 LUFS, alone: 'først men vi skriver e tallet først' CER 0.0333 (wav2vec2) → ok
17:39:37   s.cando.hear20 t0: 1.85 s (forhold 0.45) -18.1 LUFS, alone: 'Jeg kan finde og skrive tallene til 20' CER 0.0 (whisper, wav2vec2: 'jeg kan finde at skrive tallene til 20') → ok
17:39:37   s.count.howMany.mushroom t0: 1.13 s (forhold 0.52) -18.05 LUFS, alone: 'hvor mange svampe er der' CER 0.0 (wav2vec2) → ok
17:39:37   ✓ master hint.hear20.butOneFirst t0 (bestået)
17:39:37   ✓ master s.cando.hear20 t0 (bestået)
17:39:37   ✓ master s.count.howMany.mushroom t0 (bestået)
17:40:05 ✅ EOS token detected! Stopping generation at step 211
17:40:26 kald sentence k=4 t0 'To rækker med tre øjne. Det er seks. Vi skriver ettallet først. Jeg ka': 48.3 s for 8.40 s lyd
17:40:34   hint.count.dice.6 t0: 2.23 s (forhold 0.71) -18.03 LUFS, alone: 'To rækker med tre øjne det er seks' CER 0.0 (whisper, wav2vec2: 'to rækker med 3re øjne det er 6') → ok
17:40:39   hint.hear20.oneFirst t0: 1.33 s (forhold 0.61) -18.0 LUFS, alone: 'vi skriver i tallet først' CER 0.0909 (wav2vec2, whisper: 'Vi skriver i tallet først') → FEJL asr
17:40:40   s.cando.order20 t0: 2.20 s (forhold 0.47) -18.03 LUFS, alone: 'jeg kan sætte tallene til 20v i rækkefølge' CER 0.0278 (wav2vec2) → ok
17:40:41   s.count.howMany.star t0: 1.18 s (forhold 0.54) -18.08 LUFS, alone: 'hvor mange stjerner er der' CER 0.0 (wav2vec2) → ok
17:40:41   ✓ master hint.count.dice.6 t0 (bestået)
17:40:41   ✓ master s.cando.order20 t0 (bestået)
17:40:41   ✓ master s.count.howMany.star t0 (bestået)
17:41:06 ✅ EOS token detected! Stopping generation at step 200
17:41:27 kald sentence k=4 t0 'Tæl de fingre, der peger op. Nul betyder, at der ingen er. Hvor mange ': 46.1 s for 7.96 s lyd
17:41:29   hint.count.fingersUp t0: 1.41 s (forhold 0.56) -18.08 LUFS, alone: 'til de fingre der peger op' CER 0.0476 (wav2vec2) → ok
17:41:30   hint.hear20.zero t0: 1.78 s (forhold 0.63) -18.08 LUFS, alone: 'nul betyder at der ingen er' CER 0.0 (wav2vec2) → ok
17:41:30   s.count.flash.dice t0: 1.80 s (forhold 0.52) -18.17 LUFS, alone: 'hvor mange øjne så du på terningen' CER 0.0 (wav2vec2) → ok
17:41:31   s.count.howMany.strawberry t0: 1.19 s (forhold 0.54) -18.16 LUFS, alone: 'hvor mange jordbærr er der' CER 0.0476 (wav2vec2) → ok
17:41:31   ✓ master hint.count.fingersUp t0 (bestået)
17:41:31   ✓ master hint.hear20.zero t0 (bestået)
17:41:31   ✓ master s.count.flash.dice t0 (bestået)
17:41:31   ✓ master s.count.howMany.strawberry t0 (bestået)
17:41:52 ✅ EOS token detected! Stopping generation at step 161
17:42:11 kald sentence k=4 t0 'Tæl prikkerne i ti-rammen. Efter betyder en mere. Hvor mange fingre så': 40.0 s for 6.40 s lyd
17:42:18   hint.count.framePoints t0: 1.58 s (forhold 0.63) -18.19 LUFS, alone: 'til prikkerne i tiram' CER 0.1905 (wav2vec2, whisper: 'Til prikkerne i Tihamn') → FEJL asr
17:42:18   hint.order20.afterMeans t0: 1.11 s (forhold 0.44) -18.0 LUFS, alone: 'efter betyder en mere' CER 0.0 (wav2vec2) → ok
17:42:19   s.count.flash.fingers t0: 1.14 s (forhold 0.52) -18.1 LUFS, alone: 'hvor mange fingre så du' CER 0.0 (wav2vec2) → ok
17:42:19   s.count.howManyDots t0: 1.11 s (forhold 0.51) -18.19 LUFS, alone: 'hvor mange prikker er der' CER 0.0 (wav2vec2) → ok
17:42:19   ✓ master hint.order20.afterMeans t0 (bestået)
17:42:19   ✓ master s.count.flash.fingers t0 (bestået)
17:42:19   ✓ master s.count.howManyDots t0 (bestået)
17:42:40 forcing EOS token, long_tail=tensor(True), alignment_repetition=tensor(False), token_repetition=False
17:42:40 ✅ EOS token detected! Stopping generation at step 163
17:42:58 kald sentence k=4 t0 'En hel hånd er fem. Før betyder en mindre. Hvor mange prikker så du? H': 39.0 s for 6.48 s lyd
17:43:00   hint.count.fullHand t0: 0.97 s (forhold 0.62) -18.0 LUFS, alone: 'en hel hånd er 5' CER 0.0 (wav2vec2) → ok
17:43:05   hint.order20.beforeMeans t0: 1.21 s (forhold 0.55) -18.1 LUFS, alone: 'før betyder han mindre' CER 0.1111 (wav2vec2, whisper: 'Før betyder han mindre') → FEJL asr
17:43:06   s.count.flash.tenframe t0: 1.21 s (forhold 0.55) -18.05 LUFS, alone: 'hvor mange prikker så du' CER 0.0 (wav2vec2) → ok
17:43:06   s.order20.biggest t0: 1.57 s (forhold 1.01) -18.0 LUFS, alone: 'hvilket tal er størst' CER 0.0 (wav2vec2) → ok
17:43:06   ✓ master hint.count.fullHand t0 (bestået)
17:43:06   ✓ master s.count.flash.tenframe t0 (bestået)
17:43:06   ✓ master s.order20.biggest t0 (bestået)
17:43:36 ✅ EOS token detected! Stopping generation at step 227
17:43:59 kald sentence k=4 t0 'En fuld række er fem. Tæl fra det første tal til det sidste. Hvor mang': 53.2 s for 9.04 s lyd
17:44:07   hint.count.fullRow t0: 1.22 s (forhold 0.65) -18.0 LUFS, alone: 'en fuldræje garer 5' CER 0.3125 (wav2vec2, whisper: 'En fuld række af 5') → FEJL asr
17:44:13   hint.order20.betweenCount t0: 1.74 s (forhold 0.56) -18.06 LUFS, alone: 'Tæt fra det første tal til det sidste' CER 0.0333 (whisper, wav2vec2: 'telv fra det første tal til det sidste') → ok
17:44:13   s.count.howMany.apple t0: 1.29 s (forhold 0.59) -18.05 LUFS, alone: 'hvor mange æbler er der' CER 0.0 (wav2vec2) → ok
17:44:15   s.order20.sortBiggestFirst t0: 3.04 s (forhold 0.69) -18.17 LUFS, alone: 'sæt tallene i rækkefølge start med det største' CER 0.0 (wav2vec2) → ok
17:44:15   ✓ master hint.order20.betweenCount t0 (bestået)
17:44:15   ✓ master s.count.howMany.apple t0 (bestået)
17:44:15   ✓ master s.order20.sortBiggestFirst t0 (bestået)
17:44:37 ✅ EOS token detected! Stopping generation at step 166
17:44:55 kald sentence k=3 t0 'En hel hånd og en finger mere er seks. De tal, du siger undervejs, lig': 40.4 s for 6.60 s lyd
17:45:02   hint.count.handAndOne t0: 2.10 s (forhold 0.61) -18.0 LUFS, alone: 'En hel hånd og en finger mere er 6' CER 0.0 (whisper, wav2vec2: 'en hel hånd er en finger mere af 6') → ok
17:45:08   hint.order20.betweenMiddle t0: 2.06 s (forhold 0.51) -18.02 LUFS, alone: 'De tal du siger undervejs ligger imellem' CER 0.0 (whisper, wav2vec2: 'de taldosheundervejs ligger imellem') → ok
17:45:14   s.count.howMany.ball t0: 1.09 s (forhold 0.50) -18.1 LUFS, alone: 'hvor mange bolda er der' CER 0.0526 (wav2vec2, whisper: 'Hvor mange bolte er der?') → FEJL asr
17:45:14   ✓ master hint.count.handAndOne t0 (bestået)
17:45:14   ✓ master hint.order20.betweenMiddle t0 (bestået)
17:45:39 ✅ EOS token detected! Stopping generation at step 193
17:46:00 kald sentence k=3 t0 'Peg på hver ting, mens du tæller. Tæl hver ting en gang. Når man tælle': 46.2 s for 7.68 s lyd
17:46:09   hint.count.pointEach t0: 3.00 s (forhold 0.74) -18.09 LUFS, alone: 'Peg på hver ting mens du tæller. Tæl hver ting en gang' CER 0.0 (whisper, wav2vec2: 'pej på hver ting mens du tæller til hver ting engang') → ok
17:46:10   hint.order20.biggerLast t0: 2.40 s (forhold 0.70) -18.07 LUFS, alone: 'når man tæller kommer det største tal sist' CER 0.0278 (wav2vec2) → ok
17:46:11   s.count.howMany.carrot t0: 1.22 s (forhold 0.43) -18.19 LUFS, alone: 'hvor mange gulderødder er der' CER 0.0417 (wav2vec2) → ok
17:46:11   ✓ master hint.count.pointEach t0 (bestået)
17:46:11   ✓ master hint.order20.biggerLast t0 (bestået)
17:46:11   ✓ master s.count.howMany.carrot t0 (bestået)
17:46:37 ✅ EOS token detected! Stopping generation at step 206
17:46:58 kald sentence k=4 t0 'Alle de gyldne dyr er fundet. Her er perler. Din ven har lært at danse': 47.6 s for 8.20 s lyd
17:47:06   s.reward.allGolden t0: 2.18 s (forhold 0.54) -18.14 LUFS, alone: 'alle de gyldne dyr er fundet her af perler' CER 0.0588 (wav2vec2, whisper: 'Alle de gyldne dyr er fundet her af perler') → FEJL asr
17:47:07   s.reward.friendship.dance t0: 1.14 s (forhold 0.52) -18.13 LUFS, alone: 'dine ven har lært at danse' CER 0.05 (wav2vec2) → ok
17:47:07   s.reward.helpBridge t0: 2.09 s (forhold 0.56) -18.11 LUFS, alone: 'hjælpebroen er klar du kan gå videre' CER 0.0 (wav2vec2) → ok
17:47:08   s.reward.regionTier t0: 1.08 s (forhold 0.43) -18.11 LUFS, alone: 'farverne kommer tilbage' CER 0.0 (wav2vec2) → ok
17:47:08   ✓ master s.reward.friendship.dance t0 (bestået)
17:47:08   ✓ master s.reward.helpBridge t0 (bestået)
17:47:08   ✓ master s.reward.regionTier t0 (bestået)
17:47:28 ✅ EOS token detected! Stopping generation at step 152
17:47:46 kald sentence k=4 t0 'En ny race! Din ven har lært at hoppe! Træningshytten er tændt. Stjern': 37.6 s for 6.04 s lyd
17:47:47   s.reward.animal.breed t0: 0.80 s (forhold 0.64) -18.0 LUFS, alone: 'en ny race' CER 0.0 (wav2vec2) → ok
17:47:48   s.reward.friendship.hop t0: 1.19 s (forhold 0.54) -18.09 LUFS, alone: 'din ven har lært at hoppe' CER 0.0 (wav2vec2) → ok
17:47:48   s.reward.hut t0: 1.20 s (forhold 0.64) -18.1 LUFS, alone: 'træningshytten er tændt' CER 0.0 (wav2vec2) → ok
17:47:48   s.reward.starfoal t0: 1.20 s (forhold 0.55) -18.07 LUFS, alone: 'stjernefølet er kommet' CER 0.0 (wav2vec2) → ok
17:47:48   ✓ master s.reward.animal.breed t0 (bestået)
17:47:48   ✓ master s.reward.friendship.hop t0 (bestået)
17:47:48   ✓ master s.reward.hut t0 (bestået)
17:47:48   ✓ master s.reward.starfoal t0 (bestået)
17:48:08 forcing EOS token, long_tail=tensor(True), alignment_repetition=tensor(False), token_repetition=False
17:48:08 ✅ EOS token detected! Stopping generation at step 151
17:48:26 kald sentence k=4 t0 'En ny farve! Din ven har lært sit helt eget trick! Det sidder fast nu!': 37.2 s for 6.00 s lyd
17:48:27   s.reward.animal.color t0: 0.93 s (forhold 0.74) -18.13 LUFS, alone: 'en ny farve' CER 0.0 (wav2vec2) → ok
17:48:33   s.reward.friendship.signature t0: 1.79 s (forhold 0.64) -18.11 LUFS, alone: 'Din ven har lært sit helt eget trick' CER 0.0 (whisper, wav2vec2: 'dine ven har lært sit helt eget træk') → ok
17:48:33   s.reward.learned.box3 t0: 0.91 s (forhold 0.58) -18.0 LUFS, alone: 'det sidder fast nu' CER 0.0 (wav2vec2) → ok
17:48:34   s.reward.stars.1 t0: 0.82 s (forhold 0.66) -18.0 LUFS, alone: 'en ny stjerne' CER 0.0 (wav2vec2) → ok
17:48:34   ✓ master s.reward.animal.color t0 (bestået)
17:48:34   ✓ master s.reward.friendship.signature t0 (bestået)
17:48:34   ✓ master s.reward.learned.box3 t0 (bestået)
17:48:34   ✓ master s.reward.stars.1 t0 (bestået)
17:48:53 ✅ EOS token detected! Stopping generation at step 144
17:49:10 kald sentence k=4 t0 'Et magisk dyr! Din ven har lært at snurre! Det sidder helt fast nu! To': 36.2 s for 5.72 s lyd
17:49:12   s.reward.animal.magic t0: 1.03 s (forhold 0.82) -18.09 LUFS, alone: 'et magisk dyr' CER 0.0 (wav2vec2) → ok
17:49:17   s.reward.friendship.spin t0: 1.38 s (forhold 0.63) -18.1 LUFS, alone: 'din ven har lært at snore' CER 0.0952 (wav2vec2, whisper: 'Din ven har lært at snore') → FEJL asr
17:49:17   s.reward.learned.box5 t0: 1.02 s (forhold 0.54) -18.06 LUFS, alone: 'det sidder helt fast nu' CER 0.0 (wav2vec2) → ok
17:49:18   s.reward.stars.2 t0: 0.91 s (forhold 0.58) -18.0 LUFS, alone: 'to nye stjerner' CER 0.0 (wav2vec2) → ok
17:49:18   ✓ master s.reward.animal.magic t0 (bestået)
17:49:18   ✓ master s.reward.learned.box5 t0 (bestået)
17:49:18   ✓ master s.reward.stars.2 t0 (bestået)
17:49:41 ✅ EOS token detected! Stopping generation at step 176
17:50:00 kald sentence k=4 t0 'Kisten er åben! Mål klaret! Et stempel til stempelbogen. Første gang r': 42.3 s for 7.00 s lyd
17:50:02   s.reward.chest t0: 0.89 s (forhold 0.57) -18.0 LUFS, alone: 'kisten er åben' CER 0.0 (wav2vec2) → ok
17:50:08   s.reward.goal.done t0: 2.60 s (forhold 0.76) -18.2 LUFS, alone: 'mol klarede et stimpel til stimpelbogen' CER 0.1515 (wav2vec2, whisper: 'Måj klarede et stempel til stempelbogen') → FEJL asr
17:50:09   s.reward.learned.first t0: 0.95 s (forhold 0.61) -18.18 LUFS, alone: 'første gang rigtigt' CER 0.0 (wav2vec2) → ok
17:50:09   s.reward.stars.3 t0: 1.03 s (forhold 0.66) -18.14 LUFS, alone: 'tre nye stjerner' CER 0.0 (wav2vec2) → ok
17:50:09   ✓ master s.reward.chest t0 (bestået)
17:50:09   ✓ master s.reward.learned.first t0 (bestået)
17:50:09   ✓ master s.reward.stars.3 t0 (bestået)
17:50:31 ✅ EOS token detected! Stopping generation at step 170
17:50:50 kald sentence k=4 t0 'Alle farver er fundet. Spil Blandet øvelse. Du er blevet bedre til det': 40.4 s for 6.76 s lyd
17:50:52   s.reward.egg.allFound t0: 1.20 s (forhold 0.55) -18.11 LUFS, alone: 'alle farver er fundet' CER 0.0 (wav2vec2) → ok
17:50:57   s.reward.goal.mix t0: 1.27 s (forhold 0.68) -18.0 LUFS, alone: 'Spil blandet øvelse' CER 0.0 (whisper, wav2vec2: 'spil blandete øvrise') → ok
17:50:57   s.reward.learned.moved t0: 1.28 s (forhold 0.46) -18.03 LUFS, alone: 'du er blevet bedre til det her' CER 0.0 (wav2vec2) → ok
17:51:02   s.reward.tally t0: 1.46 s (forhold 0.58) -18.08 LUFS, alone: 'Se dine perler og point' CER 0.0 (whisper, wav2vec2: 'set en e perler og point') → ok
17:51:02   ✓ master s.reward.egg.allFound t0 (bestået)
17:51:02   ✓ master s.reward.goal.mix t0 (bestået)
17:51:02   ✓ master s.reward.learned.moved t0 (bestået)
17:51:02   ✓ master s.reward.tally t0 (bestået)
17:51:25 ✅ EOS token detected! Stopping generation at step 171
17:51:44 kald sentence k=4 t0 'Hvilket dyr skal ægget være? Få tre stjerner på en tur. Du har øvet di': 41.6 s for 6.80 s lyd
17:51:50   s.reward.egg.choose t0: 1.50 s (forhold 0.60) -18.0 LUFS, alone: 'hvilket dyr skal ikket være' CER 0.1304 (wav2vec2, whisper: 'Hvilket dyr skal ikke være') → FEJL asr
17:51:51   s.reward.goal.stars3 t0: 1.32 s (forhold 0.60) -18.01 LUFS, alone: 'får tre stjerner på en tur' CER 0.05 (wav2vec2) → ok
17:51:51   s.reward.learned.practiced t0: 0.89 s (forhold 0.47) -18.0 LUFS, alone: 'du har øvet dig godt' CER 0.0 (wav2vec2) → ok
17:51:56   s.reward.trial.passed t0: 1.55 s (forhold 0.62) -18.12 LUFS, alone: 'Broen holder. Tågen letter' CER 0.0 (whisper, wav2vec2: 'broenholder tåen litter') → ok
17:51:56   ✓ master s.reward.goal.stars3 t0 (bestået)
17:51:56   ✓ master s.reward.learned.practiced t0 (bestået)
17:51:56   ✓ master s.reward.trial.passed t0 (bestået)
17:52:23 forcing EOS token, long_tail=tensor(True), alignment_repetition=tensor(False), token_repetition=False
17:52:23 ✅ EOS token detected! Stopping generation at step 198
17:52:44 kald sentence k=4 t0 'Varmen fra ægget gav din ven ekstra venskab. Svar rigtigt fem gange i ': 47.4 s for 7.88 s lyd
17:52:53   s.reward.egg.friendship t0: 2.47 s (forhold 0.66) -18.19 LUFS, alone: 'Varmen fra ægget gav din ven ekstra venskab' CER 0.0 (whisper, wav2vec2: 'varmen fra ægget gavt en ven ekstra videnskab') → ok
17:52:59   s.reward.goal.streak5 t0: 1.60 s (forhold 0.64) -18.13 LUFS, alone: 'svart rigtig 5m gange i træk' CER 0.125 (wav2vec2, whisper: 'Svaret er ikke de fem gange i træk') → FEJL asr
17:53:05   s.reward.learned.status t0: 1.12 s (forhold 0.51) -18.16 LUFS, alone: 'du er rykget i trinop' CER 0.1667 (wav2vec2, whisper: 'Du er rykket i trin op') → FEJL asr
17:53:05   s.reward.trial.ready t0: 0.88 s (forhold 0.71) -18.19 LUFS, alone: 'klar når du er' CER 0.0 (wav2vec2) → ok
17:53:05   ✓ master s.reward.egg.friendship t0 (bestået)
17:53:05   ✓ master s.reward.trial.ready t0 (bestået)
17:53:25 ✅ EOS token detected! Stopping generation at step 151
17:53:42 kald sentence k=4 t0 'Velkommen, lille ven! Skriv ti svar selv. Nyt niveau! Et nyt trofæ!': 36.7 s for 6.00 s lyd
17:53:48   s.reward.egg.hatched t0: 1.20 s (forhold 0.64) -18.12 LUFS, alone: 'Velkommen lille ven' CER 0.0 (whisper, wav2vec2: 'vil de kommen lille ven') → ok
17:53:53   s.reward.goal.write10 t0: 1.10 s (forhold 0.88) -18.06 LUFS, alone: 'Skriv 10 svar selv' CER 0.0 (whisper, wav2vec2: 'skriv tin svar selv') → ok
17:53:54   s.reward.level t0: 0.82 s (forhold 0.66) -18.0 LUFS, alone: 'nyt niveau' CER 0.0 (wav2vec2) → ok
17:53:59   s.reward.trophy t0: 1.02 s (forhold 0.82) -18.03 LUFS, alone: 'Et nyt trofæ' CER 0.0 (whisper, wav2vec2: 'et nyt trofé') → ok
17:53:59   ✓ master s.reward.egg.hatched t0 (bestået)
17:53:59   ✓ master s.reward.goal.write10 t0 (bestået)
17:53:59   ✓ master s.reward.level t0 (bestået)
17:53:59   ✓ master s.reward.trophy t0 (bestået)
17:54:23 ✅ EOS token detected! Stopping generation at step 187
17:54:44 kald sentence k=4 t0 'Ægget er klar! Tryk på det. Vælg et gyldent dyr. Guldmedalje! Det kan ': 44.9 s for 7.44 s lyd
17:54:52   s.reward.egg.ready t0: 1.77 s (forhold 0.81) -18.17 LUFS, alone: 'Ægget er klar. Tryk på det' CER 0.0 (whisper, wav2vec2: 'æggen er klar tryg på det') → ok
17:54:57   s.reward.gold.choose t0: 1.15 s (forhold 0.73) -18.0 LUFS, alone: 'væv i et gylden dyr' CER 0.1875 (wav2vec2, whisper: 'Hvad i et gylden dyr') → FEJL asr
17:55:02   s.reward.medal.gold t0: 1.64 s (forhold 0.66) -18.0 LUFS, alone: 'Guldmedalje det kan du selv' CER 0.0 (whisper, wav2vec2: 'gullemedalje det kan du selv') → ok
17:55:02   s.reward.wish.done t0: 1.36 s (forhold 0.49) -18.04 LUFS, alone: 'tit ønske gik i opfyldelse' CER 0.0455 (wav2vec2) → ok
17:55:02   ✓ master s.reward.egg.ready t0 (bestået)
17:55:02   ✓ master s.reward.medal.gold t0 (bestået)
17:55:02   ✓ master s.reward.wish.done t0 (bestået)
17:55:25 forcing EOS token, long_tail=tensor(True), alignment_repetition=tensor(False), token_repetition=False
17:55:25 ✅ EOS token detected! Stopping generation at step 175
17:55:43 kald sentence k=4 t0 'Verdensfest! Du klarede finalen. Din ven er blevet stor! Hvad skal din': 40.8 s for 6.96 s lyd
17:55:45   s.reward.finale.passed t0: 2.16 s (forhold 0.69) -18.08 LUFS, alone: 'verdensfest du klarede finalen' CER 0.0 (wav2vec2) → ok
17:55:50   s.reward.growth.grown t0: 0.96 s (forhold 0.51) -18.0 LUFS, alone: 'Din ven er blevet stor' CER 0.0 (whisper, wav2vec2: 'dine ven er blevet stor') → ok
17:55:55   s.reward.name.choose t0: 0.99 s (forhold 0.53) -18.02 LUFS, alone: 'Hvad skal din ven hedde?' CER 0.0 (whisper, wav2vec2: 'hvad skal din vinde hede') → ok
17:55:56   s.reward.world.open t0: 1.37 s (forhold 0.55) -18.1 LUFS, alone: 'en ny verden er dukket op' CER 0.0 (wav2vec2) → ok
17:55:56   ✓ master s.reward.finale.passed t0 (bestået)
17:55:56   ✓ master s.reward.growth.grown t0 (bestået)
17:55:56   ✓ master s.reward.name.choose t0 (bestået)
17:55:56   ✓ master s.reward.world.open t0 (bestået)
17:56:15 ✅ EOS token detected! Stopping generation at step 158
17:56:32 kald sentence k=3 t0 'Hør, din ven har sit eget kald! Stjerneform! I er bedste venner. Vælg ': 36.1 s for 6.28 s lyd
17:56:34   s.reward.friendship.call t0: 1.60 s (forhold 0.64) -18.12 LUFS, alone: 'hør din ven har sit eget kald' CER 0.0 (wav2vec2) → ok
17:56:34   s.reward.growth.star t0: 2.11 s (forhold 0.75) -18.12 LUFS, alone: 'stjerneform i ar bedste venner' CER 0.0385 (wav2vec2) → ok
17:56:40   s.reward.rainbow.choose t0: 1.60 s (forhold 0.85) -18.15 LUFS, alone: 'hvæl et regnbue dyr' CER 0.125 (wav2vec2, whisper: 'Hvilket et regnbuedyr') → FEJL asr
17:56:40   ✓ master s.reward.friendship.call t0 (bestået)
17:56:40   ✓ master s.reward.growth.star t0 (bestået)
17:56:59 ✅ EOS token detected! Stopping generation at step 148
17:57:16 kald sentence k=3 t0 'Din ven har sit eget jubel nu! Din ven er vokset! Et nyt sted er dukke': 36.1 s for 5.88 s lyd
17:57:18   s.reward.friendship.cheer t0: 1.76 s (forhold 0.62) -18.1 LUFS, alone: 'din ven har sit eget jubel nu' CER 0.0 (wav2vec2) → ok
17:57:18   s.reward.growth.young t0: 0.91 s (forhold 0.58) -18.0 LUFS, alone: 'din ven er vokset' CER 0.0 (wav2vec2) → ok
17:57:19   s.reward.region.open t0: 1.92 s (forhold 0.62) -18.07 LUFS, alone: 'et nyt sted er dukket op på kortet' CER 0.0 (wav2vec2) → ok
17:57:19   ✓ master s.reward.friendship.cheer t0 (bestået)
17:57:19   ✓ master s.reward.growth.young t0 (bestået)
17:57:19   ✓ master s.reward.region.open t0 (bestået)
17:57:58 ✅ EOS token detected! Stopping generation at step 288
17:58:25 kald sentence k=4 t0 'En cirkel er helt rund og har ingen hjørner. En firkant har fire sider': 66.4 s for 11.48 s lyd
17:58:29   hint.shapes2D.circle t0: 2.24 s (forhold 0.60) -18.05 LUFS, alone: 'en cirkel er helt rund og har ingen hjørner' CER 0.0 (wav2vec2) → ok
17:58:35   hint.shapes2D.quadrilateral t0: 2.53 s (forhold 0.62) -18.08 LUFS, alone: 'En firkant har fire sider og fire hjørner' CER 0.0 (whisper, wav2vec2: 'en firkant har fire sider og fie hjørner') → ok
17:58:36   hint.shapes2D.triangle t0: 2.45 s (forhold 0.71) -18.13 LUFS, alone: 'en trekant har tre sider og tre hjørner' CER 0.0 (wav2vec2) → ok
17:58:37   s.cando.shapes2D t0: 2.46 s (forhold 0.61) -18.12 LUFS, alone: 'jeg kan kende cirkler trekanter og firkanter' CER 0.0 (wav2vec2) → ok
17:58:37   ✓ master hint.shapes2D.circle t0 (bestået)
17:58:37   ✓ master hint.shapes2D.quadrilateral t0 (bestået)
17:58:37   ✓ master hint.shapes2D.triangle t0 (bestået)
17:58:37   ✓ master s.cando.shapes2D t0 (bestået)
17:59:21 ✅ EOS token detected! Stopping generation at step 326
17:59:53 kald sentence k=3 t0 'Byg tallet med plader, stænger og terninger. Tryk på en bunke for at t': 76.0 s for 13.00 s lyd
17:59:56   s.kind.buildBase.long t0: 4.79 s (forhold 0.64) -18.13 LUFS, alone: 'bygtallet med plader stænger og terninger tryk på en bunke for at tage en klos væk' CER 0.0147 (wav2vec2) → ok
17:59:58   s.kind.numberline.long t0: 5.77 s (forhold 0.74) -18.15 LUFS, alone: 'tryk på tal linjen der hvor tallet hører til du kan flytte nålen tryk si på fluebenet' CER 0.0145 (wav2vec2) → ok
17:59:59   s.round.golden.caught t0: 1.18 s (forhold 0.54) -18.07 LUFS, alone: 'du fangede guld ægget' CER 0.0 (wav2vec2) → ok
17:59:59   ✓ master s.kind.buildBase.long t0 (bestået)
17:59:59   ✓ master s.kind.numberline.long t0 (bestået)
17:59:59   ✓ master s.round.golden.caught t0 (bestået)
18:00:05 ✅ EOS token detected! Stopping generation at step 51
18:00:15 kald sentence k=1 t0 'Fyld tieren op først.': 16.6 s for 2.00 s lyd
18:00:21   s.round.hint.makeTen t0: 1.35 s (forhold 0.72) -18.01 LUFS, alone: 'føletigeren opførst' CER 0.1765 (wav2vec2, whisper: 'Følte tiderne op først') → FEJL asr
18:00:56 ✅ EOS token detected! Stopping generation at step 259
18:01:21 kald sentence k=4 t0 'Tryk på det kort, der passer. Sæt nålen på tallinjen. Guldægget fløj v': 59.3 s for 10.32 s lyd
18:01:23   s.kind.choice.long t0: 1.39 s (forhold 0.64) -18.09 LUFS, alone: 'tryk på det kort der passer' CER 0.0 (wav2vec2) → ok
18:01:28   s.kind.numberline.short t0: 1.49 s (forhold 0.68) -18.0 LUFS, alone: 'Sæt nålen på tallinjen' CER 0.0 (whisper, wav2vec2: 'sæt nålen på talelinjen') → ok
18:01:29   s.round.golden.flew t0: 2.60 s (forhold 0.64) -18.1 LUFS, alone: 'gullægget fløj videre det gør ikke noget' CER 0.0294 (wav2vec2) → ok
18:01:30   s.round.hint.orderLine t0: 3.44 s (forhold 0.79) -18.19 LUFS, alone: 'sepåtalinjen det mindste tal står længst til venstre' CER 0.0217 (wav2vec2) → ok
18:01:30   ✓ master s.kind.choice.long t0 (bestået)
18:01:30   ✓ master s.kind.numberline.short t0 (bestået)
18:01:30   ✓ master s.round.golden.flew t0 (bestået)
18:01:30   ✓ master s.round.hint.orderLine t0 (bestået)
18:02:04 ✅ EOS token detected! Stopping generation at step 261
18:02:29 kald sentence k=4 t0 'Tryk på svaret. Træk den boble, der passer, over i den tomme boble. Se': 58.9 s for 10.40 s lyd
18:02:36   s.kind.choice.short t0: 0.79 s (forhold 0.63) -18.0 LUFS, alone: 'Tryk på svaret' CER 0.0 (whisper, wav2vec2: 'tryj på svaret') → ok
18:02:42   s.kind.pair.long t0: 2.72 s (forhold 0.58) -18.09 LUFS, alone: 'Træk den boble der passer over i den tomme boble' CER 0.0 (whisper, wav2vec2: 'træk den bobble der passer over i den tomme bobbele') → ok
18:02:43   s.round.help t0: 1.42 s (forhold 0.65) -18.02 LUFS, alone: 'se her det kan hjælpe dig' CER 0.0 (wav2vec2) → ok
18:02:50   s.round.hint.smallerFromLarger t0: 3.79 s (forhold 0.61) -18.12 LUFS, alone: 'der er ikke enere nok lånen tier og by den til te enere' CER 0.0455 (wav2vec2, whisper: 'Der er ikke enere nok låning tier og bygden til ti enere') → FEJL asr
18:02:50   ✓ master s.kind.choice.short t0 (bestået)
18:02:50   ✓ master s.kind.pair.long t0 (bestået)
18:02:50   ✓ master s.round.help t0 (bestået)
18:03:27 ✅ EOS token detected! Stopping generation at step 275
18:03:53 kald sentence k=4 t0 'Træk i den lange viser for at stille uret. Den lille viser følger med.': 63.1 s for 10.96 s lyd
18:03:57   s.kind.clockSet.long t0: 5.33 s (forhold 0.61) -18.11 LUFS, alone: 'trækk i den lange viser for at stille uret den lille viser følger med tryk sig på fluebenet' CER 0.0417 (wav2vec2) → ok
18:03:58   s.kind.pair.short t0: 1.19 s (forhold 0.76) -18.1 LUFS, alone: 'træk boblen på plads' CER 0.0 (wav2vec2) → ok
18:04:03   s.round.hint.add t0: 0.82 s (forhold 0.66) -18.15 LUFS, alone: 'Læg dem sammen' CER 0.0 (whisper, wav2vec2: 'lægge dem sammen') → ok
18:04:03   s.round.hint.splitArray t0: 2.17 s (forhold 0.58) -18.09 LUFS, alone: 'dele rækkerne op i to dele du kender' CER 0.0357 (wav2vec2) → ok
18:04:03   ✓ master s.kind.clockSet.long t0 (bestået)
18:04:03   ✓ master s.kind.pair.short t0 (bestået)
18:04:03   ✓ master s.round.hint.add t0 (bestået)
18:04:03   ✓ master s.round.hint.splitArray t0 (bestået)
18:04:41 ✅ EOS token detected! Stopping generation at step 270
18:05:06 kald sentence k=3 t0 'Tryk på delene for at farve dem. Tryk igen for at fjerne farven. Tryk ': 62.4 s for 10.76 s lyd
18:05:09   s.kind.colorParts.long t0: 3.78 s (forhold 0.64) -18.1 LUFS, alone: 'tryk på delene for at farve dem tryk igen for at fjerne farven' CER 0.0 (wav2vec2) → ok
18:05:19   s.kind.pay.long t0: 3.93 s (forhold 0.50) -18.09 LUFS, alone: 'tryk på mønterne for at lægge dem i bakken tryk i bakken for at tage den tilbage' CER 0.0159 (wav2vec2, whisper: 'Tryk på mønterne for at lægge dem i bakken. Tryk i bakken for at tage den tilbage') → FEJL asr
18:05:25   s.round.hint.array t0: 1.85 s (forhold 0.66) -18.18 LUFS, alone: 'til hekkerne og lægge dem sammen' CER 0.2 (wav2vec2, whisper: 'Til heikerne og læg dem sammen') → FEJL asr
18:05:25   ✓ master s.kind.colorParts.long t0 (bestået)
18:05:34 ✅ EOS token detected! Stopping generation at step 70
18:05:45 kald sentence k=1 t0 'Tag dem væk, og tæl dem, der er tilbage.': 20.0 s for 2.76 s lyd
18:05:52   s.round.hint.sub t0: 2.08 s (forhold 0.61) -18.19 LUFS, alone: 'tage dem væk og tale dem der er tilbage' CER 0.1034 (wav2vec2, whisper: 'Tag dem væk og tæl dem dig tilbage') → FEJL asr
18:06:11 ✅ EOS token detected! Stopping generation at step 158
18:06:28 kald sentence k=4 t0 'Farv delene. Betal det, det koster. Gå tilbage til ti først. Tæl tiern': 36.7 s for 6.28 s lyd
18:06:34   s.kind.colorParts.short t0: 0.85 s (forhold 0.68) -18.18 LUFS, alone: 'farvo delene' CER 0.1 (wav2vec2, whisper: 'Far og delene') → FEJL asr
18:06:39   s.kind.pay.short t0: 1.13 s (forhold 0.60) -18.0 LUFS, alone: 'betalt dette koster' CER 0.1765 (wav2vec2, whisper: 'Betag dette koster') → FEJL asr
18:06:39   s.round.hint.backToTen t0: 1.40 s (forhold 0.64) -18.19 LUFS, alone: 'gå tilbage til 10 først' CER 0.0 (wav2vec2) → ok
18:06:44   s.round.hint.tensFirst t0: 1.37 s (forhold 0.88) -18.16 LUFS, alone: 'til tierne først' CER 0.0714 (wav2vec2, whisper: 'Til Tiende først') → FEJL asr
18:06:44   ✓ master s.round.hint.backToTen t0 (bestået)
18:07:25 ✅ EOS token detected! Stopping generation at step 294
18:07:53 kald sentence k=4 t0 'Tryk på tingene, så hopper de i kurven. Tryk på kurven for at tage en ': 68.9 s for 11.72 s lyd
18:07:57   s.kind.countTap.long t0: 4.19 s (forhold 0.56) -18.07 LUFS, alone: 'trykpå tingene så hopper de i kurven tryk på kurven for at tage en op igen' CER 0.0 (wav2vec2) → ok
18:08:04   s.kind.share.long t0: 3.65 s (forhold 0.65) -18.05 LUFS, alone: 'Tryk på et dyr for at give det en ting. Bliv ved til bunken af tom' CER 0.04 (whisper, wav2vec2: 'tryk på et dyr for at give deenting blev ved til bunken af tom') → ok
18:08:05   s.round.hint.clockMove t0: 1.29 s (forhold 0.59) -18.07 LUFS, alone: 'føl den lange viser rundt' CER 0.0455 (wav2vec2) → ok
18:08:11   s.round.oops.1 t0: 1.15 s (forhold 0.52) -18.1 LUFS, alone: 'lade at se på det samme' CER 0.2222 (wav2vec2, whisper: 'Lad os se på det samme') → FEJL asr
18:08:11   ✓ master s.kind.countTap.long t0 (bestået)
18:08:11   ✓ master s.kind.share.long t0 (bestået)
18:08:11   ✓ master s.round.hint.clockMove t0 (bestået)
18:08:45 forcing EOS token, long_tail=tensor(True), alignment_repetition=tensor(False), token_repetition=False
18:08:45 ✅ EOS token detected! Stopping generation at step 255
18:09:09 kald sentence k=4 t0 'Læg dem i kurven. Tryk på kortene i den rigtige rækkefølge. Tryk på et': 58.2 s for 10.16 s lyd
18:09:16   s.kind.countTap.short t0: 0.98 s (forhold 0.63) -18.0 LUFS, alone: 'Læg dem i kurven' CER 0.0 (whisper, wav2vec2: 'læg dem i koven') → ok
18:09:17   s.kind.sortOrder.long t0: 4.72 s (forhold 0.54) -18.11 LUFS, alone: 'tryk på kortene i den rigtige rækkefølge tryk på et kort igen for at sende det tilbage' CER 0.0 (wav2vec2) → ok
18:09:18   s.round.hint.coinsSum t0: 1.80 s (forhold 0.64) -18.12 LUFS, alone: 'læg de store mønter sammen først' CER 0.0 (wav2vec2) → ok
18:09:22   s.round.oops.2 t0: 1.35 s (forhold 1.08) -18.0 LUFS, alone: 'Næsten. Se her' CER 0.0 (whisper, wav2vec2: 'næsten ce her') → ok
18:09:22   ✓ master s.kind.countTap.short t0 (bestået)
18:09:22   ✓ master s.kind.sortOrder.long t0 (bestået)
18:09:22   ✓ master s.round.hint.coinsSum t0 (bestået)
18:09:22   ✓ master s.round.oops.2 t0 (bestået)
18:10:02 ✅ EOS token detected! Stopping generation at step 285
18:10:28 kald sentence k=4 t0 'Tryk på brikkerne nedenfor for at fylde de tomme pladser. Tryk på en p': 65.8 s for 11.36 s lyd
18:10:32   s.kind.fillSlots.long t0: 4.98 s (forhold 0.61) -18.13 LUFS, alone: 'tryk på brikkerne nedenfor for at fylde de torme pladser tryk på en plads for at tømme den' CER 0.0137 (wav2vec2) → ok
18:10:37   s.kind.sortOrder.short t0: 1.16 s (forhold 0.53) -18.11 LUFS, alone: 'Sæt dem i rækkefølge' CER 0.0 (whisper, wav2vec2: 'sæte dem i rækkefølge') → ok
18:10:38   s.round.hint.columns t0: 1.76 s (forhold 0.56) -18.04 LUFS, alone: 'regn enerne først og satierne' CER 0.04 (wav2vec2) → ok
18:10:44   s.round.oops.3 t0: 1.96 s (forhold 1.05) -18.19 LUFS, alone: 'HMM lad os tænke sammen' CER 0.0 (whisper, wav2vec2: 'hmm lades tænke sammen') → ok
18:10:44   ✓ master s.kind.fillSlots.long t0 (bestået)
18:10:44   ✓ master s.kind.sortOrder.short t0 (bestået)
18:10:44   ✓ master s.round.hint.columns t0 (bestået)
18:10:44   ✓ master s.round.oops.3 t0 (bestået)
18:11:19 ✅ EOS token detected! Stopping generation at step 261
18:11:42 kald sentence k=4 t0 'Fyld de tomme pladser. Passer det? Tryk på det grønne flueben for ja e': 58.0 s for 10.40 s lyd
18:11:49   s.kind.fillSlots.short t0: 1.10 s (forhold 0.59) -18.17 LUFS, alone: 'fyldt i tomme pladser' CER 0.1111 (wav2vec2, whisper: 'Fyldt i tomme pladser') → FEJL asr
18:11:58   s.kind.trueFalse.long t0: 4.08 s (forhold 0.59) -18.05 LUFS, alone: 'Passer det tryk på det grønne flueben for ja eller på det røde kryds for nej' CER 0.0 (whisper, wav2vec2: 'passer det trykt på det grønne flueben for ja eller på det røde krysvon ej') → ok
18:12:03   s.round.hint.count t0: 1.11 s (forhold 0.59) -18.09 LUFS, alone: 'tav dem en af gangen' CER 0.1875 (wav2vec2, whisper: 'Tag dem en af gangen') → FEJL asr
18:12:04   s.round.pause.body t0: 2.54 s (forhold 0.51) -18.1 LUFS, alone: 'toren bliver gemt så du kan spille videre senere' CER 0.025 (wav2vec2) → ok
18:12:04   ✓ master s.kind.trueFalse.long t0 (bestået)
18:12:04   ✓ master s.round.pause.body t0 (bestået)
18:12:36 forcing EOS token, long_tail=tensor(True), alignment_repetition=tensor(False), token_repetition=False
18:12:36 ✅ EOS token detected! Stopping generation at step 232
18:12:58 kald sentence k=4 t0 'Tryk på felterne i nettet. Tryk igen for at fjerne et felt. Ja eller n': 54.1 s for 9.24 s lyd
18:13:01   s.kind.grid.long t0: 3.18 s (forhold 0.60) -18.09 LUFS, alone: 'tryk på felterne i nettet tryk igen for at fjerne et felt' CER 0.0 (wav2vec2) → ok
18:13:05   s.kind.trueFalse.short t0: 0.57 s (forhold 0.46) -18.05 LUFS, alone: 'Ja eller nej' CER 0.0 (whisper, wav2vec2: 'jallern ej') → ok
18:13:12   s.round.hint.countOut t0: 2.48 s (forhold 0.61) -18.12 LUFS, alone: 'sejtallene højt mens du ligger dem i kuen' CER 0.1389 (wav2vec2, whisper: 'Sej tallene højt mens du lægger dem i kurven') → FEJL asr
18:13:12   s.round.praise.6 t0: 0.84 s (forhold 0.67) -18.07 LUFS, alone: 'ja det passer' CER 0.0 (wav2vec2) → ok
18:13:12   ✓ master s.kind.grid.long t0 (bestået)
18:13:12   ✓ master s.kind.trueFalse.short t0 (bestået)
18:13:12   ✓ master s.round.praise.6 t0 (bestået)
18:13:40 ✅ EOS token detected! Stopping generation at step 216
18:14:02 kald sentence k=4 t0 'Tryk i nettet. Tryk på fluebenet, når du er færdig. Tierne kommer førs': 49.9 s for 8.60 s lyd
18:14:08   s.kind.grid.short t0: 0.71 s (forhold 0.57) -18.06 LUFS, alone: 'tyk i nettet' CER 0.0909 (wav2vec2, whisper: 'Trykke nettet') → FEJL asr
18:14:09   s.round.checkNudge t0: 1.81 s (forhold 0.53) -18.12 LUFS, alone: 'tryj på fluebenet når du er færdig' CER 0.0357 (wav2vec2) → ok
18:14:10   s.round.hint.digitSwap t0: 1.87 s (forhold 0.60) -18.1 LUFS, alone: 'tierne kommer først så inerne' CER 0.04 (wav2vec2) → ok
18:14:10   s.ui.meter.egg t0: 2.41 s (forhold 0.55) -18.12 LUFS, alone: 'dit æg bliver varmer og hver gang du regner rigtigt' CER 0.0488 (wav2vec2) → ok
18:14:10   ✓ master s.round.checkNudge t0 (bestået)
18:14:10   ✓ master s.round.hint.digitSwap t0 (bestået)
18:14:10   ✓ master s.ui.meter.egg t0 (bestået)
18:14:50 ✅ EOS token detected! Stopping generation at step 291
18:15:17 kald sentence k=4 t0 'Skriv svaret med tallene. Tryk på fluebenet, når du er færdig. Fem rig': 66.6 s for 11.60 s lyd
18:15:21   s.kind.keypad.long t0: 3.47 s (forhold 0.62) -18.11 LUFS, alone: 'skrive svaret metallene tryk på fluebenet når du er færdig' CER 0.0408 (wav2vec2) → ok
18:15:21   s.round.combo.five t0: 1.21 s (forhold 0.64) -18.09 LUFS, alone: 'fem rigtige i træk' CER 0.0 (wav2vec2) → ok
18:15:28   s.round.hint.forgotCarry t0: 3.37 s (forhold 0.57) -18.02 LUFS, alone: 'ti enere bliver til enti den skal med over til tierne' CER 0.0444 (wav2vec2, whisper: 'Ti indere bliver til en tiger. Den skal med over til tigerne') → FEJL asr
18:15:29   s.ui.meter.heart t0: 1.89 s (forhold 0.61) -18.06 LUFS, alone: 'hjertet fyldes når i regner sammen' CER 0.0 (wav2vec2) → ok
18:15:29   ✓ master s.kind.keypad.long t0 (bestået)
18:15:29   ✓ master s.round.combo.five t0 (bestået)
18:15:29   ✓ master s.ui.meter.heart t0 (bestået)
18:16:01 ✅ EOS token detected! Stopping generation at step 236
18:16:24 kald sentence k=4 t0 'Tryk på alle dem, der passer. Tryk på fluebenet, når du har fundet dem': 54.9 s for 9.40 s lyd
18:16:34   s.kind.multiSelect.long t0: 3.46 s (forhold 0.50) -18.05 LUFS, alone: 'Tryk på alle dem der passer. Tryk på fluebenet når du har fundet dem alle' CER 0.0 (whisper, wav2vec2: 'tryk på alle dem der passer tryk på fluebenet når du har fundet dem med alle') → ok
18:16:35   s.round.done t0: 1.59 s (forhold 0.64) -18.17 LUFS, alone: 'turen er færdig godt gået' CER 0.0 (wav2vec2) → ok
18:16:35   s.round.hint.line t0: 0.95 s (forhold 0.61) -18.13 LUFS, alone: 'se på tallinjen' CER 0.0 (wav2vec2) → ok
18:16:36   s.ui.meter.wish t0: 1.79 s (forhold 0.48) -18.02 LUFS, alone: 'sådan kommer du tættere på dit ønske' CER 0.0 (wav2vec2) → ok
18:16:36   ✓ master s.kind.multiSelect.long t0 (bestået)
18:16:36   ✓ master s.round.done t0 (bestået)
18:16:36   ✓ master s.round.hint.line t0 (bestået)
18:16:36   ✓ master s.ui.meter.wish t0 (bestået)
18:16:48 ✅ EOS token detected! Stopping generation at step 98
18:17:01 kald sentence k=3 t0 'Find dem alle. Et guldæg! Kan du fange det? Se godt efter.': 25.5 s for 3.88 s lyd
18:17:07   s.kind.multiSelect.short t0: 0.80 s (forhold 0.64) -18.0 LUFS, alone: 'Find dem alle' CER 0.0 (whisper, wav2vec2: 'finde dem alle') → ok
18:17:07   s.round.golden.appear t0: 1.38 s (forhold 0.55) -18.06 LUFS, alone: 'et guldæg kan du fange det' CER 0.0 (wav2vec2) → ok
18:17:07   s.round.hint.look t0: 0.68 s (forhold 0.54) -18.08 LUFS, alone: 'se godt efter' CER 0.0 (wav2vec2) → ok
18:17:07   ✓ master s.kind.multiSelect.short t0 (bestået)
18:17:07   ✓ master s.round.golden.appear t0 (bestået)
18:17:07   ✓ master s.round.hint.look t0 (bestået)
18:17:13 ✅ EOS token detected! Stopping generation at step 47
18:17:23 kald carrier k=1 t1 'Tallet er tredive.': 15.6 s for 1.84 s lyd
18:17:24   n.end.30 t1: 0.52 s (forhold 0.56) -18.19 LUFS, carrier: 'tallet er 30' CER 0.0 (wav2vec2) → ok
18:17:31 ✅ EOS token detected! Stopping generation at step 61
18:17:42 kald carrier k=1 t1 'Tallet er enogtredive.': 17.9 s for 2.40 s lyd
18:17:43   n.end.31 t1: 0.75 s (forhold 0.48) -18.11 LUFS, carrier: 'tallet er 31' CER 0.0 (wav2vec2) → ok
18:17:49 ✅ EOS token detected! Stopping generation at step 51
18:17:59 kald carrier k=1 t1 'Tallet er toogtredive.': 15.9 s for 2.00 s lyd
18:18:00   n.end.32 t1: 0.75 s (forhold 0.48) -18.13 LUFS, carrier: 'tallet er 32' CER 0.0 (wav2vec2) → ok
18:18:06 ✅ EOS token detected! Stopping generation at step 54
18:18:16 kald carrier k=1 t1 'Tallet er treogtredive.': 16.4 s for 2.12 s lyd
18:18:17   n.end.33 t1: 0.80 s (forhold 0.51) -18.13 LUFS, carrier: 'tallet er 33' CER 0.0 (wav2vec2) → ok
18:18:24 ✅ EOS token detected! Stopping generation at step 53
18:18:33 kald carrier k=1 t1 'Tallet er fireogtredive.': 16.4 s for 2.08 s lyd
18:18:34   n.end.34 t1: 1.00 s (forhold 0.53) -18.17 LUFS, carrier: 'tallet er 34' CER 0.0 (wav2vec2) → ok
18:18:41 ✅ EOS token detected! Stopping generation at step 54
18:18:50 kald carrier k=1 t1 'Tallet er femogtredive.': 16.0 s for 2.12 s lyd
18:18:51   n.end.35 t1: 0.80 s (forhold 0.51) -18.14 LUFS, carrier: 'tallet er 35' CER 0.0 (wav2vec2) → ok
18:18:58 ✅ EOS token detected! Stopping generation at step 56
18:19:08 kald carrier k=1 t1 'Tallet er seksogtredive.': 16.9 s for 2.20 s lyd
18:19:09   n.end.36 t1: 0.78 s (forhold 0.50) -18.15 LUFS, carrier: 'tallet er 36' CER 0.0 (wav2vec2) → ok
18:19:16 ✅ EOS token detected! Stopping generation at step 55
18:19:26 kald carrier k=1 t1 'Tallet er treoghalvtreds.': 16.8 s for 2.16 s lyd
18:19:27   n.end.53 t1: 0.94 s (forhold 0.75) -18.19 LUFS, carrier: 'tallet er 53' CER 0.0 (wav2vec2) → ok
18:19:34 ✅ EOS token detected! Stopping generation at step 57
18:19:44 kald carrier k=1 t1 'Tallet er fireoghalvtreds.': 17.5 s for 2.24 s lyd
18:19:45   n.end.54 t1: 0.96 s (forhold 0.61) -18.07 LUFS, carrier: 'tallet er 54' CER 0.0 (wav2vec2) → ok
18:19:52 forcing EOS token, long_tail=tensor(True), alignment_repetition=tensor(False), token_repetition=False
18:19:52 ✅ EOS token detected! Stopping generation at step 53
18:20:01 kald carrier k=1 t1 'Tallet er enogtres.': 15.7 s for 2.08 s lyd
18:20:02   n.end.61 t1: 0.73 s (forhold 0.78) -18.0 LUFS, carrier: 'tallet er 61' CER 0.0 (wav2vec2) → ok
18:20:08 forcing EOS token, long_tail=tensor(True), alignment_repetition=tensor(False), token_repetition=False
18:20:08 ✅ EOS token detected! Stopping generation at step 51
18:20:18 kald carrier k=1 t1 'Tallet er otteogtres.': 15.6 s for 2.00 s lyd
18:20:18   n.end.68 t1: 0.77 s (forhold 0.62) -18.0 LUFS, carrier: 'tallet er 68' CER 0.0 (wav2vec2) → ok
18:20:23 ✅ EOS token detected! Stopping generation at step 41
18:20:33 kald carrier k=1 t1 'Tallet er firs.': 14.2 s for 1.60 s lyd
18:20:33   n.end.80 t1: 0.47 s (forhold 1.49) -18.0 LUFS, carrier: 'tallet er 80' CER 0.0 (wav2vec2) → ok
18:20:39 ✅ EOS token detected! Stopping generation at step 44
18:20:49 kald carrier k=1 t1 'Tallet er tredive,': 15.4 s for 1.72 s lyd
18:20:49   n.mid.30 t1: 0.53 s (forhold 0.56) -18.0 LUFS, carrier: 'tallet er 30' CER 0.0 (wav2vec2) → ok
18:20:56 ✅ EOS token detected! Stopping generation at step 52
18:21:06 kald carrier k=1 t1 'Tallet er enogtredive,': 16.6 s for 2.04 s lyd
18:21:07   n.mid.31 t1: 0.87 s (forhold 0.56) -18.1 LUFS, carrier: 'tallet er 31' CER 0.0 (wav2vec2) → ok
18:21:13 ✅ EOS token detected! Stopping generation at step 49
18:21:23 kald carrier k=1 t1 'Tallet er toogtredive,': 15.7 s for 1.92 s lyd
18:21:24   n.mid.32 t1: 0.73 s (forhold 0.47) -18.14 LUFS, carrier: 'tallet er 32' CER 0.0 (wav2vec2) → ok
18:21:30 ✅ EOS token detected! Stopping generation at step 51
18:21:40 kald carrier k=1 t1 'Tallet er treogtredive,': 16.1 s for 2.00 s lyd
18:21:41   n.mid.33 t1: 0.87 s (forhold 0.56) -18.19 LUFS, carrier: 'tallet er 33' CER 0.0 (wav2vec2) → ok
18:21:47 ✅ EOS token detected! Stopping generation at step 51
18:21:56 kald carrier k=1 t1 'Tallet er fireogtredive,': 15.7 s for 2.00 s lyd
18:21:57   n.mid.34 t1: 0.88 s (forhold 0.47) -18.15 LUFS, carrier: 'tallet er 34' CER 0.0 (wav2vec2) → ok
18:22:03 ✅ EOS token detected! Stopping generation at step 48
18:22:13 kald carrier k=1 t1 'Tallet er femogtredive,': 15.7 s for 1.88 s lyd
18:22:14   n.mid.35 t1: 0.82 s (forhold 0.53) -18.14 LUFS, carrier: 'tallet er 35' CER 0.0 (wav2vec2) → ok
18:22:20 ✅ EOS token detected! Stopping generation at step 53
18:22:30 kald carrier k=1 t1 'Tallet er seksogtredive,': 15.9 s for 2.08 s lyd
18:22:31   n.mid.36 t1: 0.91 s (forhold 0.58) -18.1 LUFS, carrier: 'tallet er 36' CER 0.0 (wav2vec2) → ok
18:22:37 ✅ EOS token detected! Stopping generation at step 55
18:22:47 kald carrier k=1 t1 'Tallet er tooghalvtreds,': 16.7 s for 2.16 s lyd
18:22:48   n.mid.52 t1: 0.90 s (forhold 0.72) -18.2 LUFS, carrier: 'tallet er 52' CER 0.0 (wav2vec2) → ok
18:22:55 ✅ EOS token detected! Stopping generation at step 59
18:23:05 kald carrier k=1 t1 'Tallet er treoghalvtreds,': 17.1 s for 2.32 s lyd
18:23:06   n.mid.53 t1: 0.97 s (forhold 0.77) -18.06 LUFS, carrier: 'tallet er 53' CER 0.0 (wav2vec2) → ok
18:23:13 ✅ EOS token detected! Stopping generation at step 55
18:23:23 kald carrier k=1 t1 'Tallet er fireoghalvtreds,': 16.7 s for 2.16 s lyd
18:23:24   n.mid.54 t1: 0.94 s (forhold 0.60) -18.0 LUFS, carrier: 'tallet er 54' CER 0.0 (wav2vec2) → ok
18:23:31 ✅ EOS token detected! Stopping generation at step 54
18:23:41 kald carrier k=1 t1 'Tallet er enogtres,': 16.5 s for 2.12 s lyd
18:23:41   n.mid.61 t1: 0.78 s (forhold 0.83) -18.0 LUFS, carrier: 'tallet er 61' CER 0.0 (wav2vec2) → ok
18:23:47 ✅ EOS token detected! Stopping generation at step 47
18:23:56 kald carrier k=1 t1 'Tallet er toogtres,': 14.9 s for 1.84 s lyd
18:23:57   n.mid.62 t1: 0.68 s (forhold 0.73) -18.0 LUFS, carrier: 'tallet er 62' CER 0.0 (wav2vec2) → ok
18:24:03 ✅ EOS token detected! Stopping generation at step 48
18:24:12 kald carrier k=1 t1 'Tallet er treogtres,': 15.2 s for 1.88 s lyd
18:24:13   n.mid.63 t1: 0.81 s (forhold 0.86) -18.0 LUFS, carrier: 'tallet er 63' CER 0.0 (wav2vec2) → ok
18:24:19 ✅ EOS token detected! Stopping generation at step 52
18:24:29 kald carrier k=1 t1 'Tallet er seksoghalvfjerds,': 15.7 s for 2.04 s lyd
18:24:30   n.mid.76 t1: 0.90 s (forhold 0.72) -18.0 LUFS, carrier: 'tallet er 76' CER 0.0 (wav2vec2) → ok
18:24:36 ✅ EOS token detected! Stopping generation at step 54
18:24:47 kald carrier k=1 t1 'Tallet er otteoghalvfjerds,': 16.8 s for 2.12 s lyd
18:24:48   n.mid.78 t1: 0.92 s (forhold 0.59) -18.1 LUFS, carrier: 'tallet er 78' CER 0.0 (wav2vec2) → ok
18:24:53 ✅ EOS token detected! Stopping generation at step 41
18:25:02 kald carrier k=1 t1 'Tallet er firs,': 14.1 s for 1.60 s lyd
18:25:02   n.mid.80 t1: 0.41 s (forhold 1.32) -18.0 LUFS, carrier: 'tallet er 80' CER 0.0 (wav2vec2) → ok
18:25:10 ✅ EOS token detected! Stopping generation at step 62
18:25:21 kald carrier k=1 t1 'Tallet er syvoghalvfems,': 18.4 s for 2.44 s lyd
18:25:22   n.mid.97 t1: 1.03 s (forhold 0.83) -18.1 LUFS, carrier: 'tallet er 97' CER 0.0 (wav2vec2) → ok
18:25:29 ✅ EOS token detected! Stopping generation at step 60
18:25:40 kald carrier k=1 t1 'Tallet er otteoghalvfems,': 18.3 s for 2.36 s lyd
18:25:41   n.mid.98 t1: 0.98 s (forhold 0.63) -18.0 LUFS, carrier: 'tallet er 98' CER 0.0 (wav2vec2) → ok
18:25:48 ✅ EOS token detected! Stopping generation at step 54
18:25:58 kald carrier k=1 t1 'Tallet er nioghalvfems,': 16.8 s for 2.12 s lyd
18:25:59   n.mid.99 t1: 0.94 s (forhold 0.75) -18.0 LUFS, carrier: 'tallet er 99' CER 0.0 (wav2vec2) → ok
18:26:04 ✅ EOS token detected! Stopping generation at step 40
18:26:13 kald single k=1 t1 'Tag en tur forbi,': 14.6 s for 1.56 s lyd
18:26:19   s.reward.goal.revisit t1: 0.80 s (forhold 0.51) -18.0 LUFS, alone: 'tager en tur forbi' CER 0.1538 (wav2vec2, whisper: 'Tage en tur forbi') → FEJL asr
18:26:24 forcing EOS token, long_tail=tensor(True), alignment_repetition=tensor(False), token_repetition=False
18:26:24 ✅ EOS token detected! Stopping generation at step 41
18:26:33 kald single k=1 t1 'Tag en op af kurven,': 14.2 s for 1.60 s lyd
18:26:38   s.round.count.back t1: 1.01 s (forhold 0.54) -18.16 LUFS, alone: 'tage en op ad kurve' CER 0.2 (wav2vec2, whisper: 'Tage en oppekurve') → FEJL asr
18:26:47 ✅ EOS token detected! Stopping generation at step 71
18:26:59 kald sentence k=1 t1 'Når man tager det hele væk, er der nul tilbage.': 20.6 s for 2.80 s lyd
18:27:06   hint.addsub.allGone t1: 2.27 s (forhold 0.52) -18.12 LUFS, alone: 'når man tager det hele væg er der noget tilbage' CER 0.1389 (wav2vec2, whisper: 'Når man tager det hele væk er der noget tilbage') → FEJL asr
18:27:11 ✅ EOS token detected! Stopping generation at step 39
18:27:20 kald sentence k=1 t1 'og tæl hoppene.': 14.7 s for 1.52 s lyd
18:27:21   hint.addsub.countHops t1: 0.85 s (forhold 0.55) -18.11 LUFS, alone: 'og tæl hoppene' CER 0.0 (wav2vec2) → ok
18:27:21   ✓ master hint.addsub.countHops t1 (bestået)
18:27:29 ✅ EOS token detected! Stopping generation at step 61
18:27:39 kald sentence k=1 t1 'Hvad er en plus syv?': 17.7 s for 2.40 s lyd
18:27:40   q.add:1+7 t1: 1.60 s (forhold 1.02) -18.0 LUFS, alone: 'hvad er en plus 7' CER 0.0 (wav2vec2) → ok
18:27:40   ✓ master q.add:1+7 t1 (bestået)
18:27:46 forcing EOS token, long_tail=tensor(True), alignment_repetition=tensor(False), token_repetition=False
18:27:46 ✅ EOS token detected! Stopping generation at step 53
18:27:56 kald sentence k=1 t1 'Hvad er otte plus nul?': 15.7 s for 2.08 s lyd
18:28:02   q.add:8+0 t1: 1.47 s (forhold 0.79) -18.18 LUFS, alone: 'Hvad er 8 plus 0?' CER 0.0 (whisper, wav2vec2: 'hvad er 8 plus norry') → ok
18:28:02   ✓ master q.add:8+0 t1 (bestået)
18:28:07 ✅ EOS token detected! Stopping generation at step 46
18:28:17 kald sentence k=1 t1 'Hvad er en plus otte?': 15.8 s for 1.80 s lyd
18:28:22   q.add:1+8 t1: 1.09 s (forhold 0.58) -18.14 LUFS, alone: 'vaen plus 8' CER 0.25 (wav2vec2, whisper: 'Van plus 8') → FEJL asr
18:28:28 ✅ EOS token detected! Stopping generation at step 47
18:28:38 kald sentence k=1 t1 'Hop fire gange tilbage.': 15.6 s for 1.84 s lyd
18:28:44   hint.addsub.hopBack.4 t1: 1.16 s (forhold 0.46) -18.2 LUFS, alone: 'og 4 gange tilbage' CER 0.1053 (wav2vec2, whisper: 'hoppede 4 gange tilbage') → FEJL asr
18:28:50 forcing EOS token, long_tail=tensor(True), alignment_repetition=tensor(False), token_repetition=False
18:28:50 ✅ EOS token detected! Stopping generation at step 50
18:29:00 kald sentence k=1 t1 'Hvad er en minus nul?': 16.4 s for 1.96 s lyd
18:29:06   q.sub:1-0 t1: 1.36 s (forhold 0.73) -18.11 LUFS, alone: 'hvad er en minusnuti' CER 0.125 (wav2vec2, whisper: 'Hvad er en minusnul?') → FEJL asr
18:29:13 ✅ EOS token detected! Stopping generation at step 55
18:29:23 kald sentence k=1 t1 'Hvad er syv minus fem?': 17.0 s for 2.16 s lyd
18:29:24   q.sub:7-5 t1: 1.31 s (forhold 0.70) -18.16 LUFS, alone: 'hvad er 7 minus 5' CER 0.0 (wav2vec2) → ok
18:29:24   ✓ master q.sub:7-5 t1 (bestået)
18:29:30 ✅ EOS token detected! Stopping generation at step 55
18:29:41 kald sentence k=1 t1 'Hvad er syv minus syv?': 16.9 s for 2.16 s lyd
18:29:42   q.sub:7-7 t1: 1.47 s (forhold 0.78) -18.0 LUFS, alone: 'hvad er 7 minus 7' CER 0.0 (wav2vec2) → ok
18:29:42   ✓ master q.sub:7-7 t1 (bestået)
18:29:47 ✅ EOS token detected! Stopping generation at step 46
18:29:57 kald sentence k=1 t1 'Hvad er to plus syv?': 15.0 s for 1.80 s lyd
18:29:57   q.add:2+7 t1: 1.14 s (forhold 0.73) -18.19 LUFS, alone: 'hvad er 2 plus 7' CER 0.0 (wav2vec2) → ok
18:29:57   ✓ master q.add:2+7 t1 (bestået)
18:30:03 ✅ EOS token detected! Stopping generation at step 43
18:30:13 kald sentence k=1 t1 'Hop to gange frem.': 15.2 s for 1.68 s lyd
18:30:13   hint.addsub.hopForward.2 t1: 0.99 s (forhold 0.63) -18.07 LUFS, alone: 'hop 2 gange frem' CER 0.0 (wav2vec2) → ok
18:30:13   ✓ master hint.addsub.hopForward.2 t1 (bestået)
18:30:19 ✅ EOS token detected! Stopping generation at step 45
18:30:29 kald sentence k=1 t1 'Hop tre gange frem.': 15.2 s for 1.76 s lyd
18:30:34   hint.addsub.hopForward.3 t1: 1.12 s (forhold 0.72) -18.03 LUFS, alone: 'Hop 3 gange frem' CER 0.0 (whisper, wav2vec2: 'hop 3e gange frem') → ok
18:30:34   ✓ master hint.addsub.hopForward.3 t1 (bestået)
18:30:41 ✅ EOS token detected! Stopping generation at step 52
18:30:51 kald sentence k=1 t1 'Hvad er otte minus fem?': 16.7 s for 2.04 s lyd
18:30:56   q.sub:8-5 t1: 1.40 s (forhold 0.64) -18.0 LUFS, alone: 'Hvad er 8 minus 5?' CER 0.0 (whisper, wav2vec2: 'vad er 8 minus 5') → ok
18:30:56   ✓ master q.sub:8-5 t1 (bestået)
18:31:02 forcing EOS token, long_tail=tensor(True), alignment_repetition=tensor(False), token_repetition=False
18:31:02 ✅ EOS token detected! Stopping generation at step 47
18:31:12 kald sentence k=1 t1 'Hvad er to minus nul?': 16.1 s for 1.84 s lyd
18:31:18   q.sub:2-0 t1: 1.11 s (forhold 0.59) -18.14 LUFS, alone: 'Hvad er 2 minus 0?' CER 0.0 (whisper, wav2vec2: 'hvad er 2 minus nu') → ok
18:31:18   ✓ master q.sub:2-0 t1 (bestået)
18:31:24 forcing EOS token, long_tail=tensor(True), alignment_repetition=tensor(False), token_repetition=False
18:31:24 ✅ EOS token detected! Stopping generation at step 51
18:31:34 kald sentence k=1 t1 'Hvad er ni minus nul?': 16.2 s for 2.00 s lyd
18:31:40   q.sub:9-0 t1: 1.36 s (forhold 0.73) -18.14 LUFS, alone: 'Hvad er 9 minus 0?' CER 0.0 (whisper, wav2vec2: 'hvadet er 9 minus 0') → ok
18:31:40   ✓ master q.sub:9-0 t1 (bestået)
18:31:47 ✅ EOS token detected! Stopping generation at step 54
18:31:57 kald sentence k=1 t1 'Hvad er ni minus tre?': 17.0 s for 2.12 s lyd
18:31:58   q.sub:9-3 t1: 1.31 s (forhold 0.70) -18.06 LUFS, alone: 'hvad er 9 minus 3' CER 0.0 (wav2vec2) → ok
18:31:58   ✓ master q.sub:9-3 t1 (bestået)
18:32:06 ✅ EOS token detected! Stopping generation at step 60
18:32:17 kald sentence k=1 t1 'Hvad er nul plus fire?': 18.8 s for 2.36 s lyd
18:32:18   q.add:0+4 t1: 1.53 s (forhold 0.82) -18.07 LUFS, alone: 'hvad er 0plus 4' CER 0.0 (wav2vec2) → ok
18:32:18   ✓ master q.add:0+4 t1 (bestået)
18:32:25 forcing EOS token, long_tail=tensor(True), alignment_repetition=tensor(False), token_repetition=False
18:32:25 ✅ EOS token detected! Stopping generation at step 49
18:32:35 kald sentence k=1 t1 'Nul plus hvad giver ti?': 16.7 s for 1.92 s lyd
18:32:41   q.ten:0 t1: 1.35 s (forhold 0.72) -18.07 LUFS, alone: 'Nul plus hvad giver 10?' CER 0.0 (whisper, wav2vec2: 'neuplus vagier 10') → ok
18:32:41   ✓ master q.ten:0 t1 (bestået)
18:32:48 forcing EOS token, long_tail=tensor(True), alignment_repetition=tensor(False), token_repetition=False
18:32:48 ✅ EOS token detected! Stopping generation at step 51
18:32:58 kald sentence k=1 t1 'Ti plus hvad giver ti?': 16.8 s for 2.00 s lyd
18:33:03   q.ten:10 t1: 1.22 s (forhold 0.65) -18.0 LUFS, alone: 't0 plus hvar giver 10' CER 0.2353 (wav2vec2, whisper: 'T plus værdier 10') → FEJL asr
18:33:11 ✅ EOS token detected! Stopping generation at step 59
18:33:22 kald sentence k=1 t1 'Hvad er fem minus fire?': 18.5 s for 2.32 s lyd
18:33:23   q.sub:5-4 t1: 1.57 s (forhold 0.72) -18.0 LUFS, alone: 'hvad er 5 minus 4' CER 0.0 (wav2vec2) → ok
18:33:23   ✓ master q.sub:5-4 t1 (bestået)
18:33:29 forcing EOS token, long_tail=tensor(True), alignment_repetition=tensor(False), token_repetition=False
18:33:29 ✅ EOS token detected! Stopping generation at step 50
18:33:40 kald sentence k=1 t1 'Otte plus hvad giver ti?': 17.3 s for 1.96 s lyd
18:33:46   q.ten:8 t1: 1.28 s (forhold 0.59) -18.0 LUFS, alone: '8 plus hvad giver 10?' CER 0.0 (whisper, wav2vec2: '8 plus vargiver 10') → ok
18:33:46   ✓ master q.ten:8 t1 (bestået)
18:33:53 forcing EOS token, long_tail=tensor(True), alignment_repetition=tensor(False), token_repetition=False
18:33:53 ✅ EOS token detected! Stopping generation at step 55
18:34:03 kald sentence k=1 t1 'Hvad er en plus tre?': 17.2 s for 2.16 s lyd
18:34:04   q.add:1+3 t1: 1.31 s (forhold 0.84) -18.18 LUFS, alone: 'hvad er en plus 3' CER 0.0 (wav2vec2) → ok
18:34:04   ✓ master q.add:1+3 t1 (bestået)
18:34:10 ✅ EOS token detected! Stopping generation at step 46
18:34:20 kald sentence k=1 t1 'Hvad er en plus fire?': 16.3 s for 1.80 s lyd
18:34:21   q.add:1+4 t1: 1.18 s (forhold 0.63) -18.0 LUFS, alone: 'hvad er en plus 4' CER 0.0 (wav2vec2) → ok
18:34:21   ✓ master q.add:1+4 t1 (bestået)
18:34:21 færdig: 291 nye mastere (0 ikke bestået, 0 kopier), 145 modelkald, 81.2 min generering (CPU 2.68 t), 569 klip mangler
