12:43:28 generate.py --wave 1 --threads 2 --max-minutes 100 (log: /home/user/wt/voice/talvennerne2/voice/logs/generate-20261002-124328.log)
12:43:28 1219 klip valgt, 1063 færdige, 156 at lave
12:43:44 input frame rate=25
12:43:48 Could not load Cangjie mapping: An error happened while trying to locate the file on the Hub and we cannot find the requested files in the local cache. Please check your connection and try again or make sure your Internet connection is on.
12:43:49 model indlæst på 18 s (2 tråde)
12:44:33 ✅ EOS token detected! Stopping generation at step 240
12:45:14 kald sentence k=4 t0 'Spil en hel tur uden en eneste fejl. Spil flere sten på kortet, så åbn': 85.2 s for 9.56 s lyd
12:45:41   s.books.trophy.how.perfect-round t0: 2.24 s (forhold 0.65) -18.15 LUFS, alone: 'Spil en hel tur uden en eneste fejl' CER 0.0 (whisper, wav2vec2: 'spill en hetur uden en eneste fejl') → ok
12:45:51   s.map.locked.more t0: 2.06 s (forhold 0.60) -18.05 LUFS, alone: 'Spil flere sten på kortet så åbner det' CER 0.0 (whisper, wav2vec2: 'spille flere sten på kortet så åbner det') → ok
12:45:52   s.profiles.title t0: 0.82 s (forhold 0.65) -18.05 LUFS, alone: 'hvem skal spille' CER 0.0 (wav2vec2) → ok
12:45:53   s.zoo.magic.rainbow.about t0: 2.51 s (forhold 0.54) -18.07 LUFS, alone: 'tre stjerner på alle sten giver der et regnbue dyr' CER 0.0488 (wav2vec2) → ok
12:45:53   ✓ master s.books.trophy.how.perfect-round t0 (bestået)
12:45:53   ✓ master s.map.locked.more t0 (bestået)
12:45:53   ✓ master s.profiles.title t0 (bestået)
12:45:53   ✓ master s.zoo.magic.rainbow.about t0 (bestået)
12:46:30 ✅ EOS token detected! Stopping generation at step 230
12:46:55 kald sentence k=4 t0 'Saml alle seks ting fra Astronaut-sættet. Spil stenen før, så åbner de': 62.2 s for 9.16 s lyd
12:47:04   s.books.trophy.how.set-astronaut t0: 2.65 s (forhold 0.77) -18.13 LUFS, alone: 'Samle alle seks ting fra Astronautsættet' CER 0.0294 (whisper, wav2vec2: 'sammen leg alle seks ting fra astronautsettet') → ok
12:47:05   s.map.locked.node t0: 2.06 s (forhold 0.82) -18.1 LUFS, alone: 'spilstenen før så åbner den' CER 0.0 (wav2vec2) → ok
12:47:10   s.shop.bought t0: 0.77 s (forhold 0.61) -18.0 LUFS, alone: 'Den er din nu' CER 0.0 (whisper, wav2vec2: 'den er de nu') → ok
12:47:17   s.zoo.trick.locked t0: 2.25 s (forhold 0.55) -18.07 LUFS, alone: 'det tre kommer når ier endnu bedre vinder' CER 0.1389 (wav2vec2, whisper: 'Det trekommer når I er endnu bedre venner') → FEJL asr
12:47:17   ✓ master s.books.trophy.how.set-astronaut t0 (bestået)
12:47:17   ✓ master s.map.locked.node t0 (bestået)
12:47:17   ✓ master s.shop.bought t0 (bestået)
12:47:23 ✅ EOS token detected! Stopping generation at step 45
12:47:33 kald single k=1 t1 'Det er jeg rigtig god til,': 16.7 s for 1.76 s lyd
12:47:39   s.books.can.silver t1: 1.11 s (forhold 0.51) -18.09 LUFS, alone: 'det er rigtig god til' CER 0.15 (wav2vec2, whisper: 'Det jeg rigtig god til') → FEJL asr
12:47:55 ✅ EOS token detected! Stopping generation at step 119
12:48:11 kald sentence k=1 t1 'Når du har to langhårede katte, kan maine coon-katten komme ud af ægge': 32.1 s for 4.72 s lyd
12:48:22   s.books.how.breed.mainecoon t1: 4.39 s (forhold 0.59) -18.05 LUFS, alone: 'når du har to langhårede katte kan menen kun katten komme ud af ægget' CER 0.0877 (wav2vec2, whisper: 'Når du har to langhårede katte kan manekunkatten komme ud af ægget') → FEJL asr
12:48:36 ✅ EOS token detected! Stopping generation at step 102
12:48:51 kald sentence k=1 t1 'Når du har to enhjørningeføl, kan bølgemanken komme ud af ægget.': 29.1 s for 4.04 s lyd
12:49:01   s.books.how.breed.wavy t1: 3.35 s (forhold 0.54) -18.11 LUFS, alone: 'når du har t indhjørningefyl kan bølgemanken komme ud af ægget' CER 0.0769 (wav2vec2, whisper: 'Når du har to indhjørningefyl kan bølgemanken komme ud af ægget') → FEJL asr
12:49:09 ✅ EOS token detected! Stopping generation at step 61
12:49:21 kald sentence k=1 t1 'Den kan komme ud af dit rugeæg.': 19.3 s for 2.40 s lyd
12:49:28   s.books.how.egg t1: 1.72 s (forhold 0.55) -18.1 LUFS, alone: 'den kan komme ud af dit roe æg' CER 0.0833 (wav2vec2, whisper: 'Den kan komme ud af dit roeæg') → FEJL asr
12:49:46 ✅ EOS token detected! Stopping generation at step 124
12:50:02 kald single k=1 t1 'Du kan vælge et regnbuedyr, når du har tre stjerner på alle sten et st': 34.5 s for 4.92 s lyd
12:50:04   s.books.how.rainbow t1: 4.12 s (forhold 0.60) -18.11 LUFS, alone: 'du kan vælge et regnbuedyr når du har tre stjerner på alle sten et sted i' CER 0.0 (wav2vec2) → ok
12:50:04   ✓ master s.books.how.rainbow t1 (bestået)
12:50:12 forcing EOS token, long_tail=tensor(True), alignment_repetition=tensor(False), token_repetition=False
12:50:12 ✅ EOS token detected! Stopping generation at step 60
12:50:24 kald sentence k=1 t1 'Få hundrede ting til at sidde helt fast.': 19.1 s for 2.36 s lyd
12:50:30   s.books.trophy.how.keys5-100 t1: 1.81 s (forhold 0.53) -18.18 LUFS, alone: 'får hun havde ting til at sidde helt fast' CER 0.125 (wav2vec2, whisper: 'For hun havde ting til at sidde helt fast') → FEJL asr
12:50:39 ✅ EOS token detected! Stopping generation at step 68
12:50:51 kald sentence k=1 t1 'Saml alle seks ting fra Hverdag-sættet.': 20.8 s for 2.68 s lyd
12:50:59   s.books.trophy.how.set-hverdag t1: 2.11 s (forhold 0.67) -18.05 LUFS, alone: 'samler alle seks ting fra hverdag sættet' CER 0.0625 (wav2vec2, whisper: 'Samle alle seks ting fra hverdagssættet') → FEJL asr
12:51:10 ✅ EOS token detected! Stopping generation at step 86
12:51:23 kald sentence k=1 t1 'Saml alle seks ting fra Opdager-sættet.': 24.4 s for 3.40 s lyd
12:51:31   s.books.trophy.how.set-opdager t1: 2.75 s (forhold 0.80) -18.06 LUFS, alone: 'sammen er alle s6ks ting fra opdager sættet' CER 0.25 (wav2vec2, whisper: 'Samle alle seks ting fra opdager settet') → FEJL asr
12:51:40 ✅ EOS token detected! Stopping generation at step 74
12:51:57 kald sentence k=1 t1 'Saml alle seks ting fra Ridder-sættet.': 26.7 s for 2.92 s lyd
12:52:05   s.books.trophy.how.set-ridder t1: 2.43 s (forhold 0.78) -18.2 LUFS, alone: 'sammen er alle seks ting fra ridersættet' CER 0.1935 (wav2vec2, whisper: 'Samle alle seks ting fra højresættet') → FEJL asr
12:52:12 ✅ EOS token detected! Stopping generation at step 47
12:52:22 kald sentence k=1 t1 'Klar ti mesterprøver.': 16.8 s for 1.84 s lyd
12:52:30   s.books.trophy.how.trials-10 t1: 1.15 s (forhold 0.61) -18.09 LUFS, alone: 'Klar 10 mesterprøver' CER 0.0 (whisper, wav2vec2: 'klar temester prøver') → ok
12:52:30   ✓ master s.books.trophy.how.trials-10 t1 (bestået)
12:52:39 ✅ EOS token detected! Stopping generation at step 69
12:52:52 kald sentence k=1 t1 'Klar den store fest i Regnbueskoven.': 22.1 s for 2.72 s lyd
12:53:00   s.books.trophy.how.world-skov t1: 2.12 s (forhold 0.62) -18.1 LUFS, alone: 'Klar den Store fest i Regnbueskoven' CER 0.0 (whisper, wav2vec2: 'klar den store fest i heimbuskoven') → ok
12:53:00   ✓ master s.books.trophy.how.world-skov t1 (bestået)
12:53:05 ✅ EOS token detected! Stopping generation at step 39
12:53:14 kald sentence k=1 t1 'Spørg en voksen.': 14.8 s for 1.52 s lyd
12:53:20   s.gate.ask t1: 0.86 s (forhold 0.69) -18.11 LUFS, alone: 'sperr en voksen' CER 0.1538 (wav2vec2, whisper: 'Spørger han voksen') → FEJL asr
12:53:28 ✅ EOS token detected! Stopping generation at step 62
12:53:41 kald single k=1 t1 'Kisten er åben. Den gav dig:,': 20.2 s for 2.44 s lyd
12:53:42   s.map.about.chestOpen t1: 1.80 s (forhold 0.72) -18.09 LUFS, alone: 'kisten er åben den gav deg' CER 0.0476 (wav2vec2) → ok
12:53:42   ✓ master s.map.about.chestOpen t1 (bestået)
12:53:50 ✅ EOS token detected! Stopping generation at step 61
12:54:01 kald sentence k=1 t1 'En tur med lidt af det hele fra stedet.': 19.1 s for 2.40 s lyd
12:54:08   s.map.about.mix t1: 1.78 s (forhold 0.52) -18.02 LUFS, alone: 'En tur med lidt af det hele fra stedet' CER 0.0 (whisper, wav2vec2: 'en tor melitter det hele fra stedet') → ok
12:54:08   ✓ master s.map.about.mix t1 (bestået)
12:54:13 ✅ EOS token detected! Stopping generation at step 41
12:54:24 kald single k=1 t1 'Klæd din ven på,': 15.7 s for 1.60 s lyd
12:54:31   s.map.buddy t1: 0.81 s (forhold 0.65) -18.0 LUFS, alone: 'Klæd din ven på' CER 0.0 (whisper, wav2vec2: 'klædt di en vend på') → ok
12:54:31   ✓ master s.map.buddy t1 (bestået)
12:54:47 ✅ EOS token detected! Stopping generation at step 73
12:55:09 kald sentence k=1 t1 'Klaret! Et stempel i stempelbogen.': 38.4 s for 2.88 s lyd
12:55:21   s.map.goal.done t1: 2.55 s (forhold 0.82) -18.16 LUFS, alone: 'Klaret et stempel i Stempelbogen' CER 0.0 (whisper, wav2vec2: 'klaret et stimpel i stimpelbogen') → ok
12:55:21   ✓ master s.map.goal.done t1 (bestået)
12:55:31 ✅ EOS token detected! Stopping generation at step 46
12:55:46 kald sentence k=1 t1 'Lanternerne er tændt.': 25.7 s for 1.80 s lyd
12:55:56   s.map.region.tier.bronze t1: 1.39 s (forhold 0.74) -18.06 LUFS, alone: 'Lanternerne er tændt' CER 0.0 (whisper, wav2vec2: 'lanternerne er tint') → ok
12:55:56   ✓ master s.map.region.tier.bronze t1 (bestået)
12:56:09 ✅ EOS token detected! Stopping generation at step 68
12:56:27 kald sentence k=1 t1 'Spil og få op til tre stjerner.': 30.9 s for 2.68 s lyd
12:56:35   s.map.stars.0 t1: 2.02 s (forhold 0.81) -18.07 LUFS, alone: 'Spil og få op til 3 stjerner' CER 0.0 (whisper, wav2vec2: 'spill ot få op til tre stjerner') → ok
12:56:35   ✓ master s.map.stars.0 t1 (bestået)
12:56:41 ✅ EOS token detected! Stopping generation at step 50
12:56:57 kald sentence k=1 t1 'Tryk på ægget tre gange.': 22.3 s for 1.96 s lyd
12:57:00   s.onb.egg.tap t1: 1.40 s (forhold 0.64) -18.1 LUFS, alone: 'tryk på ægget tre gange' CER 0.0 (wav2vec2) → ok
12:57:00   ✓ master s.onb.egg.tap t1 (bestået)
12:57:05 ✅ EOS token detected! Stopping generation at step 33
12:57:16 kald sentence k=1 t1 'Slet spilleren?': 16.1 s for 1.28 s lyd
12:57:22   s.profiles.delete.title t1: 0.89 s (forhold 0.71) -18.0 LUFS, alone: 'slit spi land' CER 0.4615 (wav2vec2, whisper: 'Slidtspilleren') → FEJL asr
12:57:34 ✅ EOS token detected! Stopping generation at step 82
12:57:48 kald sentence k=1 t1 'Tryk på din nye ting, så prøver din ven den på.': 26.2 s for 3.24 s lyd
12:57:56   s.wardrobe.guide t1: 2.53 s (forhold 0.62) -18.13 LUFS, alone: 'Tryk på din nye ting så prøver din venden på' CER 0.0 (whisper, wav2vec2: 'tryk på de nye ting så prøver den vende den på') → ok
12:57:56   ✓ master s.wardrobe.guide t1 (bestået)
12:58:01 ✅ EOS token detected! Stopping generation at step 36
12:58:14 kald single k=1 t1 'Tag med på tur,': 17.8 s for 1.40 s lyd
12:58:20   s.zoo.buddy.choose t1: 0.75 s (forhold 0.60) -18.08 LUFS, alone: 'tage me på tur' CER 0.1818 (wav2vec2, whisper: 'Tage med på tur') → FEJL asr
12:58:30 ✅ EOS token detected! Stopping generation at step 78
12:58:45 kald sentence k=1 t1 'Den form kommer, når I er endnu bedre venner.': 25.0 s for 3.08 s lyd
12:58:52   s.zoo.form.locked t1: 2.46 s (forhold 0.61) -18.12 LUFS, alone: 'Den form kommer når I er endnu bedre venner' CER 0.0 (whisper, wav2vec2: 'den form kommer når ie endnu bedre vinner') → ok
12:58:52   ✓ master s.zoo.form.locked t1 (bestået)
12:59:02 ✅ EOS token detected! Stopping generation at step 81
12:59:16 kald sentence k=1 t1 'Her bor dine dyr. Tryk på et dyr for at se det.': 24.1 s for 3.20 s lyd
12:59:24   s.zoo.intro t1: 2.54 s (forhold 0.63) -18.12 LUFS, alone: 'Her bor dine dyr. Tryk på et dyr for at se det' CER 0.0 (whisper, wav2vec2: 'her bor de en dyr tryk på et dyr for at sede') → ok
12:59:24   ✓ master s.zoo.intro t1 (bestået)
12:59:27 ✅ EOS token detected! Stopping generation at step 19
12:59:36 kald single k=1 t1 'Hop,': 11.4 s for 0.72 s lyd
12:59:36   s.zoo.trick.hop t1: 0.26 s (forhold 0.82) -19.29 LUFS, none: 'None' CER None (None) → FEJL efterbehandling
12:59:45 ✅ EOS token detected! Stopping generation at step 73
12:59:58 kald sentence k=1 t1 'Det trick kommer, når I er endnu bedre venner.': 21.8 s for 2.88 s lyd
13:00:05   s.zoo.trick.locked t1: 2.20 s (forhold 0.54) -18.11 LUFS, alone: 'Det trick kommer når I er endnu bedre venner' CER 0.0 (whisper, wav2vec2: 'dettrik kommer når i er endnu bedre vinner') → ok
13:00:05   ✓ master s.zoo.trick.locked t1 (bestået)
13:00:11 ✅ EOS token detected! Stopping generation at step 45
13:00:22 kald single k=1 t2 'Det er jeg rigtig god til,': 16.3 s for 1.76 s lyd
13:00:28   s.books.can.silver t2: 1.03 s (forhold 0.47) -18.16 LUFS, alone: 'det er e rigtig god til' CER 0.1 (wav2vec2, whisper: 'Det jeg er rigtig god til') → FEJL asr
13:00:42 ✅ EOS token detected! Stopping generation at step 111
13:00:58 kald sentence k=1 t2 'Når du har to langhårede katte, kan maine coon-katten komme ud af ægge': 30.2 s for 4.40 s lyd
13:01:08   s.books.how.breed.mainecoon t2: 3.94 s (forhold 0.53) -18.08 LUFS, alone: 'når du har to langhårede katte kan men kun katten komme ud af ægget' CER 0.1053 (wav2vec2, whisper: 'Når du har to langhårede katte kan mainkunkatten komme ud af ægget') → FEJL asr
13:01:22 ✅ EOS token detected! Stopping generation at step 102
13:01:36 kald sentence k=1 t2 'Når du har to enhjørningeføl, kan bølgemanken komme ud af ægget.': 27.7 s for 4.04 s lyd
13:01:38   s.books.how.breed.wavy t2: 3.46 s (forhold 0.55) -18.05 LUFS, alone: 'når du har to enhjørningefyl kan bølgemanken komme ud af ægget' CER 0.0192 (wav2vec2) → ok
13:01:38   ✓ master s.books.how.breed.wavy t2 (bestået)
13:01:46 ✅ EOS token detected! Stopping generation at step 58
13:01:58 kald sentence k=1 t2 'Den kan komme ud af dit rugeæg.': 19.9 s for 2.28 s lyd
13:02:05   s.books.how.egg t2: 1.68 s (forhold 0.54) -18.06 LUFS, alone: 'Den kan komme ud af dit rugeæg' CER 0.0 (whisper, wav2vec2: 'den kan komme ud af dit roeg æg') → ok
13:02:05   ✓ master s.books.how.egg t2 (bestået)
13:02:14 forcing EOS token, long_tail=tensor(True), alignment_repetition=tensor(False), token_repetition=False
13:02:14 ✅ EOS token detected! Stopping generation at step 67
13:02:32 kald sentence k=1 t2 'Få hundrede ting til at sidde helt fast.': 26.8 s for 2.64 s lyd
13:02:39   s.books.trophy.how.keys5-100 t2: 2.04 s (forhold 0.59) -18.04 LUFS, alone: 'fåhundrede ting til at sidde helt fast' CER 0.0 (wav2vec2, whisper: 'Får hun noget ting til at sidde helt fast') → FEJL asr
13:02:55 ✅ EOS token detected! Stopping generation at step 73
13:03:12 kald sentence k=1 t2 'Saml alle seks ting fra Hverdag-sættet.': 33.2 s for 2.88 s lyd
13:03:20   s.books.trophy.how.set-hverdag t2: 2.31 s (forhold 0.74) -18.13 LUFS, alone: 'samlen alle seks ting fra hverdag sættet' CER 0.0625 (wav2vec2, whisper: 'Samle alle seks ting fra hverdagssættet') → FEJL asr
13:03:30 ✅ EOS token detected! Stopping generation at step 78
13:03:43 kald sentence k=1 t2 'Saml alle seks ting fra Opdager-sættet.': 22.5 s for 3.08 s lyd
13:03:51   s.books.trophy.how.set-opdager t2: 2.46 s (forhold 0.72) -18.07 LUFS, alone: 'sammen er alle s6k ting fra opdager setet' CER 0.2812 (wav2vec2, whisper: 'Samle alle seks ting fra opdagelsessættet') → FEJL asr
13:04:01 ✅ EOS token detected! Stopping generation at step 72
13:04:14 kald sentence k=1 t2 'Saml alle seks ting fra Ridder-sættet.': 23.1 s for 2.84 s lyd
13:04:31   s.books.trophy.how.set-ridder t2: 2.18 s (forhold 0.70) -18.12 LUFS, alone: 'sammen alle seks ting fra riddersættet' CER 0.0968 (wav2vec2, whisper: 'Sammen alle seks ting fra riddersættet') → FEJL asr
13:04:45 ✅ EOS token detected! Stopping generation at step 40
13:05:16 kald sentence k=1 t2 'Spørg en voksen.': 45.3 s for 1.56 s lyd
13:05:33   s.gate.ask t2: 0.91 s (forhold 0.73) -18.17 LUFS, alone: 'sperien voksen' CER 0.1538 (wav2vec2, whisper: 'Spærring voksen') → FEJL asr
13:06:16 ✅ EOS token detected! Stopping generation at step 39
13:07:22 kald sentence k=1 t2 'Slet spilleren?': 108.8 s for 1.52 s lyd
13:07:23   s.profiles.delete.title t2: 1.20 s (forhold 0.96) -18.13 LUFS, alone: 'slet spilleren' CER 0.0 (wav2vec2) → ok
13:07:23   ✓ master s.profiles.delete.title t2 (bestået)
13:07:29 ✅ EOS token detected! Stopping generation at step 37
13:07:40 kald single k=1 t2 'Tag med på tur,': 16.6 s for 1.44 s lyd
13:07:47   s.zoo.buddy.choose t2: 0.73 s (forhold 0.58) -18.0 LUFS, alone: 'tage med på tur' CER 0.0909 (wav2vec2, whisper: 'Tage med på tur') → FEJL asr
13:07:50 ✅ EOS token detected! Stopping generation at step 19
13:08:37 kald single k=1 t2 'Hop,': 49.8 s for 0.72 s lyd
13:08:38   s.zoo.trick.hop t2: 0.29 s (forhold 0.94) -19.7 LUFS, none: 'None' CER None (None) → FEJL efterbehandling
13:09:07 ✅ EOS token detected! Stopping generation at step 51
13:10:04 kald single k=1 t3 'Det er jeg rigtig god til,': 85.4 s for 2.00 s lyd
13:10:31   s.books.can.silver t3: 1.01 s (forhold 0.46) -18.15 LUFS, alone: 'det er rigtig god til' CER 0.15 (wav2vec2, whisper: 'Det jeg rigtig god til') → FEJL asr
13:12:58 ✅ EOS token detected! Stopping generation at step 115
13:13:55 kald sentence k=1 t3 'Når du har to langhårede katte, kan maine coon-katten komme ud af ægge': 203.7 s for 4.56 s lyd
13:14:53   s.books.how.breed.mainecoon t3: 3.99 s (forhold 0.53) -18.15 LUFS, alone: 'når du har to langhårede katte kan menen konkatten komme ud af ægget' CER 0.0702 (wav2vec2, whisper: 'Når du har to langhårede katte kan mængden kumkatten komme ud af ægget') → FEJL asr
13:15:19 forcing EOS token, long_tail=tensor(True), alignment_repetition=tensor(False), token_repetition=False
13:15:19 ✅ EOS token detected! Stopping generation at step 63
13:16:00 kald sentence k=1 t3 'Få hundrede ting til at sidde helt fast.': 66.8 s for 2.48 s lyd
13:16:16   s.books.trophy.how.keys5-100 t3: 1.80 s (forhold 0.52) -18.13 LUFS, alone: 'får 10ne ting til at sidde helt fast' CER 0.2188 (wav2vec2, whisper: 'For hun havde ting til at sidde helt fast') → FEJL asr
13:16:44 ✅ EOS token detected! Stopping generation at step 78
13:17:13 kald sentence k=1 t3 'Saml alle seks ting fra Hverdag-sættet.': 57.0 s for 3.08 s lyd
13:17:22   s.books.trophy.how.set-hverdag t3: 2.40 s (forhold 0.77) -18.08 LUFS, alone: 'sammener alle seks ting fra hverdag sættet' CER 0.1562 (wav2vec2, whisper: 'Samle alle seks ting fra hverdagssættet') → FEJL asr
13:17:33 ✅ EOS token detected! Stopping generation at step 74
13:17:57 kald sentence k=1 t3 'Saml alle seks ting fra Opdager-sættet.': 34.4 s for 2.92 s lyd
13:18:06   s.books.trophy.how.set-opdager t3: 2.46 s (forhold 0.71) -18.07 LUFS, alone: 'samle alle seks ting fra at opdager sittet' CER 0.125 (wav2vec2, whisper: 'Samle alle seks ting fra at opdage asettet') → FEJL asr
13:18:32 ✅ EOS token detected! Stopping generation at step 71
13:18:58 kald sentence k=1 t3 'Saml alle seks ting fra Ridder-sættet.': 52.9 s for 2.80 s lyd
13:19:17   s.books.trophy.how.set-ridder t3: 2.16 s (forhold 0.69) -18.07 LUFS, alone: 'Samle alle seks ting fra riddersættet' CER 0.0323 (whisper, wav2vec2: 'sammen er alle seks ting fra ridddersættet') → ok
13:19:17   ✓ master s.books.trophy.how.set-ridder t3 (bestået)
13:19:23 ✅ EOS token detected! Stopping generation at step 34
13:19:35 kald sentence k=1 t3 'Spørg en voksen.': 18.2 s for 1.32 s lyd
13:19:56   s.gate.ask t3: 0.88 s (forhold 0.70) -18.17 LUFS, alone: 'sperrien voksen' CER 0.2308 (wav2vec2, whisper: 'Spærring voksen') → FEJL asr
13:20:49 ✅ EOS token detected! Stopping generation at step 34
13:21:26 kald single k=1 t3 'Tag med på tur,': 89.5 s for 1.32 s lyd
13:21:39   s.zoo.buddy.choose t3: 0.71 s (forhold 0.57) -18.0 LUFS, alone: 'tage med på tur' CER 0.0909 (wav2vec2, whisper: 'Tage med på tur') → FEJL asr
13:21:49 forcing EOS token, long_tail=tensor(True), alignment_repetition=tensor(False), token_repetition=False
13:21:49 ✅ EOS token detected! Stopping generation at step 21
13:22:10 kald single k=1 t3 'Hop,': 31.0 s for 0.80 s lyd
13:22:11   s.zoo.trick.hop t3: 0.31 s (forhold 0.99) -18.57 LUFS, none: 'None' CER None (None) → ok
13:22:25 ✅ EOS token detected! Stopping generation at step 45
13:22:57 kald single k=1 t4 'Det er jeg rigtig god til,': 46.6 s for 1.76 s lyd
13:23:20   s.books.can.silver t4: 1.05 s (forhold 0.48) -18.08 LUFS, alone: 'det er rigtig god til' CER 0.15 (wav2vec2, whisper: 'Det jeg er rigtig god til') → FEJL asr
13:23:20   ✓ master s.books.can.silver t2 (IKKE bestået: asr)
13:25:20 ✅ EOS token detected! Stopping generation at step 118
13:26:40 kald sentence k=1 t4 'Når du har to langhårede katte, kan maine coon-katten komme ud af ægge': 200.3 s for 4.68 s lyd
13:27:00   s.books.how.breed.mainecoon t4: 4.18 s (forhold 0.56) -18.05 LUFS, alone: 'når du har to langhårede katte kan meen kon katten komme ud af egget' CER 0.1053 (wav2vec2, whisper: 'Når du har to langhårede katte kan mainkunkatten komme ud af ægget') → FEJL asr
13:27:00   ✓ master s.books.how.breed.mainecoon t3 (IKKE bestået: asr)
13:27:15 forcing EOS token, long_tail=tensor(True), alignment_repetition=tensor(False), token_repetition=False
13:27:15 ✅ EOS token detected! Stopping generation at step 60
13:27:34 kald sentence k=1 t4 'Få hundrede ting til at sidde helt fast.': 33.6 s for 2.36 s lyd
13:27:41   s.books.trophy.how.keys5-100 t4: 1.80 s (forhold 0.53) -18.06 LUFS, alone: 'for hun havde ting til at sidde helt fast' CER 0.1562 (wav2vec2, whisper: 'Får hun noget ting til at sidde helt fast') → FEJL asr
13:27:41   ✓ master s.books.trophy.how.keys5-100 t2 (IKKE bestået: asr)
13:27:52 ✅ EOS token detected! Stopping generation at step 68
13:28:09 kald sentence k=1 t4 'Saml alle seks ting fra Hverdag-sættet.': 27.6 s for 2.68 s lyd
13:28:16   s.books.trophy.how.set-hverdag t4: 2.06 s (forhold 0.66) -18.16 LUFS, alone: 'samler alle s6ks ting fra hverdagssættet' CER 0.1875 (wav2vec2, whisper: 'Samle alle seks ting fra hverdagssættet') → FEJL asr
13:28:16   ✓ master s.books.trophy.how.set-hverdag t1 (IKKE bestået: asr)
13:28:27 ✅ EOS token detected! Stopping generation at step 81
13:28:40 kald sentence k=1 t4 'Saml alle seks ting fra Opdager-sættet.': 23.8 s for 3.20 s lyd
13:28:49   s.books.trophy.how.set-opdager t4: 2.74 s (forhold 0.80) -18.19 LUFS, alone: 'Samle alle seks ting fra opdagersættet' CER 0.0312 (whisper, wav2vec2: 'samle alle seks ting fra opdagersittet') → ok
13:28:49   ✓ master s.books.trophy.how.set-opdager t4 (bestået)
13:28:54 ✅ EOS token detected! Stopping generation at step 39
13:29:03 kald sentence k=1 t4 'Spørg en voksen.': 14.8 s for 1.52 s lyd
13:29:10   s.gate.ask t4: 0.86 s (forhold 0.69) -18.17 LUFS, alone: 'spørgr en voksen' CER 0.0769 (wav2vec2, whisper: 'Spørger han voksen') → FEJL asr
13:29:10   ✓ master s.gate.ask t0 (IKKE bestået: asr)
13:29:15 ✅ EOS token detected! Stopping generation at step 37
13:29:25 kald single k=1 t4 'Tag med på tur,': 14.8 s for 1.44 s lyd
13:29:30   s.zoo.buddy.choose t4: 0.69 s (forhold 0.55) -18.0 LUFS, alone: 'tage med på tur' CER 0.0909 (wav2vec2, whisper: 'Tage med på tur') → FEJL asr
13:29:30   ✓ master s.zoo.buddy.choose t0 (IKKE bestået: asr)
13:29:31   sammensat frag.det_er + s.books.can: 'det er kanbogen' CER 0.000 (wav2vec2) → ok
13:29:31   sammensat frag.det_er + s.books.collection: 'det er samlebogen' CER 0.000 (wav2vec2) → ok
13:29:31   sammensat frag.det_er + s.books.found: 'det er fundet' CER 0.000 (wav2vec2) → ok
13:29:32   sammensat frag.det_er + s.books.goal.done: 'det er klaret' CER 0.000 (wav2vec2) → ok
13:29:43   sammensat frag.det_er + s.books.goals: 'Det er næste 3 mål' CER 0.000 (whisper, wav2vec2: 'det er næste te mål') → ok
13:29:44   sammensat frag.det_er + s.books.magic: 'det er magiske dyr' CER 0.000 (wav2vec2) → ok
13:29:56   sammensat frag.det_er + s.books.of: 'der a' CER 0.429 (wav2vec2, whisper: 'Det er A') → FEJL
13:30:17   sammensat frag.det_er + s.books.shelf: 'Det er vælg en bog' CER 0.000 (whisper, wav2vec2: 'det er lelgen bo') → ok
13:30:18   sammensat frag.det_er + s.books.stamp: 'det er stempelnummer' CER 0.000 (wav2vec2) → ok
13:30:43   sammensat frag.det_er + s.books.stamps: 'det er stempyborgen' CER 0.176 (wav2vec2, whisper: 'Det er Stembybogen') → FEJL
13:31:05   sammensat frag.det_er + s.books.stamps.count: 'Det er stempler' CER 0.000 (whisper, wav2vec2: 'det er stembler') → ok
13:31:08   sammensat frag.det_er + s.books.starfoal: 'det er stjernefølet' CER 0.000 (wav2vec2) → ok
13:31:28   sammensat frag.det_er + s.books.trophies: 'Det er trofæerne' CER 0.000 (whisper, wav2vec2: 'det er trofeerne') → ok
13:31:32   sammensat frag.det_er + s.books.trophies.have: 'det er trofæer' CER 0.000 (wav2vec2) → ok
13:31:33   sammensat frag.det_er + s.books.trophy.cat.flid: 'det er dagemed regning' CER 0.000 (wav2vec2) → ok
13:31:54   sammensat frag.det_er + s.books.trophy.cat.laering: 'Det er læring' CER 0.000 (whisper, wav2vec2: 'det er lering') → ok
13:32:15   sammensat frag.det_er + s.books.trophy.cat.rejse: 'det er heisen' CER 0.182 (wav2vec2, whisper: 'Det er Heisen') → FEJL
13:32:18   sammensat frag.det_er + s.books.trophy.cat.stil: 'det er hele sæt' CER 0.000 (wav2vec2) → ok
13:32:21   sammensat frag.det_er + s.books.trophy.cat.venner: 'det er dyrevenner' CER 0.000 (wav2vec2) → ok
13:32:50   sammensat frag.det_er + s.ceremony.medal.for: 'det er medaljene for' CER 0.056 (wav2vec2, whisper: 'Det er medaljerne for') → FEJL
13:33:09   sammensat frag.det_er + s.ceremony.name.hint: 'Det er skriv et navn' CER 0.000 (whisper, wav2vec2: 'det er skrivet navn') → ok
13:33:19   sammensat frag.det_er + s.ceremony.name.is: 'Det er. Din ven hedder' CER 0.000 (whisper, wav2vec2: 'det er deten venhedder') → ok
13:33:25   sammensat frag.det_er + s.ceremony.name.own: 'Det er skriv selv' CER 0.000 (whisper, wav2vec2: 'det er skrivt selv') → ok
13:33:25   sammensat frag.det_er + s.ceremony.perler: 'det er perler' CER 0.000 (wav2vec2) → ok
13:33:25   sammensat frag.det_er + s.ceremony.trial.score: 'det er plankerlagt' CER 0.000 (wav2vec2) → ok
13:33:26   sammensat frag.det_er + s.ceremony.tryOn: 'det er prøv den på' CER 0.000 (wav2vec2) → ok
13:33:26   sammensat frag.det_er + s.ceremony.xp: 'det er point' CER 0.000 (wav2vec2) → ok
13:33:27   sammensat frag.det_er + s.map.about.chest: 'det er i kisten ligger' CER 0.000 (wav2vec2) → ok
13:33:37   sammensat frag.det_er + s.map.hut: 'det er træningshyggen' CER 0.105 (wav2vec2, whisper: 'Det er træningshyggen') → FEJL
13:33:37   sammensat frag.det_er + s.map.level: 'det er niveau' CER 0.000 (wav2vec2) → ok
13:33:38   sammensat frag.det_er + s.map.next: 'det er næste sted' CER 0.000 (wav2vec2) → ok
13:33:39   sammensat frag.det_er + s.map.node.chest: 'det er kisten' CER 0.000 (wav2vec2) → ok
13:33:45   sammensat frag.det_er + s.map.node.finale: 'Det er verdensfesten' CER 0.000 (whisper, wav2vec2: 'det er verdensfæsten') → ok
13:33:46   sammensat frag.det_er + s.map.node.friend: 'det er ny ven' CER 0.000 (wav2vec2) → ok
13:33:51   sammensat frag.det_er + s.map.node.l1: 'Det er Lær nyt' CER 0.000 (whisper, wav2vec2: 'det er lære nyt') → ok
13:33:51   sammensat frag.det_er + s.map.node.l2: 'det er lær mere' CER 0.000 (wav2vec2) → ok
13:33:52   sammensat frag.det_er + s.map.node.mix: 'det er blandet tur' CER 0.000 (wav2vec2) → ok
13:33:52   sammensat frag.det_er + s.map.node.trial: 'det er mesterprøven' CER 0.000 (wav2vec2) → ok
13:33:53   sammensat frag.det_er + s.map.perler.have: 'det er du har' CER 0.000 (wav2vec2) → ok
13:33:59   sammensat frag.det_er + s.map.practice: 'Det er blandet øvelse' CER 0.000 (whisper, wav2vec2: 'det er blandet øvrise') → ok
13:33:59   sammensat frag.det_er + s.map.region.new: 'det er nyt sted' CER 0.000 (wav2vec2) → ok
13:33:59   sammensat frag.det_er + s.map.resume: 'det er fortsætturen' CER 0.000 (wav2vec2) → ok
13:34:00   sammensat frag.det_er + s.map.switch: 'det er skiftspiller' CER 0.000 (wav2vec2) → ok
13:34:05   sammensat frag.det_er + s.map.world.choose: 'det er vel en verden' CER 0.118 (wav2vec2, whisper: 'Det er vel en verden') → FEJL
13:34:05   sammensat frag.det_er + s.onb.egg.other: 'det er et andet æg' CER 0.000 (wav2vec2) → ok
13:34:06   sammensat frag.det_er + s.onb.grade.0: 'det er børnehaveklasse' CER 0.000 (wav2vec2) → ok
13:34:11   sammensat frag.det_er + s.onb.grade.1: 'det er første kasse' CER 0.059 (wav2vec2, whisper: 'Det er første kasse') → FEJL
13:34:12   sammensat frag.det_er + s.onb.grade.2: 'det er anden klasse' CER 0.000 (wav2vec2) → ok
13:34:12   sammensat frag.det_er + s.onb.grade.3: 'det er tredje klasse' CER 0.000 (wav2vec2) → ok
13:34:12   sammensat frag.det_er + s.profiles.add: 'det er ny spiller' CER 0.000 (wav2vec2) → ok
13:34:13   sammensat frag.det_er + s.profiles.delete: 'det er slet én spiller' CER 0.000 (wav2vec2) → ok
13:34:19   sammensat frag.det_er + s.profiles.delete.cancel: 'det er fortrvildt' CER 0.333 (wav2vec2, whisper: 'Det er fortvildt') → FEJL
13:34:19   sammensat frag.det_er + s.reward.learned.after: 'det er tallet efter' CER 0.000 (wav2vec2) → ok
13:34:19   sammensat frag.det_er + s.reward.learned.before: 'det er tallet før' CER 0.000 (wav2vec2) → ok
13:34:20   sammensat frag.det_er + s.reward.learned.between: 'det er tallet imellem' CER 0.000 (wav2vec2) → ok
13:34:20   sammensat frag.det_er + s.reward.learned.bigger: 'det er det største tal' CER 0.000 (wav2vec2) → ok
13:34:21   sammensat frag.det_er + s.reward.learned.compareLength: 'det er længst og kortest' CER 0.000 (wav2vec2) → ok
13:34:21   sammensat frag.det_er + s.reward.learned.number: 'det er tallet' CER 0.000 (wav2vec2) → ok
13:34:21   sammensat frag.det_er + s.reward.learned.pattern: 'det er et mønster' CER 0.000 (wav2vec2) → ok
13:34:22   sammensat frag.det_er + s.reward.learned.started: 'det er godt begyndt' CER 0.000 (wav2vec2) → ok
13:34:22   sammensat frag.det_er + s.shop.buy.no: 'det er nej tak' CER 0.000 (wav2vec2) → ok
13:34:23   sammensat frag.det_er + s.shop.buy.yes: 'det er ja købden' CER 0.000 (wav2vec2) → ok
13:34:23   sammensat frag.det_er + s.shop.cost: 'deter den koster' CER 0.000 (wav2vec2) → ok
13:34:29   sammensat frag.det_er + s.shop.decor.see: 'Det er Se Dyrehaven' CER 0.000 (whisper, wav2vec2: 'det er set jøhaven') → ok
13:34:29   sammensat frag.det_er + s.shop.owned: 'det er din' CER 0.000 (wav2vec2) → ok
13:34:29   sammensat frag.det_er + s.shop.perler.end: 'det er perler' CER 0.000 (wav2vec2) → ok
13:34:30   sammensat frag.det_er + s.shop.tab.clothes: 'det er tøj' CER 0.000 (wav2vec2) → ok
13:34:35   sammensat frag.det_er + s.shop.tab.colors: 'Det er farver' CER 0.000 (whisper, wav2vec2: 'det er barver') → ok
13:34:36   sammensat frag.det_er + s.shop.tab.decor: 'det er pynt' CER 0.000 (wav2vec2) → ok
13:34:36   sammensat frag.det_er + s.shop.title: 'det er butikken' CER 0.000 (wav2vec2) → ok
13:34:43   sammensat frag.det_er + s.shop.wish: 'Det er ønsk dig den' CER 0.000 (whisper, wav2vec2: 'det er ønsket at den') → ok
13:34:43   sammensat frag.det_er + s.shop.wish.remove: 'det er fjernønsket' CER 0.000 (wav2vec2) → ok
13:34:43   sammensat frag.det_er + s.shop.wish.title: 'det er dit ønske' CER 0.000 (wav2vec2) → ok
13:34:44   sammensat frag.det_er + s.sound.good: 'det er godt hørt' CER 0.000 (wav2vec2) → ok
13:34:50   sammensat frag.det_er + s.sound.off.title: 'Det er Tænd for lyden' CER 0.000 (whisper, wav2vec2: 'det er tændt for lyden') → ok
13:34:50   sammensat frag.det_er + s.sound.retry: 'det er prøv igen' CER 0.000 (wav2vec2) → ok
13:34:55   sammensat frag.det_er + s.wardrobe.how.gold.end: 'det er guldemedaljer' CER 0.059 (wav2vec2, whisper: 'Det er gule medaljer') → FEJL
13:35:01   sammensat frag.det_er + s.wardrobe.how.gold.one.end: 'det er guldemedalje' CER 0.062 (wav2vec2, whisper: 'Det er gule medaljer') → FEJL
13:35:01   sammensat frag.det_er + s.wardrobe.how.silver.end: 'det er sølvmedaljer' CER 0.000 (wav2vec2) → ok
13:35:09   sammensat frag.det_er + s.wardrobe.how.silver.one.end: 'Det er sølvmedalje' CER 0.000 (whisper, wav2vec2: 'det er sølvemedalje') → ok
13:35:19   sammensat frag.det_er + s.wardrobe.mine: 'Det er dit tøj' CER 0.000 (whisper, wav2vec2: 'det er det tøj') → ok
13:35:20   sammensat frag.det_er + s.wardrobe.new: 'det er ny' CER 0.000 (wav2vec2) → ok
13:35:27   sammensat frag.det_er + s.wardrobe.off: 'dter tag a' CER 0.200 (wav2vec2, whisper: 'Det er tag A') → FEJL
13:35:33   sammensat frag.det_er + s.wardrobe.slot.back: 'Det er ryg' CER 0.000 (whisper, wav2vec2: 'det er brik') → ok
13:35:38   sammensat frag.det_er + s.wardrobe.slot.body: 'Det er krop' CER 0.000 (whisper, wav2vec2: 'det er crop') → ok
13:35:39   sammensat frag.det_er + s.wardrobe.slot.face: 'det er ansigt' CER 0.000 (wav2vec2) → ok
13:35:39   sammensat frag.det_er + s.wardrobe.slot.hand: 'det er hånd' CER 0.000 (wav2vec2) → ok
13:35:44   sammensat frag.det_er + s.wardrobe.slot.head: 'Det er hoved' CER 0.000 (whisper, wav2vec2: 'det er bode') → ok
13:35:45   sammensat frag.det_er + s.wardrobe.slot.neck: 'det er hals' CER 0.000 (wav2vec2) → ok
13:35:53   sammensat frag.det_er + s.wardrobe.title: 'det er gartehoben' CER 0.133 (wav2vec2, whisper: 'Det er Gardehauben') → FEJL
13:35:59   sammensat frag.det_er + s.wardrobe.toShop: 'Det er til butikken' CER 0.000 (whisper, wav2vec2: 'det er tipokikken') → ok
13:35:59   sammensat frag.det_er + s.zoo.bestFriend: 'det er bedste ven' CER 0.000 (wav2vec2) → ok
13:36:00   sammensat frag.det_er + s.zoo.buddy.is: 'det er med på tur' CER 0.000 (wav2vec2) → ok
13:36:05   sammensat frag.det_er + s.zoo.dress: 'det er klædet på' CER 0.182 (wav2vec2, whisper: 'Det er klædt på') → FEJL
13:36:10   sammensat frag.det_er + s.zoo.egg: 'det er hoveæggel' CER 0.286 (wav2vec2, whisper: 'Det er hovedægget') → FEJL
13:36:17   sammensat frag.det_er + s.zoo.egg.becomes: 'Det er ægget bliver til' CER 0.000 (whisper, wav2vec2: 'det er æggesbier til') → ok
13:36:23   sammensat frag.det_er + s.zoo.egg.change: 'Det er skiftdyr' CER 0.000 (whisper, wav2vec2: 'det er skibtdyr') → ok
13:36:23   sammensat frag.det_er + s.zoo.form.1: 'det er baby' CER 0.000 (wav2vec2) → ok
13:36:24   sammensat frag.det_er + s.zoo.form.2: 'det er ung' CER 0.000 (wav2vec2) → ok
13:36:24   sammensat frag.det_er + s.zoo.form.3: 'det er stor' CER 0.000 (wav2vec2) → ok
13:36:24   sammensat frag.det_er + s.zoo.form.star: 'det er stjerne' CER 0.000 (wav2vec2) → ok
13:36:25   sammensat frag.det_er + s.zoo.forms: 'det er form' CER 0.000 (wav2vec2) → ok
13:36:25   sammensat frag.det_er + s.zoo.friendship: 'det er venskab' CER 0.000 (wav2vec2) → ok
13:36:25   sammensat frag.det_er + s.zoo.magic.pick: 'det er vælg den' CER 0.000 (wav2vec2) → ok
13:36:26   sammensat frag.det_er + s.zoo.rename: 'det er nyt navn' CER 0.000 (wav2vec2) → ok
13:36:26   sammensat frag.det_er + s.zoo.title: 'det er dyrehaven' CER 0.000 (wav2vec2) → ok
13:36:26   sammensat frag.det_er + s.zoo.trick.call: 'det er kald' CER 0.000 (wav2vec2) → ok
13:36:32   sammensat frag.det_er + s.zoo.trick.cheer: 'det er jobe' CER 0.200 (wav2vec2, whisper: 'Det er Jo Bøgh') → FEJL
13:36:32   sammensat frag.det_er + s.zoo.trick.dance: 'det er dans' CER 0.000 (wav2vec2) → ok
13:36:32   sammensat frag.det_er + s.zoo.trick.hop: 'det er hop' CER 0.000 (wav2vec2) → ok
13:36:38   sammensat frag.det_er + s.zoo.trick.signature: 'Det er eget trick' CER 0.000 (whisper, wav2vec2: 'det er eget træk') → ok
13:36:43   sammensat frag.det_er + s.zoo.trick.spin: 'det er snore' CER 0.182 (wav2vec2, whisper: 'Det er snorre') → FEJL
13:36:49   sammensat frag.det_er + s.zoo.tricks: 'Det er tricks' CER 0.000 (whisper, wav2vec2: 'det er 3i') → ok
13:36:52 forcing EOS token, long_tail=tensor(True), alignment_repetition=tensor(False), token_repetition=False
13:36:52 ✅ EOS token detected! Stopping generation at step 20
13:37:02 kald single k=1 t1 'af,': 13.1 s for 0.76 s lyd
13:37:02   s.books.of t1: 0.20 s (forhold 0.65) -18.0 LUFS, none: 'None' CER None (None) → ok
13:37:06 ✅ EOS token detected! Stopping generation at step 31
13:37:16 kald single k=1 t1 'Stempelbogen,': 13.6 s for 1.20 s lyd
13:37:16   s.books.stamps t1: 0.86 s (forhold 0.69) -18.0 LUFS, none: 'None' CER None (None) → ok
13:37:20 ✅ EOS token detected! Stopping generation at step 26
13:37:29 kald single k=1 t1 'Rejsen,': 13.5 s for 1.00 s lyd
13:37:30   s.books.trophy.cat.rejse t1: 0.55 s (forhold 0.88) -18.15 LUFS, none: 'None' CER None (None) → ok
13:37:35 ✅ EOS token detected! Stopping generation at step 41
13:37:45 kald single k=1 t1 'Medaljen er for:,': 15.3 s for 1.60 s lyd
13:37:46   s.ceremony.medal.for t1: 0.89 s (forhold 0.57) -18.0 LUFS, none: 'None' CER None (None) → ok
13:37:51 ✅ EOS token detected! Stopping generation at step 37
13:38:00 kald single k=1 t1 'Træningshytten,': 14.6 s for 1.44 s lyd
13:38:01   s.map.hut t1: 0.81 s (forhold 0.65) -18.2 LUFS, none: 'None' CER None (None) → ok
13:38:06 ✅ EOS token detected! Stopping generation at step 44
13:38:17 kald single k=1 t1 'Vælg en verden,': 16.6 s for 1.72 s lyd
13:38:18   s.map.world.choose t1: 0.94 s (forhold 0.75) -18.0 LUFS, none: 'None' CER None (None) → ok
13:38:22 ✅ EOS token detected! Stopping generation at step 38
13:38:32 kald single k=1 t1 'Første klasse,': 14.8 s for 1.48 s lyd
13:38:33   s.onb.grade.1 t1: 0.78 s (forhold 0.63) -18.07 LUFS, none: 'None' CER None (None) → ok
13:38:37 ✅ EOS token detected! Stopping generation at step 31
13:38:47 kald single k=1 t1 'Fortryd,': 13.6 s for 1.20 s lyd
13:38:47   s.profiles.delete.cancel t1: 0.48 s (forhold 0.76) -18.0 LUFS, none: 'None' CER None (None) → ok
13:38:52 ✅ EOS token detected! Stopping generation at step 34
13:39:02 kald single k=1 t1 'guldmedaljer.': 14.7 s for 1.32 s lyd
13:39:02   s.wardrobe.how.gold.end t1: 0.74 s (forhold 0.59) -18.0 LUFS, none: 'None' CER None (None) → ok
13:39:07 ✅ EOS token detected! Stopping generation at step 36
13:39:17 kald single k=1 t1 'guldmedalje.': 15.4 s for 1.40 s lyd
13:39:18   s.wardrobe.how.gold.one.end t1: 0.76 s (forhold 0.61) -18.0 LUFS, none: 'None' CER None (None) → ok
13:39:23 ✅ EOS token detected! Stopping generation at step 35
13:39:33 kald single k=1 t1 'Tag af,': 15.0 s for 1.36 s lyd
13:39:33   s.wardrobe.off t1: 0.49 s (forhold 0.78) -18.0 LUFS, none: 'None' CER None (None) → ok
13:39:38 ✅ EOS token detected! Stopping generation at step 36
13:39:49 kald single k=1 t1 'Garderoben,': 15.5 s for 1.40 s lyd
13:39:49   s.wardrobe.title t1: 0.68 s (forhold 0.54) -18.04 LUFS, none: 'None' CER None (None) → ok
13:39:54 ✅ EOS token detected! Stopping generation at step 31
13:40:03 kald single k=1 t1 'Klæd på,': 13.8 s for 1.20 s lyd
13:40:04   s.zoo.dress t1: 0.49 s (forhold 0.79) -18.0 LUFS, none: 'None' CER None (None) → ok
13:40:08 ✅ EOS token detected! Stopping generation at step 30
13:40:18 kald single k=1 t1 'Rugeægget,': 14.2 s for 1.16 s lyd
13:40:18   s.zoo.egg t1: 0.79 s (forhold 0.63) -18.0 LUFS, none: 'None' CER None (None) → ok
13:40:22 ✅ EOS token detected! Stopping generation at step 29
13:40:31 kald single k=1 t1 'Jubel,': 13.1 s for 1.12 s lyd
13:40:32   s.zoo.trick.cheer t1: 0.46 s (forhold 0.73) -18.0 LUFS, none: 'None' CER None (None) → ok
13:40:36 ✅ EOS token detected! Stopping generation at step 24
13:40:46 kald single k=1 t1 'Snurre,': 14.1 s for 0.92 s lyd
13:40:46   s.zoo.trick.spin t1: 0.54 s (forhold 0.87) -18.11 LUFS, none: 'None' CER None (None) → ok
13:40:46 sammensætning runde 1: 97 af 113 bestået
13:40:52   sammensat frag.det_er + s.books.of: 'der a' CER 0.429 (wav2vec2, whisper: 'Det er A') → FEJL
13:40:52   sammensat frag.det_er + s.books.stamps: 'det er stempelbogen' CER 0.000 (wav2vec2) → ok
13:40:58   sammensat frag.det_er + s.books.trophy.cat.rejse: 'det er heisen' CER 0.182 (wav2vec2, whisper: 'Det er heisen') → FEJL
13:41:03   sammensat frag.det_er + s.ceremony.medal.for: 'det er medaljene for' CER 0.056 (wav2vec2, whisper: 'Det er medaljerne fra') → FEJL
13:41:08   sammensat frag.det_er + s.map.hut: 'Det er træningshytten' CER 0.000 (whisper, wav2vec2: 'det er træningscytten') → ok
13:41:13   sammensat frag.det_er + s.map.world.choose: 'det er vælgen verden' CER 0.000 (wav2vec2, whisper: 'Det er vælgen verden') → FEJL
13:41:14   sammensat frag.det_er + s.onb.grade.1: 'det er første klasse' CER 0.000 (wav2vec2) → ok
13:41:14   sammensat frag.det_er + s.profiles.delete.cancel: 'det er fortryd' CER 0.000 (wav2vec2) → ok
13:41:14   sammensat frag.det_er + s.wardrobe.how.gold.end: 'det er guldmedaljer' CER 0.000 (wav2vec2) → ok
13:41:20   sammensat frag.det_er + s.wardrobe.how.gold.one.end: 'det er gullimedalje' CER 0.125 (wav2vec2, whisper: 'Det er gode medaljer') → FEJL
13:41:25   sammensat frag.det_er + s.wardrobe.off: 'Det er tag af' CER 0.000 (whisper, wav2vec2: 'det er taa') → ok
13:41:30   sammensat frag.det_er + s.wardrobe.title: 'det er gardehoben' CER 0.067 (wav2vec2, whisper: 'Det er Gardehauben') → FEJL
13:41:36   sammensat frag.det_er + s.zoo.dress: 'det er klæget på' CER 0.273 (wav2vec2, whisper: 'Det er klat på') → FEJL
13:41:41   sammensat frag.det_er + s.zoo.egg: 'det er hoveægget' CER 0.214 (wav2vec2, whisper: 'Det er hoveægget') → FEJL
13:41:46   sammensat frag.det_er + s.zoo.trick.cheer: 'det er jobe' CER 0.200 (wav2vec2, whisper: 'Det er Jo Bro') → FEJL
13:41:51   sammensat frag.det_er + s.zoo.trick.spin: 'det er snorre' CER 0.091 (wav2vec2, whisper: 'Det er Snorre') → FEJL
13:41:54 ✅ EOS token detected! Stopping generation at step 18
13:42:03 kald single k=1 t2 'af,': 11.6 s for 0.68 s lyd
13:42:03   s.books.of t2: 0.28 s (forhold 0.91) -18.11 LUFS, none: 'None' CER None (None) → ok
13:42:07 ✅ EOS token detected! Stopping generation at step 27
13:42:18 kald single k=1 t2 'Rejsen,': 14.8 s for 1.04 s lyd
13:42:18   s.books.trophy.cat.rejse t2: 0.56 s (forhold 0.89) -18.12 LUFS, none: 'None' CER None (None) → ok
13:42:25 ✅ EOS token detected! Stopping generation at step 45
13:42:38 kald single k=1 t2 'Medaljen er for:,': 19.4 s for 1.76 s lyd
13:42:38   s.ceremony.medal.for t2: 0.97 s (forhold 0.62) -18.08 LUFS, none: 'None' CER None (None) → ok
13:42:44 ✅ EOS token detected! Stopping generation at step 39
13:42:56 kald single k=1 t2 'Vælg en verden,': 18.0 s for 1.52 s lyd
13:42:57   s.map.world.choose t2: 0.84 s (forhold 0.67) -18.06 LUFS, none: 'None' CER None (None) → ok
13:43:02 ✅ EOS token detected! Stopping generation at step 39
13:43:11 kald single k=1 t2 'guldmedalje.': 14.4 s for 1.52 s lyd
13:43:11   s.wardrobe.how.gold.one.end t2: 0.82 s (forhold 0.65) -18.0 LUFS, none: 'None' CER None (None) → ok
13:43:15 ✅ EOS token detected! Stopping generation at step 25
13:43:24 kald single k=1 t2 'Garderoben,': 12.9 s for 0.96 s lyd
13:43:25   s.wardrobe.title t2: 0.65 s (forhold 0.52) -18.12 LUFS, none: 'None' CER None (None) → ok
13:43:31 ✅ EOS token detected! Stopping generation at step 33
13:43:45 kald single k=1 t2 'Klæd på,': 19.9 s for 1.28 s lyd
13:43:45   s.zoo.dress t2: 0.54 s (forhold 0.86) -18.0 LUFS, none: 'None' CER None (None) → ok
13:43:50 ✅ EOS token detected! Stopping generation at step 31
13:44:01 kald single k=1 t2 'Rugeægget,': 15.9 s for 1.20 s lyd
13:44:01   s.zoo.egg t2: 0.78 s (forhold 0.62) -18.0 LUFS, none: 'None' CER None (None) → ok
13:44:07 ✅ EOS token detected! Stopping generation at step 28
13:44:18 kald single k=1 t2 'Jubel,': 16.3 s for 1.08 s lyd
13:44:18   s.zoo.trick.cheer t2: 0.47 s (forhold 0.74) -18.0 LUFS, none: 'None' CER None (None) → ok
13:44:23 ✅ EOS token detected! Stopping generation at step 29
13:44:33 kald single k=1 t2 'Snurre,': 14.5 s for 1.12 s lyd
13:44:33   s.zoo.trick.spin t2: 0.57 s (forhold 0.91) -18.2 LUFS, none: 'None' CER None (None) → ok
13:44:33 sammensætning runde 2: 103 af 113 bestået
13:44:38   sammensat frag.det_er + s.books.of: 'der a' CER 0.429 (wav2vec2, whisper: 'Det er A') → FEJL
13:44:44   sammensat frag.det_er + s.books.trophy.cat.rejse: 'det er reisen' CER 0.091 (wav2vec2, whisper: 'Det er Heisen') → FEJL
13:44:50   sammensat frag.det_er + s.ceremony.medal.for: 'Det er Medaljen er for' CER 0.000 (whisper, wav2vec2: 'dr medaljen er for') → ok
13:44:50   sammensat frag.det_er + s.map.world.choose: 'det er vælg en verden' CER 0.000 (wav2vec2) → ok
13:44:56   sammensat frag.det_er + s.wardrobe.how.gold.one.end: 'det er gullemedalje' CER 0.125 (wav2vec2, whisper: 'Det er Grey Medalje') → FEJL
13:45:01   sammensat frag.det_er + s.wardrobe.title: 'det er gatteroben' CER 0.133 (wav2vec2, whisper: 'Det er Garde Robin') → FEJL
13:45:07   sammensat frag.det_er + s.zoo.dress: 'det er klædet på' CER 0.182 (wav2vec2, whisper: 'Det er klædt på') → FEJL
13:45:12   sammensat frag.det_er + s.zoo.egg: 'det er oeægget' CER 0.214 (wav2vec2, whisper: 'Det er hovedægget') → FEJL
13:45:18   sammensat frag.det_er + s.zoo.trick.cheer: 'det er joby' CER 0.300 (wav2vec2, whisper: 'Det er Juby') → FEJL
13:45:23   sammensat frag.det_er + s.zoo.trick.spin: 'det er snore' CER 0.182 (wav2vec2, whisper: 'Det er Snorre') → FEJL
13:45:26 forcing EOS token, long_tail=tensor(True), alignment_repetition=tensor(False), token_repetition=False
13:45:26 ✅ EOS token detected! Stopping generation at step 21
13:45:35 kald single k=1 t3 'af,': 12.3 s for 0.80 s lyd
13:45:36   s.books.of t3: 0.33 s (forhold 1.05) -18.06 LUFS, none: 'None' CER None (None) → ok
13:45:39 ✅ EOS token detected! Stopping generation at step 24
13:45:48 kald single k=1 t3 'Rejsen,': 12.6 s for 0.92 s lyd
13:45:49   s.books.trophy.cat.rejse t3: 0.58 s (forhold 0.94) -18.08 LUFS, none: 'None' CER None (None) → ok
13:45:53 ✅ EOS token detected! Stopping generation at step 31
13:46:02 kald single k=1 t3 'guldmedalje.': 13.5 s for 1.20 s lyd
13:46:03   s.wardrobe.how.gold.one.end t3: 0.82 s (forhold 0.66) -18.0 LUFS, none: 'None' CER None (None) → ok
13:46:07 ✅ EOS token detected! Stopping generation at step 34
13:46:18 kald single k=1 t3 'Garderoben,': 15.8 s for 1.32 s lyd
13:46:19   s.wardrobe.title t3: 0.63 s (forhold 0.51) -18.15 LUFS, none: 'None' CER None (None) → ok
13:46:23 ✅ EOS token detected! Stopping generation at step 31
13:46:33 kald single k=1 t3 'Klæd på,': 13.8 s for 1.20 s lyd
13:46:33   s.zoo.dress t3: 0.51 s (forhold 0.81) -18.0 LUFS, none: 'None' CER None (None) → ok
13:46:38 ✅ EOS token detected! Stopping generation at step 36
13:46:48 kald single k=1 t3 'Rugeægget,': 14.6 s for 1.40 s lyd
13:46:48   s.zoo.egg t3: 0.77 s (forhold 0.61) -18.0 LUFS, none: 'None' CER None (None) → ok
13:46:51 ✅ EOS token detected! Stopping generation at step 20
13:47:00 kald single k=1 t3 'Jubel,': 12.5 s for 0.76 s lyd
13:47:01   s.zoo.trick.cheer t3: 0.42 s (forhold 0.68) -18.0 LUFS, none: 'None' CER None (None) → ok
13:47:05 ✅ EOS token detected! Stopping generation at step 29
13:47:14 kald single k=1 t3 'Snurre,': 13.6 s for 1.12 s lyd
13:47:15   s.zoo.trick.spin t3: 0.57 s (forhold 0.92) -18.06 LUFS, none: 'None' CER None (None) → ok
13:47:15 sammensætning runde 3: 105 af 113 bestået
13:47:20   sammensat frag.det_er + s.books.of: 'der a' CER 0.429 (wav2vec2, whisper: 'Det er A') → FEJL
13:47:26   sammensat frag.det_er + s.books.trophy.cat.rejse: 'det er reisen' CER 0.091 (wav2vec2, whisper: 'Det er Heisen') → FEJL
13:47:31   sammensat frag.det_er + s.wardrobe.how.gold.one.end: 'det er gold i medalje' CER 0.125 (wav2vec2, whisper: 'Det er gode medaljer') → FEJL
13:47:41   sammensat frag.det_er + s.wardrobe.title: 'det er gadehoben' CER 0.133 (wav2vec2, whisper: 'Det er Gardehauben') → FEJL
13:47:47   sammensat frag.det_er + s.zoo.dress: 'det er klædet på' CER 0.182 (wav2vec2, whisper: 'Det er klædt på') → FEJL
13:47:54   sammensat frag.det_er + s.zoo.egg: 'det er bogeægget' CER 0.143 (wav2vec2, whisper: 'Det er hovedægget') → FEJL
13:48:00   sammensat frag.det_er + s.zoo.trick.cheer: 'det er jobø' CER 0.300 (wav2vec2, whisper: 'Det er Jo Bøgh') → FEJL
13:48:09   sammensat frag.det_er + s.zoo.trick.spin: 'det er snore' CER 0.182 (wav2vec2, whisper: 'Det er snorre') → FEJL
13:48:12 forcing EOS token, long_tail=tensor(True), alignment_repetition=tensor(False), token_repetition=False
13:48:12 ✅ EOS token detected! Stopping generation at step 22
13:48:23 kald single k=1 t4 'af,': 14.4 s for 0.84 s lyd
13:48:24   s.books.of t4: 0.13 s (forhold 0.41) -18.0 LUFS, none: 'None' CER None (None) → ok
13:48:29 ✅ EOS token detected! Stopping generation at step 33
13:48:44 kald single k=1 t4 'Rejsen,': 20.6 s for 1.28 s lyd
13:48:45   s.books.trophy.cat.rejse t4: 0.61 s (forhold 0.98) -18.15 LUFS, none: 'None' CER None (None) → ok
13:48:50 ✅ EOS token detected! Stopping generation at step 28
13:49:01 kald single k=1 t4 'guldmedalje.': 15.9 s for 1.08 s lyd
13:49:01   s.wardrobe.how.gold.one.end t4: 0.81 s (forhold 0.65) -18.0 LUFS, none: 'None' CER None (None) → ok
13:49:07 ✅ EOS token detected! Stopping generation at step 34
13:49:18 kald single k=1 t4 'Garderoben,': 17.0 s for 1.32 s lyd
13:49:19   s.wardrobe.title t4: 0.67 s (forhold 0.54) -18.13 LUFS, none: 'None' CER None (None) → ok
13:49:22 ✅ EOS token detected! Stopping generation at step 25
13:49:33 kald single k=1 t4 'Klæd på,': 14.1 s for 0.96 s lyd
13:49:33   s.zoo.dress t4: 0.56 s (forhold 0.89) -18.0 LUFS, none: 'None' CER None (None) → ok
13:49:38 ✅ EOS token detected! Stopping generation at step 34
13:49:48 kald single k=1 t4 'Rugeægget,': 14.8 s for 1.32 s lyd
13:49:49   s.zoo.egg t4: 0.93 s (forhold 0.74) -18.0 LUFS, none: 'None' CER None (None) → ok
13:49:55 ✅ EOS token detected! Stopping generation at step 23
13:50:04 kald single k=1 t4 'Jubel,': 14.8 s for 0.88 s lyd
13:50:04   s.zoo.trick.cheer t4: 0.46 s (forhold 0.74) -18.0 LUFS, none: 'None' CER None (None) → ok
13:50:08 ✅ EOS token detected! Stopping generation at step 29
13:50:17 kald single k=1 t4 'Snurre,': 13.1 s for 1.12 s lyd
13:50:17   s.zoo.trick.spin t4: 0.60 s (forhold 0.96) -18.0 LUFS, none: 'None' CER None (None) → ok
13:50:17 sammensætning runde 4: 105 af 113 bestået
13:50:23   sammensat frag.det_er + s.books.of: 'deter' CER 0.286 (wav2vec2, whisper: 'Det er A') → FEJL
13:50:28   sammensat frag.det_er + s.books.trophy.cat.rejse: 'det er reisen' CER 0.091 (wav2vec2, whisper: 'Det er Heisen') → FEJL
13:50:28   sammensat frag.det_er + s.wardrobe.how.gold.one.end: 'det er guldmedalje' CER 0.000 (wav2vec2) → ok
13:50:35   sammensat frag.det_er + s.wardrobe.title: 'det er gateroben' CER 0.133 (wav2vec2, whisper: 'Det er Gardehobet') → FEJL
13:50:44   sammensat frag.det_er + s.zoo.dress: 'det er klæde på' CER 0.091 (wav2vec2, whisper: 'Det er klædt på') → FEJL
13:50:50   sammensat frag.det_er + s.zoo.egg: 'det er hoveægget' CER 0.214 (wav2vec2, whisper: 'Det er hovedægget') → FEJL
13:50:56   sammensat frag.det_er + s.zoo.trick.cheer: 'Det er Jubel' CER 0.000 (whisper, wav2vec2: 'det er jube') → ok
13:51:03   sammensat frag.det_er + s.zoo.trick.spin: 'det er snore' CER 0.182 (wav2vec2, whisper: 'Det er snore') → FEJL
13:51:03 sammensætning runde 5: 107 af 113 bestået
13:51:03 sammensætning runde 6: 107 af 113 bestået
13:51:03   ✓ master s.books.can t0 (bestået)
13:51:03   ✓ master s.books.collection t0 (bestået)
13:51:03   ✓ master s.books.found t0 (bestået)
13:51:03   ✓ master s.books.goal.done t0 (bestået)
13:51:03   ✓ master s.books.goals t0 (bestået)
13:51:03   ✓ master s.books.magic t0 (bestået)
13:51:03   ✓ master s.books.of t4 (IKKE bestået: sammensætning)
13:51:03   ✓ master s.books.shelf t0 (bestået)
13:51:03   ✓ master s.books.stamp t0 (bestået)
13:51:03   ✓ master s.books.stamps t1 (bestået)
13:51:03   ✓ master s.books.stamps.count t0 (bestået)
13:51:03   ✓ master s.books.starfoal t0 (bestået)
13:51:03   ✓ master s.books.trophies t0 (bestået)
13:51:03   ✓ master s.books.trophies.have t0 (bestået)
13:51:03   ✓ master s.books.trophy.cat.flid t0 (bestået)
13:51:03   ✓ master s.books.trophy.cat.laering t0 (bestået)
13:51:03   ✓ master s.books.trophy.cat.rejse t2 (IKKE bestået: sammensætning)
13:51:03   ✓ master s.books.trophy.cat.stil t0 (bestået)
13:51:03   ✓ master s.books.trophy.cat.venner t0 (bestået)
13:51:03   ✓ master s.ceremony.medal.for t2 (bestået)
13:51:03   ✓ master s.ceremony.name.hint t0 (bestået)
13:51:03   ✓ master s.ceremony.name.is t0 (bestået)
13:51:04   ✓ master s.ceremony.name.own t0 (bestået)
13:51:04   ✓ master s.ceremony.perler t0 (bestået)
13:51:04   ✓ master s.ceremony.trial.score t0 (bestået)
13:51:04   ✓ master s.ceremony.tryOn t0 (bestået)
13:51:04   ✓ master s.ceremony.xp t0 (bestået)
13:51:04   ✓ master s.map.about.chest t0 (bestået)
13:51:04   ✓ master s.map.hut t1 (bestået)
13:51:04   ✓ master s.map.level t0 (bestået)
13:51:04   ✓ master s.map.next t0 (bestået)
13:51:04   ✓ master s.map.node.chest t0 (bestået)
13:51:04   ✓ master s.map.node.finale t0 (bestået)
13:51:04   ✓ master s.map.node.friend t0 (bestået)
13:51:04   ✓ master s.map.node.l1 t0 (bestået)
13:51:04   ✓ master s.map.node.l2 t0 (bestået)
13:51:04   ✓ master s.map.node.mix t0 (bestået)
13:51:04   ✓ master s.map.node.trial t0 (bestået)
13:51:04   ✓ master s.map.perler.have t0 (bestået)
13:51:04   ✓ master s.map.practice t0 (bestået)
13:51:04   ✓ master s.map.region.new t0 (bestået)
13:51:04   ✓ master s.map.resume t0 (bestået)
13:51:04   ✓ master s.map.switch t0 (bestået)
13:51:04   ✓ master s.map.world.choose t2 (bestået)
13:51:04   ✓ master s.onb.egg.other t0 (bestået)
13:51:04   ✓ master s.onb.grade.0 t0 (bestået)
13:51:04   ✓ master s.onb.grade.1 t1 (bestået)
13:51:04   ✓ master s.onb.grade.2 t0 (bestået)
13:51:05   ✓ master s.onb.grade.3 t0 (bestået)
13:51:05   ✓ master s.profiles.add t0 (bestået)
13:51:05   ✓ master s.profiles.delete t0 (bestået)
13:51:05   ✓ master s.profiles.delete.cancel t1 (bestået)
13:51:05   ✓ master s.reward.learned.after t0 (bestået)
13:51:05   ✓ master s.reward.learned.before t0 (bestået)
13:51:05   ✓ master s.reward.learned.between t0 (bestået)
13:51:05   ✓ master s.reward.learned.bigger t0 (bestået)
13:51:05   ✓ master s.reward.learned.compareLength t0 (bestået)
13:51:05   ✓ master s.reward.learned.number t0 (bestået)
13:51:05   ✓ master s.reward.learned.pattern t0 (bestået)
13:51:05   ✓ master s.reward.learned.started t0 (bestået)
13:51:05   ✓ master s.shop.buy.no t0 (bestået)
13:51:05   ✓ master s.shop.buy.yes t0 (bestået)
13:51:05   ✓ master s.shop.cost t0 (bestået)
13:51:05   ✓ master s.shop.decor.see t0 (bestået)
13:51:05   ✓ master s.shop.owned t0 (bestået)
13:51:05   ✓ master s.shop.perler.end t0 (bestået)
13:51:05   ✓ master s.shop.tab.clothes t0 (bestået)
13:51:05   ✓ master s.shop.tab.colors t0 (bestået)
13:51:05   ✓ master s.shop.tab.decor t0 (bestået)
13:51:05   ✓ master s.shop.title t0 (bestået)
13:51:05   ✓ master s.shop.wish t0 (bestået)
13:51:06   ✓ master s.shop.wish.remove t0 (bestået)
13:51:06   ✓ master s.shop.wish.title t0 (bestået)
13:51:06   ✓ master s.sound.good t0 (bestået)
13:51:06   ✓ master s.sound.off.title t0 (bestået)
13:51:06   ✓ master s.sound.retry t0 (bestået)
13:51:06   ✓ master s.wardrobe.how.gold.end t1 (bestået)
13:51:06   ✓ master s.wardrobe.how.gold.one.end t4 (bestået)
13:51:06   ✓ master s.wardrobe.how.silver.end t0 (bestået)
13:51:06   ✓ master s.wardrobe.how.silver.one.end t0 (bestået)
13:51:06   ✓ master s.wardrobe.mine t0 (bestået)
13:51:06   ✓ master s.wardrobe.new t0 (bestået)
13:51:06   ✓ master s.wardrobe.off t1 (bestået)
13:51:06   ✓ master s.wardrobe.slot.back t0 (bestået)
13:51:06   ✓ master s.wardrobe.slot.body t0 (bestået)
13:51:06   ✓ master s.wardrobe.slot.face t0 (bestået)
13:51:06   ✓ master s.wardrobe.slot.hand t0 (bestået)
13:51:06   ✓ master s.wardrobe.slot.head t0 (bestået)
13:51:06   ✓ master s.wardrobe.slot.neck t0 (bestået)
13:51:06   ✓ master s.wardrobe.title t1 (IKKE bestået: sammensætning)
13:51:06   ✓ master s.wardrobe.toShop t0 (bestået)
13:51:06   ✓ master s.zoo.bestFriend t0 (bestået)
13:51:06   ✓ master s.zoo.buddy.is t0 (bestået)
13:51:06   ✓ master s.zoo.dress t4 (IKKE bestået: sammensætning)
13:51:06   ✓ master s.zoo.egg t3 (IKKE bestået: sammensætning)
13:51:06   ✓ master s.zoo.egg.becomes t0 (bestået)
13:51:06   ✓ master s.zoo.egg.change t0 (bestået)
13:51:06   ✓ master s.zoo.form.1 t0 (bestået)
13:51:06   ✓ master s.zoo.form.2 t0 (bestået)
13:51:07   ✓ master s.zoo.form.3 t0 (bestået)
13:51:07   ✓ master s.zoo.form.star t0 (bestået)
13:51:07   ✓ master s.zoo.forms t0 (bestået)
13:51:07   ✓ master s.zoo.friendship t0 (bestået)
13:51:07   ✓ master s.zoo.magic.pick t0 (bestået)
13:51:07   ✓ master s.zoo.rename t0 (bestået)
13:51:07   ✓ master s.zoo.title t0 (bestået)
13:51:07   ✓ master s.zoo.trick.call t0 (bestået)
13:51:07   ✓ master s.zoo.trick.cheer t4 (bestået)
13:51:07   ✓ master s.zoo.trick.dance t0 (bestået)
13:51:07   ✓ master s.zoo.trick.hop t3 (bestået)
13:51:07   ✓ master s.zoo.trick.signature t0 (bestået)
13:51:07   ✓ master s.zoo.trick.spin t1 (IKKE bestået: sammensætning)
13:51:07   ✓ master s.zoo.tricks t0 (bestået)
13:51:07   ✓ master s.map.goals = kopi af s.books.goals (samme tekst)
13:51:07   ✓ master s.map.node.l3 = kopi af s.ceremony.name.own (samme tekst)
13:51:07   ✓ master s.map.perler.word = kopi af s.ceremony.perler (samme tekst)
13:51:07   ✓ master s.onb.friend.write = kopi af s.ceremony.name.own (samme tekst)
13:51:07   ✓ master s.shop.perler.have = kopi af s.map.perler.have (samme tekst)
13:51:07   ✓ master s.shop.tryOn = kopi af s.ceremony.tryOn (samme tekst)
13:51:07   ✓ master s.wardrobe.colors = kopi af s.shop.tab.colors (samme tekst)
13:51:07   ✓ master s.wardrobe.wish = kopi af s.shop.wish (samme tekst)
13:51:07   ✓ master s.zoo.name.hint = kopi af s.ceremony.name.hint (samme tekst)
13:51:07   ✓ master s.zoo.name.own = kopi af s.ceremony.name.own (samme tekst)
13:51:07   ✓ master s.zoo.new = kopi af s.wardrobe.new (samme tekst)
13:51:07 færdig: 156 nye mastere (12 ikke bestået, 11 kopier), 98 modelkald, 46.4 min generering (CPU 1.18 t), 0 klip mangler
