14:10:58 generate.py --wave 2 --threads 4 --max-minutes 100 (log: /home/user/wt/voice/talvennerne2/voice/logs/generate-20261003-141058.log)
14:10:58 1061 klip valgt, 112 færdige, 949 at lave
14:11:19 input frame rate=25
14:11:40 Could not load Cangjie mapping: An error happened while trying to locate the file on the Hub and we cannot find the requested files in the local cache. Please check your connection and try again or make sure your Internet connection is on.
14:11:41 model indlæst på 40 s (4 tråde)
14:17:17 ✅ EOS token detected! Stopping generation at step 33
14:20:45 kald single k=1 t0 'et kvadrat,': 544.1 s for 1.28 s lyd
14:20:47   noun.shape.square.indef.mid t0: 0.75 s (forhold 0.80) -18.17 LUFS, none: 'None' CER None (None) → ok
14:20:51 ✅ EOS token detected! Stopping generation at step 31
14:21:02 kald single k=1 t0 'kvadrater.': 15.5 s for 1.20 s lyd
14:21:03   noun.shape.square.pl.end t0: 0.60 s (forhold 0.64) -18.08 LUFS, none: 'None' CER None (None) → ok
14:21:06 ✅ EOS token detected! Stopping generation at step 25
14:21:18 kald single k=1 t0 'kvadrater,': 14.8 s for 0.96 s lyd
14:21:18   noun.shape.square.pl.mid t0: 0.65 s (forhold 0.69) -18.1 LUFS, none: 'None' CER None (None) → ok
14:21:24 ✅ EOS token detected! Stopping generation at step 46
14:21:37 kald single k=1 t0 'trapezet.': 19.1 s for 1.80 s lyd
14:21:38   noun.shape.trapezoid.def.end t0: 0.72 s (forhold 0.77) -18.0 LUFS, none: 'None' CER None (None) → ok
14:21:43 ✅ EOS token detected! Stopping generation at step 37
14:21:54 kald single k=1 t0 'trapezet,': 16.4 s for 1.44 s lyd
14:21:55   noun.shape.trapezoid.def.mid t0: 0.70 s (forhold 0.75) -18.0 LUFS, none: 'None' CER None (None) → ok
14:22:00 forcing EOS token, long_tail=tensor(True), alignment_repetition=tensor(False), token_repetition=False
14:22:00 ✅ EOS token detected! Stopping generation at step 32
14:22:10 kald single k=1 t0 'et trapez.': 15.7 s for 1.24 s lyd
14:22:11   noun.shape.trapezoid.indef.end t0: 0.82 s (forhold 0.88) -18.05 LUFS, none: 'None' CER None (None) → ok
14:22:17 forcing EOS token, long_tail=tensor(True), alignment_repetition=tensor(False), token_repetition=False
14:22:17 ✅ EOS token detected! Stopping generation at step 37
14:22:28 kald single k=1 t0 'et trapez,': 16.9 s for 1.44 s lyd
14:22:28   noun.shape.trapezoid.indef.mid t0: 0.86 s (forhold 0.92) -18.12 LUFS, none: 'None' CER None (None) → ok
14:22:33 ✅ EOS token detected! Stopping generation at step 34
14:22:46 kald single k=1 t0 'trapezer.': 17.8 s for 1.32 s lyd
14:22:47   noun.shape.trapezoid.pl.end t0: 0.65 s (forhold 0.69) -18.17 LUFS, none: 'None' CER None (None) → ok
14:22:51 ✅ EOS token detected! Stopping generation at step 33
14:23:04 kald single k=1 t0 'trapezer,': 17.3 s for 1.28 s lyd
14:23:05   noun.shape.trapezoid.pl.mid t0: 0.69 s (forhold 0.74) -18.09 LUFS, none: 'None' CER None (None) → ok
14:23:10 ✅ EOS token detected! Stopping generation at step 33
14:23:21 kald single k=1 t0 'keglen.': 16.1 s for 1.28 s lyd
14:23:21   noun.solid.cone.def.end t0: 0.68 s (forhold 1.09) -18.11 LUFS, none: 'None' CER None (None) → ok
14:23:25 ✅ EOS token detected! Stopping generation at step 29
14:23:34 kald single k=1 t0 'keglen,': 13.0 s for 1.12 s lyd
14:23:35   noun.solid.cone.def.mid t0: 0.60 s (forhold 0.96) -18.11 LUFS, none: 'None' CER None (None) → ok
14:23:39 ✅ EOS token detected! Stopping generation at step 33
14:23:48 kald single k=1 t0 'en kegle.': 13.1 s for 1.28 s lyd
14:23:48   noun.solid.cone.indef.end t0: 0.69 s (forhold 0.74) -18.11 LUFS, none: 'None' CER None (None) → ok
14:23:52 ✅ EOS token detected! Stopping generation at step 30
14:24:03 kald single k=1 t0 'en kegle,': 15.0 s for 1.16 s lyd
14:24:04   noun.solid.cone.indef.mid t0: 0.67 s (forhold 0.71) -18.15 LUFS, none: 'None' CER None (None) → ok
14:24:07 ✅ EOS token detected! Stopping generation at step 25
14:24:17 kald single k=1 t0 'kegler.': 12.9 s for 0.96 s lyd
14:24:17   noun.solid.cone.pl.end t0: 0.49 s (forhold 0.79) -18.17 LUFS, none: 'None' CER None (None) → ok
14:24:20 ✅ EOS token detected! Stopping generation at step 21
14:24:30 kald single k=1 t0 'kegler,': 12.6 s for 0.80 s lyd
14:24:30   noun.solid.cone.pl.mid t0: 0.45 s (forhold 0.72) -18.19 LUFS, none: 'None' CER None (None) → ok
14:24:34 ✅ EOS token detected! Stopping generation at step 34
14:24:45 kald single k=1 t0 'terningen.': 14.8 s for 1.32 s lyd
14:24:45   noun.solid.cube.def.end t0: 0.65 s (forhold 0.70) -18.17 LUFS, none: 'None' CER None (None) → ok
14:24:49 ✅ EOS token detected! Stopping generation at step 34
14:24:59 kald single k=1 t0 'terningen,': 13.5 s for 1.32 s lyd
14:24:59   noun.solid.cube.def.mid t0: 0.63 s (forhold 0.67) -18.1 LUFS, none: 'None' CER None (None) → ok
14:25:03 ✅ EOS token detected! Stopping generation at step 34
14:25:13 kald single k=1 t0 'en terning.': 13.7 s for 1.32 s lyd
14:25:13   noun.solid.cube.indef.end t0: 0.70 s (forhold 0.75) -18.0 LUFS, none: 'None' CER None (None) → ok
14:25:17 ✅ EOS token detected! Stopping generation at step 26
14:25:26 kald single k=1 t0 'en terning,': 12.5 s for 1.00 s lyd
14:25:26   noun.solid.cube.indef.mid t0: 0.68 s (forhold 0.72) -18.0 LUFS, none: 'None' CER None (None) → ok
14:25:30 ✅ EOS token detected! Stopping generation at step 32
14:25:39 kald single k=1 t0 'terninger.': 12.8 s for 1.24 s lyd
14:25:39   noun.solid.cube.pl.end t0: 0.59 s (forhold 0.63) -18.18 LUFS, none: 'None' CER None (None) → ok
14:25:42 ✅ EOS token detected! Stopping generation at step 23
14:25:51 kald single k=1 t0 'terninger,': 11.3 s for 0.88 s lyd
14:25:51   noun.solid.cube.pl.mid t0: 0.62 s (forhold 0.66) -18.1 LUFS, none: 'None' CER None (None) → ok
14:25:54 ✅ EOS token detected! Stopping generation at step 23
14:26:02 kald single k=1 t0 'kassen.': 10.9 s for 0.88 s lyd
14:26:02   noun.solid.cuboid.def.end t0: 0.48 s (forhold 0.76) -18.0 LUFS, none: 'None' CER None (None) → ok
14:26:05 ✅ EOS token detected! Stopping generation at step 22
14:26:13 kald single k=1 t0 'kassen,': 10.9 s for 0.84 s lyd
14:26:13   noun.solid.cuboid.def.mid t0: 0.45 s (forhold 0.72) -18.0 LUFS, none: 'None' CER None (None) → ok
14:26:17 ✅ EOS token detected! Stopping generation at step 28
14:26:26 kald single k=1 t0 'en kasse.': 12.4 s for 1.08 s lyd
14:26:26   noun.solid.cuboid.indef.end t0: 0.60 s (forhold 0.64) -18.0 LUFS, none: 'None' CER None (None) → ok
14:26:30 ✅ EOS token detected! Stopping generation at step 32
14:26:39 kald single k=1 t0 'en kasse,': 13.1 s for 1.24 s lyd
14:26:39   noun.solid.cuboid.indef.mid t0: 0.63 s (forhold 0.67) -18.0 LUFS, none: 'None' CER None (None) → ok
14:26:42 ✅ EOS token detected! Stopping generation at step 24
14:26:51 kald single k=1 t0 'kasser.': 11.7 s for 0.92 s lyd
14:26:51   noun.solid.cuboid.pl.end t0: 0.41 s (forhold 0.66) -18.0 LUFS, none: 'None' CER None (None) → ok
14:26:54 ✅ EOS token detected! Stopping generation at step 20
14:27:03 kald single k=1 t0 'kasser,': 11.2 s for 0.76 s lyd
14:27:03   noun.solid.cuboid.pl.mid t0: 0.40 s (forhold 0.64) -18.0 LUFS, none: 'None' CER None (None) → ok
14:27:08 ✅ EOS token detected! Stopping generation at step 39
14:27:17 kald single k=1 t0 'cylinderen.': 14.2 s for 1.52 s lyd
14:27:17   noun.solid.cylinder.def.end t0: 0.83 s (forhold 0.66) -18.0 LUFS, none: 'None' CER None (None) → ok
14:27:21 ✅ EOS token detected! Stopping generation at step 29
14:27:32 kald single k=1 t0 'cylinderen,': 14.6 s for 1.12 s lyd
14:27:32   noun.solid.cylinder.def.mid t0: 0.80 s (forhold 0.64) -18.0 LUFS, none: 'None' CER None (None) → ok
14:27:36 ✅ EOS token detected! Stopping generation at step 35
14:27:46 kald single k=1 t0 'en cylinder,': 13.8 s for 1.36 s lyd
14:27:47   noun.solid.cylinder.indef.mid t0: 0.79 s (forhold 0.63) -18.0 LUFS, none: 'None' CER None (None) → ok
14:27:50 ✅ EOS token detected! Stopping generation at step 27
14:28:01 kald single k=1 t0 'cylindre.': 14.3 s for 1.04 s lyd
14:28:01   noun.solid.cylinder.pl.end t0: 0.65 s (forhold 0.69) -18.08 LUFS, none: 'None' CER None (None) → ok
14:28:05 ✅ EOS token detected! Stopping generation at step 27
14:28:14 kald single k=1 t0 'cylindre,': 12.3 s for 1.04 s lyd
14:28:14   noun.solid.cylinder.pl.mid t0: 0.71 s (forhold 0.76) -18.06 LUFS, none: 'None' CER None (None) → ok
14:28:18 ✅ EOS token detected! Stopping generation at step 38
14:28:28 kald single k=1 t0 'pyramiden.': 13.9 s for 1.48 s lyd
14:28:28   noun.solid.pyramid.def.end t0: 0.69 s (forhold 0.55) -18.1 LUFS, none: 'None' CER None (None) → ok
14:28:33 ✅ EOS token detected! Stopping generation at step 37
14:28:42 kald single k=1 t0 'pyramiden,': 13.9 s for 1.44 s lyd
14:28:43   noun.solid.pyramid.def.mid t0: 0.72 s (forhold 0.58) -18.07 LUFS, none: 'None' CER None (None) → ok
14:28:47 ✅ EOS token detected! Stopping generation at step 36
14:28:57 kald single k=1 t0 'en pyramide,': 14.8 s for 1.40 s lyd
14:28:58   noun.solid.pyramid.indef.mid t0: 0.87 s (forhold 0.56) -18.0 LUFS, none: 'None' CER None (None) → ok
14:29:02 ✅ EOS token detected! Stopping generation at step 32
14:29:11 kald single k=1 t0 'pyramider.': 13.1 s for 1.24 s lyd
14:29:11   noun.solid.pyramid.pl.end t0: 0.62 s (forhold 0.50) -18.08 LUFS, none: 'None' CER None (None) → ok
14:29:15 ✅ EOS token detected! Stopping generation at step 25
14:29:24 kald single k=1 t0 'pyramider,': 12.5 s for 0.96 s lyd
14:29:24   noun.solid.pyramid.pl.mid t0: 0.63 s (forhold 0.51) -18.11 LUFS, none: 'None' CER None (None) → ok
14:29:28 ✅ EOS token detected! Stopping generation at step 26
14:29:37 kald single k=1 t0 'kuglen.': 13.3 s for 1.00 s lyd
14:29:38   noun.solid.sphere.def.end t0: 0.62 s (forhold 0.99) -18.0 LUFS, none: 'None' CER None (None) → ok
14:29:41 ✅ EOS token detected! Stopping generation at step 23
14:29:52 kald single k=1 t0 'kuglen,': 13.6 s for 0.88 s lyd
14:29:52   noun.solid.sphere.def.mid t0: 0.59 s (forhold 0.95) -18.0 LUFS, none: 'None' CER None (None) → ok
14:29:56 ✅ EOS token detected! Stopping generation at step 30
14:30:06 kald single k=1 t0 'en kugle.': 14.0 s for 1.16 s lyd
14:30:06   noun.solid.sphere.indef.end t0: 0.59 s (forhold 0.63) -18.0 LUFS, none: 'None' CER None (None) → ok
14:30:11 ✅ EOS token detected! Stopping generation at step 29
14:30:20 kald single k=1 t0 'en kugle,': 13.7 s for 1.12 s lyd
14:30:21   noun.solid.sphere.indef.mid t0: 0.63 s (forhold 0.67) -18.17 LUFS, none: 'None' CER None (None) → ok
14:30:24 ✅ EOS token detected! Stopping generation at step 23
14:30:34 kald single k=1 t0 'kugler.': 13.0 s for 0.88 s lyd
14:30:34   noun.solid.sphere.pl.end t0: 0.47 s (forhold 0.76) -18.08 LUFS, none: 'None' CER None (None) → ok
14:30:37 ✅ EOS token detected! Stopping generation at step 23
14:30:46 kald single k=1 t0 'kugler,': 12.3 s for 0.88 s lyd
14:30:47   noun.solid.sphere.pl.mid t0: 0.43 s (forhold 0.70) -18.0 LUFS, none: 'None' CER None (None) → ok
14:30:51 ✅ EOS token detected! Stopping generation at step 31
14:31:01 kald single k=1 t0 'Hvor mange,': 14.7 s for 1.20 s lyd
14:31:02   s.composeShapes.howMany t0: 0.51 s (forhold 0.54) -18.04 LUFS, none: 'None' CER None (None) → ok
14:31:08 ✅ EOS token detected! Stopping generation at step 47
14:31:19 kald single k=1 t0 'skal der til for at lave,': 16.7 s for 1.84 s lyd
14:31:19   s.composeShapes.needed t0: 1.17 s (forhold 0.54) -18.05 LUFS, alone: 'skal der til for at lave' CER 0.0 (wav2vec2) → ok
14:31:19   ✓ master s.composeShapes.needed t0 (bestået)
14:31:25 ✅ EOS token detected! Stopping generation at step 41
14:31:36 kald single k=1 t0 'små kvadrater,': 16.9 s for 1.60 s lyd
14:31:37   s.composeShapes.small.square.mid t0: 1.06 s (forhold 0.85) -18.09 LUFS, none: 'None' CER None (None) → ok
14:31:42 ✅ EOS token detected! Stopping generation at step 34
14:31:51 kald single k=1 t0 'små trekanter,': 14.4 s for 1.32 s lyd
14:31:52   s.composeShapes.small.triangle.mid t0: 0.99 s (forhold 0.79) -18.1 LUFS, none: 'None' CER None (None) → ok
14:31:58 ✅ EOS token detected! Stopping generation at step 49
14:32:10 kald single k=1 t0 'alle, der har form som,': 17.9 s for 1.92 s lyd
14:32:11   s.shapes3D.allShaped t0: 1.29 s (forhold 0.69) -18.0 LUFS, alone: 'alle der har form som' CER 0.0 (wav2vec2) → ok
14:32:11   ✓ master s.shapes3D.allShaped t0 (bestået)
14:32:18 ✅ EOS token detected! Stopping generation at step 58
14:32:30 kald single k=1 t0 'Hvor mange af tingene har form som,': 18.8 s for 2.28 s lyd
14:32:31   s.shapes3D.howManyShaped t0: 1.64 s (forhold 0.53) -18.09 LUFS, alone: 'hvor mange af tingene har formsomm' CER 0.0357 (wav2vec2) → ok
14:32:31   ✓ master s.shapes3D.howManyShaped t0 (bestået)
14:32:34 ✅ EOS token detected! Stopping generation at step 23
14:32:43 kald single k=1 t0 'Uret,': 12.2 s for 0.88 s lyd
14:32:43   s.kind.clockSet.dial t0: 0.45 s (forhold 0.71) -18.0 LUFS, none: 'None' CER None (None) → ok
14:32:46 ✅ EOS token detected! Stopping generation at step 21
14:32:55 kald single k=1 t0 'En del,': 11.2 s for 0.80 s lyd
14:32:55   s.kind.colorParts.part t0: 0.50 s (forhold 0.80) -18.0 LUFS, none: 'None' CER None (None) → ok
14:33:00 ✅ EOS token detected! Stopping generation at step 39
14:33:09 kald single k=1 t0 'Læg den tilbage,': 13.9 s for 1.52 s lyd
14:33:09   s.kind.pay.back t0: 0.88 s (forhold 0.56) -18.1 LUFS, none: 'None' CER None (None) → ok
14:33:14 ✅ EOS token detected! Stopping generation at step 43
14:33:25 kald single k=1 t0 'I bakken er der,': 15.2 s for 1.68 s lyd
14:33:33   s.kind.pay.inTray t0: 0.94 s (forhold 0.60) -18.16 LUFS, alone: 'I bakken er der' CER 0.0 (whisper, wav2vec2: 'i barken er der') → ok
14:33:33   ✓ master s.kind.pay.inTray t0 (bestået)
14:33:35 ✅ EOS token detected! Stopping generation at step 30
14:33:41 kald single k=1 t0 'Pungen,': 8.2 s for 1.16 s lyd
14:33:41   s.kind.pay.purse t0: 0.42 s (forhold 0.67) -18.16 LUFS, none: 'None' CER None (None) → ok
14:33:43 ✅ EOS token detected! Stopping generation at step 24
14:33:48 kald single k=1 t0 'Bakken,': 7.2 s for 0.92 s lyd
14:33:49   s.kind.pay.tray t0: 0.37 s (forhold 0.59) -18.15 LUFS, none: 'None' CER None (None) → ok
14:33:51 ✅ EOS token detected! Stopping generation at step 27
14:33:56 kald single k=1 t0 'Bunken,': 7.2 s for 1.04 s lyd
14:33:56   s.kind.share.pile t0: 0.44 s (forhold 0.70) -18.0 LUFS, none: 'None' CER None (None) → ok
14:33:59 ✅ EOS token detected! Stopping generation at step 25
14:34:04 kald single k=1 t0 'Tallerken,': 7.4 s for 0.96 s lyd
14:34:04   s.kind.share.plate t0: 0.60 s (forhold 0.64) -18.04 LUFS, none: 'None' CER None (None) → ok
14:35:14 ✅ EOS token detected! Stopping generation at step 177
14:37:27 kald sentence k=4 t0 'Regn med hele hundreder. Hvad er fire plus ni? Hvad er det dobbelte af': 202.9 s for 7.04 s lyd
14:37:40   hint.addSub1000Round.hundreds t0: 1.40 s (forhold 0.64) -18.15 LUFS, alone: 'hegn med hele hundreder' CER 0.05 (wav2vec2) → ok
14:38:30   q.add:4+9 t0: 1.11 s (forhold 0.59) -18.04 LUFS, alone: 'Hvad er 4 plus 9?' CER 0.0 (whisper, wav2vec2: 'hver er f4 plus 9') → ok
14:38:56   q.dbl:2 t0: 1.19 s (forhold 0.48) -18.0 LUFS, alone: 'Hvad er det dobbelte af 2?' CER 0.0 (whisper, wav2vec2: 'hvad er det dobblt er 2') → ok
14:38:56   q.sub:13-4 t0: 1.38 s (forhold 0.55) -18.07 LUFS, alone: 'hvad er 13 minus 4' CER 0.0 (wav2vec2) → ok
14:38:56   ✓ master hint.addSub1000Round.hundreds t0 (bestået)
14:38:56   ✓ master q.add:4+9 t0 (bestået)
14:38:56   ✓ master q.dbl:2 t0 (bestået)
14:38:56   ✓ master q.sub:13-4 t0 (bestået)
14:39:11 ✅ EOS token detected! Stopping generation at step 192
14:39:23 kald sentence k=4 t0 'Hundrederne er de samme. Hvad er fem plus seks? Hvad er det dobbelte a': 27.4 s for 7.64 s lyd
14:39:25   hint.addSub1000Round.hundredsSame t0: 1.29 s (forhold 0.52) -18.0 LUFS, alone: 'hundrederne er de samme' CER 0.0 (wav2vec2) → ok
14:39:25   q.add:5+6 t0: 1.72 s (forhold 1.10) -18.02 LUFS, alone: 'hvad er 5 plus 6' CER 0.0 (wav2vec2) → ok
14:39:28   q.dbl:3 t0: 1.46 s (forhold 0.58) -18.0 LUFS, alone: 'Hvad er det dobbelte af tre?' CER 0.0 (whisper, wav2vec2: 'hvad er det dobbelt ef er 3') → ok
14:39:29   q.sub:13-5 t0: 1.57 s (forhold 0.72) -18.05 LUFS, alone: 'hvad er 13 minus 5' CER 0.0 (wav2vec2) → ok
14:39:29   ✓ master hint.addSub1000Round.hundredsSame t0 (bestået)
14:39:29   ✓ master q.add:5+6 t0 (bestået)
14:39:29   ✓ master q.dbl:3 t0 (bestået)
14:39:29   ✓ master q.sub:13-5 t0 (bestået)
14:39:47 forcing EOS token, long_tail=tensor(True), alignment_repetition=tensor(False), token_repetition=False
14:39:47 ✅ EOS token detected! Stopping generation at step 226
14:39:58 kald sentence k=4 t0 'Når tierne giver ti tiere eller mere, kommer der et hundrede mere. Hva': 29.1 s for 9.00 s lyd
14:40:03   hint.addSub1000Round.keepHundred t0: 3.12 s (forhold 0.45) -18.07 LUFS, alone: 'nårtiernegever 10 tiger eller mere kommer der 100 mere' CER 0.0588 (wav2vec2, whisper: 'Når tigrene giver 10 tigre eller mere kommer der 100 mere') → FEJL asr
14:40:03   q.add:5+7 t0: 1.33 s (forhold 0.85) -18.1 LUFS, alone: 'hvad er 5 plus 7' CER 0.0 (wav2vec2) → ok
14:40:06   q.dbl:4 t0: 1.32 s (forhold 0.47) -18.09 LUFS, alone: 'Hvad er det dobbelte af 4?' CER 0.0 (whisper, wav2vec2: 'hvad heder det dobbl e er 4') → ok
14:40:06   q.sub:13-6 t0: 1.39 s (forhold 0.63) -18.06 LUFS, alone: 'hved er 13 minus 6' CER 0.0455 (wav2vec2) → ok
14:40:06   ✓ master q.add:5+7 t0 (bestået)
14:40:06   ✓ master q.dbl:4 t0 (bestået)
14:40:06   ✓ master q.sub:13-6 t0 (bestået)
14:40:20 ✅ EOS token detected! Stopping generation at step 186
14:40:31 kald sentence k=4 t0 'Ti tiere bliver til et hundrede mere. Hvad er fem plus otte? Hvad er d': 24.7 s for 7.40 s lyd
14:40:35   hint.addSub1000Round.newHundred t0: 1.89 s (forhold 0.50) -18.0 LUFS, alone: 'Ti tigre bliver til 100 mere' CER 0.0357 (whisper, wav2vec2: 't0 timer bliver til 100 mere') → ok
14:40:35   q.add:5+8 t0: 1.36 s (forhold 0.73) -18.0 LUFS, alone: 'hvad er 5 plus 8' CER 0.0 (wav2vec2) → ok
14:40:38   q.dbl:5 t0: 1.18 s (forhold 0.47) -18.04 LUFS, alone: 'hvad er det dobble e er 5' CER 0.1818 (wav2vec2, whisper: 'Hvad det dobbelte af 5') → FEJL asr
14:40:39   q.sub:13-7 t0: 1.37 s (forhold 0.63) -18.08 LUFS, alone: 'hvad er 13 minus 7' CER 0.0 (wav2vec2) → ok
14:40:39   ✓ master hint.addSub1000Round.newHundred t0 (bestået)
14:40:39   ✓ master q.add:5+8 t0 (bestået)
14:40:39   ✓ master q.sub:13-7 t0 (bestået)
14:40:55 ✅ EOS token detected! Stopping generation at step 203
14:41:07 kald sentence k=4 t0 'Hundrederne og resten skal bare stå sammen. Hvad er fem plus ni? Hvad ': 28.1 s for 8.08 s lyd
14:41:08   hint.addSub1000Round.putTogether t0: 2.21 s (forhold 0.54) -18.13 LUFS, alone: 'hundrederne og resten skal bare stå sammen' CER 0.0 (wav2vec2) → ok
14:41:08   q.add:5+9 t0: 1.37 s (forhold 0.88) -18.19 LUFS, alone: 'hvad er 5plus 9' CER 0.0 (wav2vec2) → ok
14:41:12   q.dbl:6 t0: 1.28 s (forhold 0.51) -18.09 LUFS, alone: 'Hvad er det dobbelte af 6?' CER 0.0 (whisper, wav2vec2: 'hvad er det obledas i') → ok
14:41:12   q.sub:13-8 t0: 1.63 s (forhold 0.65) -18.07 LUFS, alone: 'hvad er 13 minus 8' CER 0.0 (wav2vec2) → ok
14:41:12   ✓ master hint.addSub1000Round.putTogether t0 (bestået)
14:41:12   ✓ master q.add:5+9 t0 (bestået)
14:41:12   ✓ master q.dbl:6 t0 (bestået)
14:41:12   ✓ master q.sub:13-8 t0 (bestået)
14:41:27 ✅ EOS token detected! Stopping generation at step 188
14:41:39 kald sentence k=4 t0 'Regn med tierne. Hvad er seks plus fem? Hvad er det dobbelte af syv? H': 26.2 s for 7.48 s lyd
14:41:42   hint.addSub1000Round.tens t0: 0.86 s (forhold 0.55) -18.06 LUFS, alone: 'heg med tierne' CER 0.1538 (wav2vec2, whisper: 'Hegn med Tiderne') → FEJL asr
14:41:42   q.add:6+5 t0: 1.47 s (forhold 0.94) -18.06 LUFS, alone: 'hvad er 6 plus 5' CER 0.0 (wav2vec2) → ok
14:41:46   q.dbl:7 t0: 1.44 s (forhold 0.58) -18.03 LUFS, alone: 'Hvad er det dobbelte af syv?' CER 0.0 (whisper, wav2vec2: 'hvad er det dobbeldags 7') → ok
14:41:46   q.sub:13-9 t0: 1.69 s (forhold 0.77) -18.15 LUFS, alone: 'hvadt er 13 minus 9' CER 0.05 (wav2vec2) → ok
14:41:46   ✓ master q.add:6+5 t0 (bestået)
14:41:46   ✓ master q.dbl:7 t0 (bestået)
14:41:46   ✓ master q.sub:13-9 t0 (bestået)
14:42:03 ✅ EOS token detected! Stopping generation at step 215
14:42:14 kald sentence k=4 t0 'Hele hundreder skrives med to nuller til sidst. Hvad er seks plus seks': 27.7 s for 8.56 s lyd
14:42:15   hint.addSub1000Round.zeroHundreds t0: 2.45 s (forhold 0.60) -18.0 LUFS, alone: 'hele hundreder skrives med to nuller til sidst' CER 0.0 (wav2vec2) → ok
14:42:18   q.add:6+6 t0: 1.72 s (forhold 1.10) -18.0 LUFS, alone: 'Hvad er 6 plus 6?' CER 0.0 (whisper, wav2vec2: 'hvadt er 6x pru 6') → ok
14:42:21   q.dbl:8 t0: 1.27 s (forhold 0.45) -18.17 LUFS, alone: 'Hvad er det dobbelte af 8?' CER 0.0 (whisper, wav2vec2: 'hvad er det dobbelte er 8') → ok
14:42:21   q.sub:14-5 t0: 1.27 s (forhold 0.58) -18.08 LUFS, alone: 'hvad er 14 minus 5' CER 0.0 (wav2vec2) → ok
14:42:21   ✓ master hint.addSub1000Round.zeroHundreds t0 (bestået)
14:42:21   ✓ master q.add:6+6 t0 (bestået)
14:42:21   ✓ master q.dbl:8 t0 (bestået)
14:42:21   ✓ master q.sub:14-5 t0 (bestået)
14:42:33 ✅ EOS token detected! Stopping generation at step 166
14:42:44 kald sentence k=4 t0 'Læg enerne sammen. Hvad er seks plus syv? Hvad er det dobbelte af ni? ': 22.5 s for 6.60 s lyd
14:42:45   hint.addSub20Simple.addOnes t0: 1.14 s (forhold 0.61) -18.07 LUFS, alone: 'læg enerne sammen' CER 0.0 (wav2vec2) → ok
14:42:45   q.add:6+7 t0: 1.33 s (forhold 0.85) -18.02 LUFS, alone: 'hvad er 6 plus 7' CER 0.0 (wav2vec2) → ok
14:42:45   q.dbl:9 t0: 1.07 s (forhold 0.43) -18.05 LUFS, alone: 'hvad er det dobbelt af  9' CER 0.0476 (wav2vec2) → ok
14:42:48   q.sub:14-6 t0: 1.39 s (forhold 0.64) -18.13 LUFS, alone: 'hver r 14 minus 6' CER 0.1364 (wav2vec2, whisper: 'Hver 14 minus 6') → FEJL asr
14:42:48   ✓ master hint.addSub20Simple.addOnes t0 (bestået)
14:42:48   ✓ master q.add:6+7 t0 (bestået)
14:42:48   ✓ master q.dbl:9 t0 (bestået)
14:43:01 ✅ EOS token detected! Stopping generation at step 181
14:43:12 kald sentence k=4 t0 'Tag enerne væk. Hvad er seks plus otte? Hvad er halvdelen af ti? Hvad ': 23.7 s for 7.20 s lyd
14:43:15   hint.addSub20Simple.takeOnes t0: 0.79 s (forhold 0.51) -18.03 LUFS, alone: 'tagerenerne væk' CER 0.1667 (wav2vec2, whisper: 'Tager enerne væk') → FEJL asr
14:43:18   q.add:6+8 t0: 1.43 s (forhold 0.76) -18.09 LUFS, alone: 'hvad er 6 pos 8' CER 0.1111 (wav2vec2, whisper: 'Hvad er 6 pås 8?') → FEJL asr
14:43:18   q.hlf:10 t0: 1.31 s (forhold 0.60) -18.2 LUFS, alone: 'hvad er halvdelen af 10' CER 0.0 (wav2vec2) → ok
14:43:22   q.sub:14-7 t0: 1.49 s (forhold 0.68) -18.1 LUFS, alone: 'hvaret er 14 minus 7' CER 0.1429 (wav2vec2, whisper: 'Hvad er 14 minus minus 7?') → FEJL asr
14:43:22   ✓ master q.hlf:10 t0 (bestået)
14:43:38 ✅ EOS token detected! Stopping generation at step 202
14:43:49 kald sentence k=4 t0 'Når tieren er fuld, skal den med i svaret. Hvad er seks plus ni? Hvad ': 27.7 s for 8.04 s lyd
14:43:54   hint.addTo20.keepTen t0: 2.50 s (forhold 0.67) -18.07 LUFS, alone: 'Når tieren er fuld skal den med i svaret' CER 0.0 (whisper, wav2vec2: 'nortereren er fuld skal den med i svaret') → ok
14:43:54   q.add:6+9 t0: 1.19 s (forhold 0.76) -18.0 LUFS, alone: 'hvad er 6 plus 9' CER 0.0 (wav2vec2) → ok
14:43:57   q.hlf:12 t0: 1.16 s (forhold 0.53) -18.03 LUFS, alone: 'hver e halvdelen af 12' CER 0.1429 (wav2vec2, whisper: 'Hver halvdel er 12') → FEJL asr
14:43:57   q.sub:14-8 t0: 1.67 s (forhold 0.67) -18.0 LUFS, alone: 'hvad er 14 minus 8' CER 0.0 (wav2vec2) → ok
14:43:57   ✓ master hint.addTo20.keepTen t0 (bestået)
14:43:57   ✓ master q.add:6+9 t0 (bestået)
14:43:57   ✓ master q.sub:14-8 t0 (bestået)
14:48:53 ✅ EOS token detected! Stopping generation at step 216
14:51:01 kald sentence k=4 t0 'Der er ikke enere nok. Veksl en tier til ti enere. Hvad er syv plus fi': 423.9 s for 8.60 s lyd
14:51:37   hint.addsub2.borrowTen t0: 3.21 s (forhold 0.60) -18.08 LUFS, alone: 'der er ikke enere nok vekslen tier til 1i enere' CER 0.0526 (wav2vec2, whisper: 'Der er ikke enere nok. Væksten tager til 10 enere') → FEJL asr
14:51:39   q.add:7+4 t0: 1.15 s (forhold 0.61) -18.08 LUFS, alone: 'hvad er 7 plus 4' CER 0.0 (wav2vec2) → ok
14:51:45   q.hlf:14 t0: 1.36 s (forhold 0.55) -18.1 LUFS, alone: 'hver halvdelen af 14' CER 0.0833 (wav2vec2, whisper: 'Hver halvdel er 14') → FEJL asr
14:51:47   q.sub:14-9 t0: 1.41 s (forhold 0.64) -18.0 LUFS, alone: 'hvad er 14 minus 9' CER 0.0 (wav2vec2) → ok
14:51:47   ✓ master q.add:7+4 t0 (bestået)
14:51:47   ✓ master q.sub:14-9 t0 (bestået)
14:52:28 ✅ EOS token detected! Stopping generation at step 237
14:52:59 kald sentence k=4 t0 'Når enerne giver ti eller mere, skal tieren med over til tierne. Hvad ': 72.3 s for 9.44 s lyd
14:53:30   hint.addsub2.carryTen t0: 3.73 s (forhold 0.54) -18.07 LUFS, alone: 'nårenerne giver ti eller mere skal tigeren med over til tierne' CER 0.0196 (wav2vec2) → ok
14:53:33   q.add:7+5 t0: 1.22 s (forhold 0.78) -18.05 LUFS, alone: 'hvad er 7 plus 5' CER 0.0 (wav2vec2) → ok
14:54:03   q.hlf:16 t0: 1.46 s (forhold 0.58) -18.07 LUFS, alone: 'hver halvdelen af 16' CER 0.0833 (wav2vec2, whisper: 'Hver halvdel er 16') → FEJL asr
14:54:29   q.sub:15-6 t0: 1.49 s (forhold 0.68) -18.16 LUFS, alone: 'hver er 15 minus 6' CER 0.0952 (wav2vec2, whisper: 'Hver 15 minus 6') → FEJL asr
14:54:29   ✓ master hint.addsub2.carryTen t0 (bestået)
14:54:29   ✓ master q.add:7+5 t0 (bestået)
14:57:33 ✅ EOS token detected! Stopping generation at step 166
14:57:44 kald sentence k=4 t0 'Tæl op fra det lille tal. Hvad er syv plus seks? Hvad er halvdelen af ': 195.3 s for 6.60 s lyd
14:57:48   hint.addsub2.countUp t0: 1.22 s (forhold 0.56) -18.11 LUFS, alone: 'Tæl op fra det lille tal' CER 0.0 (whisper, wav2vec2: 'tal op fra det lille tal') → ok
14:57:51   q.add:7+6 t0: 1.30 s (forhold 0.83) -18.0 LUFS, alone: 'været 7 plus 6' CER 0.2353 (wav2vec2, whisper: 'Været 7 plus 6') → FEJL asr
14:57:54   q.hlf:18 t0: 1.28 s (forhold 0.51) -18.0 LUFS, alone: 'hver halvdelen af 18' CER 0.0909 (wav2vec2, whisper: 'Hver halvdel af 18') → FEJL asr
14:57:54   q.sub:15-7 t0: 1.25 s (forhold 0.57) -18.0 LUFS, alone: 'hvarer 15 minus 7' CER 0.05 (wav2vec2) → ok
14:57:54   ✓ master hint.addsub2.countUp t0 (bestået)
14:57:54   ✓ master q.sub:15-7 t0 (bestået)
14:58:16 ✅ EOS token detected! Stopping generation at step 201
14:58:35 kald sentence k=4 t0 'Når du veksler en tier, er der en tier mindre tilbage. Hvad er syv plu': 41.3 s for 8.00 s lyd
14:58:40   hint.addsub2.oneTenLess t0: 2.81 s (forhold 0.53) -18.04 LUFS, alone: 'Når du veksler en tier er der en tier mindre tilbage' CER 0.0 (whisper, wav2vec2: 'når du veksler en tier er der entier mindre tilbage') → ok
14:58:43   q.add:7+7 t0: 1.14 s (forhold 0.73) -18.09 LUFS, alone: 'Hvad er 7 plus 7?' CER 0.0 (whisper, wav2vec2: 'hved er 7 plus 7') → ok
14:58:47   q.hlf:2 t0: 1.06 s (forhold 0.49) -18.19 LUFS, alone: 'hver er halvdelen af 2' CER 0.1053 (wav2vec2, whisper: 'Hver halvdel er to') → FEJL asr
14:58:47   q.sub:15-8 t0: 1.24 s (forhold 0.50) -18.06 LUFS, alone: 'hvad er 15 minus 8' CER 0.0 (wav2vec2) → ok
14:58:47   ✓ master hint.addsub2.oneTenLess t0 (bestået)
14:58:47   ✓ master q.add:7+7 t0 (bestået)
14:58:47   ✓ master q.sub:15-8 t0 (bestået)
14:59:02 ✅ EOS token detected! Stopping generation at step 172
14:59:18 kald sentence k=4 t0 'Regn enerne først. Hvad er syv plus otte? Hvad er halvdelen af tyve? H': 30.6 s for 6.84 s lyd
14:59:22   hint.addsub2.onesFirst t0: 1.27 s (forhold 0.81) -18.05 LUFS, alone: 'hegen enerne først' CER 0.1333 (wav2vec2, whisper: 'Hegninderne først') → FEJL asr
14:59:25   q.add:7+8 t0: 1.28 s (forhold 0.69) -18.18 LUFS, alone: 'hverer 7 plus 8' CER 0.1176 (wav2vec2, whisper: 'Hver er 7 plus 8') → FEJL asr
14:59:28   q.hlf:20 t0: 1.31 s (forhold 0.52) -18.07 LUFS, alone: 'hver halvdelen af 20' CER 0.0952 (wav2vec2, whisper: 'Hver halvdel er 20') → FEJL asr
14:59:31   q.sub:15-9 t0: 1.26 s (forhold 0.57) -18.13 LUFS, alone: 'Hvad er 15 minus 9?' CER 0.0 (whisper, wav2vec2: 'hved er 15 minus 9') → ok
14:59:32   ✓ master q.sub:15-9 t0 (bestået)
14:59:53 ✅ EOS token detected! Stopping generation at step 178
15:00:04 kald sentence k=4 t0 'Enerne er de samme. Hvad er syv plus ni? Hvad er halvdelen af fire? Hv': 32.6 s for 7.08 s lyd
15:00:08   hint.addsub2.onesSame t0: 1.03 s (forhold 0.47) -18.0 LUFS, alone: 'Enerne er de samme' CER 0.0 (whisper, wav2vec2: 'inene er de samme') → ok
15:00:08   q.add:7+9 t0: 1.35 s (forhold 0.86) -18.1 LUFS, alone: 'hvad er 7 plus 9' CER 0.0 (wav2vec2) → ok
15:00:11   q.hlf:4 t0: 1.65 s (forhold 0.66) -18.06 LUFS, alone: 'Hvad er halvdelen af 4' CER 0.0 (whisper, wav2vec2: 'hvad er halvdelene 4e') → ok
15:00:12   q.sub:16-7 t0: 1.43 s (forhold 0.66) -18.05 LUFS, alone: 'hvad er 16 minus 7' CER 0.0 (wav2vec2) → ok
15:00:12   ✓ master hint.addsub2.onesSame t0 (bestået)
15:00:12   ✓ master q.add:7+9 t0 (bestået)
15:00:12   ✓ master q.hlf:4 t0 (bestået)
15:00:12   ✓ master q.sub:16-7 t0 (bestået)
15:00:35 ✅ EOS token detected! Stopping generation at step 242
15:00:48 kald sentence k=4 t0 'Det lille tal er enere. Læg det til enerne, ikke til tierne. Hvad er o': 36.4 s for 9.64 s lyd
15:00:54   hint.addsub2.onesToOnes t0: 3.78 s (forhold 0.60) -18.19 LUFS, alone: 'det lille tal af enere lægte til enerne ikke til tierne' CER 0.087 (wav2vec2, whisper: 'Det lille tal af enere lægte til enerne ikke til tiderne') → FEJL asr
15:00:54   q.add:8+3 t0: 1.40 s (forhold 0.75) -18.07 LUFS, alone: 'hvad er 8 plus 3' CER 0.0 (wav2vec2) → ok
15:00:58   q.hlf:6 t0: 1.36 s (forhold 0.62) -18.0 LUFS, alone: 'været er halvdelen af 6' CER 0.2381 (wav2vec2, whisper: 'Hver af halvdelen af 6') → FEJL asr
15:00:59   q.sub:16-8 t0: 1.34 s (forhold 0.53) -18.13 LUFS, alone: 'hvad er 16 minus 8' CER 0.0 (wav2vec2) → ok
15:00:59   ✓ master q.add:8+3 t0 (bestået)
15:00:59   ✓ master q.sub:16-8 t0 (bestået)
15:01:17 ✅ EOS token detected! Stopping generation at step 195
15:01:30 kald sentence k=4 t0 'Vi skriver tierne først og så enerne. Hvad er otte plus fire? Hvad er ': 31.7 s for 7.76 s lyd
15:01:32   hint.addsub2.tensFirst t0: 2.29 s (forhold 0.61) -18.05 LUFS, alone: 'vi skriver tierne først og så enerne' CER 0.0 (wav2vec2) → ok
15:01:35   q.add:8+4 t0: 1.44 s (forhold 0.66) -18.12 LUFS, alone: 'Hvad er 8 plus 4?' CER 0.0 (whisper, wav2vec2: 'hver er 8 plus 4') → ok
15:01:38   q.hlf:8 t0: 1.26 s (forhold 0.51) -18.09 LUFS, alone: 'hver halvdelen af 8' CER 0.0952 (wav2vec2, whisper: 'Hver halvdeling er 8') → FEJL asr
15:01:38   q.sub:16-9 t0: 1.40 s (forhold 0.64) -18.1 LUFS, alone: 'hved er 16 minus 9' CER 0.05 (wav2vec2) → ok
15:01:38   ✓ master hint.addsub2.tensFirst t0 (bestået)
15:01:38   ✓ master q.add:8+4 t0 (bestået)
15:01:38   ✓ master q.sub:16-9 t0 (bestået)
15:01:55 ✅ EOS token detected! Stopping generation at step 181
15:02:10 kald sentence k=4 t0 'Regn tierne. Hvad er otte plus fem? Hvad er elleve minus to? Hvad er s': 31.5 s for 7.20 s lyd
15:02:13   hint.addsub2.tensOnly t0: 0.77 s (forhold 0.62) -18.13 LUFS, alone: 'reng tigerne' CER 0.3 (wav2vec2, whisper: 'Regntiderne') → FEJL asr
15:02:13   q.add:8+5 t0: 1.47 s (forhold 0.78) -18.08 LUFS, alone: 'hvad er 8 plus 5' CER 0.0 (wav2vec2) → ok
15:02:14   q.sub:11-2 t0: 1.51 s (forhold 0.60) -18.0 LUFS, alone: 'hvad er 11 minus 2' CER 0.0 (wav2vec2) → ok
15:02:14   q.sub:17-8 t0: 1.58 s (forhold 0.63) -18.09 LUFS, alone: 'hvad er 17 minus 8' CER 0.0 (wav2vec2) → ok
15:02:14   ✓ master q.add:8+5 t0 (bestået)
15:02:14   ✓ master q.sub:11-2 t0 (bestået)
15:02:14   ✓ master q.sub:17-8 t0 (bestået)
15:02:31 forcing EOS token, long_tail=tensor(True), alignment_repetition=tensor(False), token_repetition=False
15:02:31 ✅ EOS token detected! Stopping generation at step 181
15:02:44 kald sentence k=4 t0 'Tierne er de samme. Hvad er otte plus seks? Hvad er elleve minus tre? ': 30.0 s for 7.20 s lyd
15:02:45   hint.addsub2.tensSame t0: 1.05 s (forhold 0.48) -18.0 LUFS, alone: 'tierne er de samme' CER 0.0 (wav2vec2) → ok
15:02:45   q.add:8+6 t0: 1.31 s (forhold 0.70) -18.0 LUFS, alone: 'hvad er 8 plus 6' CER 0.0 (wav2vec2) → ok
15:02:45   q.sub:11-3 t0: 1.40 s (forhold 0.56) -18.0 LUFS, alone: 'hvadt er 11 minus 3' CER 0.05 (wav2vec2) → ok
15:02:48   q.sub:17-9 t0: 1.42 s (forhold 0.65) -18.09 LUFS, alone: 'Hvad er 17 minus 9?' CER 0.0 (whisper, wav2vec2: 'vadet er 17 minus 9') → ok
15:02:48   ✓ master hint.addsub2.tensSame t0 (bestået)
15:02:49   ✓ master q.add:8+6 t0 (bestået)
15:02:49   ✓ master q.sub:11-3 t0 (bestået)
15:02:49   ✓ master q.sub:17-9 t0 (bestået)
15:03:03 ✅ EOS token detected! Stopping generation at step 161
15:03:14 kald sentence k=4 t0 'Regn så tierne. Hvad er otte plus syv? Hvad er elleve minus fire? Hvad': 25.7 s for 6.40 s lyd
15:03:19   hint.addsub2.tensThen t0: 0.99 s (forhold 0.63) -18.05 LUFS, alone: 'regen sorteerne' CER 0.3333 (wav2vec2, whisper: 'Regn så tiderne') → FEJL asr
15:03:22   q.add:8+7 t0: 1.07 s (forhold 0.57) -18.12 LUFS, alone: 'hvar er 8 på 7' CER 0.2353 (wav2vec2, whisper: 'Hver 8 på 7') → FEJL asr
15:03:25   q.sub:11-4 t0: 1.37 s (forhold 0.49) -18.08 LUFS, alone: 'hvar hjelv minus 4' CER 0.2857 (wav2vec2, whisper: 'Hvad i 11 minus 4?') → FEJL asr
15:03:28   q.sub:18-9 t0: 1.22 s (forhold 0.56) -18.17 LUFS, alone: 'hver er 118 minus 9' CER 0.6667 (wav2vec2, whisper: 'Hver 18 minus 9') → FEJL asr
15:03:49 forcing EOS token, long_tail=tensor(True), alignment_repetition=tensor(False), token_repetition=False
15:03:49 ✅ EOS token detected! Stopping generation at step 243
15:04:06 kald sentence k=4 t0 'Hele tiere skrives med ét nul til sidst. Hvad er otte plus otte? Hvad ': 38.8 s for 9.68 s lyd
15:04:11   hint.addsub2.zeroTens t0: 2.42 s (forhold 0.64) -18.08 LUFS, alone: 'Hele tiere skrives med et nul til sidst' CER 0.0 (whisper, wav2vec2: 'hele tireret skrives med 1t nul til sidst') → ok
15:04:12   q.add:8+8 t0: 1.67 s (forhold 0.76) -18.02 LUFS, alone: 'hvad er 8 plus 8' CER 0.0 (wav2vec2) → ok
15:04:12   q.sub:11-5 t0: 1.42 s (forhold 0.57) -18.0 LUFS, alone: 'hvad er 11 minus 5' CER 0.0 (wav2vec2) → ok
15:04:12   s.cando.add100Carry t0: 2.44 s (forhold 0.52) -18.03 LUFS, alone: 'jeg kan lægge sammen over tieren med store tal' CER 0.0 (wav2vec2) → ok
15:04:12   ✓ master hint.addsub2.zeroTens t0 (bestået)
15:04:13   ✓ master q.add:8+8 t0 (bestået)
15:04:13   ✓ master q.sub:11-5 t0 (bestået)
15:04:13   ✓ master s.cando.add100Carry t0 (bestået)
15:04:58 ✅ EOS token detected! Stopping generation at step 264
15:05:13 kald sentence k=4 t0 'Det dobbelte er mere end tallet. Der kommer lige så mange til. Hvad er': 60.9 s for 10.52 s lyd
15:05:15   hint.doubles.more t0: 3.23 s (forhold 0.54) -18.1 LUFS, alone: 'det dobbelte er mere end tallet der kommer ligeså mange til' CER 0.0 (wav2vec2) → ok
15:05:16   q.add:8+9 t0: 1.53 s (forhold 0.82) -18.05 LUFS, alone: 'hvad er 8 plus 9' CER 0.0 (wav2vec2) → ok
15:05:16   q.sub:11-6 t0: 2.12 s (forhold 0.85) -18.14 LUFS, alone: 'hvad er 11 minus 6' CER 0.0 (wav2vec2) → ok
15:05:20   s.cando.add100NoCarry t0: 1.95 s (forhold 0.57) -18.11 LUFS, alone: 'Jeg kan lægge tosifrede tal sammen' CER 0.0345 (whisper, wav2vec2: 'jeg kan ligge 2ochifrede tal sammen') → ok
15:05:20   ✓ master hint.doubles.more t0 (bestået)
15:05:20   ✓ master q.add:8+9 t0 (bestået)
15:05:20   ✓ master q.sub:11-6 t0 (bestået)
15:05:20   ✓ master s.cando.add100NoCarry t0 (bestået)
15:05:36 forcing EOS token, long_tail=tensor(True), alignment_repetition=tensor(False), token_repetition=False
15:05:36 ✅ EOS token detected! Stopping generation at step 205
15:05:47 kald sentence k=4 t0 'Det dobbelte er to lige store rækker. Hvad er ni plus to? Hvad er elle': 27.0 s for 8.16 s lyd
15:05:48   hint.doubles.twoRows t0: 1.90 s (forhold 0.51) -18.12 LUFS, alone: 'det dobbelte er to ligestore rækker' CER 0.0 (wav2vec2) → ok
15:05:49   q.add:9+2 t0: 1.07 s (forhold 0.68) -18.16 LUFS, alone: 'hvad er 9 plus 2' CER 0.0 (wav2vec2) → ok
15:05:49   q.sub:11-7 t0: 1.28 s (forhold 0.51) -18.08 LUFS, alone: 'hvad er 11 minus 7' CER 0.0 (wav2vec2) → ok
15:05:50   s.cando.addSub1000Round t0: 2.08 s (forhold 0.48) -18.05 LUFS, alone: 'jeg kan regne med hele hundreder og tigere' CER 0.0294 (wav2vec2) → ok
15:05:50   ✓ master hint.doubles.twoRows t0 (bestået)
15:05:50   ✓ master q.add:9+2 t0 (bestået)
15:05:50   ✓ master q.sub:11-7 t0 (bestået)
15:05:50   ✓ master s.cando.addSub1000Round t0 (bestået)
15:06:08 ✅ EOS token detected! Stopping generation at step 227
15:06:20 kald sentence k=4 t0 'Halvdelen er mindre end tallet. Hvad er ni plus tre? Hvad er elleve mi': 30.3 s for 9.04 s lyd
15:06:21   hint.halves.fewer t0: 1.44 s (forhold 0.51) -18.07 LUFS, alone: 'halvdelen er mindre end tallet' CER 0.0 (wav2vec2) → ok
15:06:22   q.add:9+3 t0: 1.33 s (forhold 0.85) -18.14 LUFS, alone: 'hvad er 9 plus 3' CER 0.0 (wav2vec2) → ok
15:06:22   q.sub:11-8 t0: 1.55 s (forhold 0.55) -18.07 LUFS, alone: 'hvad er 11 minus 8' CER 0.0 (wav2vec2) → ok
15:06:27   s.cando.addSub20Simple t0: 3.05 s (forhold 0.54) -18.19 LUFS, alone: 'Jeg kan plus og minus til 20 uden at gå over tieren' CER 0.0 (whisper, wav2vec2: 'ja ca plus og minus til 20 uden at gå over tieren') → ok
15:06:27   ✓ master hint.halves.fewer t0 (bestået)
15:06:27   ✓ master q.add:9+3 t0 (bestået)
15:06:27   ✓ master q.sub:11-8 t0 (bestået)
15:06:27   ✓ master s.cando.addSub20Simple t0 (bestået)
15:06:40 ✅ EOS token detected! Stopping generation at step 171
15:06:55 kald sentence k=4 t0 'Del i to lige store rækker. Hvad er ni plus fire? Hvad er elleve minus': 28.1 s for 6.80 s lyd
15:06:56   hint.halves.twoRows t0: 1.58 s (forhold 0.56) -18.08 LUFS, alone: 'del i to lige store rækker' CER 0.0 (wav2vec2) → ok
15:06:56   q.add:9+4 t0: 1.10 s (forhold 0.59) -18.16 LUFS, alone: 'hvad er 9 plus 4' CER 0.0 (wav2vec2) → ok
15:06:57   q.sub:11-9 t0: 1.16 s (forhold 0.46) -18.06 LUFS, alone: 'hvad er 11 minus 9' CER 0.0 (wav2vec2) → ok
15:07:00   s.cando.addTo20 t0: 1.33 s (forhold 0.53) -18.16 LUFS, alone: 'jeg kan pluds over tigeren' CER 0.1 (wav2vec2, whisper: 'Jeg kan plusse over tieren') → FEJL asr
15:07:00   ✓ master hint.halves.twoRows t0 (bestået)
15:07:00   ✓ master q.add:9+4 t0 (bestået)
15:07:00   ✓ master q.sub:11-9 t0 (bestået)
15:07:18 forcing EOS token, long_tail=tensor(True), alignment_repetition=tensor(False), token_repetition=False
15:07:18 ✅ EOS token detected! Stopping generation at step 208
15:07:32 kald sentence k=4 t0 'Der er ikke enere nok. Tag også af tieren. Hvad er ni plus fem? Hvad e': 32.3 s for 8.28 s lyd
15:07:37   hint.subTo20.takeFromTen t0: 2.43 s (forhold 0.52) -18.06 LUFS, alone: 'Der er ikke enere nok tag også attieren' CER 0.0312 (whisper, wav2vec2: 'der er ikke enere nok tager også attieren') → ok
15:07:39   q.add:9+5 t0: 1.26 s (forhold 0.81) -18.16 LUFS, alone: 'Hvad er 9 plus 5?' CER 0.0 (whisper, wav2vec2: 'vad er 9 plus 5') → ok
15:07:40   q.sub:12-3 t0: 1.32 s (forhold 0.70) -18.11 LUFS, alone: 'hvad er 12 minus 3' CER 0.0 (wav2vec2) → ok
15:07:43   s.cando.doubles t0: 1.67 s (forhold 0.44) -18.09 LUFS, alone: 'Jeg kan det dobbelte af tallene til 10' CER 0.0 (whisper, wav2vec2: 'jeg kan det doble derer tallene til 10') → ok
15:07:43   ✓ master hint.subTo20.takeFromTen t0 (bestået)
15:07:43   ✓ master q.add:9+5 t0 (bestået)
15:07:43   ✓ master q.sub:12-3 t0 (bestået)
15:07:43   ✓ master s.cando.doubles t0 (bestået)
15:08:01 ✅ EOS token detected! Stopping generation at step 222
15:08:13 kald sentence k=4 t0 'Når du tager af tieren, er tieren brugt. Hvad er ni plus seks? Hvad er': 29.5 s for 8.84 s lyd
15:08:14   hint.subTo20.tenIsUsed t0: 2.58 s (forhold 0.64) -18.14 LUFS, alone: 'når du tager af tigeren er tieren brugt' CER 0.0323 (wav2vec2) → ok
15:08:17   q.add:9+6 t0: 1.25 s (forhold 0.80) -18.12 LUFS, alone: 'Hvad er 9 plus 6?' CER 0.0 (whisper, wav2vec2: 'hver er 9 plus 6') → ok
15:08:20   q.sub:12-4 t0: 1.27 s (forhold 0.58) -18.13 LUFS, alone: 'hvert 1ol minus 4' CER 0.2632 (wav2vec2, whisper: 'Hver 12 minus 4') → FEJL asr
15:08:20   s.cando.halves t0: 2.11 s (forhold 0.48) -18.12 LUFS, alone: 'jeg kan finde halvdelen aftallene til 20' CER 0.0 (wav2vec2) → ok
15:08:20   ✓ master hint.subTo20.tenIsUsed t0 (bestået)
15:08:20   ✓ master q.add:9+6 t0 (bestået)
15:08:20   ✓ master s.cando.halves t0 (bestået)
15:08:33 ✅ EOS token detected! Stopping generation at step 164
15:08:43 kald sentence k=4 t0 'Hvad er to plus ni? Hvad er ni plus syv? Hvad er tolv minus fem? Jeg k': 22.4 s for 6.52 s lyd
15:08:46   q.add:2+9 t0: 1.18 s (forhold 0.76) -18.12 LUFS, alone: 'varet 2009' CER 0.5 (wav2vec2, whisper: 'Var det 2 plus 9?') → FEJL asr
15:08:49   q.add:9+7 t0: 1.09 s (forhold 0.70) -18.05 LUFS, alone: 'værer 9 plus 7' CER 0.2 (wav2vec2, whisper: 'Været 9 plus 7') → FEJL asr
15:08:49   q.sub:12-5 t0: 1.10 s (forhold 0.59) -18.07 LUFS, alone: 'hvad er 12 minus 5' CER 0.0 (wav2vec2) → ok
15:08:54   s.cando.sub100Borrow t0: 1.40 s (forhold 0.56) -18.14 LUFS, alone: 'jeg kan trække fra med veksling' CER 0.0 (wav2vec2) → ok
15:08:54   ✓ master q.sub:12-5 t0 (bestået)
15:08:54   ✓ master s.cando.sub100Borrow t0 (bestået)
15:09:10 ✅ EOS token detected! Stopping generation at step 180
15:09:22 kald sentence k=4 t0 'Hvad er tre plus otte? Hvad er ni plus otte? Hvad er tolv minus seks? ': 27.9 s for 7.16 s lyd
15:09:25   q.add:3+8 t0: 1.12 s (forhold 0.60) -18.13 LUFS, alone: 'hvad er 3 pus 8' CER 0.0588 (wav2vec2, whisper: 'Hvad er 3 på 8?') → FEJL asr
15:09:26   q.add:9+8 t0: 1.09 s (forhold 0.58) -18.06 LUFS, alone: 'hvad er 9 plus 8' CER 0.0 (wav2vec2) → ok
15:09:29   q.sub:12-6 t0: 1.30 s (forhold 0.69) -18.13 LUFS, alone: 'hvar er 12 minus 6' CER 0.0526 (wav2vec2, whisper: 'Været 12 minus 6') → FEJL asr
15:09:33   s.cando.sub100NoBorrow t0: 2.10 s (forhold 0.52) -18.19 LUFS, alone: 'jeg kan trække 2 cifred tal fra hinanden' CER 0.0286 (wav2vec2, whisper: 'Jeg kan trække to cifrede tal fra hinanden') → FEJL asr
15:09:33   ✓ master q.add:9+8 t0 (bestået)
15:09:46 ✅ EOS token detected! Stopping generation at step 182
15:09:57 kald sentence k=4 t0 'Hvad er tre plus ni? Hvad er ni plus ni? Hvad er tolv minus syv? Jeg k': 24.6 s for 7.24 s lyd
15:10:01   q.add:3+9 t0: 1.41 s (forhold 0.90) -18.0 LUFS, alone: 'Hvad er 3 plus 9?' CER 0.0 (whisper, wav2vec2: 'hvad er er 3 plus 9') → ok
15:10:02   q.add:9+9 t0: 1.19 s (forhold 0.76) -18.03 LUFS, alone: 'hvad er 9 plus 9' CER 0.0 (wav2vec2) → ok
15:10:02   q.sub:12-7 t0: 1.22 s (forhold 0.65) -18.1 LUFS, alone: 'hvad er 12 minus 7' CER 0.0 (wav2vec2) → ok
15:10:05   s.cando.subTo20 t0: 1.57 s (forhold 0.56) -18.0 LUFS, alone: 'ja ka minus over tigeren' CER 0.1905 (wav2vec2, whisper: 'Jeg kan mindes over tieren') → FEJL asr
15:10:05   ✓ master q.add:3+9 t0 (bestået)
15:10:05   ✓ master q.add:9+9 t0 (bestået)
15:10:05   ✓ master q.sub:12-7 t0 (bestået)
15:10:21 forcing EOS token, long_tail=tensor(True), alignment_repetition=tensor(False), token_repetition=False
15:10:21 ✅ EOS token detected! Stopping generation at step 198
15:10:32 kald sentence k=4 t0 'Hvad er fire plus syv? Hvad er det dobbelte af en? Hvad er tolv minus ': 26.6 s for 7.88 s lyd
15:10:35   q.add:4+7 t0: 1.50 s (forhold 0.80) -18.13 LUFS, alone: 'Hvad er 4 plus 7?' CER 0.0 (whisper, wav2vec2: 'hvad er f4 plus 7') → ok
15:10:38   q.dbl:1 t0: 1.20 s (forhold 0.48) -18.03 LUFS, alone: 'Hvad er det dobbelte af 1?' CER 0.0 (whisper, wav2vec2: 'hvad er det dobbelt ef é') → ok
15:10:39   q.sub:12-8 t0: 1.53 s (forhold 0.70) -18.09 LUFS, alone: 'hvad er 12 minus 8' CER 0.0 (wav2vec2) → ok
15:10:42   s.cando.tens100 t0: 2.12 s (forhold 0.56) -18.05 LUFS, alone: 'jeka plus og minus med hele tidere' CER 0.1034 (wav2vec2, whisper: 'Jeg kan plus og minus med hele ti ører') → FEJL asr
15:10:42   ✓ master q.add:4+7 t0 (bestået)
15:10:42   ✓ master q.dbl:1 t0 (bestået)
15:10:42   ✓ master q.sub:12-8 t0 (bestået)
15:10:55 ✅ EOS token detected! Stopping generation at step 143
15:11:05 kald sentence k=3 t0 'Hvad er fire plus otte? Hvad er det dobbelte af ti? Hvad er tolv minus': 22.9 s for 5.68 s lyd
15:11:06   q.add:4+8 t0: 1.51 s (forhold 0.69) -18.0 LUFS, alone: 'hvad er 4 plus 8' CER 0.0 (wav2vec2) → ok
15:11:10   q.dbl:10 t0: 1.22 s (forhold 0.49) -18.11 LUFS, alone: 'Hvad er det dobbelte af 10?' CER 0.0 (whisper, wav2vec2: 'hvad er det dobbet er er 10') → ok
15:11:14   q.sub:12-9 t0: 1.38 s (forhold 0.74) -18.17 LUFS, alone: 'Hvad er 12 minus 9?' CER 0.0 (whisper, wav2vec2: 'hvadt er 12 minus 9') → ok
15:11:14   ✓ master q.add:4+8 t0 (bestået)
15:11:14   ✓ master q.dbl:10 t0 (bestået)
15:11:14   ✓ master q.sub:12-9 t0 (bestået)
15:11:32 forcing EOS token, long_tail=tensor(True), alignment_repetition=tensor(False), token_repetition=False
15:11:32 ✅ EOS token detected! Stopping generation at step 199
15:11:48 kald sentence k=4 t0 'Lighedstegnet betyder: det samme på begge sider. En plus hvad giver se': 33.5 s for 7.92 s lyd
15:11:49   hint.algebra2.sameBothSides t0: 2.56 s (forhold 0.55) -18.1 LUFS, alone: 'lighedstegnet betyder det samme på begge sider' CER 0.0 (wav2vec2) → ok
15:11:52   q.mp:1+?=6 t0: 1.36 s (forhold 0.73) -18.0 LUFS, alone: '1 plus hvad giver 6?' CER 0.0 (whisper, wav2vec2: 'én plus hvagever 6') → ok
15:11:56   q.mp:3+?=7 t0: 1.13 s (forhold 0.60) -18.06 LUFS, alone: '3 plus hvad giver 7?' CER 0.0 (whisper, wav2vec2: '3 plus vargerer 7') → ok
15:12:00   q.mp:6+?=9 t0: 1.06 s (forhold 0.56) -18.0 LUFS, alone: 's6x prus var gea 9' CER 0.4211 (wav2vec2, whisper: '6 plus var giver 9') → FEJL asr
15:12:00   ✓ master hint.algebra2.sameBothSides t0 (bestået)
15:12:00   ✓ master q.mp:1+?=6 t0 (bestået)
15:12:00   ✓ master q.mp:3+?=7 t0 (bestået)
15:12:14 ✅ EOS token detected! Stopping generation at step 170
15:12:25 kald sentence k=4 t0 'Begge sider giver det samme. En plus hvad giver syv? Tre plus hvad giv': 24.9 s for 6.76 s lyd
15:12:26   hint.equalSides.both t0: 1.19 s (forhold 0.42) -18.0 LUFS, alone: 'begge sider giver det samme' CER 0.0 (wav2vec2) → ok
15:12:28   q.mp:1+?=7 t0: 1.30 s (forhold 0.69) -18.0 LUFS, alone: 'En plus hvad giver 7' CER 0.0 (whisper, wav2vec2: 'en plus hvagever 7') → ok
15:12:31   q.mp:3+?=8 t0: 1.21 s (forhold 0.55) -18.08 LUFS, alone: '3e plus vagever 8' CER 0.2 (wav2vec2, whisper: '3 plus var giver 8') → FEJL asr
15:12:34   q.mp:7+?=8 t0: 1.28 s (forhold 0.59) -18.0 LUFS, alone: '7 plus vargerer 8' CER 0.2 (wav2vec2, whisper: '7 plus var giver 8') → FEJL asr
15:12:34   ✓ master hint.equalSides.both t0 (bestået)
15:12:34   ✓ master q.mp:1+?=7 t0 (bestået)
15:12:48 ✅ EOS token detected! Stopping generation at step 181
15:12:59 kald sentence k=4 t0 'Regn først den side ud, hvor der ikke mangler noget. En plus hvad give': 24.5 s for 7.20 s lyd
15:13:00   hint.equalSides.fullSide t0: 2.43 s (forhold 0.56) -18.04 LUFS, alone: 'regn først den side hvor der ikke mangler noget' CER 0.0488 (wav2vec2) → ok
15:13:03   q.mp:1+?=8 t0: 1.11 s (forhold 0.51) -18.0 LUFS, alone: 'en plus vargever 8' CER 0.1579 (wav2vec2, whisper: 'En plus varierer 8') → FEJL asr
15:13:07   q.mp:3+?=9 t0: 0.98 s (forhold 0.52) -18.07 LUFS, alone: '3 plus hvad giver 9?' CER 0.0 (whisper, wav2vec2: '3 plus var gever 9') → ok
15:13:10   q.mp:7+?=9 t0: 0.99 s (forhold 0.53) -18.0 LUFS, alone: 'y plus var ga9' CER 0.4444 (wav2vec2, whisper: '7 plus var giver 9') → FEJL asr
15:13:10   ✓ master hint.equalSides.fullSide t0 (bestået)
15:13:10   ✓ master q.mp:3+?=9 t0 (bestået)
15:13:23 ✅ EOS token detected! Stopping generation at step 163
15:13:40 kald sentence k=4 t0 'Siderne giver ikke det samme. En plus hvad giver ni? Fire plus hvad gi': 29.9 s for 6.48 s lyd
15:13:42   hint.equalSides.notBoth t0: 1.45 s (forhold 0.46) -18.06 LUFS, alone: 'siderne giver ikke det samme' CER 0.0 (wav2vec2) → ok
15:13:45   q.mp:1+?=9 t0: 1.06 s (forhold 0.57) -18.05 LUFS, alone: 'En plus hvad giver 9' CER 0.0 (whisper, wav2vec2: 'en plus vagier 9') → ok
15:13:48   q.mp:4+?=5 t0: 1.14 s (forhold 0.52) -18.12 LUFS, alone: '4 plus hvad giver 5?' CER 0.0 (whisper, wav2vec2: 'f plus hvargiver 5') → ok
15:13:52   q.mp:8+?=9 t0: 1.06 s (forhold 0.49) -18.18 LUFS, alone: '8 plus hvad giver 9?' CER 0.0 (whisper, wav2vec2: '8e plus var ga 9') → ok
15:13:52   ✓ master hint.equalSides.notBoth t0 (bestået)
15:13:52   ✓ master q.mp:1+?=9 t0 (bestået)
15:13:52   ✓ master q.mp:4+?=5 t0 (bestået)
15:13:52   ✓ master q.mp:8+?=9 t0 (bestået)
15:14:13 ✅ EOS token detected! Stopping generation at step 242
15:14:25 kald sentence k=4 t0 'Delt med betyder, at vi deler i lige store dele. To plus hvad giver tr': 33.0 s for 9.64 s lyd
15:14:30   hint.inverseOps.divideMeans t0: 2.68 s (forhold 0.54) -18.0 LUFS, alone: 'Delt med betyder at vi deler i lige store dele' CER 0.0 (whisper, wav2vec2: 'dem betyder at vi deler i lige store dele') → ok
15:14:33   q.mp:2+?=3 t0: 1.12 s (forhold 0.60) -18.0 LUFS, alone: 'toplus var giver 3' CER 0.1111 (wav2vec2, whisper: 'To plus var giver tre') → FEJL asr
15:14:35   q.mp:4+?=6 t0: 1.24 s (forhold 0.57) -18.0 LUFS, alone: 'firplus vagerer 6' CER 0.2381 (wav2vec2, whisper: '4 plus vargerer 6') → FEJL asr
15:14:36   s.cando.equalSides t0: 2.69 s (forhold 0.43) -18.17 LUFS, alone: 'jeg kan se om der er lige meget på begge sider af lighedstegnet' CER 0.0 (wav2vec2) → ok
15:14:36   ✓ master hint.inverseOps.divideMeans t0 (bestået)
15:14:36   ✓ master s.cando.equalSides t0 (bestået)
15:14:52 ✅ EOS token detected! Stopping generation at step 211
15:15:03 kald sentence k=4 t0 'Plus og minus hører sammen. To plus hvad giver fire? Fire plus hvad gi': 27.5 s for 8.40 s lyd
15:15:05   hint.inverseOps.plusMinus t0: 1.41 s (forhold 0.57) -18.09 LUFS, alone: 'plus ag minus hører sammen' CER 0.0455 (wav2vec2) → ok
15:15:07   q.mp:2+?=4 t0: 1.41 s (forhold 0.64) -18.0 LUFS, alone: '2 plus vargever 4' CER 0.1579 (wav2vec2, whisper: '2 plus vargerer 4') → FEJL asr
15:15:10   q.mp:4+?=7 t0: 1.18 s (forhold 0.54) -18.08 LUFS, alone: 'fire plus vargeres 7' CER 0.25 (wav2vec2, whisper: 'Fire plus værdier syv') → FEJL asr
15:15:11   s.cando.inverseOps t0: 2.48 s (forhold 0.44) -18.02 LUFS, alone: 'jeg kan bruge et regnestykke jeg kender til at regne et nyt' CER 0.0 (wav2vec2) → ok
15:15:11   ✓ master hint.inverseOps.plusMinus t0 (bestået)
15:15:11   ✓ master s.cando.inverseOps t0 (bestået)
15:15:29 forcing EOS token, long_tail=tensor(True), alignment_repetition=tensor(False), token_repetition=False
15:15:29 ✅ EOS token detected! Stopping generation at step 228
15:15:45 kald sentence k=4 t0 'Gange og delt med hører sammen. To plus hvad giver fem? Fire plus hvad': 34.4 s for 9.08 s lyd
15:15:47   hint.inverseOps.timesDivide t0: 1.83 s (forhold 0.65) -18.03 LUFS, alone: 'gange og delt med hører sammen' CER 0.0 (wav2vec2) → ok
15:15:47   q.mp:2+?=5 t0: 1.28 s (forhold 0.68) -18.04 LUFS, alone: 'to plus hvad giver 5' CER 0.0 (wav2vec2) → ok
15:15:50   q.mp:4+?=8 t0: 1.37 s (forhold 0.55) -18.17 LUFS, alone: 'fire plus vargever 8' CER 0.1429 (wav2vec2, whisper: 'Fire plus var giver otte') → FEJL asr
15:15:50   s.cando.missingPart10 t0: 2.67 s (forhold 0.57) -18.12 LUFS, alone: 'jeg kan finde detal der mangler i plusstykker til 10' CER 0.0227 (wav2vec2) → ok
15:15:51   ✓ master hint.inverseOps.timesDivide t0 (bestået)
15:15:51   ✓ master q.mp:2+?=5 t0 (bestået)
15:15:51   ✓ master s.cando.missingPart10 t0 (bestået)
15:16:12 ✅ EOS token detected! Stopping generation at step 261
15:16:26 kald sentence k=4 t0 'Vi leder efter det tal, vi startede med. Det er større end de to andre': 35.4 s for 10.40 s lyd
15:16:32   hint.missingPart100.startNumber t0: 4.06 s (forhold 0.62) -18.02 LUFS, alone: 'Vi leder efter det tal vi startede med. Det er større end de to andre' CER 0.0 (whisper, wav2vec2: 'vi leder efter detal vi startede me dete større end de to andre') → ok
15:16:35   q.mp:2+?=6 t0: 1.19 s (forhold 0.63) -18.02 LUFS, alone: '2 plus hvad giver 6?' CER 0.0 (whisper, wav2vec2: 'to plus hvar giver 6') → ok
15:16:38   q.mp:4+?=9 t0: 0.99 s (forhold 0.45) -18.0 LUFS, alone: '4 plus hvad giver 9?' CER 0.0 (whisper, wav2vec2: 'firplus var g 9') → ok
15:16:38   s.cando.missingPart100 t0: 2.45 s (forhold 0.56) -18.16 LUFS, alone: 'jeg kan finde detal der mangler op til 100' CER 0.025 (wav2vec2) → ok
15:16:38   ✓ master hint.missingPart100.startNumber t0 (bestået)
15:16:38   ✓ master q.mp:2+?=6 t0 (bestået)
15:16:38   ✓ master q.mp:4+?=9 t0 (bestået)
15:16:38   ✓ master s.cando.missingPart100 t0 (bestået)
15:16:58 ✅ EOS token detected! Stopping generation at step 244
15:17:10 kald sentence k=4 t0 'Tæl hele vejen op til hundrede. Tierne og enerne skal ikke hver for si': 32.1 s for 9.72 s lyd
15:17:18   hint.missingPart100.wholeWay t0: 4.17 s (forhold 0.51) -18.14 LUFS, alone: 'til helevejen op til 10erne og enerne skal ikke hver for sig op til 10' CER 0.1406 (wav2vec2, whisper: 'Til hele vejen op til 110'erne og enerne skal ikke være for sig op til 10') → FEJL asr
15:17:21   q.mp:2+?=7 t0: 1.18 s (forhold 0.63) -18.0 LUFS, alone: '2 plus hvad giver 7?' CER 0.0 (whisper, wav2vec2: '2 plus vagerer 7') → ok
15:17:24   q.mp:5+?=6 t0: 1.31 s (forhold 0.70) -18.19 LUFS, alone: 'fe plus hvargever 6' CER 0.15 (wav2vec2, whisper: '5 plus var giver 6') → FEJL asr
15:17:27   s.cando.skipCount t0: 0.99 s (forhold 0.53) -18.17 LUFS, alone: 'Jeg kan tælle i spring' CER 0.0 (whisper, wav2vec2: 'jeg kan tæle det i spring') → ok
15:17:27   ✓ master q.mp:2+?=7 t0 (bestået)
15:17:27   ✓ master s.cando.skipCount t0 (bestået)
15:17:42 ✅ EOS token detected! Stopping generation at step 173
15:17:53 kald sentence k=4 t0 'Spring lige langt hver gang, ikke bare en. To plus hvad giver otte? Fe': 26.3 s for 6.88 s lyd
15:17:55   hint.skipCount.sameHop t0: 1.94 s (forhold 0.56) -18.17 LUFS, alone: 'spring lige langt hver gang ikke bare én' CER 0.0 (wav2vec2) → ok
15:17:57   q.mp:2+?=8 t0: 1.34 s (forhold 0.61) -18.13 LUFS, alone: '2 plus hvad giver 8' CER 0.0 (whisper, wav2vec2: '2o plus hvar giver 8') → ok
15:18:00   q.mp:5+?=7 t0: 1.07 s (forhold 0.57) -18.0 LUFS, alone: 'fem plus vargeres 7' CER 0.2632 (wav2vec2, whisper: '5 plus var giver 7') → FEJL asr
15:18:01   s.equalSides.same t0: 1.23 s (forhold 0.36) -18.0 LUFS, alone: 'er der lige meget på begge sider' CER 0.0 (wav2vec2) → ok
15:18:01   ✓ master hint.skipCount.sameHop t0 (bestået)
15:18:01   ✓ master q.mp:2+?=8 t0 (bestået)
15:18:01   ✓ master s.equalSides.same t0 (bestået)
15:18:14 forcing EOS token, long_tail=tensor(True), alignment_repetition=tensor(False), token_repetition=False
15:18:14 ✅ EOS token detected! Stopping generation at step 172
15:18:25 kald sentence k=4 t0 'En plus hvad giver to? To plus hvad giver ni? Fem plus hvad giver otte': 23.9 s for 6.84 s lyd
15:18:29   q.mp:1+?=2 t0: 1.09 s (forhold 0.58) -18.0 LUFS, alone: 'en plusva giver 2' CER 0.1176 (wav2vec2, whisper: 'En plusvæg giver 2') → FEJL asr
15:18:32   q.mp:2+?=9 t0: 0.94 s (forhold 0.50) -18.0 LUFS, alone: '2 plus hvad giver 9?' CER 0.0 (whisper, wav2vec2: 'to plus var g 9') → ok
15:18:35   q.mp:5+?=8 t0: 1.09 s (forhold 0.50) -18.03 LUFS, alone: 'em plus var giaver 8' CER 0.2 (wav2vec2, whisper: '5 plus var giver 8') → FEJL asr
15:18:35   s.skipCount.next t0: 1.22 s (forhold 0.65) -18.0 LUFS, alone: 'hvilket tal kommer så' CER 0.0 (wav2vec2) → ok
15:18:35   ✓ master q.mp:2+?=9 t0 (bestået)
15:18:35   ✓ master s.skipCount.next t0 (bestået)
15:18:49 ✅ EOS token detected! Stopping generation at step 169
15:19:01 kald sentence k=4 t0 'En plus hvad giver tre? Tre plus hvad giver fire? Fem plus hvad giver ': 25.5 s for 6.72 s lyd
15:19:04   q.mp:1+?=3 t0: 1.22 s (forhold 0.65) -18.0 LUFS, alone: 'Én plus hvad giver tre?' CER 0.0 (whisper, wav2vec2: 'én plus vagerer 3') → ok
15:19:08   q.mp:3+?=4 t0: 1.27 s (forhold 0.58) -18.08 LUFS, alone: '3 plus hvad giver 4?' CER 0.0 (whisper, wav2vec2: '3 plus magiver 4') → ok
15:19:10   q.mp:5+?=9 t0: 1.00 s (forhold 0.53) -18.08 LUFS, alone: '5 plus hvad giver 9?' CER 0.0 (whisper, wav2vec2: 'fem plus var gia9') → ok
15:19:11   s.skipCount.nextTwo t0: 1.23 s (forhold 0.56) -18.02 LUFS, alone: 'hvilke to tal kommer så' CER 0.0 (wav2vec2) → ok
15:19:11   ✓ master q.mp:1+?=3 t0 (bestået)
15:19:11   ✓ master q.mp:3+?=4 t0 (bestået)
15:19:11   ✓ master q.mp:5+?=9 t0 (bestået)
15:19:11   ✓ master s.skipCount.nextTwo t0 (bestået)
15:19:23 ✅ EOS token detected! Stopping generation at step 130
15:19:32 kald sentence k=3 t0 'En plus hvad giver fire? Tre plus hvad giver fem? Seks plus hvad giver': 21.0 s for 5.16 s lyd
15:19:35   q.mp:1+?=4 t0: 1.28 s (forhold 0.59) -18.12 LUFS, alone: 'En plus hvad giver 4' CER 0.0 (whisper, wav2vec2: 'en plusva giver 4') → ok
15:19:38   q.mp:3+?=5 t0: 1.14 s (forhold 0.61) -18.12 LUFS, alone: '3 plus hvad giver 5?' CER 0.0 (whisper, wav2vec2: 'te plus margiver 5') → ok
15:19:42   q.mp:6+?=7 t0: 1.14 s (forhold 0.61) -18.02 LUFS, alone: 'se plus vargerer 7' CER 0.3 (wav2vec2, whisper: 'Seks plus varierer syv') → FEJL asr
15:19:42   ✓ master q.mp:1+?=4 t0 (bestået)
15:19:42   ✓ master q.mp:3+?=5 t0 (bestået)
15:19:51 ✅ EOS token detected! Stopping generation at step 118
15:20:00 kald sentence k=3 t0 'En plus hvad giver fem? Tre plus hvad giver seks? Seks plus hvad giver': 18.7 s for 4.68 s lyd
15:20:04   q.mp:1+?=5 t0: 1.02 s (forhold 0.55) -18.0 LUFS, alone: 'en plus var giver 5' CER 0.1111 (wav2vec2, whisper: 'En plusvæg giver 5') → FEJL asr
15:20:07   q.mp:3+?=6 t0: 1.26 s (forhold 0.67) -18.0 LUFS, alone: '3 plus hvad giver 6?' CER 0.0 (whisper, wav2vec2: '3 plus var giver 6') → ok
15:20:10   q.mp:6+?=8 t0: 1.25 s (forhold 0.57) -18.0 LUFS, alone: 's6 plus fagever 8' CER 0.2381 (wav2vec2, whisper: 'Seks plus var giver otte') → FEJL asr
15:20:10   ✓ master q.mp:3+?=6 t0 (bestået)
15:20:32 ✅ EOS token detected! Stopping generation at step 248
15:20:47 kald sentence k=4 t0 'Den lille viser er timeviseren, og den lange viser er minutviseren. Je': 37.5 s for 9.88 s lyd
15:20:49   hint.clock.handsRoles t0: 4.14 s (forhold 0.58) -18.04 LUFS, alone: 'den lille viser er timeviseren og den langeviser er minutviseren' CER 0.0 (wav2vec2) → ok
15:20:50   s.cando.clockQuarter t0: 2.28 s (forhold 0.56) -18.07 LUFS, alone: 'jeg kan senår klokken er kvart over og kvart i' CER 0.0 (wav2vec2) → ok
15:20:50   t.end.315 t0: 0.78 s (forhold 0.63) -18.08 LUFS, alone: 'kvart over 5' CER 0.0 (wav2vec2) → ok
15:20:51   t.end.615 t0: 0.80 s (forhold 0.64) -18.07 LUFS, alone: 'kvart over 10' CER 0.0 (wav2vec2) → ok
15:20:51   ✓ master hint.clock.handsRoles t0 (bestået)
15:20:51   ✓ master s.cando.clockQuarter t0 (bestået)
15:20:51   ✓ master t.end.315 t0 (bestået)
15:20:51   ✓ master t.end.615 t0 (bestået)
15:21:00 ✅ EOS token detected! Stopping generation at step 118
15:21:08 kald sentence k=4 t0 'Se godt på den lille viser. kvart over to. kvart over seks. halv ellev': 17.6 s for 4.68 s lyd
15:21:09   hint.clock.lookSmall t0: 1.36 s (forhold 0.55) -18.14 LUFS, alone: 'se godt på den lille viser' CER 0.0 (wav2vec2) → ok
15:21:10   t.end.135 t0: 0.71 s (forhold 0.57) -18.15 LUFS, alone: 'kvart over 2' CER 0.0 (wav2vec2) → ok
15:21:10   t.end.375 t0: 0.87 s (forhold 0.70) -18.07 LUFS, alone: 'kvart over 6' CER 0.0 (wav2vec2) → ok
15:21:13   t.end.630 t0: 0.62 s (forhold 0.49) -18.0 LUFS, alone: 'Halv 11' CER 0.0 (whisper, wav2vec2: 'halv 1') → ok
15:21:13   ✓ master hint.clock.lookSmall t0 (bestået)
15:21:13   ✓ master t.end.135 t0 (bestået)
15:21:13   ✓ master t.end.375 t0 (bestået)
15:21:13   ✓ master t.end.630 t0 (bestået)
15:21:30 ✅ EOS token detected! Stopping generation at step 218
15:21:42 kald sentence k=4 t0 'Kvart over er et kvarter efter den hele time. Kvart i er et kvarter fø': 29.8 s for 8.68 s lyd
15:21:45   hint.clock.overAndTo t0: 4.39 s (forhold 0.67) -18.14 LUFS, alone: 'kvart over er et kvarter efter den heletime kvarti er et kvarter før' CER 0.0 (wav2vec2) → ok
15:21:45   t.end.15 t0: 0.81 s (forhold 0.64) -18.2 LUFS, alone: 'kvart over 12' CER 0.0 (wav2vec2) → ok
15:21:45   t.end.435 t0: 0.83 s (forhold 0.66) -18.13 LUFS, alone: 'kvart over 7' CER 0.0 (wav2vec2) → ok
15:21:46   t.end.645 t0: 0.83 s (forhold 0.53) -18.08 LUFS, alone: 'kvart i 11' CER 0.0 (wav2vec2) → ok
15:21:46   ✓ master hint.clock.overAndTo t0 (bestået)
15:21:46   ✓ master t.end.15 t0 (bestået)
15:21:46   ✓ master t.end.435 t0 (bestået)
15:21:46   ✓ master t.end.645 t0 (bestået)
15:22:00 ✅ EOS token detected! Stopping generation at step 171
15:22:10 kald sentence k=4 t0 'Ved hele timer peger den lange viser på tolv. kvart over tre. kvart i ': 24.3 s for 6.80 s lyd
15:22:12   hint.clock.wholeHour t0: 2.45 s (forhold 0.56) -18.06 LUFS, alone: 'ved hele timer peger den lange viser på 12' CER 0.0 (wav2vec2) → ok
15:22:12   t.end.195 t0: 0.76 s (forhold 0.60) -18.19 LUFS, alone: 'kvart over 3' CER 0.0 (wav2vec2) → ok
15:22:12   t.end.465 t0: 0.71 s (forhold 0.57) -18.11 LUFS, alone: 'kvart i 8' CER 0.0 (wav2vec2) → ok
15:22:13   t.end.675 t0: 0.93 s (forhold 0.50) -18.19 LUFS, alone: 'kvart over 11' CER 0.0 (wav2vec2) → ok
15:22:13   ✓ master hint.clock.wholeHour t0 (bestået)
15:22:13   ✓ master t.end.195 t0 (bestået)
15:22:13   ✓ master t.end.465 t0 (bestået)
15:22:13   ✓ master t.end.675 t0 (bestået)
15:22:24 forcing EOS token, long_tail=tensor(True), alignment_repetition=tensor(False), token_repetition=False
15:22:24 ✅ EOS token detected! Stopping generation at step 146
15:22:34 kald sentence k=4 t0 'Jeg kan se, hvad klokken er ved halve timer. kvart i fire. kvart over ': 21.7 s for 5.80 s lyd
15:22:37   s.cando.clockHalf t0: 1.90 s (forhold 0.51) -18.03 LUFS, alone: 'jeg kan se hvad klokken er ved halve timer' CER 0.0 (wav2vec2) → ok
15:22:40   t.end.225 t0: 0.74 s (forhold 0.59) -18.17 LUFS, alone: 'Kvart i fire' CER 0.0 (whisper, wav2vec2: 'kvardi 4') → ok
15:22:40   t.end.495 t0: 0.85 s (forhold 0.54) -18.19 LUFS, alone: 'kvart over 8' CER 0.0 (wav2vec2) → ok
15:22:56   t.end.75 t0: 0.89 s (forhold 0.71) -18.06 LUFS, alone: 'Kvart over 1' CER 0.0 (whisper, wav2vec2: 'kvart or er 1') → ok
15:22:56   ✓ master s.cando.clockHalf t0 (bestået)
15:22:56   ✓ master t.end.225 t0 (bestået)
15:22:56   ✓ master t.end.495 t0 (bestået)
15:22:56   ✓ master t.end.75 t0 (bestået)
15:23:15 ✅ EOS token detected! Stopping generation at step 112
15:23:24 kald sentence k=3 t0 'Jeg kan se, hvad klokken er ved hele timer. kvart over fire. kvart ove': 28.4 s for 4.44 s lyd
15:23:31   s.cando.clockHour t0: 1.74 s (forhold 0.47) -18.18 LUFS, alone: 'jeg kan se hvad klokken er ved hive timer' CER 0.0606 (wav2vec2, whisper: 'Jeg kan se hvad klokken er ved hive timer') → FEJL asr
15:23:31   t.end.255 t0: 0.81 s (forhold 0.52) -18.11 LUFS, alone: 'kvart over 4' CER 0.0 (wav2vec2) → ok
15:23:32   t.end.555 t0: 0.64 s (forhold 0.51) -18.17 LUFS, alone: 'kvart over 9' CER 0.0 (wav2vec2) → ok
15:23:32   ✓ master t.end.255 t0 (bestået)
15:23:32   ✓ master t.end.555 t0 (bestået)
15:23:55 ✅ EOS token detected! Stopping generation at step 218
15:24:08 kald sentence k=4 t0 'af dem er farvet. Den ene del er større end den anden, så det er ikke ': 36.4 s for 8.68 s lyd
15:24:10   hint.fractionShape.coloured t0: 0.86 s (forhold 0.55) -18.14 LUFS, alone: 'af dem er farvet' CER 0.0 (wav2vec2) → ok
15:24:11   hint.halfShape.notSame t0: 3.40 s (forhold 0.57) -18.03 LUFS, alone: 'den ene del er større end den anden så det er ikke to halve' CER 0.0 (wav2vec2) → ok
15:24:14   noun.frac.2_3.end t0: 0.99 s (forhold 0.64) -18.0 LUFS, alone: 'tog tredje dele' CER 0.0833 (wav2vec2, whisper: 'Tog tredje dele') → FEJL asr
15:24:18   s.fractionShape.write t0: 1.79 s (forhold 0.64) -18.12 LUFS, alone: 'skriv prøben fra den farvede del' CER 0.1481 (wav2vec2, whisper: 'Skrev prøven for den farvede del') → FEJL asr
15:24:18   ✓ master hint.fractionShape.coloured t0 (bestået)
15:24:18   ✓ master hint.halfShape.notSame t0 (bestået)
15:24:37 ✅ EOS token detected! Stopping generation at step 201
15:24:48 kald sentence k=4 t0 'lige store dele. De to dele passer oven på hinanden, så det er to halv': 30.2 s for 8.00 s lyd
15:24:49   hint.fractionShape.equalParts t0: 0.89 s (forhold 0.48) -18.0 LUFS, alone: 'lige store dele' CER 0.0 (wav2vec2) → ok
15:24:50   hint.halfShape.same t0: 2.72 s (forhold 0.48) -18.12 LUFS, alone: 'de to dele passer oven på hinanden så det er to halve' CER 0.0 (wav2vec2) → ok
15:24:50   noun.frac.3_4.end t0: 0.81 s (forhold 0.52) -18.07 LUFS, alone: 'tre fjerde dele' CER 0.0 (wav2vec2) → ok
15:24:54   s.halfShape.all t0: 1.94 s (forhold 0.52) -18.15 LUFS, alone: 'Alle figurer der er delt i to halve' CER 0.0 (whisper, wav2vec2: 'alle figurer der er delt i t halve') → ok
15:24:54   ✓ master hint.fractionShape.equalParts t0 (bestået)
15:24:54   ✓ master hint.halfShape.same t0 (bestået)
15:24:54   ✓ master noun.frac.3_4.end t0 (bestået)
15:24:54   ✓ master s.halfShape.all t0 (bestået)
15:25:15 forcing EOS token, long_tail=tensor(True), alignment_repetition=tensor(False), token_repetition=False
15:25:15 ✅ EOS token detected! Stopping generation at step 272
15:25:29 kald sentence k=4 t0 'Forestil dig, at du folder figuren langs stregen. To dele er ikke alti': 34.8 s for 10.84 s lyd
15:25:33   hint.halfShape.fold t0: 2.35 s (forhold 0.54) -18.03 LUFS, alone: 'forestillet er at du folder figuren langs trahen' CER 0.2 (wav2vec2, whisper: 'Forestil dig at du folder figuren langs trappen') → FEJL asr
15:25:36   hint.halfShape.twoPartsNotHalves t0: 1.86 s (forhold 0.54) -18.0 LUFS, alone: 'to dele af ikke altid tog halve' CER 0.125 (wav2vec2, whisper: 'To dele af æg altid tog halve') → FEJL asr
15:25:37   s.cando.fractionShape t0: 2.98 s (forhold 0.53) -18.08 LUFS, alone: 'jeg kan se halve tredjedele af fjerdedele af en figur' CER 0.0455 (wav2vec2) → ok
15:25:40   s.halfShape.isHalves t0: 1.65 s (forhold 0.59) -18.14 LUFS, alone: 'er figuren delt i to halve' CER 0.0 (whisper, wav2vec2: 'er figure en del de to halve') → ok
15:25:40   ✓ master s.cando.fractionShape t0 (bestået)
15:25:40   ✓ master s.halfShape.isHalves t0 (bestået)
15:25:52 forcing EOS token, long_tail=tensor(True), alignment_repetition=tensor(False), token_repetition=False
15:25:52 ✅ EOS token detected! Stopping generation at step 159
15:26:02 kald sentence k=3 t0 'Halve er to lige store dele. en tredjedel. Jeg kan se, om en figur er ': 22.2 s for 6.32 s lyd
15:26:03   hint.halfShape.halvesSame t0: 1.94 s (forhold 0.62) -18.05 LUFS, alone: 'halve er to lige store dele' CER 0.0 (wav2vec2) → ok
15:26:03   noun.frac.1_3.end t0: 0.80 s (forhold 0.64) -18.0 LUFS, alone: 'en tredje del' CER 0.0 (wav2vec2) → ok
15:26:07   s.cando.halfShape t0: 2.25 s (forhold 0.55) -18.16 LUFS, alone: 'Jeg kan se om en figur er delt i to halve' CER 0.0 (whisper, wav2vec2: 'jeg kan se om en figur er de de to halve') → ok
15:26:07   ✓ master hint.halfShape.halvesSame t0 (bestået)
15:26:07   ✓ master noun.frac.1_3.end t0 (bestået)
15:26:07   ✓ master s.cando.halfShape t0 (bestået)
15:26:19 ✅ EOS token detected! Stopping generation at step 162
15:26:29 kald sentence k=3 t0 'Se på hver figur. Er de to dele lige store? en fjerdedel. Hvor stor en': 22.5 s for 6.44 s lyd
15:26:30   hint.halfShape.lookEach t0: 2.69 s (forhold 0.62) -18.0 LUFS, alone: 'se på hver figur er de to dele lige store' CER 0.0 (wav2vec2) → ok
15:26:31   noun.frac.1_4.end t0: 0.75 s (forhold 0.60) -18.0 LUFS, alone: 'en fjerdedel' CER 0.0 (wav2vec2) → ok
15:26:34   s.fractionShape.howBig t0: 1.87 s (forhold 0.54) -18.1 LUFS, alone: 'Hvor stor en del af figuren er farvet' CER 0.0 (whisper, wav2vec2: 'or står en del af figurern er farvet') → ok
15:26:34   ✓ master hint.halfShape.lookEach t0 (bestået)
15:26:34   ✓ master noun.frac.1_4.end t0 (bestået)
15:26:34   ✓ master s.fractionShape.howBig t0 (bestået)
15:26:54 ✅ EOS token detected! Stopping generation at step 248
15:27:10 kald sentence k=4 t0 'Tæl clipsene under tingen. Peg på hver clips, mens du tæller. Tingen s': 35.6 s for 9.88 s lyd
15:27:20   hint.measureUnits.countClips t0: 3.56 s (forhold 0.71) -18.12 LUFS, alone: 'telt klipsneunder tingen peg på hver klips mens du tæller' CER 0.1042 (wav2vec2, whisper: 'Telt klipsene under tingen. Pej på hver klips mens du tæller') → FEJL asr
15:27:20   hint.rulerRead.startsAtZero t0: 1.03 s (forhold 0.55) -18.12 LUFS, alone: 'tingen starter ved 0' CER 0.0 (wav2vec2) → ok
15:27:23   s.readChart.barCol.1 t0: 1.37 s (forhold 0.55) -18.16 LUFS, alone: 'Hvor høj er den første søjle?' CER 0.0 (whisper, wav2vec2: 'hvorhor er den første søjle') → ok
15:27:24   s.unitChoice.q.fork t0: 1.68 s (forhold 0.49) -18.09 LUFS, alone: 'hvad måler man længden af en gaffelig' CER 0.0333 (wav2vec2) → ok
15:27:24   ✓ master hint.rulerRead.startsAtZero t0 (bestået)
15:27:24   ✓ master s.readChart.barCol.1 t0 (bestået)
15:27:24   ✓ master s.unitChoice.q.fork t0 (bestået)
15:30:09 ✅ EOS token detected! Stopping generation at step 299
15:30:24 kald sentence k=4 t0 'Tæl klodserne under tingen. Peg på hver klods, mens du tæller. Små tin': 179.7 s for 11.92 s lyd
15:30:30   hint.measureUnits.countCubes t0: 3.56 s (forhold 0.71) -18.07 LUFS, alone: 'Tæl klodserne under tingene. Peg på hver klods mens du tæller' CER 0.0204 (whisper, wav2vec2: 'telv klodserne under tingen peg på hver klos mens du tæller') → ok
15:30:31   hint.unitChoice.lengthRule t0: 3.59 s (forhold 0.57) -18.12 LUFS, alone: 'små ting måler vie centimeter og store ting måler vie meter' CER 0.0408 (wav2vec2) → ok
15:30:32   s.readChart.barCol.2 t0: 1.20 s (forhold 0.48) -18.12 LUFS, alone: 'hvorhøj er den anden søjle' CER 0.0 (wav2vec2) → ok
15:30:32   s.unitChoice.q.house t0: 1.67 s (forhold 0.53) -18.15 LUFS, alone: 'hvad måler man længden af et hus i' CER 0.0 (wav2vec2) → ok
15:30:32   ✓ master hint.measureUnits.countCubes t0 (bestået)
15:30:32   ✓ master hint.unitChoice.lengthRule t0 (bestået)
15:30:32   ✓ master s.readChart.barCol.2 t0 (bestået)
15:30:32   ✓ master s.unitChoice.q.house t0 (bestået)
15:31:12 forcing EOS token, long_tail=tensor(True), alignment_repetition=tensor(False), token_repetition=False
15:31:12 ✅ EOS token detected! Stopping generation at step 268
15:31:25 kald sentence k=4 t0 'Tæl langsomt, og tæl hver enkelt en gang. Centimeter og meter bruger v': 52.9 s for 10.68 s lyd
15:31:30   hint.measureUnits.eachOnce t0: 2.58 s (forhold 0.82) -18.09 LUFS, alone: 'til langsomt og til hver enkelt én gang' CER 0.0625 (wav2vec2, whisper: 'Til langsomt og til hver enkelt en gang') → FEJL asr
15:31:31   hint.unitChoice.lengthUnits t0: 2.89 s (forhold 0.49) -18.1 LUFS, alone: 'centimeter og meter bruger vi til at måle hvor langt noget er' CER 0.0 (wav2vec2) → ok
15:31:31   s.readChart.barCol.3 t0: 1.36 s (forhold 0.54) -18.05 LUFS, alone: 'hvor høj er den tredje søjle' CER 0.0 (wav2vec2) → ok
15:31:32   s.unitChoice.q.leaf t0: 1.72 s (forhold 0.55) -18.07 LUFS, alone: 'hvad måler man længden af et blad i' CER 0.0 (wav2vec2) → ok
15:31:32   ✓ master hint.unitChoice.lengthUnits t0 (bestået)
15:31:32   ✓ master s.readChart.barCol.3 t0 (bestået)
15:31:32   ✓ master s.unitChoice.q.leaf t0 (bestået)
15:31:51 ✅ EOS token detected! Stopping generation at step 243
15:32:03 kald sentence k=4 t0 'Du skal bruge begge tal. Store ting er ikke altid tunge. En ballon er ': 31.3 s for 9.68 s lyd
15:32:04   hint.readChart.bothNumbers t0: 1.21 s (forhold 0.56) -18.0 LUFS, alone: 'du skal bruge begge tal' CER 0.0 (wav2vec2) → ok
15:32:05   hint.weightCompare.bigNotHeavy t0: 3.69 s (forhold 0.62) -18.11 LUFS, alone: 'storeting er ikke altid tunge en ballone stor men den er let' CER 0.02 (wav2vec2) → ok
15:32:08   s.readChart.barCol.4 t0: 1.43 s (forhold 0.57) -18.07 LUFS, alone: 'Hvor høj er den fjerde søjle?' CER 0.0 (whisper, wav2vec2: 'hvorfor er den fjerde søjle') → ok
15:32:09   s.unitChoice.q.lorry t0: 1.75 s (forhold 0.51) -18.08 LUFS, alone: 'hvad måler man længden af en lastbi lig' CER 0.0323 (wav2vec2) → ok
15:32:09   ✓ master hint.readChart.bothNumbers t0 (bestået)
15:32:09   ✓ master hint.weightCompare.bigNotHeavy t0 (bestået)
15:32:09   ✓ master s.readChart.barCol.4 t0 (bestået)
15:32:09   ✓ master s.unitChoice.q.lorry t0 (bestået)
15:32:29 ✅ EOS token detected! Stopping generation at step 251
15:32:42 kald sentence k=4 t0 'Tæl langsomt, og tæl hver stjerne en gang. En bog er tung. Hvor meget ': 32.9 s for 10.00 s lyd
15:32:47   hint.readChart.countSlowly t0: 2.62 s (forhold 0.84) -18.07 LUFS, alone: 'til langsomt og til hver stjerne én gang' CER 0.0606 (wav2vec2, whisper: 'Telt langsomt og telt hver stjerne én gang') → FEJL asr
15:32:49   hint.weightCompare.heavy.book t0: 0.73 s (forhold 0.59) -18.0 LUFS, alone: 'en borg af t' CER 0.5455 (wav2vec2, whisper: 'En bog af 2') → FEJL asr
15:32:50   s.readChart.barDiff t0: 2.86 s (forhold 0.51) -18.04 LUFS, alone: 'hvor meget højere er den højeste søjle end den laveste' CER 0.0 (wav2vec2) → ok
15:32:53   s.unitChoice.q.pencil t0: 1.74 s (forhold 0.51) -18.06 LUFS, alone: 'Hvad måler man længden af en byant i?' CER 0.0333 (whisper, wav2vec2: 'hvad måler man længden af en byand i') → ok
15:32:53   ✓ master s.readChart.barDiff t0 (bestået)
15:32:53   ✓ master s.unitChoice.q.pencil t0 (bestået)
15:33:11 ✅ EOS token detected! Stopping generation at step 211
15:33:21 kald sentence k=4 t0 'Tæl stjernerne i rækken en ad gangen. En flaske med vand er tung. Hvor': 28.0 s for 8.40 s lyd
15:33:26   hint.readChart.countStars t0: 2.05 s (forhold 0.60) -18.1 LUFS, alone: 'til stjernerne i rækken ened gangen' CER 0.0667 (wav2vec2, whisper: 'Til stjernerne i rækken en af gangen') → FEJL asr
15:33:29   hint.weightCompare.heavy.bottle t0: 1.30 s (forhold 0.59) -18.19 LUFS, alone: 'en flaske med vand er 2' CER 0.1429 (wav2vec2, whisper: 'En flaske med vand er 2') → FEJL asr
15:33:29   s.readChart.barHighest t0: 1.49 s (forhold 0.53) -18.07 LUFS, alone: 'hvor høj er den højeste søjle' CER 0.0 (wav2vec2) → ok
15:33:30   s.unitChoice.q.plane t0: 1.79 s (forhold 0.57) -18.06 LUFS, alone: 'hvad måler man længden af et fly i' CER 0.0 (wav2vec2) → ok
15:33:30   ✓ master s.readChart.barHighest t0 (bestået)
15:33:30   ✓ master s.unitChoice.q.plane t0 (bestået)
15:33:44 ✅ EOS token detected! Stopping generation at step 187
15:33:56 kald sentence k=4 t0 'Find den højeste søjle først. En sten er tung. Hvor høj er den laveste': 26.0 s for 7.44 s lyd
15:33:57   hint.readChart.findHighest t0: 1.70 s (forhold 0.68) -18.0 LUFS, alone: 'find den højeste søjle først' CER 0.0 (wav2vec2) → ok
15:33:59   hint.weightCompare.heavy.stone t0: 0.88 s (forhold 0.71) -18.0 LUFS, alone: 'en sten af to' CER 0.4167 (wav2vec2, whisper: 'En sten er 2') → FEJL asr
15:33:59   s.readChart.barLowest t0: 1.46 s (forhold 0.52) -18.1 LUFS, alone: 'hvor høj er den laveste søjle' CER 0.0 (wav2vec2) → ok
15:34:00   s.unitChoice.q.ship t0: 1.62 s (forhold 0.52) -18.17 LUFS, alone: 'hvad måler man længden af et ski bi' CER 0.0 (wav2vec2) → ok
15:34:00   ✓ master hint.readChart.findHighest t0 (bestået)
15:34:00   ✓ master s.readChart.barLowest t0 (bestået)
15:34:00   ✓ master s.unitChoice.q.ship t0 (bestået)
15:34:23 ✅ EOS token detected! Stopping generation at step 265
15:34:36 kald sentence k=4 t0 'Find den længste række først. En bog er tung, selv når den er lille. H': 36.3 s for 10.56 s lyd
15:34:38   hint.readChart.findLongest t0: 1.61 s (forhold 0.74) -18.14 LUFS, alone: 'find den længste række først' CER 0.0 (wav2vec2) → ok
15:34:41   hint.weightCompare.heavyEvenSmall.book t0: 1.80 s (forhold 0.58) -18.0 LUFS, alone: 'en bog af to selv når den er lille' CER 0.1786 (wav2vec2, whisper: 'En bog er to selv når den er lille') → FEJL asr
15:34:42   s.readChart.pictoDiff t0: 3.55 s (forhold 0.54) -18.16 LUFS, alone: 'hvor mange flere stjerner er der i den længste række end i den korteste' CER 0.0 (wav2vec2) → ok
15:34:43   s.unitChoice.q.shoe t0: 1.66 s (forhold 0.53) -18.08 LUFS, alone: 'hvad måler man længen af en sko i' CER 0.037 (wav2vec2) → ok
15:34:43   ✓ master hint.readChart.findLongest t0 (bestået)
15:34:43   ✓ master s.readChart.pictoDiff t0 (bestået)
15:34:43   ✓ master s.unitChoice.q.shoe t0 (bestået)
15:35:03 ✅ EOS token detected! Stopping generation at step 239
15:35:53 kald sentence k=4 t0 'Find den laveste søjle først. En flaske med vand er tung, selv når den': 70.6 s for 9.52 s lyd
15:35:58   hint.readChart.findLowest t0: 1.73 s (forhold 0.69) -18.0 LUFS, alone: 'find den laveste søjle først' CER 0.0 (wav2vec2) → ok
15:36:04   hint.weightCompare.heavyEvenSmall.bottle t0: 2.60 s (forhold 0.64) -18.1 LUFS, alone: 'En flaske med vand er tung selv når den er lille' CER 0.0 (whisper, wav2vec2: 'en flaske med vand af t selvner den er lille') → ok
15:36:04   s.readChart.pictoLongest t0: 2.11 s (forhold 0.52) -18.18 LUFS, alone: 'hvor mange stjerner er der i den længste række' CER 0.0 (wav2vec2) → ok
15:36:04   s.unitChoice.q.spoon t0: 1.67 s (forhold 0.54) -18.14 LUFS, alone: 'hvad måler man længden af en ski' CER 0.037 (wav2vec2) → ok
15:36:05   ✓ master hint.readChart.findLowest t0 (bestået)
15:36:05   ✓ master hint.weightCompare.heavyEvenSmall.bottle t0 (bestået)
15:36:05   ✓ master s.readChart.pictoLongest t0 (bestået)
15:36:05   ✓ master s.unitChoice.q.spoon t0 (bestået)
15:36:24 ✅ EOS token detected! Stopping generation at step 241
15:36:36 kald sentence k=4 t0 'Find den korteste række først. En sten er tung, selv når den er lille.': 31.6 s for 9.60 s lyd
15:36:38   hint.readChart.findShortest t0: 1.71 s (forhold 0.68) -18.13 LUFS, alone: 'find den korteste række først' CER 0.0 (wav2vec2) → ok
15:36:41   hint.weightCompare.heavyEvenSmall.stone t0: 1.93 s (forhold 0.62) -18.0 LUFS, alone: 'en sten af to senver den er lille' CER 0.2759 (wav2vec2, whisper: 'En sten er tog selv når den er lille') → FEJL asr
15:36:42   s.readChart.pictoRow.1 t0: 2.30 s (forhold 0.57) -18.15 LUFS, alone: 'hvor mange stjerner er der i den første række' CER 0.0 (wav2vec2) → ok
15:36:46   s.unitChoice.q.train t0: 1.62 s (forhold 0.52) -18.08 LUFS, alone: 'Hvad måler man længden af et tog i?' CER 0.0 (whisper, wav2vec2: 'hvad måler man længden af 2i') → ok
15:36:46   ✓ master hint.readChart.findShortest t0 (bestået)
15:36:46   ✓ master s.readChart.pictoRow.1 t0 (bestået)
15:36:46   ✓ master s.unitChoice.q.train t0 (bestået)
15:38:30 forcing EOS token, long_tail=tensor(True), alignment_repetition=tensor(False), token_repetition=False
15:38:30 ✅ EOS token detected! Stopping generation at step 273
15:39:43 kald sentence k=4 t0 'Følg toppen af søjlen hen til tallene ved siden af. Tænk på, hvordan t': 177.2 s for 10.88 s lyd
15:39:50   hint.readChart.followTop t0: 2.53 s (forhold 0.54) -18.08 LUFS, alone: 'følgt toppen ad søjlen hen til tallene ved siden af' CER 0.0488 (wav2vec2) → ok
15:39:51   hint.weightCompare.thinkHold t0: 2.30 s (forhold 0.53) -18.06 LUFS, alone: 'tænk på hvordan tingene føles når du holder dem' CER 0.0 (wav2vec2) → ok
15:39:51   s.readChart.pictoRow.2 t0: 2.10 s (forhold 0.52) -18.12 LUFS, alone: 'hvor mange stjerner er der i den anden række' CER 0.0 (wav2vec2) → ok
15:39:55   s.unitChoice.q.whale t0: 1.93 s (forhold 0.62) -18.05 LUFS, alone: 'Hvad måler man længden af en hval i?' CER 0.0 (whisper, wav2vec2: 'hvad måler man længden af en væg i') → ok
15:39:55   ✓ master hint.readChart.followTop t0 (bestået)
15:39:55   ✓ master hint.weightCompare.thinkHold t0 (bestået)
15:39:55   ✓ master s.readChart.pictoRow.2 t0 (bestået)
15:39:55   ✓ master s.unitChoice.q.whale t0 (bestået)
15:40:24 ✅ EOS token detected! Stopping generation at step 251
15:41:43 kald sentence k=3 t0 'Når du skal finde ud af, hvor mange flere der er, skal du trække fra. ': 107.8 s for 10.00 s lyd
15:42:18   hint.readChart.howManyMore t0: 2.91 s (forhold 0.49) -18.17 LUFS, alone: 'når du skal finde ud af hvor mange flere der er skal du trække fra' CER 0.0 (wav2vec2) → ok
15:42:56   hint.weightCompare.thinkTeddy t0: 3.42 s (forhold 0.64) -18.08 LUFS, alone: 'Tænk på hver ting for sig er den tungere at holde end bamsen' CER 0.0 (whisper, wav2vec2: 'tink på hver ting for sig er den tunger at holde en bamsten') → ok
15:42:56   s.readChart.pictoRow.3 t0: 2.28 s (forhold 0.56) -18.09 LUFS, alone: 'vor mange stjerner er der i den tredje række' CER 0.027 (wav2vec2) → ok
15:42:56   ✓ master hint.readChart.howManyMore t0 (bestået)
15:42:56   ✓ master hint.weightCompare.thinkTeddy t0 (bestået)
15:42:56   ✓ master s.readChart.pictoRow.3 t0 (bestået)
15:43:20 ✅ EOS token detected! Stopping generation at step 66
15:43:27 kald sentence k=1 t0 'Hvad måler man længden af en regnorm i?': 30.1 s for 2.60 s lyd
15:43:32   s.unitChoice.q.worm t0: 1.81 s (forhold 0.53) -18.07 LUFS, alone: 'hvad måler man længden af en egnorm i i' CER 0.0645 (wav2vec2, whisper: 'Hvad måler man længden af en ejendom i?') → FEJL asr
15:44:11 ✅ EOS token detected! Stopping generation at step 257
15:44:26 kald sentence k=4 t0 'Se på stregen lige ud for toppen af søjlen. Jeg kan måle med klodser o': 53.4 s for 10.24 s lyd
15:44:32   hint.readChart.lineAtTop t0: 2.46 s (forhold 0.60) -18.08 LUFS, alone: 'sepå stregen lige ud fr toppen af søjlen' CER 0.0294 (wav2vec2) → ok
15:44:34   s.cando.measureUnits t0: 1.55 s (forhold 0.55) -18.0 LUFS, alone: 'jeg kan måle med klodser og klips' CER 0.037 (wav2vec2) → ok
15:44:37   s.readChart.pictoRow.4 t0: 2.46 s (forhold 0.61) -18.11 LUFS, alone: 'hvor mange stjerner er der i den fjerde række' CER 0.0 (wav2vec2) → ok
15:44:39   s.unitChoice.tapCm t0: 2.19 s (forhold 0.50) -18.03 LUFS, alone: 'tryk på alle de ting man måler i centimeter' CER 0.0 (wav2vec2) → ok
15:44:39   ✓ master hint.readChart.lineAtTop t0 (bestået)
15:44:39   ✓ master s.cando.measureUnits t0 (bestået)
15:44:39   ✓ master s.readChart.pictoRow.4 t0 (bestået)
15:44:39   ✓ master s.unitChoice.tapCm t0 (bestået)
15:48:40 ✅ EOS token detected! Stopping generation at step 273
15:48:54 kald sentence k=4 t0 'Find den rigtige søjle først. Jeg kan aflæse søjlediagrammer og piktog': 254.6 s for 10.88 s lyd
15:48:55   hint.readChart.rightBar t0: 1.70 s (forhold 0.68) -18.03 LUFS, alone: 'fin den rigtige søjle først' CER 0.0417 (wav2vec2) → ok
15:48:56   s.cando.readChart t0: 2.85 s (forhold 0.57) -18.13 LUFS, alone: 'jeg kan aflæse såjlediagrammer og piktogrammer' CER 0.0244 (wav2vec2) → ok
15:48:56   s.readChart.pictoShortest t0: 2.50 s (forhold 0.57) -18.09 LUFS, alone: 'hvor mange stjerner er der i den korteste række' CER 0.0 (wav2vec2) → ok
15:48:57   s.unitChoice.tapM t0: 1.84 s (forhold 0.49) -18.05 LUFS, alone: 'tryk på alle de ting man måler i meter' CER 0.0 (wav2vec2) → ok
15:48:57   ✓ master hint.readChart.rightBar t0 (bestået)
15:48:57   ✓ master s.cando.readChart t0 (bestået)
15:48:57   ✓ master s.readChart.pictoShortest t0 (bestået)
15:48:57   ✓ master s.unitChoice.tapM t0 (bestået)
15:49:15 ✅ EOS token detected! Stopping generation at step 206
15:49:28 kald sentence k=4 t0 'Find den rigtige række først. Jeg kan måle med en lineal. Hvor mange c': 30.9 s for 8.20 s lyd
15:49:34   hint.readChart.rightRow t0: 1.62 s (forhold 0.65) -18.07 LUFS, alone: 'find den rigtige række først' CER 0.0 (wav2vec2) → ok
15:49:37   s.cando.rulerRead t0: 1.33 s (forhold 0.47) -18.0 LUFS, alone: 'Jeg kan måle med en lineal' CER 0.0 (whisper, wav2vec2: 'jeg kan måle med en liniæl') → ok
15:49:40   s.rulerRead.howLong t0: 1.55 s (forhold 0.45) -18.12 LUFS, alone: 'Hvor mange centimeter lang er tingene?' CER 0.0323 (whisper, wav2vec2: 'hvor mange centimeer lang ar tingen') → ok
15:49:40   s.weightCompare.heavierThanTeddy t0: 2.42 s (forhold 0.55) -18.1 LUFS, alone: 'tryk på alle de ting der er tungere end bamsen' CER 0.0 (wav2vec2) → ok
15:49:40   ✓ master hint.readChart.rightRow t0 (bestået)
15:49:40   ✓ master s.cando.rulerRead t0 (bestået)
15:49:40   ✓ master s.rulerRead.howLong t0 (bestået)
15:49:40   ✓ master s.weightCompare.heavierThanTeddy t0 (bestået)
15:49:58 forcing EOS token, long_tail=tensor(True), alignment_repetition=tensor(False), token_repetition=False
15:49:58 ✅ EOS token detected! Stopping generation at step 221
15:50:15 kald sentence k=4 t0 'Tæl mellemrummene mellem stregerne, ikke stregerne. Jeg kan vælge den ': 35.0 s for 8.80 s lyd
15:50:17   hint.rulerRead.countSpaces t0: 2.75 s (forhold 0.55) -18.13 LUFS, alone: 'tæt mellemrummene mellem strejerne ikke stregerne' CER 0.0455 (wav2vec2) → ok
15:50:17   s.cando.unitChoice t0: 1.54 s (forhold 0.49) -18.0 LUFS, alone: 'jeg kan vælge den rigtige enhed' CER 0.0 (wav2vec2) → ok
15:50:18   s.unitChoice.q.bridge t0: 1.67 s (forhold 0.53) -18.09 LUFS, alone: 'hvad måler man længden af en bro i' CER 0.0 (wav2vec2) → ok
15:50:18   s.weightCompare.heaviest t0: 1.20 s (forhold 0.64) -18.0 LUFS, alone: 'hvilken ting er tungest' CER 0.0 (wav2vec2) → ok
15:50:18   ✓ master hint.rulerRead.countSpaces t0 (bestået)
15:50:18   ✓ master s.cando.unitChoice t0 (bestået)
15:50:18   ✓ master s.unitChoice.q.bridge t0 (bestået)
15:50:18   ✓ master s.weightCompare.heaviest t0 (bestået)
15:50:35 ✅ EOS token detected! Stopping generation at step 204
15:50:46 kald sentence k=3 t0 'Tallet, hvor tingen slutter, er kun længden, når tingen starter ved nu': 28.0 s for 8.12 s lyd
15:50:57   hint.rulerRead.endIsNotLength t0: 3.35 s (forhold 0.60) -18.04 LUFS, alone: 'Tallet hvor tingene slutter er kun længden når tingene starter ved 0' CER 0.0351 (whisper, wav2vec2: 'tallet hvor tingen slutter at kun lænken når tingen starter ved nul') → ok
15:51:03   s.cando.weightCompare t0: 1.40 s (forhold 0.56) -18.07 LUFS, alone: 'Jeg kan se hvad der er tungest' CER 0.0 (whisper, wav2vec2: 'jeg kan se hvad der er tongist') → ok
15:51:05   s.unitChoice.q.bus t0: 1.85 s (forhold 0.59) -18.15 LUFS, alone: 'hvad måler man længden af en bus i' CER 0.0 (wav2vec2) → ok
15:51:05   ✓ master hint.rulerRead.endIsNotLength t0 (bestået)
15:51:06   ✓ master s.cando.weightCompare t0 (bestået)
15:51:06   ✓ master s.unitChoice.q.bus t0 (bestået)
15:51:06 færdig: 229 nye mastere (0 ikke bestået, 0 kopier), 133 modelkald, 83.5 min generering (CPU 3.90 t), 720 klip mangler
