11:03:24 generate.py --wave 1 --threads 2 --max-minutes 100 (log: /home/user/wt/voice/talvennerne2/voice/logs/generate-20261002-110324.log)
11:03:24 1219 klip valgt, 924 færdige, 295 at lave
11:03:24   ✓ master s.books.title = kopi af s.ui.dock.books (samme tekst)
11:03:24   ✓ master s.onb.friend.ask = kopi af s.reward.name.choose (samme tekst)
11:03:37 input frame rate=25
11:03:42 Could not load Cangjie mapping: An error happened while trying to locate the file on the Hub and we cannot find the requested files in the local cache. Please check your connection and try again or make sure your Internet connection is on.
11:03:43 model indlæst på 17 s (2 tråde)
11:03:47 ✅ EOS token detected! Stopping generation at step 36
11:03:57 kald single k=1 t0 'Tallet efter,': 14.8 s for 1.40 s lyd
11:03:59   s.reward.learned.after t0: 0.78 s (forhold 0.62) -18.16 LUFS, none: 'None' CER None (None) → ok
11:04:03 ✅ EOS token detected! Stopping generation at step 32
11:04:12 kald single k=1 t0 'Tallet før,': 13.2 s for 1.24 s lyd
11:04:12   s.reward.learned.before t0: 0.62 s (forhold 0.66) -18.0 LUFS, none: 'None' CER None (None) → ok
11:04:18 ✅ EOS token detected! Stopping generation at step 39
11:04:28 kald single k=1 t0 'Tallet imellem,': 15.9 s for 1.52 s lyd
11:04:29   s.reward.learned.between t0: 0.85 s (forhold 0.55) -18.09 LUFS, none: 'None' CER None (None) → ok
11:04:34 ✅ EOS token detected! Stopping generation at step 42
11:04:45 kald single k=1 t0 'Det største tal,': 15.8 s for 1.64 s lyd
11:04:45   s.reward.learned.bigger t0: 0.86 s (forhold 0.69) -18.0 LUFS, none: 'None' CER None (None) → ok
11:04:51 ✅ EOS token detected! Stopping generation at step 46
11:05:01 kald single k=1 t0 'Længst og kortest,': 16.2 s for 1.80 s lyd
11:05:02   s.reward.learned.compareLength t0: 1.17 s (forhold 0.94) -18.12 LUFS, none: 'None' CER None (None) → ok
11:05:05 ✅ EOS token detected! Stopping generation at step 28
11:05:14 kald single k=1 t0 'Tallet,': 12.7 s for 1.08 s lyd
11:05:15   s.reward.learned.number t0: 0.42 s (forhold 0.68) -18.0 LUFS, none: 'None' CER None (None) → ok
11:05:18 ✅ EOS token detected! Stopping generation at step 26
11:05:28 kald single k=1 t0 'Et mønster,': 12.7 s for 1.00 s lyd
11:05:28   s.reward.learned.pattern t0: 0.63 s (forhold 0.67) -18.0 LUFS, none: 'None' CER None (None) → ok
11:05:33 ✅ EOS token detected! Stopping generation at step 36
11:05:42 kald single k=1 t0 'Godt begyndt!': 14.2 s for 1.40 s lyd
11:05:43   s.reward.learned.started t0: 0.73 s (forhold 0.78) -18.06 LUFS, none: 'None' CER None (None) → ok
11:05:46 ✅ EOS token detected! Stopping generation at step 24
11:05:55 kald single k=1 t0 'Kan-bogen,': 12.2 s for 0.92 s lyd
11:05:55   s.books.can t0: 0.69 s (forhold 0.73) -18.0 LUFS, none: 'None' CER None (None) → ok
11:06:01 ✅ EOS token detected! Stopping generation at step 47
11:06:12 kald single k=1 t0 'Det kan jeg med lidt hjælp,': 16.7 s for 1.84 s lyd
11:06:13   s.books.can.bronze t0: 1.07 s (forhold 0.57) -18.0 LUFS, alone: 'det kan jeg med lidt hjælp' CER 0.0 (wav2vec2) → ok
11:06:13   ✓ master s.books.can.bronze t0 (bestået)
11:06:17 ✅ EOS token detected! Stopping generation at step 35
11:06:27 kald single k=1 t0 'Det kan jeg selv,': 14.2 s for 1.36 s lyd
11:06:27   s.books.can.gold t0: 0.63 s (forhold 0.50) -18.0 LUFS, alone: 'det kan jeg selv' CER 0.0 (wav2vec2) → ok
11:06:27   ✓ master s.books.can.gold t0 (bestået)
11:06:33 ✅ EOS token detected! Stopping generation at step 43
11:06:43 kald single k=1 t0 'Det er jeg rigtig god til,': 15.5 s for 1.68 s lyd
11:06:54   s.books.can.silver t0: 0.97 s (forhold 0.44) -18.16 LUFS, alone: 'det er rigtig god til' CER 0.15 (wav2vec2, whisper: 'Det jeg rigtig god til') → FEJL asr
11:06:58 ✅ EOS token detected! Stopping generation at step 32
11:07:08 kald single k=1 t0 'Samlebogen,': 13.4 s for 1.24 s lyd
11:07:08   s.books.collection t0: 0.80 s (forhold 0.64) -18.1 LUFS, none: 'None' CER None (None) → ok
11:07:15 ✅ EOS token detected! Stopping generation at step 51
11:07:29 kald single k=1 t0 'Dage spillet i alt,': 21.1 s for 2.00 s lyd
11:07:30   s.books.days t0: 1.27 s (forhold 0.68) -18.13 LUFS, alone: 'dage spillet i alt' CER 0.0 (wav2vec2) → ok
11:07:30   ✓ master s.books.days t0 (bestået)
11:07:33 ✅ EOS token detected! Stopping generation at step 23
11:07:42 kald single k=1 t0 'Fundet,': 11.7 s for 0.88 s lyd
11:07:42   s.books.found t0: 0.44 s (forhold 0.70) -18.0 LUFS, none: 'None' CER None (None) → ok
11:07:46 ✅ EOS token detected! Stopping generation at step 31
11:07:56 kald single k=1 t0 'Klaret,': 14.4 s for 1.20 s lyd
11:07:57   s.books.goal.done t0: 0.51 s (forhold 0.82) -18.0 LUFS, none: 'None' CER None (None) → ok
11:08:02 ✅ EOS token detected! Stopping generation at step 42
11:08:12 kald single k=1 t0 'Næste tre mål,': 15.3 s for 1.64 s lyd
11:08:13   s.books.goals t0: 1.01 s (forhold 0.81) -18.13 LUFS, none: 'None' CER None (None) → ok
11:08:18 ✅ EOS token detected! Stopping generation at step 39
11:08:27 kald single k=1 t0 'Sådan får du den,': 14.7 s for 1.52 s lyd
11:08:29   s.books.how t0: 0.85 s (forhold 0.55) -18.09 LUFS, alone: 'sådan får du den' CER 0.0 (wav2vec2) → ok
11:08:29   ✓ master s.books.how t0 (bestået)
11:08:40 ✅ EOS token detected! Stopping generation at step 85
11:08:53 kald single k=1 t0 'Du kan vælge et gyldent dyr, når du får guldmedaljer i,': 24.3 s for 3.36 s lyd
11:08:55   s.books.how.gold t0: 2.67 s (forhold 0.53) -18.08 LUFS, alone: 'du kan vælge et gyldent dyr når du får guldmedaljer i' CER 0.0 (wav2vec2) → ok
11:08:55   ✓ master s.books.how.gold t0 (bestået)
11:09:02 ✅ EOS token detected! Stopping generation at step 56
11:09:13 kald single k=1 t0 'Mød den på ven-stenen i,': 17.9 s for 2.20 s lyd
11:09:14   s.books.how.meet t0: 1.50 s (forhold 0.68) -18.0 LUFS, alone: 'mød den på venstenen i' CER 0.0 (wav2vec2) → ok
11:09:14   ✓ master s.books.how.meet t0 (bestået)
11:09:29 ✅ EOS token detected! Stopping generation at step 121
11:09:45 kald single k=1 t0 'Du kan vælge et regnbuedyr, når du har tre stjerner på alle sten et st': 31.7 s for 4.80 s lyd
11:09:57   s.books.how.rainbow t0: 4.06 s (forhold 0.59) -18.09 LUFS, alone: 'du kan vælge et heimbuedyr når du har tr stjerner på alle sten et sted i' CER 0.069 (wav2vec2, whisper: 'Du kan vælge et heimbuedyr når du har tre stjerner på alle sten et sted i') → FEJL asr
11:10:02 ✅ EOS token detected! Stopping generation at step 39
11:10:12 kald single k=1 t0 'Magiske dyr,': 14.9 s for 1.52 s lyd
11:10:12   s.books.magic t0: 0.78 s (forhold 0.63) -18.08 LUFS, none: 'None' CER None (None) → ok
11:10:16 forcing EOS token, long_tail=tensor(True), alignment_repetition=tensor(False), token_repetition=False
11:10:16 ✅ EOS token detected! Stopping generation at step 21
11:10:24 kald single k=1 t0 'af,': 11.8 s for 0.80 s lyd
11:10:25   s.books.of t0: 0.28 s (forhold 0.88) -18.0 LUFS, none: 'None' CER None (None) → ok
11:10:28 ✅ EOS token detected! Stopping generation at step 31
11:10:40 kald single k=1 t0 'Vælg en bog.': 15.1 s for 1.20 s lyd
11:10:40   s.books.shelf t0: 0.66 s (forhold 0.71) -18.14 LUFS, none: 'None' CER None (None) → ok
11:10:46 ✅ EOS token detected! Stopping generation at step 38
11:10:56 kald single k=1 t0 'Stempel nummer,': 16.0 s for 1.48 s lyd
11:10:56   s.books.stamp t0: 0.95 s (forhold 0.76) -18.05 LUFS, none: 'None' CER None (None) → ok
11:11:01 ✅ EOS token detected! Stopping generation at step 32
11:11:18 kald single k=1 t0 'Stempelbogen,': 21.6 s for 1.24 s lyd
11:11:19   s.books.stamps t0: 0.79 s (forhold 0.63) -18.09 LUFS, none: 'None' CER None (None) → ok
11:11:28 ✅ EOS token detected! Stopping generation at step 24
11:11:48 kald single k=1 t0 'Stempler,': 28.8 s for 0.92 s lyd
11:11:48   s.books.stamps.count t0: 0.60 s (forhold 0.97) -18.0 LUFS, none: 'None' CER None (None) → ok
11:11:54 ✅ EOS token detected! Stopping generation at step 30
11:12:11 kald single k=1 t0 'Stjernefølet,': 22.6 s for 1.16 s lyd
11:12:12   s.books.starfoal t0: 0.83 s (forhold 0.66) -18.06 LUFS, none: 'None' CER None (None) → ok
11:12:18 ✅ EOS token detected! Stopping generation at step 32
11:12:42 kald single k=1 t0 'Trofæerne,': 30.3 s for 1.24 s lyd
11:12:44   s.books.trophies t0: 0.71 s (forhold 0.57) -18.0 LUFS, none: 'None' CER None (None) → ok
11:12:51 ✅ EOS token detected! Stopping generation at step 35
11:13:02 kald single k=1 t0 'Trofæer,': 17.1 s for 1.36 s lyd
11:13:02   s.books.trophies.have t0: 0.64 s (forhold 0.68) -18.0 LUFS, none: 'None' CER None (None) → ok
11:13:08 ✅ EOS token detected! Stopping generation at step 40
11:13:20 kald single k=1 t0 'Dage med regning,': 17.6 s for 1.56 s lyd
11:13:21   s.books.trophy.cat.flid t0: 0.91 s (forhold 0.59) -18.0 LUFS, none: 'None' CER None (None) → ok
11:13:25 ✅ EOS token detected! Stopping generation at step 26
11:13:34 kald single k=1 t0 'Læring,': 13.5 s for 1.00 s lyd
11:13:34   s.books.trophy.cat.laering t0: 0.54 s (forhold 0.86) -18.0 LUFS, none: 'None' CER None (None) → ok
11:13:38 ✅ EOS token detected! Stopping generation at step 25
11:13:50 kald single k=1 t0 'Rejsen,': 15.5 s for 0.96 s lyd
11:13:50   s.books.trophy.cat.rejse t0: 0.53 s (forhold 0.84) -18.1 LUFS, none: 'None' CER None (None) → ok
11:13:55 ✅ EOS token detected! Stopping generation at step 29
11:14:04 kald single k=1 t0 'Hele sæt,': 13.8 s for 1.12 s lyd
11:14:05   s.books.trophy.cat.stil t0: 0.74 s (forhold 0.79) -18.0 LUFS, none: 'None' CER None (None) → ok
11:14:10 ✅ EOS token detected! Stopping generation at step 34
11:14:20 kald single k=1 t0 'Dyrevenner,': 15.9 s for 1.32 s lyd
11:14:21   s.books.trophy.cat.venner t0: 0.60 s (forhold 0.48) -18.0 LUFS, none: 'None' CER None (None) → ok
11:14:27 ✅ EOS token detected! Stopping generation at step 48
11:14:38 kald single k=1 t0 'Se den i Dyrehaven,': 17.3 s for 1.88 s lyd
11:14:39   s.books.visit t0: 1.23 s (forhold 0.56) -18.0 LUFS, alone: 'se den i dyrehaven' CER 0.0 (wav2vec2) → ok
11:14:39   ✓ master s.books.visit t0 (bestået)
11:14:46 ✅ EOS token detected! Stopping generation at step 51
11:14:57 kald single k=1 t0 'Gem ægget til senere,': 17.9 s for 2.00 s lyd
11:14:58   s.ceremony.egg.later t0: 1.31 s (forhold 0.60) -18.02 LUFS, alone: 'gemægget til senere' CER 0.0 (wav2vec2) → ok
11:14:58   ✓ master s.ceremony.egg.later t0 (bestået)
11:15:05 ✅ EOS token detected! Stopping generation at step 40
11:15:16 kald single k=1 t0 'Medaljen er for:,': 17.8 s for 1.56 s lyd
11:15:16   s.ceremony.medal.for t0: 0.89 s (forhold 0.57) -18.0 LUFS, none: 'None' CER None (None) → ok
11:15:22 ✅ EOS token detected! Stopping generation at step 36
11:15:33 kald single k=1 t0 'Skriv et navn,': 16.4 s for 1.40 s lyd
11:15:33   s.ceremony.name.hint t0: 0.76 s (forhold 0.81) -18.0 LUFS, none: 'None' CER None (None) → ok
11:15:38 ✅ EOS token detected! Stopping generation at step 36
11:15:49 kald single k=1 t0 'Din ven hedder,': 16.4 s for 1.40 s lyd
11:15:50   s.ceremony.name.is t0: 0.73 s (forhold 0.58) -18.0 LUFS, none: 'None' CER None (None) → ok
11:15:53 ✅ EOS token detected! Stopping generation at step 26
11:16:10 kald single k=1 t0 'Skriv selv,': 20.0 s for 1.00 s lyd
11:16:11   s.ceremony.name.own t0: 0.65 s (forhold 1.04) -18.0 LUFS, none: 'None' CER None (None) → ok
11:16:19 ✅ EOS token detected! Stopping generation at step 31
11:16:39 kald single k=1 t0 'perler,': 28.1 s for 1.20 s lyd
11:16:39   s.ceremony.perler t0: 0.46 s (forhold 0.74) -18.1 LUFS, none: 'None' CER None (None) → ok
11:16:48 ✅ EOS token detected! Stopping generation at step 31
11:17:06 kald single k=1 t0 'planker lagt,': 27.1 s for 1.20 s lyd
11:17:07   s.ceremony.trial.score t0: 0.86 s (forhold 0.92) -18.19 LUFS, none: 'None' CER None (None) → ok
11:17:21 ✅ EOS token detected! Stopping generation at step 27
11:17:38 kald single k=1 t0 'Prøv den på,': 30.7 s for 1.04 s lyd
11:17:38   s.ceremony.tryOn t0: 0.69 s (forhold 0.74) -18.08 LUFS, none: 'None' CER None (None) → ok
11:17:42 ✅ EOS token detected! Stopping generation at step 29
11:17:52 kald single k=1 t0 'point,': 13.5 s for 1.12 s lyd
11:17:52   s.ceremony.xp t0: 0.50 s (forhold 0.80) -18.15 LUFS, none: 'None' CER None (None) → ok
11:17:57 ✅ EOS token detected! Stopping generation at step 35
11:18:07 kald single k=1 t0 'I kisten ligger:,': 14.7 s for 1.36 s lyd
11:18:07   s.map.about.chest t0: 1.06 s (forhold 0.68) -18.0 LUFS, none: 'None' CER None (None) → ok
11:18:15 ✅ EOS token detected! Stopping generation at step 59
11:18:26 kald single k=1 t0 'Kisten er åben. Den gav dig:,': 19.3 s for 2.32 s lyd
11:18:33   s.map.about.chestOpen t0: 1.71 s (forhold 0.68) -18.07 LUFS, alone: 'kisten er åben den gater' CER 0.1905 (wav2vec2, whisper: 'Kisten er åben den gæter') → FEJL asr
11:18:40 ✅ EOS token detected! Stopping generation at step 51
11:18:51 kald single k=1 t0 'Her møder du en ny ven:,': 18.0 s for 2.00 s lyd
11:18:52   s.map.about.friend t0: 1.27 s (forhold 0.58) -18.04 LUFS, alone: 'her møder du en ny ven' CER 0.0 (wav2vec2) → ok
11:18:52   ✓ master s.map.about.friend t0 (bestået)
11:18:58 ✅ EOS token detected! Stopping generation at step 46
11:19:08 kald single k=1 t0 'Her fik du en ny ven:,': 16.1 s for 1.80 s lyd
11:19:09   s.map.about.friendMet t0: 1.20 s (forhold 0.64) -18.17 LUFS, alone: 'her fik du en ny ven' CER 0.0 (wav2vec2) → ok
11:19:09   ✓ master s.map.about.friendMet t0 (bestået)
11:19:14 ✅ EOS token detected! Stopping generation at step 38
11:19:24 kald single k=1 t0 'Klæd din ven på,': 14.5 s for 1.48 s lyd
11:19:31   s.map.buddy t0: 0.84 s (forhold 0.67) -18.0 LUFS, alone: 'klædding vind på' CER 0.25 (wav2vec2, whisper: 'Klad din ven på') → FEJL asr
11:19:36 ✅ EOS token detected! Stopping generation at step 40
11:19:47 kald single k=1 t0 'Træningshytten,': 16.2 s for 1.56 s lyd
11:19:48   s.map.hut t0: 0.87 s (forhold 0.70) -18.08 LUFS, none: 'None' CER None (None) → ok
11:19:51 ✅ EOS token detected! Stopping generation at step 24
11:20:02 kald single k=1 t0 'Niveau,': 14.0 s for 0.92 s lyd
11:20:02   s.map.level t0: 0.42 s (forhold 0.45) -18.0 LUFS, none: 'None' CER None (None) → ok
11:20:13 ✅ EOS token detected! Stopping generation at step 73
11:20:32 kald single k=1 t0 'Det åbner, når du har klaret mesterprøven i,': 29.5 s for 2.88 s lyd
11:20:33   s.map.locked.requires t0: 2.10 s (forhold 0.52) -18.06 LUFS, alone: 'det åbner når du har klaret mesterprøven i' CER 0.0 (wav2vec2) → ok
11:20:33   ✓ master s.map.locked.requires t0 (bestået)
11:20:39 ✅ EOS token detected! Stopping generation at step 34
11:20:49 kald single k=1 t0 'Næste sted,': 15.6 s for 1.32 s lyd
11:20:49   s.map.next t0: 0.74 s (forhold 0.79) -18.0 LUFS, none: 'None' CER None (None) → ok
11:20:52 ✅ EOS token detected! Stopping generation at step 25
11:21:02 kald single k=1 t0 'Kisten,': 13.1 s for 0.96 s lyd
11:21:03   s.map.node.chest t0: 0.51 s (forhold 0.82) -18.0 LUFS, none: 'None' CER None (None) → ok
11:21:13 ✅ EOS token detected! Stopping generation at step 41
11:21:25 kald single k=1 t0 'Verdensfesten,': 22.3 s for 1.60 s lyd
11:21:25   s.map.node.finale t0: 0.93 s (forhold 0.74) -18.13 LUFS, none: 'None' CER None (None) → ok
11:21:30 ✅ EOS token detected! Stopping generation at step 29
11:21:39 kald single k=1 t0 'Ny ven,': 13.3 s for 1.12 s lyd
11:21:39   s.map.node.friend t0: 0.66 s (forhold 1.05) -18.0 LUFS, none: 'None' CER None (None) → ok
11:21:42 ✅ EOS token detected! Stopping generation at step 26
11:21:52 kald single k=1 t0 'Lær nyt,': 13.2 s for 1.00 s lyd
11:21:53   s.map.node.l1 t0: 0.53 s (forhold 0.84) -18.0 LUFS, none: 'None' CER None (None) → ok
11:21:57 ✅ EOS token detected! Stopping generation at step 28
11:22:11 kald single k=1 t0 'Lær mere,': 18.1 s for 1.08 s lyd
11:22:11   s.map.node.l2 t0: 0.66 s (forhold 0.70) -18.0 LUFS, none: 'None' CER None (None) → ok
11:22:20 ✅ EOS token detected! Stopping generation at step 37
11:22:33 kald single k=1 t0 'Blandet tur,': 21.9 s for 1.44 s lyd
11:22:34   s.map.node.mix t0: 0.67 s (forhold 0.71) -18.12 LUFS, none: 'None' CER None (None) → ok
11:22:39 ✅ EOS token detected! Stopping generation at step 36
11:22:49 kald single k=1 t0 'Mesterprøven,': 15.5 s for 1.40 s lyd
11:22:50   s.map.node.trial t0: 0.76 s (forhold 0.61) -18.0 LUFS, none: 'None' CER None (None) → ok
11:22:54 ✅ EOS token detected! Stopping generation at step 33
11:23:04 kald single k=1 t0 'Du har,': 14.2 s for 1.28 s lyd
11:23:04   s.map.perler.have t0: 0.43 s (forhold 0.69) -18.0 LUFS, none: 'None' CER None (None) → ok
11:23:09 ✅ EOS token detected! Stopping generation at step 40
11:23:21 kald single k=1 t0 'Blandet øvelse,': 16.9 s for 1.56 s lyd
11:23:22   s.map.practice t0: 0.94 s (forhold 0.60) -18.12 LUFS, none: 'None' CER None (None) → ok
11:23:25 ✅ EOS token detected! Stopping generation at step 30
11:23:35 kald single k=1 t0 'Nyt sted!': 13.2 s for 1.16 s lyd
11:23:35   s.map.region.new t0: 0.71 s (forhold 1.14) -18.0 LUFS, none: 'None' CER None (None) → ok
11:23:41 ✅ EOS token detected! Stopping generation at step 44
11:23:52 kald single k=1 t0 'Fortsæt turen,': 16.5 s for 1.72 s lyd
11:23:52   s.map.resume t0: 1.10 s (forhold 0.88) -18.04 LUFS, none: 'None' CER None (None) → ok
11:23:57 ✅ EOS token detected! Stopping generation at step 34
11:24:10 kald single k=1 t0 'Skift spiller,': 18.0 s for 1.32 s lyd
11:24:10   s.map.switch t0: 1.07 s (forhold 1.15) -18.0 LUFS, none: 'None' CER None (None) → ok
11:24:18 ✅ EOS token detected! Stopping generation at step 41
11:24:28 kald single k=1 t0 'Vælg en verden,': 17.8 s for 1.60 s lyd
11:24:29   s.map.world.choose t0: 0.93 s (forhold 0.75) -18.0 LUFS, none: 'None' CER None (None) → ok
11:24:34 ✅ EOS token detected! Stopping generation at step 38
11:24:44 kald single k=1 t0 'Et andet æg,': 15.3 s for 1.48 s lyd
11:24:44   s.onb.egg.other t0: 0.90 s (forhold 0.72) -18.0 LUFS, none: 'None' CER None (None) → ok
11:24:53 ✅ EOS token detected! Stopping generation at step 41
11:25:03 kald single k=1 t0 'Børnehaveklasse,': 18.3 s for 1.60 s lyd
11:25:03   s.onb.grade.0 t0: 0.93 s (forhold 0.49) -18.0 LUFS, none: 'None' CER None (None) → ok
11:25:08 ✅ EOS token detected! Stopping generation at step 37
11:25:19 kald single k=1 t0 'Første klasse,': 15.8 s for 1.44 s lyd
11:25:19   s.onb.grade.1 t0: 0.81 s (forhold 0.64) -18.0 LUFS, none: 'None' CER None (None) → ok
11:25:25 ✅ EOS token detected! Stopping generation at step 39
11:25:35 kald single k=1 t0 'Anden klasse,': 15.6 s for 1.52 s lyd
11:25:35   s.onb.grade.2 t0: 0.97 s (forhold 0.78) -18.03 LUFS, none: 'None' CER None (None) → ok
11:25:41 ✅ EOS token detected! Stopping generation at step 39
11:25:51 kald single k=1 t0 'Tredje klasse,': 16.1 s for 1.52 s lyd
11:25:52   s.onb.grade.3 t0: 0.82 s (forhold 0.66) -18.16 LUFS, none: 'None' CER None (None) → ok
11:25:58 ✅ EOS token detected! Stopping generation at step 36
11:26:12 kald single k=1 t0 'Ny spiller,': 20.1 s for 1.40 s lyd
11:26:13   s.profiles.add t0: 0.72 s (forhold 0.77) -18.0 LUFS, none: 'None' CER None (None) → ok
11:26:20 ✅ EOS token detected! Stopping generation at step 34
11:26:30 kald single k=1 t0 'Slet en spiller,': 17.5 s for 1.32 s lyd
11:26:31   s.profiles.delete t0: 1.04 s (forhold 0.83) -18.17 LUFS, none: 'None' CER None (None) → ok
11:26:35 ✅ EOS token detected! Stopping generation at step 23
11:26:43 kald single k=1 t0 'Fortryd,': 12.3 s for 0.88 s lyd
11:26:44   s.profiles.delete.cancel t0: 0.48 s (forhold 0.76) -18.0 LUFS, none: 'None' CER None (None) → ok
11:26:48 ✅ EOS token detected! Stopping generation at step 25
11:26:57 kald single k=1 t0 'Nej tak,': 13.6 s for 0.96 s lyd
11:26:58   s.shop.buy.no t0: 0.59 s (forhold 0.95) -18.14 LUFS, none: 'None' CER None (None) → ok
11:27:02 ✅ EOS token detected! Stopping generation at step 33
11:27:13 kald single k=1 t0 'Ja, køb den,': 14.9 s for 1.28 s lyd
11:27:13   s.shop.buy.yes t0: 0.89 s (forhold 0.95) -18.17 LUFS, none: 'None' CER None (None) → ok
11:27:19 ✅ EOS token detected! Stopping generation at step 46
11:27:30 kald single k=1 t0 'En ny farve koster,': 17.4 s for 1.80 s lyd
11:27:32   s.shop.color.cost t0: 1.24 s (forhold 0.66) -18.05 LUFS, alone: 'en ny farve koster' CER 0.0 (wav2vec2) → ok
11:27:32   ✓ master s.shop.color.cost t0 (bestået)
11:27:38 ✅ EOS token detected! Stopping generation at step 33
11:27:48 kald single k=1 t0 'Den koster,': 15.9 s for 1.28 s lyd
11:27:48   s.shop.cost t0: 0.61 s (forhold 0.65) -18.12 LUFS, none: 'None' CER None (None) → ok
11:27:54 ✅ EOS token detected! Stopping generation at step 41
11:28:05 kald single k=1 t0 'Se Dyrehaven,': 16.9 s for 1.60 s lyd
11:28:05   s.shop.decor.see t0: 0.96 s (forhold 0.62) -18.0 LUFS, none: 'None' CER None (None) → ok
11:28:09 ✅ EOS token detected! Stopping generation at step 26
11:28:18 kald single k=1 t0 'Din,': 13.1 s for 1.00 s lyd
11:28:19   s.shop.owned t0: 0.41 s (forhold 1.32) -18.0 LUFS, none: 'None' CER None (None) → ok
11:28:23 ✅ EOS token detected! Stopping generation at step 32
11:28:32 kald single k=1 t0 'perler.': 13.5 s for 1.24 s lyd
11:28:33   s.shop.perler.end t0: 0.46 s (forhold 0.74) -18.0 LUFS, none: 'None' CER None (None) → ok
11:28:35 ✅ EOS token detected! Stopping generation at step 18
11:28:46 kald single k=1 t0 'Tøj,': 13.2 s for 0.68 s lyd
11:28:46   s.shop.tab.clothes t0: 0.37 s (forhold 1.18) -18.0 LUFS, none: 'None' CER None (None) → ok
11:28:54 ✅ EOS token detected! Stopping generation at step 29
11:29:06 kald single k=1 t0 'Farver,': 20.0 s for 1.12 s lyd
11:29:07   s.shop.tab.colors t0: 0.44 s (forhold 0.70) -18.0 LUFS, none: 'None' CER None (None) → ok
11:29:11 ✅ EOS token detected! Stopping generation at step 28
11:29:20 kald single k=1 t0 'Pynt,': 13.5 s for 1.08 s lyd
11:29:20   s.shop.tab.decor t0: 0.44 s (forhold 1.41) -18.0 LUFS, none: 'None' CER None (None) → ok
11:29:24 ✅ EOS token detected! Stopping generation at step 24
11:29:33 kald single k=1 t0 'Butikken,': 12.7 s for 0.92 s lyd
11:29:34   s.shop.title t0: 0.60 s (forhold 0.63) -18.0 LUFS, none: 'None' CER None (None) → ok
11:29:38 ✅ EOS token detected! Stopping generation at step 34
11:29:49 kald single k=1 t0 'Ønsk dig den,': 15.2 s for 1.32 s lyd
11:29:49   s.shop.wish t0: 0.71 s (forhold 0.76) -18.14 LUFS, none: 'None' CER None (None) → ok
11:29:54 ✅ EOS token detected! Stopping generation at step 38
11:30:04 kald single k=1 t0 'Fjern ønsket,': 14.7 s for 1.48 s lyd
11:30:04   s.shop.wish.remove t0: 0.80 s (forhold 0.85) -18.06 LUFS, none: 'None' CER None (None) → ok
11:30:09 ✅ EOS token detected! Stopping generation at step 34
11:30:19 kald single k=1 t0 'Dit ønske,': 14.6 s for 1.32 s lyd
11:30:19   s.shop.wish.title t0: 0.69 s (forhold 0.74) -18.0 LUFS, none: 'None' CER None (None) → ok
11:30:23 ✅ EOS token detected! Stopping generation at step 29
11:30:33 kald single k=1 t0 'Godt hørt!': 13.2 s for 1.12 s lyd
11:30:33   s.sound.good t0: 0.54 s (forhold 0.86) -18.13 LUFS, none: 'None' CER None (None) → ok
11:30:38 ✅ EOS token detected! Stopping generation at step 36
11:30:48 kald single k=1 t0 'Tænd for lyden,': 14.5 s for 1.40 s lyd
11:30:48   s.sound.off.title t0: 0.75 s (forhold 0.60) -18.14 LUFS, none: 'None' CER None (None) → ok
11:30:52 ✅ EOS token detected! Stopping generation at step 26
11:31:01 kald single k=1 t0 'Prøv igen,': 13.1 s for 1.00 s lyd
11:31:02   s.sound.retry t0: 0.64 s (forhold 0.68) -18.13 LUFS, none: 'None' CER None (None) → ok
11:31:08 ✅ EOS token detected! Stopping generation at step 50
11:31:21 kald single k=1 t0 'Den ligger i kisten i,': 19.1 s for 1.96 s lyd
11:31:22   s.wardrobe.how.chest t0: 1.22 s (forhold 0.56) -18.0 LUFS, alone: 'den ligger i kisten i' CER 0.0 (wav2vec2) → ok
11:31:22   ✓ master s.wardrobe.how.chest t0 (bestået)
11:31:38 ✅ EOS token detected! Stopping generation at step 70
11:31:50 kald single k=1 t0 'Den farve kan du købe i butikken for,': 28.5 s for 2.76 s lyd
11:31:53   s.wardrobe.how.color t0: 2.18 s (forhold 0.58) -18.11 LUFS, alone: 'den farve kan du købe i butikken for' CER 0.0 (wav2vec2) → ok
11:31:53   ✓ master s.wardrobe.how.color t0 (bestået)
11:32:02 ✅ EOS token detected! Stopping generation at step 55
11:32:15 kald single k=1 t0 'Den får du til den store fest i,': 22.8 s for 2.16 s lyd
11:32:18   s.wardrobe.how.finale t0: 1.47 s (forhold 0.52) -18.17 LUFS, alone: 'den får du til den store fest i' CER 0.0 (wav2vec2) → ok
11:32:18   ✓ master s.wardrobe.how.finale t0 (bestået)
11:32:23 ✅ EOS token detected! Stopping generation at step 36
11:32:40 kald single k=1 t0 'guldmedaljer.': 21.7 s for 1.40 s lyd
11:32:40   s.wardrobe.how.gold.end t0: 0.83 s (forhold 0.66) -18.0 LUFS, none: 'None' CER None (None) → ok
11:32:48 ✅ EOS token detected! Stopping generation at step 36
11:33:05 kald single k=1 t0 'guldmedalje.': 24.6 s for 1.40 s lyd
11:33:06   s.wardrobe.how.gold.one.end t0: 0.76 s (forhold 0.61) -18.0 LUFS, none: 'None' CER None (None) → ok
11:33:18 ✅ EOS token detected! Stopping generation at step 43
11:33:51 kald single k=1 t0 'Den får du på niveau,': 45.1 s for 1.68 s lyd
11:33:52   s.wardrobe.how.level t0: 0.93 s (forhold 0.42) -18.07 LUFS, alone: 'den får du på niveau' CER 0.0 (wav2vec2) → ok
11:33:52   ✓ master s.wardrobe.how.level t0 (bestået)
11:34:04 ✅ EOS token detected! Stopping generation at step 51
11:34:17 kald single k=1 t0 'Den får du, når du har fået,': 25.1 s for 2.00 s lyd
11:34:18   s.wardrobe.how.medal t0: 1.31 s (forhold 0.52) -18.17 LUFS, alone: 'den får du når du har fået' CER 0.0 (wav2vec2) → ok
11:34:18   ✓ master s.wardrobe.how.medal t0 (bestået)
11:34:28 ✅ EOS token detected! Stopping generation at step 61
11:34:40 kald single k=1 t0 'Den kan du købe i butikken for,': 22.0 s for 2.40 s lyd
11:34:43   s.wardrobe.how.shop t0: 1.58 s (forhold 0.51) -18.03 LUFS, alone: 'den kan du købe i butikken for' CER 0.0 (wav2vec2) → ok
11:34:43   ✓ master s.wardrobe.how.shop t0 (bestået)
11:34:52 ✅ EOS token detected! Stopping generation at step 32
11:35:14 kald single k=1 t0 'sølvmedaljer.': 30.7 s for 1.24 s lyd
11:35:14   s.wardrobe.how.silver.end t0: 0.92 s (forhold 0.73) -18.0 LUFS, none: 'None' CER None (None) → ok
11:35:23 ✅ EOS token detected! Stopping generation at step 32
11:35:39 kald single k=1 t0 'sølvmedalje.': 24.1 s for 1.24 s lyd
11:35:40   s.wardrobe.how.silver.one.end t0: 0.90 s (forhold 0.72) -18.0 LUFS, none: 'None' CER None (None) → ok
11:35:49 ✅ EOS token detected! Stopping generation at step 23
11:36:03 kald single k=1 t0 'Dit tøj,': 23.3 s for 0.88 s lyd
11:36:03   s.wardrobe.mine t0: 0.58 s (forhold 0.93) -18.0 LUFS, none: 'None' CER None (None) → ok
11:36:12 ✅ EOS token detected! Stopping generation at step 36
11:36:26 kald single k=1 t0 'Det kan du få,': 23.1 s for 1.40 s lyd
11:36:27   s.wardrobe.more t0: 0.58 s (forhold 0.47) -18.1 LUFS, alone: 'det kan du få' CER 0.0 (wav2vec2) → ok
11:36:27   ✓ master s.wardrobe.more t0 (bestået)
11:36:31 ✅ EOS token detected! Stopping generation at step 20
11:36:42 kald single k=1 t0 'Ny,': 14.7 s for 0.76 s lyd
11:36:42   s.wardrobe.new t0: 0.26 s (forhold 0.82) -18.0 LUFS, none: 'None' CER None (None) → ok
11:36:48 ✅ EOS token detected! Stopping generation at step 34
11:36:59 kald single k=1 t0 'Tag af,': 16.4 s for 1.32 s lyd
11:36:59   s.wardrobe.off t0: 0.48 s (forhold 0.78) -18.0 LUFS, none: 'None' CER None (None) → ok
11:37:02 ✅ EOS token detected! Stopping generation at step 23
11:37:12 kald single k=1 t0 'Ryg,': 13.0 s for 0.88 s lyd
11:37:12   s.wardrobe.slot.back t0: 0.29 s (forhold 0.94) -18.12 LUFS, none: 'None' CER None (None) → ok
11:37:17 ✅ EOS token detected! Stopping generation at step 21
11:37:25 kald single k=1 t0 'Krop,': 13.0 s for 0.80 s lyd
11:37:26   s.wardrobe.slot.body t0: 0.28 s (forhold 0.91) -18.26 LUFS, none: 'None' CER None (None) → ok
11:37:29 ✅ EOS token detected! Stopping generation at step 23
11:37:39 kald single k=1 t0 'Ansigt,': 13.0 s for 0.88 s lyd
11:37:39   s.wardrobe.slot.face t0: 0.56 s (forhold 0.89) -18.0 LUFS, none: 'None' CER None (None) → ok
11:37:42 ✅ EOS token detected! Stopping generation at step 20
11:37:51 kald single k=1 t0 'Hånd,': 12.4 s for 0.76 s lyd
11:37:52   s.wardrobe.slot.hand t0: 0.24 s (forhold 0.76) -18.42 LUFS, none: 'None' CER None (None) → ok
11:37:55 ✅ EOS token detected! Stopping generation at step 23
11:38:05 kald single k=1 t0 'Hoved,': 13.0 s for 0.88 s lyd
11:38:05   s.wardrobe.slot.head t0: 0.38 s (forhold 0.60) -18.0 LUFS, none: 'None' CER None (None) → ok
11:38:09 forcing EOS token, long_tail=tensor(True), alignment_repetition=tensor(False), token_repetition=False
11:38:09 ✅ EOS token detected! Stopping generation at step 24
11:38:18 kald single k=1 t0 'Hals,': 12.9 s for 0.92 s lyd
11:38:18   s.wardrobe.slot.neck t0: 0.48 s (forhold 1.53) -18.0 LUFS, none: 'None' CER None (None) → ok
11:38:23 ✅ EOS token detected! Stopping generation at step 31
11:38:34 kald single k=1 t0 'Garderoben,': 15.7 s for 1.20 s lyd
11:38:34   s.wardrobe.title t0: 0.65 s (forhold 0.52) -18.04 LUFS, none: 'None' CER None (None) → ok
11:38:40 ✅ EOS token detected! Stopping generation at step 33
11:38:53 kald single k=1 t0 'Til butikken,': 18.8 s for 1.28 s lyd
11:38:54   s.wardrobe.toShop t0: 0.67 s (forhold 0.53) -18.0 LUFS, none: 'None' CER None (None) → ok
11:39:00 ✅ EOS token detected! Stopping generation at step 44
11:39:12 kald single k=1 t0 'Det er dit ønske,': 18.3 s for 1.72 s lyd
11:39:13   s.wardrobe.wished t0: 0.95 s (forhold 0.61) -18.11 LUFS, alone: 'det er dit ønske' CER 0.0 (wav2vec2) → ok
11:39:13   ✓ master s.wardrobe.wished t0 (bestået)
11:39:18 ✅ EOS token detected! Stopping generation at step 39
11:39:30 kald single k=1 t0 'Bedste ven,': 17.2 s for 1.52 s lyd
11:39:30   s.zoo.bestFriend t0: 0.62 s (forhold 0.66) -18.0 LUFS, none: 'None' CER None (None) → ok
11:39:36 ✅ EOS token detected! Stopping generation at step 35
11:39:45 kald single k=1 t0 'Tag med på tur,': 14.8 s for 1.36 s lyd
11:39:51   s.zoo.buddy.choose t0: 0.76 s (forhold 0.61) -18.07 LUFS, alone: 'tage med på tur' CER 0.0909 (wav2vec2, whisper: 'Tage med på tur') → FEJL asr
11:39:55 ✅ EOS token detected! Stopping generation at step 30
11:40:05 kald single k=1 t0 'Med på tur,': 13.5 s for 1.16 s lyd
11:40:05   s.zoo.buddy.is t0: 0.76 s (forhold 0.81) -18.06 LUFS, none: 'None' CER None (None) → ok
11:40:09 ✅ EOS token detected! Stopping generation at step 29
11:40:18 kald single k=1 t0 'Klæd på,': 13.0 s for 1.12 s lyd
11:40:18   s.zoo.dress t0: 0.45 s (forhold 0.72) -18.0 LUFS, none: 'None' CER None (None) → ok
11:40:23 ✅ EOS token detected! Stopping generation at step 36
11:40:33 kald single k=1 t0 'Rugeægget,': 14.3 s for 1.40 s lyd
11:40:33   s.zoo.egg t0: 0.85 s (forhold 0.68) -18.0 LUFS, none: 'None' CER None (None) → ok
11:40:38 ✅ EOS token detected! Stopping generation at step 36
11:40:47 kald single k=1 t0 'Ægget bliver til,': 14.2 s for 1.40 s lyd
11:40:48   s.zoo.egg.becomes t0: 0.80 s (forhold 0.51) -18.14 LUFS, none: 'None' CER None (None) → ok
11:40:52 ✅ EOS token detected! Stopping generation at step 31
11:41:01 kald single k=1 t0 'Skift dyr,': 12.8 s for 1.20 s lyd
11:41:01   s.zoo.egg.change t0: 0.64 s (forhold 1.02) -18.0 LUFS, none: 'None' CER None (None) → ok
11:41:05 ✅ EOS token detected! Stopping generation at step 28
11:41:14 kald single k=1 t0 'Baby,': 13.1 s for 1.08 s lyd
11:41:14   s.zoo.form.1 t0: 0.38 s (forhold 0.60) -18.0 LUFS, none: 'None' CER None (None) → ok
11:41:18 ✅ EOS token detected! Stopping generation at step 23
11:41:27 kald single k=1 t0 'Ung,': 12.3 s for 0.88 s lyd
11:41:27   s.zoo.form.2 t0: 0.28 s (forhold 0.88) -18.21 LUFS, none: 'None' CER None (None) → ok
11:41:30 ✅ EOS token detected! Stopping generation at step 19
11:41:39 kald single k=1 t0 'Stor,': 11.9 s for 0.72 s lyd
11:41:39   s.zoo.form.3 t0: 0.36 s (forhold 1.17) -18.0 LUFS, none: 'None' CER None (None) → ok
11:41:43 ✅ EOS token detected! Stopping generation at step 25
11:41:52 kald single k=1 t0 'Stjerne,': 12.4 s for 0.96 s lyd
11:41:52   s.zoo.form.star t0: 0.58 s (forhold 0.93) -18.11 LUFS, none: 'None' CER None (None) → ok
11:41:55 ✅ EOS token detected! Stopping generation at step 23
11:42:04 kald single k=1 t0 'Form,': 11.8 s for 0.88 s lyd
11:42:04   s.zoo.forms t0: 0.34 s (forhold 1.09) -18.18 LUFS, none: 'None' CER None (None) → ok
11:42:08 ✅ EOS token detected! Stopping generation at step 28
11:42:17 kald single k=1 t0 'Venskab,': 12.8 s for 1.08 s lyd
11:42:17   s.zoo.friendship t0: 0.51 s (forhold 0.81) -18.0 LUFS, none: 'None' CER None (None) → ok
11:42:24 ✅ EOS token detected! Stopping generation at step 49
11:42:35 kald single k=1 t0 'Jeres venskab er på niveau,': 17.4 s for 1.92 s lyd
11:42:36   s.zoo.friendship.level t0: 1.27 s (forhold 0.45) -18.12 LUFS, alone: 'jeres vinskab er på niveau' CER 0.0455 (wav2vec2) → ok
11:42:36   ✓ master s.zoo.friendship.level t0 (bestået)
11:42:40 ✅ EOS token detected! Stopping generation at step 30
11:42:49 kald single k=1 t0 'Vælg den,': 13.0 s for 1.16 s lyd
11:42:49   s.zoo.magic.pick t0: 0.53 s (forhold 0.84) -18.13 LUFS, none: 'None' CER None (None) → ok
11:42:54 ✅ EOS token detected! Stopping generation at step 35
11:43:04 kald single k=1 t0 'Nyt navn,': 14.9 s for 1.36 s lyd
11:43:05   s.zoo.rename t0: 0.90 s (forhold 1.43) -18.0 LUFS, none: 'None' CER None (None) → ok
11:43:12 ✅ EOS token detected! Stopping generation at step 36
11:43:26 kald single k=1 t0 'Dyrehaven,': 21.4 s for 1.40 s lyd
11:43:26   s.zoo.title t0: 0.67 s (forhold 0.54) -18.0 LUFS, none: 'None' CER None (None) → ok
11:43:32 ✅ EOS token detected! Stopping generation at step 29
11:43:43 kald single k=1 t0 'Kald,': 16.3 s for 1.12 s lyd
11:43:43   s.zoo.trick.call t0: 0.28 s (forhold 0.90) -18.16 LUFS, none: 'None' CER None (None) → ok
11:43:47 ✅ EOS token detected! Stopping generation at step 29
11:43:56 kald single k=1 t0 'Jubel,': 13.0 s for 1.12 s lyd
11:43:57   s.zoo.trick.cheer t0: 0.46 s (forhold 0.73) -18.0 LUFS, none: 'None' CER None (None) → ok
11:44:00 ✅ EOS token detected! Stopping generation at step 29
11:44:10 kald single k=1 t0 'Dans,': 13.2 s for 1.12 s lyd
11:44:10   s.zoo.trick.dance t0: 0.47 s (forhold 1.51) -18.0 LUFS, none: 'None' CER None (None) → ok
11:44:13 forcing EOS token, long_tail=tensor(True), alignment_repetition=tensor(False), token_repetition=False
11:44:13 ✅ EOS token detected! Stopping generation at step 23
11:44:22 kald single k=1 t0 'Hop,': 12.1 s for 0.88 s lyd
11:44:23   s.zoo.trick.hop t0: 0.28 s (forhold 0.90) -19.15 LUFS, none: 'None' CER None (None) → FEJL efterbehandling
11:44:27 ✅ EOS token detected! Stopping generation at step 31
11:44:38 kald single k=1 t0 'Eget trick,': 14.9 s for 1.20 s lyd
11:44:38   s.zoo.trick.signature t0: 0.68 s (forhold 0.72) -18.17 LUFS, none: 'None' CER None (None) → ok
11:44:46 ✅ EOS token detected! Stopping generation at step 25
11:45:01 kald single k=1 t0 'Snurre,': 22.6 s for 0.96 s lyd
11:45:02   s.zoo.trick.spin t0: 0.60 s (forhold 0.96) -18.17 LUFS, none: 'None' CER None (None) → ok
11:45:08 ✅ EOS token detected! Stopping generation at step 29
11:45:19 kald single k=1 t0 'Tricks,': 17.2 s for 1.12 s lyd
11:45:19   s.zoo.tricks t0: 0.52 s (forhold 1.65) -18.0 LUFS, none: 'None' CER None (None) → ok
11:45:32 ✅ EOS token detected! Stopping generation at step 89
11:45:46 kald sentence k=2 t0 'Det går rigtig godt med det her! Nye steder er dukket op på kortet!': 26.3 s for 3.52 s lyd
11:45:47   s.reward.learned.box3 t0: 1.13 s (forhold 0.45) -18.2 LUFS, alone: 'det går rigtig godt med det her' CER 0.0 (wav2vec2) → ok
11:45:47   s.reward.regions.open t0: 1.55 s (forhold 0.45) -18.0 LUFS, alone: 'nye steder er dukket op på kortet' CER 0.0 (wav2vec2) → ok
11:45:47   ✓ master s.reward.learned.box3 t0 (bestået)
11:45:47   ✓ master s.reward.regions.open t0 (bestået)
11:46:16 ✅ EOS token detected! Stopping generation at step 192
11:46:39 kald sentence k=4 t0 'Alt det, du kan. Saml alle seks ting fra Fest-sættet. Den verden åbner': 51.7 s for 7.64 s lyd
11:46:41   s.books.can.about t0: 0.73 s (forhold 0.58) -18.06 LUFS, alone: 'alt det du kan' CER 0.0 (wav2vec2) → ok
11:46:48   s.books.trophy.how.set-fest t0: 2.23 s (forhold 0.79) -18.17 LUFS, alone: 'Samle alle seks ting fra festsættet' CER 0.0345 (whisper, wav2vec2: 'sammen ed alle seks ting fra fest settet') → ok
11:46:55   s.map.locked.world t0: 2.19 s (forhold 0.50) -18.13 LUFS, alone: 'Den verden åbner når du er nået længere frem' CER 0.0 (whisper, wav2vec2: 'den verden åbner når du er noget længere frem') → ok
11:46:56   s.shop.buy.ask t0: 0.69 s (forhold 0.44) -18.0 LUFS, alone: 'vil du købe den' CER 0.0 (wav2vec2) → ok
11:46:56   ✓ master s.books.can.about t0 (bestået)
11:46:56   ✓ master s.books.trophy.how.set-fest t0 (bestået)
11:46:56   ✓ master s.map.locked.world t0 (bestået)
11:46:56   ✓ master s.shop.buy.ask t0 (bestået)
11:48:35 ✅ EOS token detected! Stopping generation at step 244
11:49:58 kald sentence k=4 t0 'Når du bliver god til noget, kommer det i bogen her. Saml alle seks ti': 182.2 s for 9.72 s lyd
11:50:02   s.books.can.empty t0: 2.06 s (forhold 0.44) -18.03 LUFS, alone: 'når du bliver god til noget kommer det i bogen her' CER 0.0 (wav2vec2) → ok
11:50:09   s.books.trophy.how.set-fodbold t0: 2.12 s (forhold 0.68) -18.07 LUFS, alone: 'Samle alle 6 ting fra fodboldsættet' CER 0.0312 (whisper, wav2vec2: 'sammen er alle sekting fra fodboldsættet') → ok
11:50:15   s.map.region.tier.bronze t0: 1.26 s (forhold 0.67) -18.1 LUFS, alone: 'landternerne er tæt' CER 0.1667 (wav2vec2, whisper: 'Lanternerne er tæt') → FEJL asr
11:50:16   s.shop.clothes.about t0: 2.52 s (forhold 0.67) -18.13 LUFS, alone: 'tøj til dine dyr prisen står under hver ting' CER 0.0 (wav2vec2) → ok
11:50:16   ✓ master s.books.can.empty t0 (bestået)
11:50:16   ✓ master s.books.trophy.how.set-fodbold t0 (bestået)
11:50:16   ✓ master s.shop.clothes.about t0 (bestået)
11:50:44 ✅ EOS token detected! Stopping generation at step 187
11:51:06 kald sentence k=4 t0 'Jeg kan noget nyt. Saml alle seks ting fra Hverdag-sættet. Alle farver': 49.9 s for 7.44 s lyd
11:51:08   s.books.can.more t0: 0.78 s (forhold 0.50) -18.04 LUFS, alone: 'jeg kan noget nyt' CER 0.0 (wav2vec2) → ok
11:51:15   s.books.trophy.how.set-hverdag t0: 2.41 s (forhold 0.77) -18.04 LUFS, alone: 'samlen er alle seks ting fra hverdag sættet' CER 0.125 (wav2vec2, whisper: 'Samle alle seks ting fra hverdagssættet') → FEJL asr
11:51:16   s.map.region.tier.gold t0: 1.32 s (forhold 0.47) -18.06 LUFS, alone: 'alle farverne er tilbage' CER 0.0 (wav2vec2) → ok
11:51:22   s.shop.color.bought t0: 1.28 s (forhold 0.59) -18.08 LUFS, alone: 'Den nye farve er din' CER 0.0 (whisper, wav2vec2: 'den nye farve er den') → ok
11:51:22   ✓ master s.books.can.more t0 (bestået)
11:51:22   ✓ master s.map.region.tier.gold t0 (bestået)
11:51:22   ✓ master s.shop.color.bought t0 (bestået)
11:52:08 ✅ EOS token detected! Stopping generation at step 207
11:52:45 kald sentence k=4 t0 'Alle de dyr, du kan finde. Saml alle seks ting fra det kongelige sæt. ': 82.6 s for 8.24 s lyd
11:52:48   s.books.collection.about t0: 1.30 s (forhold 0.52) -18.12 LUFS, alone: 'alle de dyr du kan finde' CER 0.0 (wav2vec2) → ok
11:53:00   s.books.trophy.how.set-kongelig t0: 2.46 s (forhold 0.66) -18.07 LUFS, alone: 'Samle alle seks ting fra det kongelige sæt' CER 0.0294 (whisper, wav2vec2: 'sammen er alle seks ting fra det kongelige sæt') → ok
11:53:01   s.map.region.tier.silver t0: 1.62 s (forhold 0.52) -18.05 LUFS, alone: 'blomsterne og vandet er tilbage' CER 0.0 (wav2vec2) → ok
11:53:02   s.shop.color.owned t0: 1.23 s (forhold 0.79) -18.19 LUFS, alone: 'den farve er din' CER 0.0 (wav2vec2) → ok
11:53:02   ✓ master s.books.collection.about t0 (bestået)
11:53:02   ✓ master s.books.trophy.how.set-kongelig t0 (bestået)
11:53:02   ✓ master s.map.region.tier.silver t0 (bestået)
11:53:02   ✓ master s.shop.color.owned t0 (bestået)
11:53:52 ✅ EOS token detected! Stopping generation at step 289
11:54:21 kald sentence k=4 t0 'Når du har to fjordheste, kan araberen komme ud af ægget. Saml alle se': 79.3 s for 11.52 s lyd
11:54:25   s.books.how.breed.arabian t0: 3.51 s (forhold 0.62) -18.11 LUFS, alone: 'når du har to fjordheste kan araberen komme ud af ægget' CER 0.0 (wav2vec2) → ok
11:54:33   s.books.trophy.how.set-opdager t0: 2.56 s (forhold 0.74) -18.09 LUFS, alone: 'sammen ed alle seks ting fra opdager sittet' CER 0.1875 (wav2vec2, whisper: 'Samle alle seks ting fra at opdage sættet') → FEJL asr
11:54:34   s.map.region.tier.start t0: 2.05 s (forhold 0.60) -18.11 LUFS, alone: 'lærr her så kommer farverne tilbage' CER 0.0345 (wav2vec2) → ok
11:54:34   s.shop.colors.about t0: 1.72 s (forhold 0.46) -18.19 LUFS, alone: 'her kan du købe nye farver til dit tøj' CER 0.0 (wav2vec2) → ok
11:54:34   ✓ master s.books.how.breed.arabian t0 (bestået)
11:54:34   ✓ master s.map.region.tier.start t0 (bestået)
11:54:34   ✓ master s.shop.colors.about t0 (bestået)
11:55:18 ✅ EOS token detected! Stopping generation at step 289
11:55:46 kald sentence k=4 t0 'Når du har to shetlandsponyer, kan fjordhesten komme ud af ægget. Saml': 71.7 s for 11.52 s lyd
11:55:51   s.books.how.breed.fjord t0: 3.98 s (forhold 0.67) -18.14 LUFS, alone: 'når du har to shetlandsponyer kan fjordhesten komme ud af ægget' CER 0.0 (wav2vec2) → ok
11:56:00   s.books.trophy.how.set-pirat t0: 2.24 s (forhold 0.72) -18.1 LUFS, alone: 'Samle alle seks ting fra piratsættet' CER 0.0333 (whisper, wav2vec2: 'sammener alle s6ks ting fra piratsættet') → ok
11:56:02   s.map.resume.about t0: 2.36 s (forhold 0.69) -18.08 LUFS, alone: 'din tur er gimt spil videre hvor du slap' CER 0.0312 (wav2vec2) → ok
11:56:02   s.shop.colors.all t0: 1.17 s (forhold 0.53) -18.12 LUFS, alone: 'du har alle farverne' CER 0.0 (wav2vec2) → ok
11:56:02   ✓ master s.books.how.breed.fjord t0 (bestået)
11:56:02   ✓ master s.books.trophy.how.set-pirat t0 (bestået)
11:56:02   ✓ master s.map.resume.about t0 (bestået)
11:56:02   ✓ master s.shop.colors.all t0 (bestået)
11:56:48 ✅ EOS token detected! Stopping generation at step 294
11:57:34 kald sentence k=4 t0 'Når du har to vædderkaniner, kan løvehovedet komme ud af ægget. Saml a': 91.5 s for 11.72 s lyd
11:57:39   s.books.how.breed.lionhead t0: 3.40 s (forhold 0.52) -18.05 LUFS, alone: 'når du har to væderkaniner kan lyvehovedet komme ud af ægget' CER 0.0392 (wav2vec2) → ok
11:57:51   s.books.trophy.how.set-ridder t0: 2.22 s (forhold 0.71) -18.12 LUFS, alone: 'samler alle seks ting fra riddersættet' CER 0.0645 (wav2vec2, whisper: 'Samler alle seks ting fra riddersættet') → FEJL asr
11:58:00   s.map.stars.0 t0: 2.07 s (forhold 0.83) -18.14 LUFS, alone: 'spillet at få op til tre stjerner' CER 0.2083 (wav2vec2, whisper: 'Spillet og får op til 3 stjerner') → FEJL asr
11:58:01   s.shop.colors.none t0: 2.35 s (forhold 0.44) -18.07 LUFS, alone: 'når du har fået tøj kan du købe nye farver til det her' CER 0.0 (wav2vec2) → ok
11:58:01   ✓ master s.books.how.breed.lionhead t0 (bestået)
11:58:01   ✓ master s.shop.colors.none t0 (bestået)
11:58:56 ✅ EOS token detected! Stopping generation at step 234
11:59:21 kald sentence k=4 t0 'Når du har to huskatte, kan den langhårede kat komme ud af ægget. Saml': 79.4 s for 9.32 s lyd
11:59:24   s.books.how.breed.longhair t0: 3.68 s (forhold 0.59) -18.13 LUFS, alone: 'når du har to huskatte kan den langhårede kat komme ud af ægget' CER 0.0 (wav2vec2) → ok
11:59:31   s.books.trophy.how.set-rytter t0: 2.24 s (forhold 0.72) -18.07 LUFS, alone: 'Samle alle seks ting fra ryttersættet' CER 0.0323 (whisper, wav2vec2: 'sammen alle sek ting fra ryttersættet') → ok
11:59:32   s.map.stars.1 t0: 0.84 s (forhold 0.68) -18.0 LUFS, alone: 'en stjerne her' CER 0.0 (wav2vec2) → ok
11:59:32   s.shop.decor.about t0: 1.30 s (forhold 0.69) -18.03 LUFS, alone: 'pynt til dyrehaven' CER 0.0 (wav2vec2) → ok
11:59:32   ✓ master s.books.how.breed.longhair t0 (bestået)
11:59:32   ✓ master s.books.trophy.how.set-rytter t0 (bestået)
11:59:32   ✓ master s.map.stars.1 t0 (bestået)
11:59:32   ✓ master s.shop.decor.about t0 (bestået)
12:00:14 ✅ EOS token detected! Stopping generation at step 279
12:00:43 kald sentence k=4 t0 'Når du har to kaniner med stående ører, kan vædderkaninen komme ud af ': 70.2 s for 11.12 s lyd
12:00:55   s.books.how.breed.lop t0: 4.06 s (forhold 0.52) -18.05 LUFS, alone: 'Når du har to kaniner med stående ører kan vædderkaninen komme ud af ægget' CER 0.0 (whisper, wav2vec2: 'når du har to kaniner med stående yre kan vædrekaninen komme ud af ægget') → ok
12:01:03   s.books.trophy.how.set-talmagiker t0: 2.69 s (forhold 0.72) -18.05 LUFS, alone: 'Samle alle seks ting fra talmagikersættet' CER 0.0286 (whisper, wav2vec2: 'samler alle s6ks ting fra talmægikersættet') → ok
12:01:04   s.map.stars.2 t0: 0.87 s (forhold 0.70) -18.11 LUFS, alone: 'to stjerner her' CER 0.0 (wav2vec2) → ok
12:01:05   s.shop.decor.bought t0: 1.80 s (forhold 0.64) -18.18 LUFS, alone: 'pynten står nu i dyrehaven' CER 0.0 (wav2vec2) → ok
12:01:05   ✓ master s.books.how.breed.lop t0 (bestået)
12:01:05   ✓ master s.books.trophy.how.set-talmagiker t0 (bestået)
12:01:05   ✓ master s.map.stars.2 t0 (bestået)
12:01:05   ✓ master s.shop.decor.bought t0 (bestået)
12:01:59 ✅ EOS token detected! Stopping generation at step 251
12:02:45 kald sentence k=4 t0 'Når du har to langhårede katte, kan maine coon-katten komme ud af ægge': 100.0 s for 10.00 s lyd
12:02:58   s.books.how.breed.mainecoon t0: 4.37 s (forhold 0.58) -18.14 LUFS, alone: 'når du har to langhårede katte kan meden kon kanten komme ud af ægget' CER 0.1053 (wav2vec2, whisper: 'Når du har to langhårede katte kan manekunkatten komme ud af ægget') → FEJL asr
12:03:10   s.books.trophy.how.set-vinter t0: 2.04 s (forhold 0.65) -18.18 LUFS, alone: 'Samle alle seks ting fra vintersættet' CER 0.0323 (whisper, wav2vec2: 'sammen er alle sek ting fra vintersættet') → ok
12:03:11   s.map.stars.3 t0: 0.83 s (forhold 0.67) -18.03 LUFS, alone: 'tre stjerner her' CER 0.0 (wav2vec2) → ok
12:03:12   s.shop.decor.owned t0: 1.11 s (forhold 0.51) -18.1 LUFS, alone: 'den står i dyrehaven' CER 0.0 (wav2vec2) → ok
12:03:12   ✓ master s.books.trophy.how.set-vinter t0 (bestået)
12:03:12   ✓ master s.map.stars.3 t0 (bestået)
12:03:12   ✓ master s.shop.decor.owned t0 (bestået)
12:04:15 ✅ EOS token detected! Stopping generation at step 219
12:04:44 kald sentence k=3 t0 'Når du har to enhjørninger med bølgemanke, kan stjernehornet komme ud ': 91.6 s for 8.72 s lyd
12:04:47   s.books.how.breed.starhorn t0: 4.39 s (forhold 0.59) -18.1 LUFS, alone: 'når du har to indhjørninger med bølgemanke kan stjernehårnet komme ud af ægget' CER 0.0462 (wav2vec2) → ok
12:04:54   s.books.trophy.how.table-complete t0: 2.25 s (forhold 0.56) -18.08 LUFS, alone: 'Lær hele gangetabellen så du kan den selv' CER 0.0 (whisper, wav2vec2: 'lærer hele gangetabellen så du kan den selv') → ok
12:04:55   s.map.trial.passed t0: 0.83 s (forhold 0.66) -18.12 LUFS, alone: 'broen holder' CER 0.0 (wav2vec2) → ok
12:04:55   ✓ master s.books.how.breed.starhorn t0 (bestået)
12:04:55   ✓ master s.books.trophy.how.table-complete t0 (bestået)
12:04:55   ✓ master s.map.trial.passed t0 (bestået)
12:05:11 ✅ EOS token detected! Stopping generation at step 121
12:05:32 kald sentence k=1 t0 'Perler får du, når du regner. Hver gang du svarer rigtigt, får du en p': 37.1 s for 4.80 s lyd
12:05:35   s.shop.earn t0: 3.99 s (forhold 0.64) -18.09 LUFS, alone: 'perler får du når du regner hver gang du svarer rigtigt får du en perle' CER 0.0 (wav2vec2) → ok
12:05:35   ✓ master s.shop.earn t0 (bestået)
12:06:42 ✅ EOS token detected! Stopping generation at step 238
12:07:18 kald sentence k=3 t0 'Når du har to enhjørningeføl, kan bølgemanken komme ud af ægget. Klar ': 102.9 s for 9.48 s lyd
12:07:31   s.books.how.breed.wavy t0: 3.51 s (forhold 0.56) -18.05 LUFS, alone: 'når du har to inhjørningefy kan bølgemanken komme ud af ægget' CER 0.0577 (wav2vec2, whisper: 'Når du har to indhjørningefø kan bølgemanken komme ud af ægget') → FEJL asr
12:07:39   s.books.trophy.how.trial-perfect t0: 2.17 s (forhold 0.53) -18.05 LUFS, alone: 'Klar en mesterprøve uden en eneste fejl' CER 0.0 (whisper, wav2vec2: 'klaren misterprøve uden en eneste fejl') → ok
12:07:39   s.map.trial.rest t0: 2.55 s (forhold 0.74) -18.19 LUFS, alone: 'spill en tur først så er broen klar igen' CER 0.0323 (wav2vec2) → ok
12:07:39   ✓ master s.books.trophy.how.trial-perfect t0 (bestået)
12:07:39   ✓ master s.map.trial.rest t0 (bestået)
12:07:50 ✅ EOS token detected! Stopping generation at step 70
12:08:03 kald sentence k=1 t0 'Den kan du købe, når du har samlet flere perler.': 23.1 s for 2.76 s lyd
12:08:04   s.shop.later t0: 2.43 s (forhold 0.55) -18.05 LUFS, alone: 'den kan du købe når du har samlet flere perler' CER 0.0 (wav2vec2) → ok
12:08:04   ✓ master s.shop.later t0 (bestået)
12:08:42 🚨 Detected 2x repetition of token 4299
12:08:42 forcing EOS token, long_tail=tensor(False), alignment_repetition=tensor(False), token_repetition=True
12:08:42 ✅ EOS token detected! Stopping generation at step 246
12:09:08 kald sentence k=4 t0 'Den kan komme ud af dit rugeæg. Klar ti mesterprøver. Fire små dyr vil': 64.3 s for 9.80 s lyd
12:09:17   s.books.how.egg t0: 1.72 s (forhold 0.55) -18.07 LUFS, alone: 'den kan komme ud af dit roe æg' CER 0.0833 (wav2vec2, whisper: 'Den kan komme ud af dit rove æg') → FEJL asr
12:09:23   s.books.trophy.how.trials-10 t0: 1.15 s (forhold 0.61) -18.15 LUFS, alone: 'klar timisterprøver' CER 0.0556 (wav2vec2, whisper: 'Klar til mesterprøver') → FEJL asr
12:09:31   s.onb.egg.ask t0: 2.76 s (forhold 0.59) -18.05 LUFS, alone: 'Fire små dyr vil gerne være din ven. Hvem vælger du?' CER 0.0 (whisper, wav2vec2: 'fire små dyr vil gerne være din  vælger du') → ok
12:09:39   s.shop.owned.about t0: 2.37 s (forhold 0.54) -18.09 LUFS, alone: 'Den er din. Du kan tage den på i Garderobben' CER 0.0303 (whisper, wav2vec2: 'den er din du kan tage den på i gart hoben') → ok
12:09:39   ✓ master s.onb.egg.ask t0 (bestået)
12:09:39   ✓ master s.shop.owned.about t0 (bestået)
12:10:13 forcing EOS token, long_tail=tensor(True), alignment_repetition=tensor(False), token_repetition=False
12:10:13 ✅ EOS token detected! Stopping generation at step 232
12:10:38 kald sentence k=4 t0 'Du kan vælge den nu i Dyrehaven! Klar den store fest i Hestebakkerne. ': 58.7 s for 9.24 s lyd
12:10:40   s.books.how.ready t0: 1.82 s (forhold 0.53) -18.03 LUFS, alone: 'du kan vælge den nu i dyrehaven' CER 0.0 (wav2vec2) → ok
12:10:41   s.books.trophy.how.world-bakke t0: 2.15 s (forhold 0.63) -18.07 LUFS, alone: 'klar den store fest i hestebakkerne' CER 0.0 (wav2vec2) → ok
12:10:50   s.onb.egg.ask.some t0: 2.43 s (forhold 0.56) -18.0 LUFS, alone: 'De små dyr vil gerne være din ven. Hvem vælger du?' CER 0.0 (whisper, wav2vec2: 'de små dyr vil gerne være dine vin hvem vælger du') → ok
12:10:50   s.shop.set.done t0: 1.24 s (forhold 0.66) -18.0 LUFS, alone: 'hele sættet er dit' CER 0.0 (wav2vec2) → ok
12:10:50   ✓ master s.books.how.ready t0 (bestået)
12:10:50   ✓ master s.books.trophy.how.world-bakke t0 (bestået)
12:10:50   ✓ master s.onb.egg.ask.some t0 (bestået)
12:10:50   ✓ master s.shop.set.done t0 (bestået)
12:11:29 ✅ EOS token detected! Stopping generation at step 263
12:11:59 kald sentence k=4 t0 'Stjernefølet kommer, når du får din allerførste guldmedalje. Klar den ': 68.5 s for 10.48 s lyd
12:12:02   s.books.how.starfoal t0: 3.01 s (forhold 0.53) -18.17 LUFS, alone: 'stjernefølet kommer når du får din alderførste guldmedalje' CER 0.0196 (wav2vec2) → ok
12:12:03   s.books.trophy.how.world-eng t0: 1.86 s (forhold 0.66) -18.12 LUFS, alone: 'klar den store fest i engdalen' CER 0.0 (wav2vec2) → ok
12:12:10   s.onb.egg.help t0: 2.12 s (forhold 0.68) -18.11 LUFS, alone: 'Tryk på ægget så kommer din ven ud' CER 0.0 (whisper, wav2vec2: 'tryk på ægget så kommer de en ven ud') → ok
12:12:11   s.shop.wish.meter t0: 1.72 s (forhold 0.69) -18.06 LUFS, alone: 'bjælken fyldes når du regner' CER 0.0 (wav2vec2) → ok
12:12:11   ✓ master s.books.how.starfoal t0 (bestået)
12:12:11   ✓ master s.books.trophy.how.world-eng t0 (bestået)
12:12:11   ✓ master s.onb.egg.help t0 (bestået)
12:12:11   ✓ master s.shop.wish.meter t0 (bestået)
12:12:45 ✅ EOS token detected! Stopping generation at step 246
12:13:09 kald sentence k=4 t0 'Dine mål og dine stempler. Klar den store fest på Stjernefjeldet. Tryk': 58.4 s for 9.80 s lyd
12:13:18   s.books.stamps.about t0: 1.31 s (forhold 0.52) -18.0 LUFS, alone: 'Dine mål og dine stempler' CER 0.0 (whisper, wav2vec2: 'dine måler dine stimpler') → ok
12:13:19   s.books.trophy.how.world-fjeld t0: 2.05 s (forhold 0.66) -18.2 LUFS, alone: 'klar den store fist på stjernefjeldet' CER 0.0312 (wav2vec2) → ok
12:13:19   s.onb.egg.helpPick t0: 1.18 s (forhold 0.54) -18.04 LUFS, alone: 'tryk på et af æggene' CER 0.0 (wav2vec2) → ok
12:13:28   s.shop.wish.none t0: 3.31 s (forhold 0.71) -18.12 LUFS, alone: 'Du kan ønske dig en ting tryk på den og vælg ønsk dig den' CER 0.0 (whisper, wav2vec2: 'du kan ønske digen ting tryk på den og vil ønske de den') → ok
12:13:28   ✓ master s.books.stamps.about t0 (bestået)
12:13:28   ✓ master s.books.trophy.how.world-fjeld t0 (bestået)
12:13:28   ✓ master s.onb.egg.helpPick t0 (bestået)
12:13:28   ✓ master s.shop.wish.none t0 (bestået)
12:14:02 ✅ EOS token detected! Stopping generation at step 224
12:14:27 kald sentence k=4 t0 'Klar et mål, så får du dit første stempel. Klar den store fest i Regnb': 58.6 s for 8.92 s lyd
12:14:37   s.books.stamps.empty t0: 2.46 s (forhold 0.72) -18.08 LUFS, alone: 'Klar et mål så får du dit første stempel' CER 0.0 (whisper, wav2vec2: 'klar et mål så får du de første stempe') → ok
12:14:44   s.books.trophy.how.world-skov t0: 2.13 s (forhold 0.62) -18.05 LUFS, alone: 'klar den store fest i hegnboeskoven' CER 0.0667 (wav2vec2, whisper: 'Klar den store fest i Heimboeskoven') → FEJL asr
12:14:51   s.onb.egg.tap t0: 1.44 s (forhold 0.66) -18.07 LUFS, alone: 'tyjt på ægget tre gange' CER 0.1579 (wav2vec2, whisper: 'Trykt på ægget 3 gange') → FEJL asr
12:14:51   s.shop.wish.ready t0: 1.23 s (forhold 0.49) -18.1 LUFS, alone: 'nu kan du købe dit ønske' CER 0.0 (wav2vec2) → ok
12:14:51   ✓ master s.books.stamps.empty t0 (bestået)
12:14:51   ✓ master s.shop.wish.ready t0 (bestået)
12:15:14 ✅ EOS token detected! Stopping generation at step 164
12:15:35 kald sentence k=4 t0 'Alle trofæerne, du kan få. Tryk på den, du vil have. Noget gik galt. P': 43.6 s for 6.52 s lyd
12:15:37   s.books.trophies.about t0: 1.35 s (forhold 0.48) -18.06 LUFS, alone: 'alle trofæerne du kan få' CER 0.0 (wav2vec2) → ok
12:15:38   s.ceremony.choose t0: 1.04 s (forhold 0.48) -18.07 LUFS, alone: 'tryk på den du vil have' CER 0.0 (wav2vec2) → ok
12:15:39   s.onb.error t0: 1.63 s (forhold 0.75) -18.13 LUFS, alone: 'noget gik gat prøv igen' CER 0.05 (wav2vec2) → ok
12:15:39   s.shop.wish.set t0: 1.04 s (forhold 0.56) -18.14 LUFS, alone: 'nu er den dit ønske' CER 0.0 (wav2vec2) → ok
12:15:39   ✓ master s.books.trophies.about t0 (bestået)
12:15:39   ✓ master s.ceremony.choose t0 (bestået)
12:15:39   ✓ master s.onb.error t0 (bestået)
12:15:39   ✓ master s.shop.wish.set t0 (bestået)
12:16:05 forcing EOS token, long_tail=tensor(True), alignment_repetition=tensor(False), token_repetition=False
12:16:05 ✅ EOS token detected! Stopping generation at step 182
12:16:29 kald sentence k=4 t0 'Find alle seksten slags dyr. Ikke helt. Her er et nyt stykke. Der er i': 49.8 s for 7.24 s lyd
12:16:34   s.books.trophy.how.all-species t0: 1.54 s (forhold 0.70) -18.15 LUFS, alone: 'finde alle 16 slags dyr' CER 0.0435 (wav2vec2) → ok
12:16:36   s.gate.again t0: 1.82 s (forhold 0.65) -18.2 LUFS, alone: 'ikke helt her er et nyt stykke' CER 0.0 (wav2vec2) → ok
12:16:37   s.onb.full t0: 1.42 s (forhold 0.41) -18.09 LUFS, alone: 'der er ikke plads til flere spillere' CER 0.0 (wav2vec2) → ok
12:16:47   s.sound.listen t0: 0.84 s (forhold 0.67) -18.07 LUFS, alone: 'Lyt godt efter' CER 0.0 (whisper, wav2vec2: 'lydt godt efter') → ok
12:16:47   ✓ master s.books.trophy.how.all-species t0 (bestået)
12:16:47   ✓ master s.gate.again t0 (bestået)
12:16:47   ✓ master s.onb.full t0 (bestået)
12:16:47   ✓ master s.sound.listen t0 (bestået)
12:17:32 ✅ EOS token detected! Stopping generation at step 199
12:18:19 kald sentence k=4 t0 'Find femten dyrevenner. Spørg en voksen. Kom, så går vi i gang! Slå ly': 91.5 s for 7.92 s lyd
12:18:23   s.books.trophy.how.animals-15 t0: 1.45 s (forhold 0.66) -18.06 LUFS, alone: 'find 15 dyrevenner' CER 0.0 (wav2vec2) → ok
12:18:31   s.gate.ask t0: 0.88 s (forhold 0.70) -18.07 LUFS, alone: 'spør en voksen' CER 0.0769 (wav2vec2, whisper: 'Spørger en voksen') → FEJL asr
12:18:32   s.onb.go t0: 1.37 s (forhold 0.73) -18.2 LUFS, alone: 'kom så går vi i gang' CER 0.0 (wav2vec2) → ok
12:18:34   s.sound.off.body t0: 3.30 s (forhold 0.62) -18.2 LUFS, alone: 'slå lydløs fra og skrår op for lyden med knapperne på siden' CER 0.0426 (wav2vec2) → ok
12:18:34   ✓ master s.books.trophy.how.animals-15 t0 (bestået)
12:18:34   ✓ master s.onb.go t0 (bestået)
12:18:34   ✓ master s.sound.off.body t0 (bestået)
12:19:16 ✅ EOS token detected! Stopping generation at step 164
12:19:43 kald sentence k=4 t0 'Find tredive dyrevenner. Læg det rigtige antal i kurven. Hvilken klass': 69.4 s for 6.52 s lyd
12:19:51   s.books.trophy.how.animals-30 t0: 1.37 s (forhold 0.55) -18.19 LUFS, alone: 'Find 30 dyrevenner' CER 0.0 (whisper, wav2vec2: 'finden 30 dyrevenner') → ok
12:19:58   s.kind.countTap.short t0: 1.67 s (forhold 0.53) -18.0 LUFS, alone: 'Læg det rigtige antal i kurven' CER 0.0 (whisper, wav2vec2: 'legteridi er ental i koven') → ok
12:19:58   s.onb.grade.ask t0: 1.23 s (forhold 0.56) -18.18 LUFS, alone: 'hvilken klasse går du i' CER 0.0 (wav2vec2) → ok
12:20:04   s.sound.tapCat t0: 0.78 s (forhold 0.62) -18.04 LUFS, alone: 'Tryk på katten' CER 0.0 (whisper, wav2vec2: 'tryke på katten') → ok
12:20:04   ✓ master s.books.trophy.how.animals-30 t0 (bestået)
12:20:04   ✓ master s.kind.countTap.short t0 (bestået)
12:20:04   ✓ master s.onb.grade.ask t0 (bestået)
12:20:04   ✓ master s.sound.tapCat t0 (bestået)
12:20:37 ✅ EOS token detected! Stopping generation at step 229
12:21:02 kald sentence k=4 t0 'Find fem dyrevenner. Den store fest for hele verdenen. Alle starter i ': 58.4 s for 9.12 s lyd
12:21:11   s.books.trophy.how.animals-5 t0: 1.13 s (forhold 0.60) -18.04 LUFS, alone: 'Find 5 dyrevenner' CER 0.0 (whisper, wav2vec2: 'find fe dyrevenner') → ok
12:21:12   s.map.about.finale t0: 1.53 s (forhold 0.49) -18.11 LUFS, alone: 'den store fest for hele verdenen' CER 0.0 (wav2vec2) → ok
12:21:12   s.onb.grade.start t0: 1.61 s (forhold 0.64) -18.04 LUFS, alone: 'alle starter i engdalen' CER 0.0 (wav2vec2) → ok
12:21:14   s.wardrobe.empty t0: 3.31 s (forhold 0.48) -18.12 LUFS, alone: 'her har du ikke noget endnu tryk på én ting så hører du hvordan du får den' CER 0.0 (wav2vec2) → ok
12:21:14   ✓ master s.books.trophy.how.animals-5 t0 (bestået)
12:21:14   ✓ master s.map.about.finale t0 (bestået)
12:21:14   ✓ master s.onb.grade.start t0 (bestået)
12:21:14   ✓ master s.wardrobe.empty t0 (bestået)
12:21:47 forcing EOS token, long_tail=tensor(True), alignment_repetition=tensor(False), token_repetition=False
12:21:47 ✅ EOS token detected! Stopping generation at step 228
12:22:12 kald sentence k=4 t0 'Regn på hundrede forskellige dage. Her øver du det, der drillede i mes': 57.8 s for 9.08 s lyd
12:22:20   s.books.trophy.how.days-100 t0: 1.75 s (forhold 0.51) -18.08 LUFS, alone: 'Regn på 100 forskellige dage' CER 0.0 (whisper, wav2vec2: 'reng på 100 forskellige dage') → ok
12:22:21   s.map.about.hut t0: 2.11 s (forhold 0.48) -18.03 LUFS, alone: 'her øver du det der drillede i misterprøven' CER 0.0278 (wav2vec2) → ok
12:22:27   s.onb.hatched t0: 1.15 s (forhold 0.73) -18.0 LUFS, alone: 'Se din nye ven' CER 0.0 (whisper, wav2vec2: 'c den nye ven') → ok
12:22:34   s.wardrobe.guide t0: 2.32 s (forhold 0.57) -18.08 LUFS, alone: 'tryk på de nye ting så prøver de en vinde den på' CER 0.2 (wav2vec2, whisper: 'Tryk på de nye ting så prøver din ven den på') → FEJL asr
12:22:34   ✓ master s.books.trophy.how.days-100 t0 (bestået)
12:22:34   ✓ master s.map.about.hut t0 (bestået)
12:22:34   ✓ master s.onb.hatched t0 (bestået)
12:23:02 ✅ EOS token detected! Stopping generation at step 157
12:23:21 kald sentence k=4 t0 'Regn på fjorten forskellige dage. Her lærer du noget nyt. Hej! Jeg hed': 47.5 s for 6.24 s lyd
12:23:23   s.books.trophy.how.days-14 t0: 1.62 s (forhold 0.52) -18.2 LUFS, alone: 'regn på 14 forskellige dage' CER 0.0 (wav2vec2) → ok
12:23:24   s.map.about.l1 t0: 0.97 s (forhold 0.44) -18.06 LUFS, alone: 'her lærer du noget nyt' CER 0.0 (wav2vec2) → ok
12:23:24   s.onb.hello t0: 0.96 s (forhold 0.61) -18.06 LUFS, alone: 'hej jeg hedder pip' CER 0.0 (wav2vec2) → ok
12:23:25   s.wardrobe.guide.on t0: 1.15 s (forhold 0.61) -18.1 LUFS, alone: 'se din ven har den på' CER 0.0 (wav2vec2) → ok
12:23:25   ✓ master s.books.trophy.how.days-14 t0 (bestået)
12:23:25   ✓ master s.map.about.l1 t0 (bestået)
12:23:25   ✓ master s.onb.hello t0 (bestået)
12:23:25   ✓ master s.wardrobe.guide.on t0 (bestået)
12:23:46 ✅ EOS token detected! Stopping generation at step 158
12:24:07 kald sentence k=4 t0 'Regn på tre forskellige dage. Her lærer du lidt mere. Hvad hedder du? ': 41.7 s for 6.28 s lyd
12:24:09   s.books.trophy.how.days-3 t0: 1.46 s (forhold 0.52) -18.09 LUFS, alone: 'regn på 3 forskellige dage' CER 0.0 (wav2vec2) → ok
12:24:10   s.map.about.l2 t0: 1.09 s (forhold 0.50) -18.07 LUFS, alone: 'her lærer du lidt mere' CER 0.0 (wav2vec2) → ok
12:24:10   s.onb.name.ask t0: 0.54 s (forhold 0.44) -18.0 LUFS, alone: 'hvad hedder du' CER 0.0 (wav2vec2) → ok
12:24:11   s.wardrobe.how.chest.map t0: 1.53 s (forhold 0.49) -18.12 LUFS, alone: 'den ligger i en kiste på kortet' CER 0.0 (wav2vec2) → ok
12:24:11   ✓ master s.books.trophy.how.days-3 t0 (bestået)
12:24:11   ✓ master s.map.about.l2 t0 (bestået)
12:24:11   ✓ master s.onb.name.ask t0 (bestået)
12:24:11   ✓ master s.wardrobe.how.chest.map t0 (bestået)
12:24:45 ✅ EOS token detected! Stopping generation at step 234
12:25:33 kald sentence k=4 t0 'Regn på tredive forskellige dage. Her skriver du selv svarene. En voks': 82.1 s for 9.32 s lyd
12:25:40   s.books.trophy.how.days-30 t0: 1.76 s (forhold 0.51) -18.15 LUFS, alone: 'hegn på 30 forskellige dage' CER 0.0357 (wav2vec2) → ok
12:25:41   s.map.about.l3 t0: 1.34 s (forhold 0.54) -18.0 LUFS, alone: 'her skriver du selv svarende' CER 0.0435 (wav2vec2) → ok
12:25:42   s.onb.name.hint t0: 1.69 s (forhold 0.60) -18.07 LUFS, alone: 'en voksen kan skrive dit navn her' CER 0.0 (wav2vec2) → ok
12:25:46   s.wardrobe.wings t0: 2.89 s (forhold 0.49) -18.1 LUFS, alone: 'den har sine egne vinger der er ikke plads til noget på ryggen' CER 0.0 (wav2vec2) → ok
12:25:46   ✓ master s.books.trophy.how.days-30 t0 (bestået)
12:25:46   ✓ master s.map.about.l3 t0 (bestået)
12:25:46   ✓ master s.onb.name.hint t0 (bestået)
12:25:46   ✓ master s.wardrobe.wings t0 (bestået)
12:28:16 ✅ EOS token detected! Stopping generation at step 228
12:28:39 kald sentence k=4 t0 'Regn på syv forskellige dage. En tur med lidt af det hele fra stedet. ': 172.4 s for 9.08 s lyd
12:28:47   s.books.trophy.how.days-7 t0: 1.50 s (forhold 0.53) -18.16 LUFS, alone: 'Hegn på syv forskellige dage' CER 0.0417 (whisper, wav2vec2: 'hegen på s7v forskellige dage') → ok
12:28:54   s.map.about.mix t0: 1.76 s (forhold 0.51) -18.09 LUFS, alone: 'en tur med litter det hele fra stedet' CER 0.1 (wav2vec2, whisper: 'En tur med let og det hele fra stedet') → FEJL asr
12:28:55   s.play.empty t0: 3.21 s (forhold 0.61) -18.14 LUFS, alone: 'her er r ingen opgaver endnu prøve et andet sted på kortet' CER 0.0444 (wav2vec2) → ok
12:28:55   s.zoo.buddy.now t0: 1.18 s (forhold 0.63) -18.07 LUFS, alone: 'nu er den med på tur' CER 0.0 (wav2vec2) → ok
12:28:55   ✓ master s.books.trophy.how.days-7 t0 (bestået)
12:28:55   ✓ master s.play.empty t0 (bestået)
12:28:55   ✓ master s.zoo.buddy.now t0 (bestået)
12:29:35 forcing EOS token, long_tail=tensor(True), alignment_repetition=tensor(False), token_repetition=False
12:29:35 ✅ EOS token detected! Stopping generation at step 272
12:30:09 kald sentence k=4 t0 'Få din første guldmedalje. En tur med lidt af alt det, du kan. Klar? S': 74.3 s for 10.84 s lyd
12:30:16   s.books.trophy.how.first-gold t0: 1.48 s (forhold 0.59) -18.13 LUFS, alone: 'få din første guldmedalje' CER 0.0 (wav2vec2) → ok
12:30:28   s.map.about.practice t0: 1.62 s (forhold 0.58) -18.03 LUFS, alone: 'En tur med lidt af alt det du kan' CER 0.0 (whisper, wav2vec2: 'en tur med lidt er alt det du kan') → ok
12:30:29   s.play.ready t0: 1.48 s (forhold 0.79) -18.08 LUFS, alone: 'klar så går vi i gang' CER 0.0 (wav2vec2) → ok
12:30:31   s.zoo.egg.allFound t0: 4.73 s (forhold 0.54) -18.1 LUFS, alone: 'du har fundet alle farverne nu giver varmen fra æggets ekstra videnskab til den der er med på tur' CER 0.0395 (wav2vec2) → ok
12:30:31   ✓ master s.books.trophy.how.first-gold t0 (bestået)
12:30:31   ✓ master s.map.about.practice t0 (bestået)
12:30:31   ✓ master s.play.ready t0 (bestået)
12:30:31   ✓ master s.zoo.egg.allFound t0 (bestået)
12:31:18 ✅ EOS token detected! Stopping generation at step 216
12:32:20 kald sentence k=4 t0 'Find dit første regnbuedyr. Du kan prøve broen allerede nu. Holder den': 108.7 s for 8.60 s lyd
12:32:31   s.books.trophy.how.first-rainbow t0: 1.56 s (forhold 0.62) -18.1 LUFS, alone: 'Find dit første regnbue dyr' CER 0.0 (whisper, wav2vec2: 'fin dit første regnboedyr') → ok
12:32:32   s.map.about.skip t0: 2.95 s (forhold 0.52) -18.18 LUFS, alone: 'du kan prøve broen allerede nu holder den springer du frem' CER 0.0 (wav2vec2) → ok
12:32:32   s.play.resume t0: 1.24 s (forhold 0.57) -18.0 LUFS, alone: 'vi fortsætter hvor du slap' CER 0.0 (wav2vec2) → ok
12:32:40   s.zoo.empty t0: 1.22 s (forhold 0.43) -18.04 LUFS, alone: 'Her kommer dine dyr til at bo' CER 0.0 (whisper, wav2vec2: 'her kommer deen dyr til at bo') → ok
12:32:40   ✓ master s.books.trophy.how.first-rainbow t0 (bestået)
12:32:40   ✓ master s.map.about.skip t0 (bestået)
12:32:40   ✓ master s.play.resume t0 (bestået)
12:32:40   ✓ master s.zoo.empty t0 (bestået)
12:34:31 ✅ EOS token detected! Stopping generation at step 241
12:35:11 kald sentence k=4 t0 'Bliv så gode venner med et dyr, at det får stjerneform. Den har du spr': 151.5 s for 9.60 s lyd
12:35:54   s.books.trophy.how.first-star-form t0: 2.58 s (forhold 0.55) -18.03 LUFS, alone: 'Bliv så gode venner med et dyr at det får stjerneform' CER 0.0 (whisper, wav2vec2: 'blive så gode venner med dyr at de får stjerneform') → ok
12:35:57   s.map.about.skipped t0: 2.33 s (forhold 0.53) -18.1 LUFS, alone: 'den har du sprunget over du kan stadig spille den' CER 0.0 (wav2vec2) → ok
12:35:58   s.play.tap t0: 0.89 s (forhold 0.57) -18.14 LUFS, alone: 'tryk for at starte' CER 0.0 (wav2vec2) → ok
12:36:36   s.zoo.form.locked t0: 2.26 s (forhold 0.56) -18.11 LUFS, alone: 'den form kommer når i er endnu bedre vinder' CER 0.0571 (wav2vec2, whisper: 'Den form kommer når jer endnu bedre vender') → FEJL asr
12:36:36   ✓ master s.books.trophy.how.first-star-form t0 (bestået)
12:36:36   ✓ master s.map.about.skipped t0 (bestået)
12:36:36   ✓ master s.play.tap t0 (bestået)
12:39:50 ✅ EOS token detected! Stopping generation at step 228
12:40:15 kald sentence k=3 t0 'Få ti guldmedaljer. Byg broen med dine svar. Otte planker, så holder d': 218.3 s for 9.08 s lyd
12:40:17   s.books.trophy.how.gold-10 t0: 1.18 s (forhold 0.63) -18.15 LUFS, alone: 'få 10 guldmedaljer' CER 0.0 (wav2vec2) → ok
12:40:18   s.map.about.trial t0: 2.75 s (forhold 0.59) -18.05 LUFS, alone: 'byggbroen med dine svar 8 planker så holder den' CER 0.0244 (wav2vec2) → ok
12:40:19   s.profiles.delete.body t0: 3.74 s (forhold 0.52) -18.2 LUFS, alone: 'alt hvad spilleren har lavet bliver slettet fra enheden det kan ikke fortrydes' CER 0.0 (wav2vec2) → ok
12:40:19   ✓ master s.books.trophy.how.gold-10 t0 (bestået)
12:40:19   ✓ master s.map.about.trial t0 (bestået)
12:40:19   ✓ master s.profiles.delete.body t0 (bestået)
12:40:31 forcing EOS token, long_tail=tensor(True), alignment_repetition=tensor(False), token_repetition=False
12:40:31 ✅ EOS token detected! Stopping generation at step 85
12:40:43 kald sentence k=1 t0 'Venskabet vokser, når I regner sammen på tur.': 23.6 s for 3.36 s lyd
12:40:53   s.zoo.friendship.how t0: 2.62 s (forhold 0.64) -18.06 LUFS, alone: 'Venskabet vokser når I hegner sammen på tur' CER 0.0278 (whisper, wav2vec2: 'venskabet vokser når heiner sammen på tur') → ok
12:40:53   ✓ master s.zoo.friendship.how t0 (bestået)
12:41:28 ✅ EOS token detected! Stopping generation at step 241
12:41:51 kald sentence k=4 t0 'Få hundrede ting til at sidde helt fast. Klaret! Et stempel i stempelb': 58.5 s for 9.60 s lyd
12:42:01   s.books.trophy.how.keys5-100 t0: 1.89 s (forhold 0.55) -18.06 LUFS, alone: 'får hun havde ting til at sidde helt fast' CER 0.125 (wav2vec2, whisper: 'For hun havde ting til at sidde helt fast') → FEJL asr
12:42:08   s.map.goal.done t0: 2.15 s (forhold 0.69) -18.03 LUFS, alone: 'klared et stimpel i stempeboen' CER 0.1429 (wav2vec2, whisper: 'Klarede et stempel i stempelbogen') → FEJL asr
12:42:08   s.profiles.delete.pick t0: 1.69 s (forhold 0.60) -18.0 LUFS, alone: 'tryk på den spiller der skal slittes' CER 0.0333 (wav2vec2) → ok
12:42:16   s.zoo.intro t0: 2.59 s (forhold 0.64) -18.11 LUFS, alone: 'her bur de en dyr tryk på et dyr for at se det' CER 0.1176 (wav2vec2, whisper: 'Her bor de en dyr. Tryk på et dyr for at se det') → FEJL asr
12:42:16   ✓ master s.profiles.delete.pick t0 (bestået)
12:42:50 ✅ EOS token detected! Stopping generation at step 232
12:43:15 kald sentence k=4 t0 'Få fem hundrede ting til at sidde helt fast. Festen åbner, når du har ': 58.3 s for 9.24 s lyd
12:43:17   s.books.trophy.how.keys5-500 t0: 2.04 s (forhold 0.54) -18.12 LUFS, alone: 'få 500 ting til at sidde helt fast' CER 0.0 (wav2vec2) → ok
12:43:18   s.map.locked.finale t0: 2.51 s (forhold 0.53) -18.12 LUFS, alone: 'festen åbner når du har klaret mange af broerne' CER 0.0 (wav2vec2) → ok
12:43:24   s.profiles.delete.title t0: 0.90 s (forhold 0.72) -18.0 LUFS, alone: 'slet spilaren' CER 0.1538 (wav2vec2, whisper: 'Slægtsbillaren') → FEJL asr
12:43:24   s.zoo.magic.gold.about t0: 2.12 s (forhold 0.57) -18.0 LUFS, alone: 'din guldmedalje giver dig et gyldent dyr' CER 0.0 (wav2vec2) → ok
12:43:24   ✓ master s.books.trophy.how.keys5-500 t0 (bestået)
12:43:24   ✓ master s.map.locked.finale t0 (bestået)
12:43:24   ✓ master s.zoo.magic.gold.about t0 (bestået)
12:43:24   ✓ master s.wardrobe.how = kopi af s.books.how (samme tekst)
12:43:24 færdig: 139 nye mastere (0 ikke bestået, 3 kopier), 176 modelkald, 87.1 min generering (CPU 2.42 t), 156 klip mangler
