20:18:24 generate.py --wave 3 --threads 2 --max-minutes 100 --retake-from voice/qa.json (log: /home/user/wt/voice/talvennerne2/voice/logs/generate-20261008-201824.log)
20:18:24 frag.betal: ingen takes tilbage til en ny take
20:18:24 s.place.lay: ingen takes tilbage til en ny take
20:18:24 frag.stil_uret_saa_klokken_er: ingen takes tilbage til en ny take
20:18:24 hog.100: ingen takes tilbage til en ny take
20:18:24 hog.200: take 1 afvist af sammensætningstesten, genereres igen
20:18:24 hog.300: ingen takes tilbage til en ny take
20:18:24 hog.500: take 2 afvist af sammensætningstesten, genereres igen
20:18:24 hog.700: take 1 afvist af sammensætningstesten, genereres igen
20:18:24 n.end.15: ingen takes tilbage til en ny take
20:18:24 n.end.16: ingen takes tilbage til en ny take
20:18:24 n.end.2: ingen takes tilbage til en ny take
20:18:24 n.end.20: ingen takes tilbage til en ny take
20:18:24 n.end.3: ingen takes tilbage til en ny take
20:18:24 n.end.35: take 2 afvist af sammensætningstesten, genereres igen
20:18:24 n.mid.1: ingen takes tilbage til en ny take
20:18:24 n.mid.10: ingen takes tilbage til en ny take
20:18:24 n.mid.12: ingen takes tilbage til en ny take
20:18:24 n.mid.14: ingen takes tilbage til en ny take
20:18:24 n.mid.15: ingen takes tilbage til en ny take
20:18:24 n.mid.16: ingen takes tilbage til en ny take
20:18:24 n.mid.17: ingen takes tilbage til en ny take
20:18:24 n.mid.18: ingen takes tilbage til en ny take
20:18:24 n.mid.19: ingen takes tilbage til en ny take
20:18:24 n.mid.2: ingen takes tilbage til en ny take
20:18:24 n.mid.3: ingen takes tilbage til en ny take
20:18:24 n.mid.30: take 2 afvist af sammensætningstesten, genereres igen
20:18:24 n.mid.4: ingen takes tilbage til en ny take
20:18:24 n.mid.5: ingen takes tilbage til en ny take
20:18:24 n.mid.50: take 3 afvist af sammensætningstesten, genereres igen
20:18:24 n.mid.6: ingen takes tilbage til en ny take
20:18:24 n.mid.60: take 1 afvist af sammensætningstesten, genereres igen
20:18:24 n.mid.8: ingen takes tilbage til en ny take
20:18:24 n.mid.9: ingen takes tilbage til en ny take
20:18:24 n.mid.90: take 2 afvist af sammensætningstesten, genereres igen
20:18:24 noun.coin.10000.def.end: ingen takes tilbage til en ny take
20:18:24 noun.coin.10000.indef.end: ingen takes tilbage til en ny take
20:18:24 noun.coin.10000.pl.end: ingen takes tilbage til en ny take
20:18:24 noun.coin.2000.indef.end: ingen takes tilbage til en ny take
20:18:24 noun.coin.20000.def.end: ingen takes tilbage til en ny take
20:18:24 noun.coin.20000.pl.end: ingen takes tilbage til en ny take
20:18:24 noun.coin.50.def.end: ingen takes tilbage til en ny take
20:18:24 noun.coin.5000.def.end: ingen takes tilbage til en ny take
20:18:24 noun.coin.5000.indef.end: ingen takes tilbage til en ny take
20:18:24 noun.coin.5000.pl.end: ingen takes tilbage til en ny take
20:18:24 noun.coin.50000.def.end: ingen takes tilbage til en ny take
20:18:24 noun.coin.50000.pl.end: ingen takes tilbage til en ny take
20:18:24 noun.place.o.pl.mid: ingen takes tilbage til en ny take
20:18:24 noun.place.t.pl.end: ingen takes tilbage til en ny take
20:18:24 noun.place.t.pl.mid: ingen takes tilbage til en ny take
20:18:24 noun.shape.hexagon.indef.end: take 2 afvist af sammensætningstesten, genereres igen
20:18:24 noun.shape.rhombus.indef.end: ingen takes tilbage til en ny take
20:18:24 noun.shape.rhombus.pl.end: ingen takes tilbage til en ny take
20:18:24 noun.shape.rhombus.pl.mid: take 3 afvist af sammensætningstesten, genereres igen
20:18:24 noun.shape.trapezoid.indef.end: ingen takes tilbage til en ny take
20:18:24 noun.solid.sphere.def.end: ingen takes tilbage til en ny take
20:18:24 noun.thing.ball.pl: ingen takes tilbage til en ny take
20:18:24 noun.unit.cm.end: take 1 afvist af sammensætningstesten, genereres igen
20:18:24 noun.unit.ore.end: ingen takes tilbage til en ny take
20:18:24 op.er_lig_med: ingen takes tilbage til en ny take
20:18:24 q.mp:2+?=4: ingen takes tilbage til en ny take
20:18:24 s.change.howMuchBack: take 1 afvist af sammensætningstesten, genereres igen
20:18:24 s.change.layChange: take 2 afvist af sammensætningstesten, genereres igen
20:18:24 s.fractionCompare.biggest: ingen takes tilbage til en ny take
20:18:24 s.fractionCompare.sortBiggest: take 1 afvist af sammensætningstesten, genereres igen
20:18:24 s.fractionCompare.sortSmallest: take 1 afvist af sammensætningstesten, genereres igen
20:18:24 s.shareEqually.share: ingen takes tilbage til en ny take
20:18:24 s.fractionShape.colour: ingen takes tilbage til en ny take
20:18:24 s.fractionShape.write: ingen takes tilbage til en ny take
20:18:24 s.kronerOre.payTwo: take 3 afvist af sammensætningstesten, genereres igen
20:18:24 s.nl.hopFrom: take 2 afvist af sammensætningstesten, genereres igen
20:18:24 s.order.countBackHundreds: ingen takes tilbage til en ny take
20:18:24 s.order.countBackTens: ingen takes tilbage til en ny take
20:18:24 s.order.countOnHundreds: take 2 afvist af sammensætningstesten, genereres igen
20:18:24 s.order.countOnTens: ingen takes tilbage til en ny take
20:18:24 s.order20.countBack: ingen takes tilbage til en ny take
20:18:24 s.order20.countOn: ingen takes tilbage til en ny take
20:18:24 s.order20.whichBigger: take 3 afvist af sammensætningstesten, genereres igen
20:18:24 s.patterns.continue: ingen takes tilbage til en ny take
20:18:24 s.place.build: ingen takes tilbage til en ny take
20:18:24 s.place.buildOnlyTens: ingen takes tilbage til en ny take
20:18:24 s.place.howManyTensOnes: ingen takes tilbage til en ny take
20:18:24 s.place.writeNumberWithTokens: take 2 afvist af sammensætningstesten, genereres igen
20:18:24 s.pv.worthTens: ingen takes tilbage til en ny take
20:18:24 s.skipCount.nextTwo: take 2 afvist af sammensætningstesten, genereres igen
20:18:24 s.symmetry.howManyMissing: take 2 afvist af sammensætningstesten, genereres igen
20:18:24 s.symmetry.isMirrored: take 2 afvist af sammensætningstesten, genereres igen
20:18:24 s.unitChoice.q.carrot: take 2 afvist af sammensætningstesten, genereres igen
20:18:24 435 klip valgt, 405 færdige, 30 at lave
20:18:25   ✓ master hint.convertCmM.add = kopi af s.place.lay (samme tekst)
20:18:25   ✓ master hint.fractionOfSet.put = kopi af s.place.lay (samme tekst)
20:18:25   ✓ master s.fractionOfSet.deal = kopi af s.shareEqually.share (samme tekst)
20:18:25   ✓ master frag.laeg = kopi af s.place.lay (samme tekst)
20:18:25   ✓ master t.end.120 = kopi af n.end.2 (samme tekst)
20:18:25   ✓ master t.end.180 = kopi af n.end.3 (samme tekst)
20:18:45 input frame rate=25
20:18:47 Could not load Cangjie mapping: An error happened while trying to locate the file on the Hub and we cannot find the requested files in the local cache. Please check your connection and try again or make sure your Internet connection is on.
20:18:48 model indlæst på 21 s (2 tråde)
20:19:00 ✅ EOS token detected! Stopping generation at step 93
20:19:14 kald sentence k=1 t2 'Sæt brøkerne i rækkefølge. Start med den største.': 26.0 s for 3.68 s lyd
20:19:17   s.fractionCompare.sortBiggest t2: 2.95 s (forhold 0.67) -18.19 LUFS, alone: 'sæt brøgerne i rækkefølge start med den største' CER 0.025 (wav2vec2) → ok
20:19:17   ✓ master s.fractionCompare.sortBiggest t2 (bestået)
20:19:28 ✅ EOS token detected! Stopping generation at step 91
20:19:42 kald sentence k=1 t2 'Sæt brøkerne i rækkefølge. Start med den mindste.': 24.9 s for 3.60 s lyd
20:19:54   s.fractionCompare.sortSmallest t2: 2.83 s (forhold 0.65) -18.07 LUFS, alone: 'set brøgerne i hækkefølge start med den mindste' CER 0.075 (wav2vec2, whisper: 'Sæt bryggerne i rækkefølge start med den mindste') → FEJL asr
20:20:00 ✅ EOS token detected! Stopping generation at step 46
20:20:10 kald sentence k=1 t4 'Betal for to af dem.': 16.6 s for 1.80 s lyd
20:20:17   s.kronerOre.payTwo t4: 1.18 s (forhold 0.63) -18.15 LUFS, alone: 'Betal for to af dem' CER 0.0 (whisper, wav2vec2: 'betalt for to af dem') → ok
20:20:17   ✓ master s.kronerOre.payTwo t4 (bestået)
20:20:25 forcing EOS token, long_tail=tensor(True), alignment_repetition=tensor(False), token_repetition=False
20:20:25 ✅ EOS token detected! Stopping generation at step 58
20:20:37 kald head k=1 t2 'Tallet er to hundrede og toogtres.': 19.9 s for 2.28 s lyd
20:20:38   hog.200 t2: 0.99 s (forhold 0.64) -18.0 LUFS, carrier: 'tallet er 262' CER 0.0 (wav2vec2) → ok
20:20:48 ✅ EOS token detected! Stopping generation at step 70
20:21:00 kald head k=1 t3 'Tallet er fem hundrede og treoghalvfjerds.': 22.1 s for 2.76 s lyd
20:21:01   hog.500 t3: 0.63 s (forhold 0.40) -18.0 LUFS, carrier: 'tallet er 573' CER 0.0 (wav2vec2) → ok
20:21:10 forcing EOS token, long_tail=tensor(True), alignment_repetition=tensor(False), token_repetition=False
20:21:10 ✅ EOS token detected! Stopping generation at step 70
20:21:23 kald head k=1 t2 'Tallet er syv hundrede og enoghalvfems.': 21.6 s for 2.76 s lyd
20:21:24   hog.700 t2: 0.69 s (forhold 0.44) -18.0 LUFS, carrier: 'tallet er 791' CER 0.0 (wav2vec2) → ok
20:21:31 ✅ EOS token detected! Stopping generation at step 53
20:21:43 kald carrier k=1 t3 'Tallet er femogtredive.': 19.2 s for 2.08 s lyd
20:21:44   n.end.35 t3: 0.86 s (forhold 0.55) -18.09 LUFS, carrier: 'tallet er 35' CER 0.0 (wav2vec2) → ok
20:21:50 ✅ EOS token detected! Stopping generation at step 42
20:22:01 kald carrier k=1 t3 'Tallet er tredive,': 16.5 s for 1.64 s lyd
20:22:02   n.mid.30 t3: 0.52 s (forhold 0.55) -18.16 LUFS, carrier: 'tallet er 30' CER 0.0 (wav2vec2) → ok
20:22:08 ✅ EOS token detected! Stopping generation at step 51
20:22:19 kald carrier k=1 t4 'Tallet er halvtreds,': 17.5 s for 2.00 s lyd
20:22:20   n.mid.50 t4: 0.60 s (forhold 0.97) -18.0 LUFS, carrier: 'tallet er 50' CER 0.0 (wav2vec2) → ok
20:22:26 ✅ EOS token detected! Stopping generation at step 44
20:22:36 kald carrier k=1 t2 'Tallet er tres,': 16.4 s for 1.72 s lyd
20:22:37   n.mid.60 t2: 0.49 s (forhold 1.58) -18.0 LUFS, carrier: 'tallet er 60' CER 0.0 (wav2vec2) → ok
20:22:44 ✅ EOS token detected! Stopping generation at step 48
20:22:54 kald carrier k=1 t3 'Tallet er halvfems,': 17.2 s for 1.88 s lyd
20:22:55   n.mid.90 t3: 0.71 s (forhold 1.13) -18.0 LUFS, carrier: 'tallet er 90' CER 0.0 (wav2vec2) → ok
20:23:00 forcing EOS token, long_tail=tensor(True), alignment_repetition=tensor(False), token_repetition=False
20:23:00 ✅ EOS token detected! Stopping generation at step 34
20:23:10 kald single k=1 t3 'en sekskant.': 14.6 s for 1.32 s lyd
20:23:10   noun.shape.hexagon.indef.end t3: 0.79 s (forhold 0.84) -18.0 LUFS, none: 'None' CER None (None) → ok
20:23:13 ✅ EOS token detected! Stopping generation at step 24
20:23:23 kald single k=1 t4 'romber,': 12.5 s for 0.92 s lyd
20:23:23   noun.shape.rhombus.pl.mid t4: 0.43 s (forhold 0.69) -18.04 LUFS, none: 'None' CER None (None) → ok
20:23:27 ✅ EOS token detected! Stopping generation at step 34
20:23:37 kald single k=1 t2 'centimeter.': 13.9 s for 1.32 s lyd
20:23:37   noun.unit.cm.end t2: 0.81 s (forhold 0.65) -18.06 LUFS, none: 'None' CER None (None) → ok
20:23:44 ✅ EOS token detected! Stopping generation at step 54
20:23:55 kald sentence k=1 t2 'Hvor mange penge får du tilbage?': 17.8 s for 2.12 s lyd
20:23:56   s.change.howMuchBack t2: 1.43 s (forhold 0.46) -18.09 LUFS, alone: 'hvor mange penge får du tilbage' CER 0.0 (wav2vec2) → ok
20:23:56   ✓ master s.change.howMuchBack t2 (bestået)
20:24:04 ✅ EOS token detected! Stopping generation at step 58
20:24:16 kald sentence k=1 t3 'Læg byttepengene i bakken.': 19.6 s for 2.28 s lyd
20:24:17   s.change.layChange t3: 1.58 s (forhold 0.56) -18.17 LUFS, alone: 'læk byttepengene i bakken' CER 0.0455 (wav2vec2) → ok
20:24:17   ✓ master s.change.layChange t3 (bestået)
20:24:23 ✅ EOS token detected! Stopping generation at step 41
20:24:33 kald single k=1 t3 'Hoppet starter ved,': 16.1 s for 1.60 s lyd
20:24:34   s.nl.hopFrom t3: 1.05 s (forhold 0.67) -18.14 LUFS, none: 'None' CER None (None) → ok
20:24:41 ✅ EOS token detected! Stopping generation at step 54
20:24:52 kald single k=1 t3 'Tæl videre i hundreder fra,': 17.8 s for 2.12 s lyd
20:24:59   s.order.countOnHundreds t3: 1.56 s (forhold 0.56) -18.0 LUFS, alone: 'Til videre i hundreder fra' CER 0.0455 (whisper, wav2vec2: 'til videre i hunreder fra') → ok
20:24:59   ✓ master s.order.countOnHundreds t3 (bestået)
20:25:05 ✅ EOS token detected! Stopping generation at step 49
20:25:16 kald single k=1 t4 'Hvilket tal er størst,': 17.2 s for 1.92 s lyd
20:25:23   s.order20.whichBigger t4: 1.24 s (forhold 0.79) -18.0 LUFS, alone: 'Hvilket tal er størst?' CER 0.0 (whisper, wav2vec2: 'hvilket tal ar størst') → ok
20:25:23   ✓ master s.order20.whichBigger t4 (bestået)
20:25:30 ✅ EOS token detected! Stopping generation at step 50
20:25:40 kald sentence k=1 t3 'Skriv tallet med brikkerne.': 17.5 s for 1.96 s lyd
20:25:41   s.place.writeNumberWithTokens t3: 1.21 s (forhold 0.55) -18.03 LUFS, alone: 'skriv tallet med brikkerne' CER 0.0 (wav2vec2) → ok
20:25:41   ✓ master s.place.writeNumberWithTokens t3 (bestået)
20:25:49 ✅ EOS token detected! Stopping generation at step 52
20:26:00 kald sentence k=1 t3 'Hvilke to tal kommer så?': 18.9 s for 2.04 s lyd
20:26:01   s.skipCount.nextTwo t3: 1.23 s (forhold 0.56) -18.0 LUFS, alone: 'hvilke to tal kommer så' CER 0.0 (wav2vec2) → ok
20:26:01   ✓ master s.skipCount.nextTwo t3 (bestået)
20:26:14 ✅ EOS token detected! Stopping generation at step 94
20:26:28 kald sentence k=1 t3 'Hvor mange felter mangler, før mønsteret er spejlet i stregen?': 26.4 s for 3.72 s lyd
20:26:38   s.symmetry.howManyMissing t3: 3.06 s (forhold 0.58) -18.19 LUFS, alone: 'Hvor mange felter mangler før mønstret er spejlet i stregen' CER 0.0196 (whisper, wav2vec2: 'hvor mange felter mangler før mønstret spejlet i stregen') → ok
20:26:38   ✓ master s.symmetry.howManyMissing t3 (bestået)
20:26:48 ✅ EOS token detected! Stopping generation at step 69
20:27:00 kald sentence k=1 t3 'Er mønsteret spejlet rigtigt i stregen?': 22.7 s for 2.72 s lyd
20:27:08   s.symmetry.isMirrored t3: 2.04 s (forhold 0.59) -18.15 LUFS, alone: 'Er mønstret spejlet rigtigt i stregen?' CER 0.0303 (whisper, wav2vec2: 'af mønsteret spejlete rigtigt i stregen') → ok
20:27:08   ✓ master s.symmetry.isMirrored t3 (bestået)
20:27:18 forcing EOS token, long_tail=tensor(True), alignment_repetition=tensor(False), token_repetition=False
20:27:18 ✅ EOS token detected! Stopping generation at step 69
20:27:30 kald sentence k=1 t3 'Hvad måler man længden af en gulerod i?': 21.9 s for 2.72 s lyd
20:27:38   s.unitChoice.q.carrot t3: 1.87 s (forhold 0.50) -18.15 LUFS, alone: 'hvad måler man længden af en gullerød i' CER 0.0645 (wav2vec2, whisper: 'Hvad måler man længden af en gulderåd i?') → FEJL asr
20:27:51 ✅ EOS token detected! Stopping generation at step 88
20:28:08 kald sentence k=1 t3 'Sæt brøkerne i rækkefølge. Start med den mindste.': 29.4 s for 3.48 s lyd
20:28:10   s.fractionCompare.sortSmallest t3: 2.74 s (forhold 0.63) -18.19 LUFS, alone: 'sæt brøgerne i rækkefølge start med den mindste' CER 0.025 (wav2vec2) → ok
20:28:10   ✓ master s.fractionCompare.sortSmallest t3 (bestået)
20:28:20 ✅ EOS token detected! Stopping generation at step 74
20:28:33 kald sentence k=1 t4 'Hvad måler man længden af en gulerod i?': 23.4 s for 2.92 s lyd
20:28:41   s.unitChoice.q.carrot t4: 2.11 s (forhold 0.56) -18.12 LUFS, alone: 'Hvad måler man længden af en gulderod i?' CER 0.0323 (whisper, wav2vec2: 'hvad måler man længden af en gullerud i') → ok
20:28:41   ✓ master s.unitChoice.q.carrot t4 (bestået)
20:28:46   sammensat hog.200 + n.end.47: '247' CER 0.000 (whisper, wav2vec2: '262 47') → ok
20:28:52   sammensat frag.hvad_er + n.mid.7 + op.plus + hog.200 + n.end.25: 'hvad er 7 plus 23225' CER 0.412 (wav2vec2, whisper: 'Hvad er 7 plus 262 25') → FEJL
20:28:52   sammensat hog.500 + n.end.47: '547' CER 0.000 (wav2vec2) → ok
20:28:53   sammensat frag.hvad_er + n.mid.7 + op.plus + hog.500 + n.end.25: 'hvad er 7 plus 525' CER 0.000 (wav2vec2) → ok
20:28:58   sammensat hog.700 + n.end.47: '747' CER 0.000 (whisper, wav2vec2: '74047') → ok
20:29:04   sammensat frag.hvad_er + n.mid.7 + op.plus + hog.700 + n.end.25: 'Hvad er 7 plus 725' CER 0.000 (whisper, wav2vec2: 'hvad er 7 plus 7025') → ok
20:29:04   sammensat frag.hvad_er + n.mid.7 + op.plus + n.end.35: 'hvad er 7 plus 35' CER 0.000 (wav2vec2) → ok
20:29:04   sammensat frag.find_tallet + n.end.35: 'find tallet 35' CER 0.000 (wav2vec2) → ok
20:29:05   sammensat frag.hvad_er + n.mid.30 + op.plus + n.end.5: 'hvad er 30 plus 5' CER 0.000 (wav2vec2) → ok
20:29:05   sammensat frag.hvad_er + n.mid.50 + op.plus + n.end.5: 'hvad er 50 plus 5' CER 0.000 (wav2vec2) → ok
20:29:11   sammensat frag.hvad_er + n.mid.60 + op.plus + n.end.5: 'Hvad er 60 plus 5?' CER 0.000 (whisper, wav2vec2: 'hvad eir 60 plus 5') → ok
20:29:11   sammensat frag.hvad_er + n.mid.90 + op.plus + n.end.5: 'hvad r 90 plus 5' CER 0.048 (wav2vec2) → ok
20:29:16   sammensat frag.det_er + noun.shape.hexagon.indef.end: 'Det er en sekskant' CER 0.000 (whisper, wav2vec2: 'det er en s6xkant') → ok
20:29:17   sammensat frag.det_er + noun.shape.rhombus.pl.mid: 'det er romber' CER 0.000 (wav2vec2) → ok
20:29:22   sammensat frag.det_er + noun.unit.cm.end: 'Det er centimeter' CER 0.000 (whisper, wav2vec2: 'det er centimete') → ok
20:29:28   sammensat frag.det_er + s.nl.hopFrom: 'Det er hoppet starter ved' CER 0.000 (whisper, wav2vec2: 'det er hobbet starter ved') → ok
20:29:36 ✅ EOS token detected! Stopping generation at step 61
20:29:48 kald head k=1 t3 'Tallet er to hundrede og nitten.': 20.4 s for 2.40 s lyd
20:29:49   hog.200 t3: 0.59 s (forhold 0.38) -18.0 LUFS, carrier: 'tallet er 219' CER 0.0 (wav2vec2) → ok
20:29:49 sammensætning runde 1: 11 af 12 bestået
20:29:56   sammensat hog.200 + n.end.47: '247' CER 0.000 (whisper, wav2vec2: 'de 2047') → ok
20:29:56   sammensat frag.hvad_er + n.mid.7 + op.plus + hog.200 + n.end.25: 'hvad er 7 plus 225' CER 0.000 (wav2vec2) → ok
20:29:56 sammensætning runde 2: 12 af 12 bestået
20:29:56   ✓ master hog.200 t3 (bestået)
20:29:57   ✓ master hog.500 t3 (bestået)
20:29:57   ✓ master hog.700 t2 (bestået)
20:29:57   ✓ master n.end.35 t3 (bestået)
20:29:57   ✓ master n.mid.30 t3 (bestået)
20:29:57   ✓ master n.mid.50 t4 (bestået)
20:29:57   ✓ master n.mid.60 t2 (bestået)
20:29:57   ✓ master n.mid.90 t3 (bestået)
20:29:57   ✓ master noun.shape.hexagon.indef.end t3 (bestået)
20:29:57   ✓ master noun.shape.rhombus.pl.mid t4 (bestået)
20:29:57   ✓ master noun.unit.cm.end t2 (bestået)
20:29:57   ✓ master s.nl.hopFrom t3 (bestået)
20:29:57 færdig: 30 nye mastere (0 ikke bestået, 6 kopier), 27 modelkald, 8.8 min generering (CPU 0.28 t), 0 klip mangler
