// Vitest Snapshot v1, https://vitest.dev/guide/snapshot.html

exports[`hash-regression · cat > pr. genstand · stadie · farvesæt (racerne på skift) og pr. genstand · humør 1`] = `
{
  "rytter-back/cheer": "2c1d2ab3e8549163",
  "rytter-back/domestic/1/0": "5caecaf5d9629b90",
  "rytter-back/domestic/2/0": "3208640c481a5131",
  "rytter-back/domestic/3/0": "4dc575882fd610ca",
  "rytter-back/happy": "6a898235a9794b20",
  "rytter-back/idle": "3208640c481a5131",
  "rytter-back/longhair/1/1": "8645d97b9add1942",
  "rytter-back/longhair/2/1": "56879ada4844acc8",
  "rytter-back/longhair/3/1": "81eda852fda9c654",
  "rytter-back/mainecoon/1/2": "9429b0256c8116c1",
  "rytter-back/mainecoon/2/2": "ecf076e2b2602313",
  "rytter-back/mainecoon/3/2": "69079c050ece7c5f",
  "rytter-back/oops": "b0f38a2a9b3775cb",
  "rytter-back/sleep": "b14d918ee50326f8",
  "rytter-back/think": "7ace067cb11270e7",
  "rytter-back/wave": "f75e87e5befd6367",
  "rytter-body/cheer": "05fdbda94465413e",
  "rytter-body/domestic/1/0": "fb919910812bf77e",
  "rytter-body/domestic/2/0": "83dfa7cc675a312b",
  "rytter-body/domestic/3/0": "91a5091291107351",
  "rytter-body/happy": "7dd1401a244220a0",
  "rytter-body/idle": "83dfa7cc675a312b",
  "rytter-body/longhair/1/1": "d64e458894c6e714",
  "rytter-body/longhair/2/1": "0de70ab17d085f7f",
  "rytter-body/longhair/3/1": "b173492bc155771d",
  "rytter-body/mainecoon/1/2": "1d62b4cef236cba5",
  "rytter-body/mainecoon/2/2": "66ebe5e889439d88",
  "rytter-body/mainecoon/3/2": "643a409e786e2c28",
  "rytter-body/oops": "b37bcd820d2b9057",
  "rytter-body/sleep": "73646c4ea0f30c0f",
  "rytter-body/think": "f583291c46864efb",
  "rytter-body/wave": "6835f50534a1d05a",
  "rytter-face/cheer": "2b2cee14720cff16",
  "rytter-face/domestic/1/0": "1faed4466ecdebf3",
  "rytter-face/domestic/2/0": "6a5810c1a8fe81f3",
  "rytter-face/domestic/3/0": "4de760ad1edcdafc",
  "rytter-face/happy": "0af42ca4732e899c",
  "rytter-face/idle": "6a5810c1a8fe81f3",
  "rytter-face/longhair/1/1": "922428a2d81beafc",
  "rytter-face/longhair/2/1": "8c2ffb3af86152e1",
  "rytter-face/longhair/3/1": "280586d586cf563a",
  "rytter-face/mainecoon/1/2": "d98e85fe7534f314",
  "rytter-face/mainecoon/2/2": "06557777a2c70548",
  "rytter-face/mainecoon/3/2": "66b8fdc7bf150193",
  "rytter-face/oops": "559550d82b6b86c8",
  "rytter-face/sleep": "dca1a32cff41043f",
  "rytter-face/think": "d3eae50f2f330971",
  "rytter-face/wave": "f48972717a0f6e94",
  "rytter-hand/cheer": "c435323724918cc1",
  "rytter-hand/domestic/1/0": "ccf23737ccee0c02",
  "rytter-hand/domestic/2/0": "683d7395bc610986",
  "rytter-hand/domestic/3/0": "74cc713c40cb165b",
  "rytter-hand/happy": "fd8f183847038763",
  "rytter-hand/idle": "683d7395bc610986",
  "rytter-hand/longhair/1/1": "025df8c35a1fb5bd",
  "rytter-hand/longhair/2/1": "b7ba73a1ecc27739",
  "rytter-hand/longhair/3/1": "cf7a333963f509a9",
  "rytter-hand/mainecoon/1/2": "120e313d11f0b71c",
  "rytter-hand/mainecoon/2/2": "bf8c8b4fd29a9b51",
  "rytter-hand/mainecoon/3/2": "cb6d4faf7091ca35",
  "rytter-hand/oops": "611005442bbac79b",
  "rytter-hand/sleep": "0fa6f62f28ec2bd0",
  "rytter-hand/think": "0f0ce4cca22942d6",
  "rytter-hand/wave": "f7164512156da984",
  "rytter-head/cheer": "8f46e15e97914b13",
  "rytter-head/domestic/1/0": "a03d08adbb463be4",
  "rytter-head/domestic/2/0": "1bfe42b9f6b6ccdd",
  "rytter-head/domestic/3/0": "c3051b4386585976",
  "rytter-head/happy": "e16676612a1d976a",
  "rytter-head/idle": "1bfe42b9f6b6ccdd",
  "rytter-head/longhair/1/1": "21ec1317e7b55a9b",
  "rytter-head/longhair/2/1": "1a8890522b0fd4e4",
  "rytter-head/longhair/3/1": "16a8618f9e0b01b0",
  "rytter-head/mainecoon/1/2": "d882347bc189e43e",
  "rytter-head/mainecoon/2/2": "2c95cfacb034fbc1",
  "rytter-head/mainecoon/3/2": "18a74eaeb361ab3c",
  "rytter-head/oops": "9f3b624b0bc6a28f",
  "rytter-head/sleep": "3cbf26dcf307d5f8",
  "rytter-head/think": "d69004da00d5d751",
  "rytter-head/wave": "6355d8636d2462a4",
  "rytter-neck/cheer": "2def8a523dd950aa",
  "rytter-neck/domestic/1/0": "08412315afd53512",
  "rytter-neck/domestic/2/0": "9c91739668ca1d17",
  "rytter-neck/domestic/3/0": "b37e754559cd08a8",
  "rytter-neck/happy": "f727810566341dbe",
  "rytter-neck/idle": "9c91739668ca1d17",
  "rytter-neck/longhair/1/1": "c6229e50cf873834",
  "rytter-neck/longhair/2/1": "e095b4b2f487212e",
  "rytter-neck/longhair/3/1": "4bce3c5e861c234d",
  "rytter-neck/mainecoon/1/2": "d6aa88afbcffe4b3",
  "rytter-neck/mainecoon/2/2": "45f57471bf126b1e",
  "rytter-neck/mainecoon/3/2": "19b6a67a5ffce38c",
  "rytter-neck/oops": "e8f6acfbb8778dcc",
  "rytter-neck/sleep": "1cb39a20da93bb02",
  "rytter-neck/think": "98d6b1e2a010474d",
  "rytter-neck/wave": "7923e2dd281e5edf",
}
`;

exports[`hash-regression · fox > pr. genstand · stadie · farvesæt (racerne på skift) og pr. genstand · humør 1`] = `
{
  "rytter-back/cheer": "7d865936ec4e3f2e",
  "rytter-back/happy": "292acb2d286a1e79",
  "rytter-back/idle": "e4342e601799d962",
  "rytter-back/oops": "e61674c507dec8fa",
  "rytter-back/sleep": "2f444253b9d3f474",
  "rytter-back/std/1/0": "b7a54aaaf7762704",
  "rytter-back/std/1/1": "3ca8f25e9fd114ac",
  "rytter-back/std/1/2": "e5d1cdaf2d3584ff",
  "rytter-back/std/2/0": "e4342e601799d962",
  "rytter-back/std/2/1": "648339061bb9957d",
  "rytter-back/std/2/2": "a9438199281b01b8",
  "rytter-back/std/3/0": "e8cb25e52bd6bb6f",
  "rytter-back/std/3/1": "3efcffe4ea4e8ffb",
  "rytter-back/std/3/2": "d6c9909f73dcde62",
  "rytter-back/think": "8866c5a13274de8d",
  "rytter-back/wave": "4457a29d7c54d237",
  "rytter-body/cheer": "8878daf75e6ff4a8",
  "rytter-body/happy": "880c0a308148b5dd",
  "rytter-body/idle": "d175bfc230373755",
  "rytter-body/oops": "7e9aa7c2a3ae3284",
  "rytter-body/sleep": "29db1c87762b494a",
  "rytter-body/std/1/0": "84c2505951b77e42",
  "rytter-body/std/1/1": "71ac038fb3179ee3",
  "rytter-body/std/1/2": "83baea5ce9d0f0dc",
  "rytter-body/std/2/0": "d175bfc230373755",
  "rytter-body/std/2/1": "4df480e4669260eb",
  "rytter-body/std/2/2": "f92a144e113ef16a",
  "rytter-body/std/3/0": "630b37c1904e1327",
  "rytter-body/std/3/1": "07e5680c2fc39ed7",
  "rytter-body/std/3/2": "0dda7593ddb5ae64",
  "rytter-body/think": "1112f28c9c1a6374",
  "rytter-body/wave": "25d8a9f4a51db672",
  "rytter-face/cheer": "50b9de736047c42b",
  "rytter-face/happy": "4afca1c38dcf54bc",
  "rytter-face/idle": "3583bfdc185095dd",
  "rytter-face/oops": "31bc995f595d9dd4",
  "rytter-face/sleep": "2300057ad1e3f0c9",
  "rytter-face/std/1/0": "bfee8ec3ed0b0147",
  "rytter-face/std/1/1": "3f4b650f66530f70",
  "rytter-face/std/1/2": "e9192679dc988738",
  "rytter-face/std/2/0": "3583bfdc185095dd",
  "rytter-face/std/2/1": "20fe09ea85b7a6b5",
  "rytter-face/std/2/2": "e8c30287bb5cc2b6",
  "rytter-face/std/3/0": "8b3336b09ff36e17",
  "rytter-face/std/3/1": "0890546ebd3b6a04",
  "rytter-face/std/3/2": "0089b26bbab81111",
  "rytter-face/think": "495786835cd4f234",
  "rytter-face/wave": "15213a23971c4534",
  "rytter-hand/cheer": "826789df1b0a7cc0",
  "rytter-hand/happy": "5a358faf6f4b34d8",
  "rytter-hand/idle": "6647c6ea3153c7fd",
  "rytter-hand/oops": "a6a7f5b5b235caf1",
  "rytter-hand/sleep": "3566d24ef2e694a6",
  "rytter-hand/std/1/0": "3eff9a530b47be1e",
  "rytter-hand/std/1/1": "c29fbc906a5b4053",
  "rytter-hand/std/1/2": "32c876bd1241e1ec",
  "rytter-hand/std/2/0": "6647c6ea3153c7fd",
  "rytter-hand/std/2/1": "1a9519b8d25aac27",
  "rytter-hand/std/2/2": "5029f4dd9f933ddb",
  "rytter-hand/std/3/0": "38a47c5ef4925c98",
  "rytter-hand/std/3/1": "87e87cf091e51809",
  "rytter-hand/std/3/2": "4aa086382ca73426",
  "rytter-hand/think": "6a33bd510a9463d9",
  "rytter-hand/wave": "7a0497c0bc8a51a5",
  "rytter-head/cheer": "3edaee95fcd73f57",
  "rytter-head/happy": "8825872211ed1fe2",
  "rytter-head/idle": "63a86b416e1ecdcf",
  "rytter-head/oops": "f9bb13eaaefb5fa2",
  "rytter-head/sleep": "07159fb952050da9",
  "rytter-head/std/1/0": "7c0533b9eaa24d8e",
  "rytter-head/std/1/1": "9aa26814c4f5a254",
  "rytter-head/std/1/2": "775d616312464730",
  "rytter-head/std/2/0": "63a86b416e1ecdcf",
  "rytter-head/std/2/1": "319dafdbd62eaceb",
  "rytter-head/std/2/2": "6686e063e8c76ed3",
  "rytter-head/std/3/0": "8d28f11e7cbdfeef",
  "rytter-head/std/3/1": "ac21c899bc56f2ca",
  "rytter-head/std/3/2": "d1c776547366cf2c",
  "rytter-head/think": "cca974739563e2eb",
  "rytter-head/wave": "39614fd00e51e289",
  "rytter-neck/cheer": "fa432fd906a41c75",
  "rytter-neck/happy": "2e2de8fa1c67eb21",
  "rytter-neck/idle": "4ba5e6f49b13584b",
  "rytter-neck/oops": "a3d2299c8518b7af",
  "rytter-neck/sleep": "0674180bf4526bdc",
  "rytter-neck/std/1/0": "b07a5b7f556bdf84",
  "rytter-neck/std/1/1": "11814da0f85d15bb",
  "rytter-neck/std/1/2": "2afa3b5281c5e6dd",
  "rytter-neck/std/2/0": "4ba5e6f49b13584b",
  "rytter-neck/std/2/1": "6e6a7312d2caba45",
  "rytter-neck/std/2/2": "5bbbe19f614f1c9e",
  "rytter-neck/std/3/0": "374c3cd7ce78db71",
  "rytter-neck/std/3/1": "79c3f57f1526dcf8",
  "rytter-neck/std/3/2": "78e0b4b74a6eeb27",
  "rytter-neck/think": "3ec86b2573a0a61e",
  "rytter-neck/wave": "280b6585a1ed91e9",
}
`;

exports[`hash-regression · hamster > pr. genstand · stadie · farvesæt (racerne på skift) og pr. genstand · humør 1`] = `
{
  "rytter-back/cheer": "127cf402c97fa85d",
  "rytter-back/happy": "8ffaf084abf38ad3",
  "rytter-back/idle": "27408a70392356ef",
  "rytter-back/oops": "cf9c43d704a21d34",
  "rytter-back/sleep": "b6dd38e8e606bf90",
  "rytter-back/std/1/0": "0b063e4a017f3a78",
  "rytter-back/std/1/1": "d7125714b05b0f92",
  "rytter-back/std/1/2": "84b034c487470f29",
  "rytter-back/std/2/0": "27408a70392356ef",
  "rytter-back/std/2/1": "12572db498ecd160",
  "rytter-back/std/2/2": "9d6e32835747ce37",
  "rytter-back/std/3/0": "7c6567c73b209b96",
  "rytter-back/std/3/1": "a0276600fc4a3a81",
  "rytter-back/std/3/2": "8ee9c92f07da0462",
  "rytter-back/think": "c1735c16cdbee88b",
  "rytter-back/wave": "8098d220eb0694ef",
  "rytter-body/cheer": "c90415935d35ec82",
  "rytter-body/happy": "7474a60b102382f8",
  "rytter-body/idle": "d209b8ba00c2fefd",
  "rytter-body/oops": "41faaaa04ee5fd63",
  "rytter-body/sleep": "5d3bb682ec503cdf",
  "rytter-body/std/1/0": "271c726f91f4e057",
  "rytter-body/std/1/1": "439e214f13b838de",
  "rytter-body/std/1/2": "13b27b84feb52005",
  "rytter-body/std/2/0": "d209b8ba00c2fefd",
  "rytter-body/std/2/1": "4f2cbf1ffd50ef59",
  "rytter-body/std/2/2": "b1e53ee4f6037833",
  "rytter-body/std/3/0": "908200fcb60c21d0",
  "rytter-body/std/3/1": "718997ca489efa40",
  "rytter-body/std/3/2": "5ea03d4a1b205a4f",
  "rytter-body/think": "420375b7ff6f25ed",
  "rytter-body/wave": "3490ed5c794427f9",
  "rytter-face/cheer": "366d3f2929616e0c",
  "rytter-face/happy": "67a50a3ea4cfc78b",
  "rytter-face/idle": "28ba6e9f456edbb4",
  "rytter-face/oops": "89c4e07003780f33",
  "rytter-face/sleep": "c4e5f1ce48c31884",
  "rytter-face/std/1/0": "74c68597b6617e2c",
  "rytter-face/std/1/1": "94fa66b63606189b",
  "rytter-face/std/1/2": "f4aff83ea222c503",
  "rytter-face/std/2/0": "28ba6e9f456edbb4",
  "rytter-face/std/2/1": "e22c5d94e1a6e8d7",
  "rytter-face/std/2/2": "c04eb35bb11f1ac3",
  "rytter-face/std/3/0": "7b2d1f77f81b029d",
  "rytter-face/std/3/1": "f8f3d6e6eaf42e21",
  "rytter-face/std/3/2": "5d3a72d4b2769277",
  "rytter-face/think": "1976549344b6ab64",
  "rytter-face/wave": "57ff983d07b5be25",
  "rytter-hand/cheer": "c8f585faffc2576b",
  "rytter-hand/happy": "3ac118ab3bb9a69a",
  "rytter-hand/idle": "ac5eff06382fd32d",
  "rytter-hand/oops": "b9e03f7acdb366cb",
  "rytter-hand/sleep": "bbed2a1e6a76d9d7",
  "rytter-hand/std/1/0": "f3cac424a8dae5ed",
  "rytter-hand/std/1/1": "967479b56561a065",
  "rytter-hand/std/1/2": "bc14e16ecd585431",
  "rytter-hand/std/2/0": "ac5eff06382fd32d",
  "rytter-hand/std/2/1": "ccd6a7e957ba3d07",
  "rytter-hand/std/2/2": "cc6093e2ad1b5aad",
  "rytter-hand/std/3/0": "66c99acd626816b7",
  "rytter-hand/std/3/1": "b2f2ec33d7464ea6",
  "rytter-hand/std/3/2": "06ce0240e6da3922",
  "rytter-hand/think": "56ecf217dca2c163",
  "rytter-hand/wave": "fdc3542f5e81998d",
  "rytter-head/cheer": "2355206b95682560",
  "rytter-head/happy": "7c7e163bcf04cc74",
  "rytter-head/idle": "d54d4bf150d4f76a",
  "rytter-head/oops": "8ab2085d4c293f4c",
  "rytter-head/sleep": "700910cfaaf398ec",
  "rytter-head/std/1/0": "45d9105d0fba9e26",
  "rytter-head/std/1/1": "cb288efcdd598937",
  "rytter-head/std/1/2": "a902a37ab156d21e",
  "rytter-head/std/2/0": "d54d4bf150d4f76a",
  "rytter-head/std/2/1": "e2cf375b380e7631",
  "rytter-head/std/2/2": "26830de87915c116",
  "rytter-head/std/3/0": "fb550d9a7b32ea6b",
  "rytter-head/std/3/1": "705f499fadf69c66",
  "rytter-head/std/3/2": "7e1740f42b0a0fa6",
  "rytter-head/think": "786f68416afdaeb3",
  "rytter-head/wave": "ebbeb341b32f9191",
  "rytter-neck/cheer": "c7cfcf1a6b49cdff",
  "rytter-neck/happy": "61e211ec4eb577a5",
  "rytter-neck/idle": "5acdc498ae7ecdd6",
  "rytter-neck/oops": "9d64171fa4ea4f0b",
  "rytter-neck/sleep": "9cabfbc5514afb14",
  "rytter-neck/std/1/0": "1c02110d3b45403f",
  "rytter-neck/std/1/1": "df180c52d127b040",
  "rytter-neck/std/1/2": "04675548a2e497f6",
  "rytter-neck/std/2/0": "5acdc498ae7ecdd6",
  "rytter-neck/std/2/1": "c5f97646f1ba0fa1",
  "rytter-neck/std/2/2": "0cd810cc7c744c99",
  "rytter-neck/std/3/0": "74a13ff256880ef9",
  "rytter-neck/std/3/1": "d7f96561c4ab6f7b",
  "rytter-neck/std/3/2": "943bb6f80f7365ed",
  "rytter-neck/think": "90c593248e677553",
  "rytter-neck/wave": "2487ecf7205ae947",
}
`;

exports[`hash-regression · hedgehog > pr. genstand · stadie · farvesæt (racerne på skift) og pr. genstand · humør 1`] = `
{
  "rytter-back/cheer": "29ee21b474c946cd",
  "rytter-back/happy": "40acc935eef4ed30",
  "rytter-back/idle": "88f159976fcab24d",
  "rytter-back/oops": "4798b2124c6774f5",
  "rytter-back/sleep": "b8cf2742c6f58cf8",
  "rytter-back/std/1/0": "2bb002402b9b1a1a",
  "rytter-back/std/1/1": "835e18254ddc94af",
  "rytter-back/std/1/2": "2f5b7260eae8e318",
  "rytter-back/std/2/0": "88f159976fcab24d",
  "rytter-back/std/2/1": "6a0ce4d9046f7a89",
  "rytter-back/std/2/2": "2c86774ce3093547",
  "rytter-back/std/3/0": "bdd19affd566ee99",
  "rytter-back/std/3/1": "f0ad0977843696ce",
  "rytter-back/std/3/2": "25ae93c20a047d40",
  "rytter-back/think": "e7d1f08e0d638408",
  "rytter-back/wave": "1c7acbc3ee83f976",
  "rytter-body/cheer": "c7f48b95ffaa1bf4",
  "rytter-body/happy": "b7f7e5fb838e8109",
  "rytter-body/idle": "116c70f44b582328",
  "rytter-body/oops": "706dd61cbd323ff6",
  "rytter-body/sleep": "2082b59f05cb4ee1",
  "rytter-body/std/1/0": "19e434457e8b2e55",
  "rytter-body/std/1/1": "489220b660e66379",
  "rytter-body/std/1/2": "8c52e1b7055889e1",
  "rytter-body/std/2/0": "116c70f44b582328",
  "rytter-body/std/2/1": "2b2b63976ef4fd7d",
  "rytter-body/std/2/2": "75897550152af167",
  "rytter-body/std/3/0": "7ea68b7190402bc5",
  "rytter-body/std/3/1": "62322ae48da507ef",
  "rytter-body/std/3/2": "1a30ef1c786fa5e0",
  "rytter-body/think": "af3c3c96debdbb1a",
  "rytter-body/wave": "27b12dac213e009c",
  "rytter-face/cheer": "2fb13ca53cd77661",
  "rytter-face/happy": "a36e4b9aab8da6b5",
  "rytter-face/idle": "cc7314b06fa53ab4",
  "rytter-face/oops": "eb589b4bae486143",
  "rytter-face/sleep": "920826ab888fa3ed",
  "rytter-face/std/1/0": "87abbee6a4c943d8",
  "rytter-face/std/1/1": "190eba3912607040",
  "rytter-face/std/1/2": "e535847de8e7c06e",
  "rytter-face/std/2/0": "cc7314b06fa53ab4",
  "rytter-face/std/2/1": "f6dbcc4cf045b5ba",
  "rytter-face/std/2/2": "d0cac78c31f7cb04",
  "rytter-face/std/3/0": "44dee6eef86e682f",
  "rytter-face/std/3/1": "e577285590a81569",
  "rytter-face/std/3/2": "47472062df446525",
  "rytter-face/think": "bfd17224cae13c39",
  "rytter-face/wave": "2c056b6acf82a52c",
  "rytter-hand/cheer": "5c151d17a1674993",
  "rytter-hand/happy": "9879f9df06bac7d8",
  "rytter-hand/idle": "13b736cfe220a9a9",
  "rytter-hand/oops": "cf69175701a62ce2",
  "rytter-hand/sleep": "53bf2d6a3ddcc24a",
  "rytter-hand/std/1/0": "a3686bb83b0cc9ed",
  "rytter-hand/std/1/1": "b6ce50e06c7bc02f",
  "rytter-hand/std/1/2": "f1a0fe1a988be123",
  "rytter-hand/std/2/0": "13b736cfe220a9a9",
  "rytter-hand/std/2/1": "7b7e929ee1ac4932",
  "rytter-hand/std/2/2": "57e4f59752d90747",
  "rytter-hand/std/3/0": "3e29584053a035ba",
  "rytter-hand/std/3/1": "1a91cddb57e8afe2",
  "rytter-hand/std/3/2": "e9ffc28fe0d9f854",
  "rytter-hand/think": "fbb548ce833b4ea0",
  "rytter-hand/wave": "06b1532565a4dcf1",
  "rytter-head/cheer": "e352bdad329bc037",
  "rytter-head/happy": "8bad6518d74683c6",
  "rytter-head/idle": "4db177af243b3e08",
  "rytter-head/oops": "137ca8260c59ea4e",
  "rytter-head/sleep": "25bc11784331854d",
  "rytter-head/std/1/0": "e6354302fedd368b",
  "rytter-head/std/1/1": "afe564cc6c109fef",
  "rytter-head/std/1/2": "76a3c9962cbcaf51",
  "rytter-head/std/2/0": "4db177af243b3e08",
  "rytter-head/std/2/1": "25f9245ad980be1b",
  "rytter-head/std/2/2": "0dabc0b8f92915d5",
  "rytter-head/std/3/0": "047e047299c9991c",
  "rytter-head/std/3/1": "adce4e1a080c786b",
  "rytter-head/std/3/2": "7b0be89859493bbc",
  "rytter-head/think": "2dcbc9c7b7631e35",
  "rytter-head/wave": "4580966e2b9fe169",
  "rytter-neck/cheer": "a2f97792634fa9e6",
  "rytter-neck/happy": "45da5bacccdc94ef",
  "rytter-neck/idle": "001240de0ae6599d",
  "rytter-neck/oops": "6e397e9728a00df3",
  "rytter-neck/sleep": "e2f723e3c09c9afb",
  "rytter-neck/std/1/0": "66046de2986d599e",
  "rytter-neck/std/1/1": "1f95ef711b4c2265",
  "rytter-neck/std/1/2": "1a653fc8e4bef82c",
  "rytter-neck/std/2/0": "001240de0ae6599d",
  "rytter-neck/std/2/1": "309e92a9b47f2e25",
  "rytter-neck/std/2/2": "14f498016303a567",
  "rytter-neck/std/3/0": "be200c2c30d92727",
  "rytter-neck/std/3/1": "38e8953080bc7637",
  "rytter-neck/std/3/2": "4554af72d98f14ab",
  "rytter-neck/think": "187b658445e89c41",
  "rytter-neck/wave": "64f60324172f6f89",
}
`;

exports[`hash-regression · horse > pr. genstand · stadie · farvesæt (racerne på skift) og pr. genstand · humør 1`] = `
{
  "rytter-back/arabian/1/2": "f8e0d606da450447",
  "rytter-back/arabian/2/2": "690de3ab84df67b4",
  "rytter-back/arabian/3/2": "f4d7c65ad114fab8",
  "rytter-back/cheer": "4b1f6be0a03e9760",
  "rytter-back/fjord/1/1": "be12d686c928d3b2",
  "rytter-back/fjord/2/1": "218fdaf2b54b93b2",
  "rytter-back/fjord/3/1": "e32eb13fb110ddec",
  "rytter-back/happy": "574f4e14e7d8d7dc",
  "rytter-back/idle": "ede1581edb88dc3e",
  "rytter-back/oops": "be84ee0a56bca263",
  "rytter-back/shetland/1/0": "bb0fd400e9a37eab",
  "rytter-back/shetland/2/0": "ede1581edb88dc3e",
  "rytter-back/shetland/3/0": "b6316ea36ea55eb7",
  "rytter-back/sleep": "ddf2d1c99b1e87b6",
  "rytter-back/think": "bb170c7d19101e30",
  "rytter-back/wave": "3506d7d3c8c1c42f",
  "rytter-body/arabian/1/2": "f4e5dd7bcd6eed59",
  "rytter-body/arabian/2/2": "16f8cc65857f4440",
  "rytter-body/arabian/3/2": "8db83881d007bb86",
  "rytter-body/cheer": "2a6a9ad92e24edb6",
  "rytter-body/fjord/1/1": "38c58977c66b9005",
  "rytter-body/fjord/2/1": "0ce6a061c0cbd79e",
  "rytter-body/fjord/3/1": "abcdf7010fac500e",
  "rytter-body/happy": "958599f4cf5563ca",
  "rytter-body/idle": "1524a708886d1468",
  "rytter-body/oops": "367f546289bf90f4",
  "rytter-body/shetland/1/0": "dc8c5109250411cb",
  "rytter-body/shetland/2/0": "1524a708886d1468",
  "rytter-body/shetland/3/0": "e7a37cacadd564f9",
  "rytter-body/sleep": "23701b8f1c2d5570",
  "rytter-body/think": "b5341985af6a7626",
  "rytter-body/wave": "2fb4e3c4e6ab4953",
  "rytter-face/arabian/1/2": "afa50e4d8b7fc7cf",
  "rytter-face/arabian/2/2": "e792732ee8c7e6be",
  "rytter-face/arabian/3/2": "1ebb3d0d2555d9aa",
  "rytter-face/cheer": "cd088dcd77a73657",
  "rytter-face/fjord/1/1": "dbd2418cb436790d",
  "rytter-face/fjord/2/1": "363753a303b80661",
  "rytter-face/fjord/3/1": "ba6b6e8ae632e78c",
  "rytter-face/happy": "be415b11f51ce277",
  "rytter-face/idle": "be2b445ea0162aaf",
  "rytter-face/oops": "e92eb040ba456068",
  "rytter-face/shetland/1/0": "c8d0b0d0f30c726b",
  "rytter-face/shetland/2/0": "be2b445ea0162aaf",
  "rytter-face/shetland/3/0": "bea16154775d5d5d",
  "rytter-face/sleep": "25672da0e00ec1de",
  "rytter-face/think": "142918a383818a15",
  "rytter-face/wave": "b16fb90b4e239d1f",
  "rytter-hand/arabian/1/2": "c6a59ee4ee12710c",
  "rytter-hand/arabian/2/2": "193563495fecc4d3",
  "rytter-hand/arabian/3/2": "ccc9b5d3d70154a4",
  "rytter-hand/cheer": "99b605ea82384ee4",
  "rytter-hand/fjord/1/1": "15bc8056dad44c47",
  "rytter-hand/fjord/2/1": "af3d3b8015fdb06c",
  "rytter-hand/fjord/3/1": "c5f1f33cdc7db91b",
  "rytter-hand/happy": "783b2c50da801ea0",
  "rytter-hand/idle": "908ea9634c04e18e",
  "rytter-hand/oops": "d159e58f6e2a7f1d",
  "rytter-hand/shetland/1/0": "55206c483045827c",
  "rytter-hand/shetland/2/0": "908ea9634c04e18e",
  "rytter-hand/shetland/3/0": "d85d17eca35b32ec",
  "rytter-hand/sleep": "208cff161d3d466f",
  "rytter-hand/think": "7a49bee7ce627926",
  "rytter-hand/wave": "3ed455d7e9fe8130",
  "rytter-head/arabian/1/2": "5a6b32773b477554",
  "rytter-head/arabian/2/2": "8df85d41b82905e6",
  "rytter-head/arabian/3/2": "12a3454c178fa99b",
  "rytter-head/cheer": "9a1d26a76874de13",
  "rytter-head/fjord/1/1": "42ee1e9008b1f10a",
  "rytter-head/fjord/2/1": "9d5e4e8fadea5007",
  "rytter-head/fjord/3/1": "7c094cea90fabfb0",
  "rytter-head/happy": "096e559b8cbbc3e4",
  "rytter-head/idle": "e159b77262c22e7a",
  "rytter-head/oops": "5370337be8581653",
  "rytter-head/shetland/1/0": "7e50c1adc4fb7198",
  "rytter-head/shetland/2/0": "e159b77262c22e7a",
  "rytter-head/shetland/3/0": "0e10ea259a44aa86",
  "rytter-head/sleep": "2563c0dada12ae8d",
  "rytter-head/think": "c4b1446e576b7204",
  "rytter-head/wave": "cfec693a41647f12",
  "rytter-neck/arabian/1/2": "466fca303f39fae8",
  "rytter-neck/arabian/2/2": "c067cdea77adbe35",
  "rytter-neck/arabian/3/2": "61d68c31d1f73776",
  "rytter-neck/cheer": "3b443d5164fb6288",
  "rytter-neck/fjord/1/1": "b0a515619ae3cb0d",
  "rytter-neck/fjord/2/1": "b88747d7e33081f7",
  "rytter-neck/fjord/3/1": "72ccf19803b63db7",
  "rytter-neck/happy": "d9419003fa0b5932",
  "rytter-neck/idle": "c6a56624ef565e7b",
  "rytter-neck/oops": "955d80634b6374c5",
  "rytter-neck/shetland/1/0": "bb388210db085f0c",
  "rytter-neck/shetland/2/0": "c6a56624ef565e7b",
  "rytter-neck/shetland/3/0": "4ca90a7066ca59b4",
  "rytter-neck/sleep": "fe513bdae315fb17",
  "rytter-neck/think": "df6fb7be6c215bb1",
  "rytter-neck/wave": "2ad5af368b7146e5",
}
`;

exports[`hash-regression · lamb > pr. genstand · stadie · farvesæt (racerne på skift) og pr. genstand · humør 1`] = `
{
  "rytter-back/cheer": "bd13b50e0639ceca",
  "rytter-back/happy": "d1f222c9d91ffcbf",
  "rytter-back/idle": "0b6c5a788379aae1",
  "rytter-back/oops": "d61a04a511465366",
  "rytter-back/sleep": "7c16d98e81050b33",
  "rytter-back/std/1/0": "83b1d8f4328240fd",
  "rytter-back/std/1/1": "bc700de266753c86",
  "rytter-back/std/1/2": "37e0148ea7a7a937",
  "rytter-back/std/2/0": "0b6c5a788379aae1",
  "rytter-back/std/2/1": "4dc844fb10484775",
  "rytter-back/std/2/2": "1c7da75a3851aff8",
  "rytter-back/std/3/0": "b090f5e1b2d14b27",
  "rytter-back/std/3/1": "1a61da853a7f89ba",
  "rytter-back/std/3/2": "7374bb774bf1d925",
  "rytter-back/think": "fafb8bdd3f6d39a6",
  "rytter-back/wave": "c30c48b4112d7c1d",
  "rytter-body/cheer": "12f8faa0ad0d9ff7",
  "rytter-body/happy": "d65d5e7840eba5ce",
  "rytter-body/idle": "ef25b55cb7025db8",
  "rytter-body/oops": "1eeab3034ef4354c",
  "rytter-body/sleep": "e1e5b9e2af267d23",
  "rytter-body/std/1/0": "102df26c27ba294e",
  "rytter-body/std/1/1": "7b0a82a740fb1b5e",
  "rytter-body/std/1/2": "a438dc5078e014c3",
  "rytter-body/std/2/0": "ef25b55cb7025db8",
  "rytter-body/std/2/1": "c5d9e68bc48f50a0",
  "rytter-body/std/2/2": "c10e0eb6871ca690",
  "rytter-body/std/3/0": "0a2a8dea1b1f47d1",
  "rytter-body/std/3/1": "df828d49f2a4d676",
  "rytter-body/std/3/2": "f55325bb634a1a86",
  "rytter-body/think": "e3a30ea27858a11c",
  "rytter-body/wave": "eb154dc34d172e16",
  "rytter-face/cheer": "197ba414a7d0a753",
  "rytter-face/happy": "0021f2494c11f442",
  "rytter-face/idle": "51fe7b4563a1306f",
  "rytter-face/oops": "6fd2bb3487d45a6a",
  "rytter-face/sleep": "0b619e607c8d0eb2",
  "rytter-face/std/1/0": "efd83ca0ea7bbd82",
  "rytter-face/std/1/1": "bbc4c1ab409a8a2e",
  "rytter-face/std/1/2": "19d15ba1968ceea8",
  "rytter-face/std/2/0": "51fe7b4563a1306f",
  "rytter-face/std/2/1": "5cd879bcab1ef70d",
  "rytter-face/std/2/2": "81d4117eee9682d3",
  "rytter-face/std/3/0": "e5b2e58f0ce741c4",
  "rytter-face/std/3/1": "6957da270ea462c1",
  "rytter-face/std/3/2": "cd0f3b402234c9e5",
  "rytter-face/think": "dc8be9c583572a6d",
  "rytter-face/wave": "26cb5cee4b268535",
  "rytter-hand/cheer": "65333a17882bf598",
  "rytter-hand/happy": "ff2f8afa610a8db7",
  "rytter-hand/idle": "93f64a189fa42b9b",
  "rytter-hand/oops": "17016d1762e24e3e",
  "rytter-hand/sleep": "d4aa5186ce8a827c",
  "rytter-hand/std/1/0": "9dd43b2677ade15d",
  "rytter-hand/std/1/1": "0b8ed0222f87fdd1",
  "rytter-hand/std/1/2": "b43eb67551c10e1f",
  "rytter-hand/std/2/0": "93f64a189fa42b9b",
  "rytter-hand/std/2/1": "584756bc6efdcfd4",
  "rytter-hand/std/2/2": "878c792eb01e44e6",
  "rytter-hand/std/3/0": "a5d3febea4b98591",
  "rytter-hand/std/3/1": "50e7cc82d1eb0b4a",
  "rytter-hand/std/3/2": "22bb0b57ea26a08e",
  "rytter-hand/think": "8d8ef01a8509cbd0",
  "rytter-hand/wave": "7008fbcd1fd8616d",
  "rytter-head/cheer": "dab5a6fd7e67b090",
  "rytter-head/happy": "b464b18894eba414",
  "rytter-head/idle": "a0f2c1395d505ab5",
  "rytter-head/oops": "ca4633037a0e1376",
  "rytter-head/sleep": "a95fed2d2849cb3e",
  "rytter-head/std/1/0": "d016795a7192629c",
  "rytter-head/std/1/1": "5323e52846eba61c",
  "rytter-head/std/1/2": "b4b2ae53a6a5b5b1",
  "rytter-head/std/2/0": "a0f2c1395d505ab5",
  "rytter-head/std/2/1": "7e3f8f90153944f8",
  "rytter-head/std/2/2": "9ee05a9571632138",
  "rytter-head/std/3/0": "e04662d0c6764e69",
  "rytter-head/std/3/1": "4ad19c0dc190e231",
  "rytter-head/std/3/2": "67d5c912c54e59ba",
  "rytter-head/think": "a831e680730269e7",
  "rytter-head/wave": "7f996e9a336ab0c2",
  "rytter-neck/cheer": "a32bb12068c8b251",
  "rytter-neck/happy": "1354550c0c10c9f7",
  "rytter-neck/idle": "846778fb4586f30e",
  "rytter-neck/oops": "4a32a2d0e713a529",
  "rytter-neck/sleep": "1ff34940b89a73d0",
  "rytter-neck/std/1/0": "d4200e34708c64e8",
  "rytter-neck/std/1/1": "7dc4790a9e6da58b",
  "rytter-neck/std/1/2": "ce23a4c552dea3ee",
  "rytter-neck/std/2/0": "846778fb4586f30e",
  "rytter-neck/std/2/1": "226d2c795f654d10",
  "rytter-neck/std/2/2": "203f30b87380bae4",
  "rytter-neck/std/3/0": "34f4fa70b33873c4",
  "rytter-neck/std/3/1": "6bfafd4ada1bc1bc",
  "rytter-neck/std/3/2": "73f6eae8db6edd8c",
  "rytter-neck/think": "518c1b96930265e5",
  "rytter-neck/wave": "b066227b2fe20806",
}
`;

exports[`hash-regression · puppy > pr. genstand · stadie · farvesæt (racerne på skift) og pr. genstand · humør 1`] = `
{
  "rytter-back/cheer": "0cdf4fcd414720dd",
  "rytter-back/happy": "f2f5af5da8fc2c53",
  "rytter-back/idle": "74fadab37d5efb90",
  "rytter-back/oops": "052dde73541369f7",
  "rytter-back/sleep": "43e28d0ac67f368f",
  "rytter-back/std/1/0": "49dc860c3f0528c5",
  "rytter-back/std/1/1": "feb5d409e7037e9a",
  "rytter-back/std/1/2": "903023022ca29055",
  "rytter-back/std/2/0": "74fadab37d5efb90",
  "rytter-back/std/2/1": "41e8cc356df49ea6",
  "rytter-back/std/2/2": "6e18c40b9db1308b",
  "rytter-back/std/3/0": "76d7cdf076cd7dbd",
  "rytter-back/std/3/1": "e211f2a4580409b6",
  "rytter-back/std/3/2": "b5666a86c6468ffe",
  "rytter-back/think": "6072591fa5e7a03c",
  "rytter-back/wave": "35b97016449be41b",
  "rytter-body/cheer": "2c594a67e79556f5",
  "rytter-body/happy": "64f8d6f65a832b07",
  "rytter-body/idle": "84015b7091117f40",
  "rytter-body/oops": "e019a76147254d97",
  "rytter-body/sleep": "d779d2624986f18c",
  "rytter-body/std/1/0": "9be8a23ba7a8563b",
  "rytter-body/std/1/1": "1c6353c9216f87b0",
  "rytter-body/std/1/2": "e726884ee68cbd43",
  "rytter-body/std/2/0": "84015b7091117f40",
  "rytter-body/std/2/1": "d5ff84a4584f60df",
  "rytter-body/std/2/2": "88e6ff78e4d28d29",
  "rytter-body/std/3/0": "117999a4f399b2d5",
  "rytter-body/std/3/1": "02169d7c235ce79f",
  "rytter-body/std/3/2": "80342c732aaaf647",
  "rytter-body/think": "d79b9198f8495f40",
  "rytter-body/wave": "1d5c22945d347f4c",
  "rytter-face/cheer": "e4231e7fb96bb33c",
  "rytter-face/happy": "a1499c62b246a913",
  "rytter-face/idle": "d0b9136202f6762a",
  "rytter-face/oops": "9b498aebdcbf5c4a",
  "rytter-face/sleep": "09f9640d07296929",
  "rytter-face/std/1/0": "191491d2c385ea5d",
  "rytter-face/std/1/1": "9a5087bc919f64e5",
  "rytter-face/std/1/2": "3528574ebf41a976",
  "rytter-face/std/2/0": "d0b9136202f6762a",
  "rytter-face/std/2/1": "8c9d6644421264f7",
  "rytter-face/std/2/2": "e732566f32f324b7",
  "rytter-face/std/3/0": "d2eaa30f8f8c1636",
  "rytter-face/std/3/1": "0f646fadb6e90d5f",
  "rytter-face/std/3/2": "858731278e2104ba",
  "rytter-face/think": "d459b39fc4e07d0c",
  "rytter-face/wave": "06a4450f0682df4d",
  "rytter-hand/cheer": "e958f2914f719ddd",
  "rytter-hand/happy": "58d43b606358c150",
  "rytter-hand/idle": "1272276b8fb0bad3",
  "rytter-hand/oops": "788b51a514ed784e",
  "rytter-hand/sleep": "bfc0cf47f0d6c4a4",
  "rytter-hand/std/1/0": "1c97825a01d40a88",
  "rytter-hand/std/1/1": "a05c387ddb6a8eed",
  "rytter-hand/std/1/2": "e275acb29e31c153",
  "rytter-hand/std/2/0": "1272276b8fb0bad3",
  "rytter-hand/std/2/1": "4a571037fc81a374",
  "rytter-hand/std/2/2": "8e61b7916ca42e9c",
  "rytter-hand/std/3/0": "fac598e8f5bde147",
  "rytter-hand/std/3/1": "81fbe99bc088ffe1",
  "rytter-hand/std/3/2": "e845b16de0f2e170",
  "rytter-hand/think": "ab880d13408bd414",
  "rytter-hand/wave": "a82130986c21e909",
  "rytter-head/cheer": "1a4ab9a13ee47252",
  "rytter-head/happy": "e7c3781b52d6593e",
  "rytter-head/idle": "ed7754a521efff01",
  "rytter-head/oops": "cc0d2dc76e35da51",
  "rytter-head/sleep": "ac797ea728f0ba66",
  "rytter-head/std/1/0": "794e642833e0729e",
  "rytter-head/std/1/1": "1fc4d18039e1a764",
  "rytter-head/std/1/2": "4edf9ee79cb17fa8",
  "rytter-head/std/2/0": "ed7754a521efff01",
  "rytter-head/std/2/1": "11655112d77d76c7",
  "rytter-head/std/2/2": "36d88a62868b2d54",
  "rytter-head/std/3/0": "5293571db4d26da2",
  "rytter-head/std/3/1": "6a63e59c5a2e4cfb",
  "rytter-head/std/3/2": "210bb58f8d4114c1",
  "rytter-head/think": "c65d226270ebafaf",
  "rytter-head/wave": "856d72a5bd0ee2e1",
  "rytter-neck/cheer": "807f277589fb495c",
  "rytter-neck/happy": "0df88d501ed254be",
  "rytter-neck/idle": "eef7eda0c55b17e5",
  "rytter-neck/oops": "784d4dbff3252e86",
  "rytter-neck/sleep": "9f1b98387ca2aed9",
  "rytter-neck/std/1/0": "9f33018db493419c",
  "rytter-neck/std/1/1": "d67d4b0a5808c9d3",
  "rytter-neck/std/1/2": "65415c70550e49d1",
  "rytter-neck/std/2/0": "eef7eda0c55b17e5",
  "rytter-neck/std/2/1": "f7a9b3f04b5d4b87",
  "rytter-neck/std/2/2": "940ffc286821f45e",
  "rytter-neck/std/3/0": "250f20278d4edb2e",
  "rytter-neck/std/3/1": "d573addbba1b8c33",
  "rytter-neck/std/3/2": "deb8d321c91f757f",
  "rytter-neck/think": "41dcdd50614ae491",
  "rytter-neck/wave": "1aafb9bca04bfa95",
}
`;

exports[`hash-regression · rabbit > pr. genstand · stadie · farvesæt (racerne på skift) og pr. genstand · humør 1`] = `
{
  "rytter-back/cheer": "d238e75d4cbed4a8",
  "rytter-back/happy": "b6c322d9643189f7",
  "rytter-back/idle": "eda933924db29fbd",
  "rytter-back/lionhead/1/2": "a58060ab43fc5990",
  "rytter-back/lionhead/2/2": "5481aa7db661260b",
  "rytter-back/lionhead/3/2": "5e3567cb58af608c",
  "rytter-back/lop/1/1": "e4ff80234a7d95c5",
  "rytter-back/lop/2/1": "96eb94ff11f4b3f5",
  "rytter-back/lop/3/1": "7b5ab6413f47bce0",
  "rytter-back/oops": "0a67b43736e481d0",
  "rytter-back/sleep": "60b00a455a207a44",
  "rytter-back/think": "19bd86208b76a8d5",
  "rytter-back/upright/1/0": "bc877c319473cc48",
  "rytter-back/upright/2/0": "eda933924db29fbd",
  "rytter-back/upright/3/0": "3cee66cfaea53491",
  "rytter-back/wave": "74eec01d8666f305",
  "rytter-body/cheer": "b5eb2178b44658a9",
  "rytter-body/happy": "f4e53e7e3d71570c",
  "rytter-body/idle": "985709984aba3969",
  "rytter-body/lionhead/1/2": "1286b0b3f5db2712",
  "rytter-body/lionhead/2/2": "5d6af37dfd7866b3",
  "rytter-body/lionhead/3/2": "bcdfffebecc0e7c3",
  "rytter-body/lop/1/1": "f2b6ace3b6582a78",
  "rytter-body/lop/2/1": "011f8fe458099c1a",
  "rytter-body/lop/3/1": "9d84cbf2f9e2ca00",
  "rytter-body/oops": "8ebfeeb0c9865356",
  "rytter-body/sleep": "f18c8bf24141168f",
  "rytter-body/think": "81fa0b55c36d791f",
  "rytter-body/upright/1/0": "e2242fce705490ce",
  "rytter-body/upright/2/0": "985709984aba3969",
  "rytter-body/upright/3/0": "029fb9e46a7584ab",
  "rytter-body/wave": "d24505b19e88b6cd",
  "rytter-face/cheer": "766b04f833296408",
  "rytter-face/happy": "8617004381e96f29",
  "rytter-face/idle": "72c16d26a2e4a47d",
  "rytter-face/lionhead/1/2": "4ad899e46aa8b5be",
  "rytter-face/lionhead/2/2": "057f71dac06f65cd",
  "rytter-face/lionhead/3/2": "c7873772c8a3fabc",
  "rytter-face/lop/1/1": "97422ea18d70a9b8",
  "rytter-face/lop/2/1": "a84feaee3414889f",
  "rytter-face/lop/3/1": "84c49f348bc3462c",
  "rytter-face/oops": "ea81f53104760514",
  "rytter-face/sleep": "a6e821304a02a516",
  "rytter-face/think": "bbb6eafe6dd04b2b",
  "rytter-face/upright/1/0": "fb9d13b3c41064ee",
  "rytter-face/upright/2/0": "72c16d26a2e4a47d",
  "rytter-face/upright/3/0": "4a0c1fc9ed2d379a",
  "rytter-face/wave": "3b41cee53a92dde7",
  "rytter-hand/cheer": "b56e35b78927ecab",
  "rytter-hand/happy": "d97237b2a6bf3ba4",
  "rytter-hand/idle": "f55cc11d1459b1c1",
  "rytter-hand/lionhead/1/2": "11d0e532c78a3030",
  "rytter-hand/lionhead/2/2": "1261eb1e87144f54",
  "rytter-hand/lionhead/3/2": "3bd82f624d9efcb5",
  "rytter-hand/lop/1/1": "e5e00338d7487e82",
  "rytter-hand/lop/2/1": "548f7be0285f35a0",
  "rytter-hand/lop/3/1": "579535ed2d4a0411",
  "rytter-hand/oops": "60f61633dd3bafe3",
  "rytter-hand/sleep": "fb03308a7dd17826",
  "rytter-hand/think": "f61f0c053e3beb93",
  "rytter-hand/upright/1/0": "cca4573c085eee33",
  "rytter-hand/upright/2/0": "f55cc11d1459b1c1",
  "rytter-hand/upright/3/0": "d7d79efb1be607cb",
  "rytter-hand/wave": "479f8a67c12cfbad",
  "rytter-head/cheer": "2a5df55bf1ee8602",
  "rytter-head/happy": "e667e75676651da2",
  "rytter-head/idle": "a07d64fd2370e96a",
  "rytter-head/lionhead/1/2": "68c8452cd8e768d1",
  "rytter-head/lionhead/2/2": "cc635990204bbd0b",
  "rytter-head/lionhead/3/2": "66d4cac6bd507865",
  "rytter-head/lop/1/1": "466552283f23161f",
  "rytter-head/lop/2/1": "fcd7a073bf63955f",
  "rytter-head/lop/3/1": "546aba5e45480397",
  "rytter-head/oops": "701080f7fe712b88",
  "rytter-head/sleep": "dc41747e331ed51b",
  "rytter-head/think": "dab83890f6371c9d",
  "rytter-head/upright/1/0": "34ef0754f4481980",
  "rytter-head/upright/2/0": "a07d64fd2370e96a",
  "rytter-head/upright/3/0": "4f1af85d008fb20f",
  "rytter-head/wave": "40dc98b7f794f4b9",
  "rytter-neck/cheer": "930741876f10d058",
  "rytter-neck/happy": "81f10dbe8f477afc",
  "rytter-neck/idle": "1913112c6ee1084a",
  "rytter-neck/lionhead/1/2": "c6f50497a51cbb1c",
  "rytter-neck/lionhead/2/2": "f4b64a0f7d882b89",
  "rytter-neck/lionhead/3/2": "7f02e0dba592e6cd",
  "rytter-neck/lop/1/1": "db286a767d858f31",
  "rytter-neck/lop/2/1": "26d7dbdf54f92af8",
  "rytter-neck/lop/3/1": "c38b0bbbaabc6bfb",
  "rytter-neck/oops": "ae0013b10e489e0a",
  "rytter-neck/sleep": "185257e0873e4bdf",
  "rytter-neck/think": "6c709cb44c98b4dd",
  "rytter-neck/upright/1/0": "396060828c741ff4",
  "rytter-neck/upright/2/0": "1913112c6ee1084a",
  "rytter-neck/upright/3/0": "ed1b850f5d57c9c2",
  "rytter-neck/wave": "ed4816c169b1448a",
}
`;

exports[`hash-regression · unicorn > pr. genstand · stadie · farvesæt (racerne på skift) og pr. genstand · humør 1`] = `
{
  "rytter-back/cheer": "81c6c9fbcf314199",
  "rytter-back/foal/1/0": "287bb6eca51a07bf",
  "rytter-back/foal/2/0": "822bc33e393443cf",
  "rytter-back/foal/3/0": "71acc1b16416a2a8",
  "rytter-back/happy": "c1cb645b66781a35",
  "rytter-back/idle": "822bc33e393443cf",
  "rytter-back/oops": "c0c724aff66f9c90",
  "rytter-back/sleep": "7a25ad7d131f166f",
  "rytter-back/starhorn/1/2": "19daecf0ab1c6d80",
  "rytter-back/starhorn/2/2": "6e932cc20ac4b355",
  "rytter-back/starhorn/3/2": "684a3aa0531cb0cf",
  "rytter-back/think": "61935d066030db0e",
  "rytter-back/wave": "0f579b390e43f8aa",
  "rytter-back/wavy/1/1": "79201f6c30cdc3bb",
  "rytter-back/wavy/2/1": "b54c752f107ae25e",
  "rytter-back/wavy/3/1": "823dd9d61bf0c897",
  "rytter-body/cheer": "a2df76b62ae5acbb",
  "rytter-body/foal/1/0": "4d98246d28deb273",
  "rytter-body/foal/2/0": "8b86bc5d43f10f27",
  "rytter-body/foal/3/0": "426b96a7d81c6121",
  "rytter-body/happy": "54aa548863660b10",
  "rytter-body/idle": "8b86bc5d43f10f27",
  "rytter-body/oops": "06e8ce2d7c0ebe9f",
  "rytter-body/sleep": "71f16de7bcacada1",
  "rytter-body/starhorn/1/2": "ff8ea3419ca19ce1",
  "rytter-body/starhorn/2/2": "94ae853a22b6b048",
  "rytter-body/starhorn/3/2": "1a8b8ff648544cf6",
  "rytter-body/think": "ce544e4558236f42",
  "rytter-body/wave": "dcf660df24dbbf73",
  "rytter-body/wavy/1/1": "db109c16e2dc4f51",
  "rytter-body/wavy/2/1": "0e406294d9e5a39b",
  "rytter-body/wavy/3/1": "c8ffbc6a617e72e3",
  "rytter-face/cheer": "16ac3ec82462c383",
  "rytter-face/foal/1/0": "0afe21c11e052b16",
  "rytter-face/foal/2/0": "2aefa34abe1045a4",
  "rytter-face/foal/3/0": "460efd984cadaf8c",
  "rytter-face/happy": "c03322fb60eb9ac1",
  "rytter-face/idle": "2aefa34abe1045a4",
  "rytter-face/oops": "1d46c6ff063eccd6",
  "rytter-face/sleep": "fae36b955c9313ee",
  "rytter-face/starhorn/1/2": "4bfb6c1be7d3dc84",
  "rytter-face/starhorn/2/2": "0d83c616dc7160be",
  "rytter-face/starhorn/3/2": "ad8d659b7351573a",
  "rytter-face/think": "e3cd1244f9c60931",
  "rytter-face/wave": "c6a0a3ff3efe4f8a",
  "rytter-face/wavy/1/1": "3200e1b91689f647",
  "rytter-face/wavy/2/1": "03c678347233bdfe",
  "rytter-face/wavy/3/1": "7006a058e2d5751c",
  "rytter-hand/cheer": "75d54dbb2e97da4a",
  "rytter-hand/foal/1/0": "8ec4403e9851c6f1",
  "rytter-hand/foal/2/0": "a10abbb09d669dda",
  "rytter-hand/foal/3/0": "b716bb25c6559eba",
  "rytter-hand/happy": "7d63826f5b1124ae",
  "rytter-hand/idle": "a10abbb09d669dda",
  "rytter-hand/oops": "4dc95f82edeb9f10",
  "rytter-hand/sleep": "83a131266cd79c5c",
  "rytter-hand/starhorn/1/2": "f6fdca9aa714f80c",
  "rytter-hand/starhorn/2/2": "4fc868aab9fcc02a",
  "rytter-hand/starhorn/3/2": "58fbbb243305381b",
  "rytter-hand/think": "cbbecab0cb9e0d7a",
  "rytter-hand/wave": "aee9cd7c73881e0c",
  "rytter-hand/wavy/1/1": "69418dd59109f648",
  "rytter-hand/wavy/2/1": "3cce5dbfa36e11ae",
  "rytter-hand/wavy/3/1": "a75abec4de3cc946",
  "rytter-head/cheer": "4c259cc6d4760130",
  "rytter-head/foal/1/0": "e495b493bbb6e03f",
  "rytter-head/foal/2/0": "72abcb6041b97132",
  "rytter-head/foal/3/0": "0cefc38502eca6ad",
  "rytter-head/happy": "117ebe82db69aab2",
  "rytter-head/idle": "72abcb6041b97132",
  "rytter-head/oops": "e30636dcf3d7ff98",
  "rytter-head/sleep": "02384adacf6b8fd5",
  "rytter-head/starhorn/1/2": "fac37f3ac798980a",
  "rytter-head/starhorn/2/2": "4c9b6a8978a2c4b4",
  "rytter-head/starhorn/3/2": "939d13b184c37978",
  "rytter-head/think": "68b96478e05bb990",
  "rytter-head/wave": "4edfd570a1d8dad7",
  "rytter-head/wavy/1/1": "12a3a45678c4ae2a",
  "rytter-head/wavy/2/1": "a270e852363458db",
  "rytter-head/wavy/3/1": "05339e5a22db8ea7",
  "rytter-neck/cheer": "6f843ee461811d99",
  "rytter-neck/foal/1/0": "2da8f8ff907b04ed",
  "rytter-neck/foal/2/0": "38c9a096f9cc08a9",
  "rytter-neck/foal/3/0": "9557e6d23f1542b3",
  "rytter-neck/happy": "20066335bf25be4c",
  "rytter-neck/idle": "38c9a096f9cc08a9",
  "rytter-neck/oops": "4109d8b669793f76",
  "rytter-neck/sleep": "f99a13d5d4f8b9e3",
  "rytter-neck/starhorn/1/2": "4e4d5859a934c3f8",
  "rytter-neck/starhorn/2/2": "6fdd8252112a62c2",
  "rytter-neck/starhorn/3/2": "ab0eaabd22a616a3",
  "rytter-neck/think": "b08335b105b594e9",
  "rytter-neck/wave": "475156d4184b1f61",
  "rytter-neck/wavy/1/1": "588c0146ca688035",
  "rytter-neck/wavy/2/1": "b7d09bfcb327a9e3",
  "rytter-neck/wavy/3/1": "2af0b3a36dfb6a75",
}
`;
