// Vitest Snapshot v1, https://vitest.dev/guide/snapshot.html

exports[`hash-regression · cat > pr. genstand · stadie · farvesæt (racerne på skift) og pr. genstand · humør 1`] = `
{
  "rytter-back/cheer": "88a21c017d1d9519",
  "rytter-back/domestic/1/0": "e16d68190e8b72db",
  "rytter-back/domestic/2/0": "97342396d11f5842",
  "rytter-back/domestic/3/0": "78fd69fcf5698f3b",
  "rytter-back/happy": "935417cee5cb19f2",
  "rytter-back/idle": "97342396d11f5842",
  "rytter-back/longhair/1/1": "debfe2b33f282f78",
  "rytter-back/longhair/2/1": "10df1d36ed6a8e92",
  "rytter-back/longhair/3/1": "2c3178838c2e1dbf",
  "rytter-back/mainecoon/1/2": "12ae7ce96b280681",
  "rytter-back/mainecoon/2/2": "2025786e1e0ce483",
  "rytter-back/mainecoon/3/2": "93df9693640c48bb",
  "rytter-back/oops": "2fbce49c6f873838",
  "rytter-back/sleep": "ad079bceedaf4501",
  "rytter-back/think": "9035f850a7f4b5cb",
  "rytter-back/wave": "94211747dae77bed",
  "rytter-body/cheer": "3bc3c10d1dc27b86",
  "rytter-body/domestic/1/0": "3d5cc49cb2641189",
  "rytter-body/domestic/2/0": "7a21c821c42d2784",
  "rytter-body/domestic/3/0": "de90e045b9e35d38",
  "rytter-body/happy": "fffe8b192c7b0249",
  "rytter-body/idle": "7a21c821c42d2784",
  "rytter-body/longhair/1/1": "763cc0d1c0244889",
  "rytter-body/longhair/2/1": "397f4cff9e75cac8",
  "rytter-body/longhair/3/1": "635e6901d99e960f",
  "rytter-body/mainecoon/1/2": "b651d52bf27f13cf",
  "rytter-body/mainecoon/2/2": "223a3fa917caadb4",
  "rytter-body/mainecoon/3/2": "af86ca93b9600292",
  "rytter-body/oops": "4165fed56db625af",
  "rytter-body/sleep": "872f158f6e155c1e",
  "rytter-body/think": "f24022b681437364",
  "rytter-body/wave": "2ab61287ec4203dc",
  "rytter-face/cheer": "1b0ce7c955fb66fa",
  "rytter-face/domestic/1/0": "7affe1126a8afb50",
  "rytter-face/domestic/2/0": "75bc09571f4b133f",
  "rytter-face/domestic/3/0": "67df4df2a258ef3c",
  "rytter-face/happy": "b4f4dec8f2702421",
  "rytter-face/idle": "75bc09571f4b133f",
  "rytter-face/longhair/1/1": "6e06be9abeedf2e8",
  "rytter-face/longhair/2/1": "23e217d97a64e3b2",
  "rytter-face/longhair/3/1": "58ee37ba7a884bc1",
  "rytter-face/mainecoon/1/2": "bcaf6c8dc9bcef40",
  "rytter-face/mainecoon/2/2": "8e6da7e539ab9bf1",
  "rytter-face/mainecoon/3/2": "d741f3824965f37f",
  "rytter-face/oops": "8edebf25ecde785c",
  "rytter-face/sleep": "0a9f2614f547b171",
  "rytter-face/think": "593bac3052faff72",
  "rytter-face/wave": "00d9dde85cd7f99b",
  "rytter-hand/cheer": "774f71fe17e08d16",
  "rytter-hand/domestic/1/0": "d9260d8f6af84bbb",
  "rytter-hand/domestic/2/0": "df7413a02c7cc368",
  "rytter-hand/domestic/3/0": "aaeb0bb053f2d7ba",
  "rytter-hand/happy": "9966a6689d049c6f",
  "rytter-hand/idle": "df7413a02c7cc368",
  "rytter-hand/longhair/1/1": "063f36e67af3306d",
  "rytter-hand/longhair/2/1": "1d341a891b9e32d4",
  "rytter-hand/longhair/3/1": "26d7b144d10e0ec2",
  "rytter-hand/mainecoon/1/2": "1418b7277e692d7f",
  "rytter-hand/mainecoon/2/2": "cbb236a3c7a21034",
  "rytter-hand/mainecoon/3/2": "7db49e397695aa08",
  "rytter-hand/oops": "05136714d51e3b48",
  "rytter-hand/sleep": "7f43bad97d581d76",
  "rytter-hand/think": "449d1604c1c85485",
  "rytter-hand/wave": "a90d80d7126a3dd6",
  "rytter-head/cheer": "8a8292017377af82",
  "rytter-head/domestic/1/0": "fef5871480b58fc0",
  "rytter-head/domestic/2/0": "9f98b8e1ecd020c5",
  "rytter-head/domestic/3/0": "2f98b47ac9ecda5a",
  "rytter-head/happy": "da32c73366433951",
  "rytter-head/idle": "9f98b8e1ecd020c5",
  "rytter-head/longhair/1/1": "64eb106c229e2b5f",
  "rytter-head/longhair/2/1": "b33eb55917f4f3e1",
  "rytter-head/longhair/3/1": "205cf8b64a7cb977",
  "rytter-head/mainecoon/1/2": "6841ee592796d047",
  "rytter-head/mainecoon/2/2": "01cf89fd14129594",
  "rytter-head/mainecoon/3/2": "fee9e91abcc63b31",
  "rytter-head/oops": "5921054ea802152b",
  "rytter-head/sleep": "05cacd2346b5f8d0",
  "rytter-head/think": "096557fe5e4ad66d",
  "rytter-head/wave": "8868c611498f8186",
  "rytter-neck/cheer": "db915e94d69cff86",
  "rytter-neck/domestic/1/0": "c9ebe77186ca528e",
  "rytter-neck/domestic/2/0": "68ded157fa021b86",
  "rytter-neck/domestic/3/0": "b919505cb7a20ae2",
  "rytter-neck/happy": "ffed4a6dc7b4f286",
  "rytter-neck/idle": "68ded157fa021b86",
  "rytter-neck/longhair/1/1": "fda70c5f74ae441f",
  "rytter-neck/longhair/2/1": "be0d03a6389f889c",
  "rytter-neck/longhair/3/1": "6cd7fb56b3ac740e",
  "rytter-neck/mainecoon/1/2": "175e7ffae2b66961",
  "rytter-neck/mainecoon/2/2": "d5adfe6d289758af",
  "rytter-neck/mainecoon/3/2": "f3a1962be0321d6f",
  "rytter-neck/oops": "3581db8be3844149",
  "rytter-neck/sleep": "81b753d8d15b4528",
  "rytter-neck/think": "1528074951611996",
  "rytter-neck/wave": "f8728453766097a7",
}
`;

exports[`hash-regression · fox > pr. genstand · stadie · farvesæt (racerne på skift) og pr. genstand · humør 1`] = `
{
  "rytter-back/cheer": "7d865936ec4e3f2e",
  "rytter-back/happy": "292acb2d286a1e79",
  "rytter-back/idle": "e4342e601799d962",
  "rytter-back/oops": "e61674c507dec8fa",
  "rytter-back/sleep": "2f444253b9d3f474",
  "rytter-back/std/1/0": "b7a54aaaf7762704",
  "rytter-back/std/1/1": "3ca8f25e9fd114ac",
  "rytter-back/std/1/2": "e5d1cdaf2d3584ff",
  "rytter-back/std/2/0": "e4342e601799d962",
  "rytter-back/std/2/1": "648339061bb9957d",
  "rytter-back/std/2/2": "a9438199281b01b8",
  "rytter-back/std/3/0": "e8cb25e52bd6bb6f",
  "rytter-back/std/3/1": "3efcffe4ea4e8ffb",
  "rytter-back/std/3/2": "d6c9909f73dcde62",
  "rytter-back/think": "8866c5a13274de8d",
  "rytter-back/wave": "4457a29d7c54d237",
  "rytter-body/cheer": "8878daf75e6ff4a8",
  "rytter-body/happy": "880c0a308148b5dd",
  "rytter-body/idle": "d175bfc230373755",
  "rytter-body/oops": "7e9aa7c2a3ae3284",
  "rytter-body/sleep": "29db1c87762b494a",
  "rytter-body/std/1/0": "84c2505951b77e42",
  "rytter-body/std/1/1": "71ac038fb3179ee3",
  "rytter-body/std/1/2": "83baea5ce9d0f0dc",
  "rytter-body/std/2/0": "d175bfc230373755",
  "rytter-body/std/2/1": "4df480e4669260eb",
  "rytter-body/std/2/2": "f92a144e113ef16a",
  "rytter-body/std/3/0": "630b37c1904e1327",
  "rytter-body/std/3/1": "07e5680c2fc39ed7",
  "rytter-body/std/3/2": "0dda7593ddb5ae64",
  "rytter-body/think": "1112f28c9c1a6374",
  "rytter-body/wave": "25d8a9f4a51db672",
  "rytter-face/cheer": "50b9de736047c42b",
  "rytter-face/happy": "4afca1c38dcf54bc",
  "rytter-face/idle": "3583bfdc185095dd",
  "rytter-face/oops": "31bc995f595d9dd4",
  "rytter-face/sleep": "2300057ad1e3f0c9",
  "rytter-face/std/1/0": "bfee8ec3ed0b0147",
  "rytter-face/std/1/1": "3f4b650f66530f70",
  "rytter-face/std/1/2": "e9192679dc988738",
  "rytter-face/std/2/0": "3583bfdc185095dd",
  "rytter-face/std/2/1": "20fe09ea85b7a6b5",
  "rytter-face/std/2/2": "e8c30287bb5cc2b6",
  "rytter-face/std/3/0": "8b3336b09ff36e17",
  "rytter-face/std/3/1": "0890546ebd3b6a04",
  "rytter-face/std/3/2": "0089b26bbab81111",
  "rytter-face/think": "495786835cd4f234",
  "rytter-face/wave": "15213a23971c4534",
  "rytter-hand/cheer": "826789df1b0a7cc0",
  "rytter-hand/happy": "5a358faf6f4b34d8",
  "rytter-hand/idle": "6647c6ea3153c7fd",
  "rytter-hand/oops": "a6a7f5b5b235caf1",
  "rytter-hand/sleep": "3566d24ef2e694a6",
  "rytter-hand/std/1/0": "3eff9a530b47be1e",
  "rytter-hand/std/1/1": "c29fbc906a5b4053",
  "rytter-hand/std/1/2": "32c876bd1241e1ec",
  "rytter-hand/std/2/0": "6647c6ea3153c7fd",
  "rytter-hand/std/2/1": "1a9519b8d25aac27",
  "rytter-hand/std/2/2": "5029f4dd9f933ddb",
  "rytter-hand/std/3/0": "38a47c5ef4925c98",
  "rytter-hand/std/3/1": "87e87cf091e51809",
  "rytter-hand/std/3/2": "4aa086382ca73426",
  "rytter-hand/think": "6a33bd510a9463d9",
  "rytter-hand/wave": "7a0497c0bc8a51a5",
  "rytter-head/cheer": "3edaee95fcd73f57",
  "rytter-head/happy": "8825872211ed1fe2",
  "rytter-head/idle": "63a86b416e1ecdcf",
  "rytter-head/oops": "f9bb13eaaefb5fa2",
  "rytter-head/sleep": "07159fb952050da9",
  "rytter-head/std/1/0": "7c0533b9eaa24d8e",
  "rytter-head/std/1/1": "9aa26814c4f5a254",
  "rytter-head/std/1/2": "775d616312464730",
  "rytter-head/std/2/0": "63a86b416e1ecdcf",
  "rytter-head/std/2/1": "319dafdbd62eaceb",
  "rytter-head/std/2/2": "6686e063e8c76ed3",
  "rytter-head/std/3/0": "8d28f11e7cbdfeef",
  "rytter-head/std/3/1": "ac21c899bc56f2ca",
  "rytter-head/std/3/2": "d1c776547366cf2c",
  "rytter-head/think": "cca974739563e2eb",
  "rytter-head/wave": "39614fd00e51e289",
  "rytter-neck/cheer": "fa432fd906a41c75",
  "rytter-neck/happy": "2e2de8fa1c67eb21",
  "rytter-neck/idle": "4ba5e6f49b13584b",
  "rytter-neck/oops": "a3d2299c8518b7af",
  "rytter-neck/sleep": "0674180bf4526bdc",
  "rytter-neck/std/1/0": "b07a5b7f556bdf84",
  "rytter-neck/std/1/1": "11814da0f85d15bb",
  "rytter-neck/std/1/2": "2afa3b5281c5e6dd",
  "rytter-neck/std/2/0": "4ba5e6f49b13584b",
  "rytter-neck/std/2/1": "6e6a7312d2caba45",
  "rytter-neck/std/2/2": "5bbbe19f614f1c9e",
  "rytter-neck/std/3/0": "374c3cd7ce78db71",
  "rytter-neck/std/3/1": "79c3f57f1526dcf8",
  "rytter-neck/std/3/2": "78e0b4b74a6eeb27",
  "rytter-neck/think": "3ec86b2573a0a61e",
  "rytter-neck/wave": "280b6585a1ed91e9",
}
`;

exports[`hash-regression · hamster > pr. genstand · stadie · farvesæt (racerne på skift) og pr. genstand · humør 1`] = `
{
  "rytter-back/cheer": "127cf402c97fa85d",
  "rytter-back/happy": "8ffaf084abf38ad3",
  "rytter-back/idle": "27408a70392356ef",
  "rytter-back/oops": "cf9c43d704a21d34",
  "rytter-back/sleep": "b6dd38e8e606bf90",
  "rytter-back/std/1/0": "0b063e4a017f3a78",
  "rytter-back/std/1/1": "d7125714b05b0f92",
  "rytter-back/std/1/2": "84b034c487470f29",
  "rytter-back/std/2/0": "27408a70392356ef",
  "rytter-back/std/2/1": "12572db498ecd160",
  "rytter-back/std/2/2": "9d6e32835747ce37",
  "rytter-back/std/3/0": "a073da4f3b2c1037",
  "rytter-back/std/3/1": "495fe7b3a56a3f8d",
  "rytter-back/std/3/2": "c3bc35c0e4258075",
  "rytter-back/think": "c1735c16cdbee88b",
  "rytter-back/wave": "8098d220eb0694ef",
  "rytter-body/cheer": "c90415935d35ec82",
  "rytter-body/happy": "7474a60b102382f8",
  "rytter-body/idle": "d209b8ba00c2fefd",
  "rytter-body/oops": "41faaaa04ee5fd63",
  "rytter-body/sleep": "5d3bb682ec503cdf",
  "rytter-body/std/1/0": "271c726f91f4e057",
  "rytter-body/std/1/1": "439e214f13b838de",
  "rytter-body/std/1/2": "13b27b84feb52005",
  "rytter-body/std/2/0": "d209b8ba00c2fefd",
  "rytter-body/std/2/1": "4f2cbf1ffd50ef59",
  "rytter-body/std/2/2": "b1e53ee4f6037833",
  "rytter-body/std/3/0": "487e8639d88505da",
  "rytter-body/std/3/1": "85b22e0bcfe9247c",
  "rytter-body/std/3/2": "7fcc614e4d7afc10",
  "rytter-body/think": "420375b7ff6f25ed",
  "rytter-body/wave": "3490ed5c794427f9",
  "rytter-face/cheer": "366d3f2929616e0c",
  "rytter-face/happy": "67a50a3ea4cfc78b",
  "rytter-face/idle": "28ba6e9f456edbb4",
  "rytter-face/oops": "89c4e07003780f33",
  "rytter-face/sleep": "c4e5f1ce48c31884",
  "rytter-face/std/1/0": "74c68597b6617e2c",
  "rytter-face/std/1/1": "94fa66b63606189b",
  "rytter-face/std/1/2": "f4aff83ea222c503",
  "rytter-face/std/2/0": "28ba6e9f456edbb4",
  "rytter-face/std/2/1": "e22c5d94e1a6e8d7",
  "rytter-face/std/2/2": "c04eb35bb11f1ac3",
  "rytter-face/std/3/0": "843f12e6c001e089",
  "rytter-face/std/3/1": "e1b2e5e309b25af9",
  "rytter-face/std/3/2": "5c4b33b1c97eb58c",
  "rytter-face/think": "1976549344b6ab64",
  "rytter-face/wave": "57ff983d07b5be25",
  "rytter-hand/cheer": "c8f585faffc2576b",
  "rytter-hand/happy": "3ac118ab3bb9a69a",
  "rytter-hand/idle": "ac5eff06382fd32d",
  "rytter-hand/oops": "b9e03f7acdb366cb",
  "rytter-hand/sleep": "bbed2a1e6a76d9d7",
  "rytter-hand/std/1/0": "f3cac424a8dae5ed",
  "rytter-hand/std/1/1": "967479b56561a065",
  "rytter-hand/std/1/2": "bc14e16ecd585431",
  "rytter-hand/std/2/0": "ac5eff06382fd32d",
  "rytter-hand/std/2/1": "ccd6a7e957ba3d07",
  "rytter-hand/std/2/2": "cc6093e2ad1b5aad",
  "rytter-hand/std/3/0": "cecbea3f253d7f22",
  "rytter-hand/std/3/1": "e5a724666a72882c",
  "rytter-hand/std/3/2": "dcbe9a1f2fe6e025",
  "rytter-hand/think": "56ecf217dca2c163",
  "rytter-hand/wave": "fdc3542f5e81998d",
  "rytter-head/cheer": "2355206b95682560",
  "rytter-head/happy": "7c7e163bcf04cc74",
  "rytter-head/idle": "d54d4bf150d4f76a",
  "rytter-head/oops": "8ab2085d4c293f4c",
  "rytter-head/sleep": "700910cfaaf398ec",
  "rytter-head/std/1/0": "45d9105d0fba9e26",
  "rytter-head/std/1/1": "cb288efcdd598937",
  "rytter-head/std/1/2": "a902a37ab156d21e",
  "rytter-head/std/2/0": "d54d4bf150d4f76a",
  "rytter-head/std/2/1": "e2cf375b380e7631",
  "rytter-head/std/2/2": "26830de87915c116",
  "rytter-head/std/3/0": "09eac31d2713fc74",
  "rytter-head/std/3/1": "23a3026287c8f01f",
  "rytter-head/std/3/2": "49feb5a372adb152",
  "rytter-head/think": "786f68416afdaeb3",
  "rytter-head/wave": "ebbeb341b32f9191",
  "rytter-neck/cheer": "c7cfcf1a6b49cdff",
  "rytter-neck/happy": "61e211ec4eb577a5",
  "rytter-neck/idle": "5acdc498ae7ecdd6",
  "rytter-neck/oops": "9d64171fa4ea4f0b",
  "rytter-neck/sleep": "9cabfbc5514afb14",
  "rytter-neck/std/1/0": "1c02110d3b45403f",
  "rytter-neck/std/1/1": "df180c52d127b040",
  "rytter-neck/std/1/2": "04675548a2e497f6",
  "rytter-neck/std/2/0": "5acdc498ae7ecdd6",
  "rytter-neck/std/2/1": "c5f97646f1ba0fa1",
  "rytter-neck/std/2/2": "0cd810cc7c744c99",
  "rytter-neck/std/3/0": "3f908dfdc9bcce18",
  "rytter-neck/std/3/1": "982f2f1e1bf6b931",
  "rytter-neck/std/3/2": "2d58d48b3c14fe47",
  "rytter-neck/think": "90c593248e677553",
  "rytter-neck/wave": "2487ecf7205ae947",
}
`;

exports[`hash-regression · hedgehog > pr. genstand · stadie · farvesæt (racerne på skift) og pr. genstand · humør 1`] = `
{
  "rytter-back/cheer": "ffef97149e080204",
  "rytter-back/happy": "08d0ba6999ad1065",
  "rytter-back/idle": "6720f2b06f3f02e2",
  "rytter-back/oops": "ee0f11c86942018d",
  "rytter-back/sleep": "ac331ab21d26cef4",
  "rytter-back/std/1/0": "60c636e7e80ea594",
  "rytter-back/std/1/1": "7ae83e6a2a00687b",
  "rytter-back/std/1/2": "882e849018e5dbea",
  "rytter-back/std/2/0": "6720f2b06f3f02e2",
  "rytter-back/std/2/1": "e1b616ad1ad30266",
  "rytter-back/std/2/2": "da7383186ea3c1dd",
  "rytter-back/std/3/0": "fe379c1c1ec9452a",
  "rytter-back/std/3/1": "1c3f66113f0ffb68",
  "rytter-back/std/3/2": "3e98909cc3bdd9b2",
  "rytter-back/think": "fb324773c092c7b6",
  "rytter-back/wave": "89cea6dca398cb74",
  "rytter-body/cheer": "b771a14941d610dd",
  "rytter-body/happy": "834025a3fbe99623",
  "rytter-body/idle": "be167794b8f740b8",
  "rytter-body/oops": "dcf455bba58295cd",
  "rytter-body/sleep": "65a865094e682b8f",
  "rytter-body/std/1/0": "699cfaa75b5c3abf",
  "rytter-body/std/1/1": "7de5bd98d71b6a95",
  "rytter-body/std/1/2": "9ef90c02516f35a5",
  "rytter-body/std/2/0": "be167794b8f740b8",
  "rytter-body/std/2/1": "1ba4e88f96ff6561",
  "rytter-body/std/2/2": "d0ca61765cf1db97",
  "rytter-body/std/3/0": "892fd9e5667d20ed",
  "rytter-body/std/3/1": "c71e7aa93733d71c",
  "rytter-body/std/3/2": "174cc6f230fcefe1",
  "rytter-body/think": "542bd69c6a60d60f",
  "rytter-body/wave": "b9e01386efaba4f4",
  "rytter-face/cheer": "dbf12650840c01b6",
  "rytter-face/happy": "aca5b3872ffae7aa",
  "rytter-face/idle": "71b87d1d20f7cebb",
  "rytter-face/oops": "c5f3972eadb9da07",
  "rytter-face/sleep": "1a91a7fa9d4dc81f",
  "rytter-face/std/1/0": "91beb69ed0c7e72c",
  "rytter-face/std/1/1": "eb68fae41f61f12e",
  "rytter-face/std/1/2": "22c4d04a3846e1b2",
  "rytter-face/std/2/0": "71b87d1d20f7cebb",
  "rytter-face/std/2/1": "4dca352e69c0ccbf",
  "rytter-face/std/2/2": "247edcb310e5a49b",
  "rytter-face/std/3/0": "fceee6d042550cd5",
  "rytter-face/std/3/1": "1df21c94d4d9e50b",
  "rytter-face/std/3/2": "77555456b1b619ec",
  "rytter-face/think": "fb165e747a2920a0",
  "rytter-face/wave": "753840eb16a2b5e3",
  "rytter-hand/cheer": "8e20c608e965e335",
  "rytter-hand/happy": "27db14f01f28d67e",
  "rytter-hand/idle": "7813b4e16b8e6cc6",
  "rytter-hand/oops": "2145e7b2c9f2b2f1",
  "rytter-hand/sleep": "5949e03cda6e903f",
  "rytter-hand/std/1/0": "cea268c85cc30cc1",
  "rytter-hand/std/1/1": "764d64eb632d7a3c",
  "rytter-hand/std/1/2": "c8db8b66a02e534b",
  "rytter-hand/std/2/0": "7813b4e16b8e6cc6",
  "rytter-hand/std/2/1": "862b3df486bd2639",
  "rytter-hand/std/2/2": "c667c6a074e76e1e",
  "rytter-hand/std/3/0": "1608310a941ac5cc",
  "rytter-hand/std/3/1": "be181f8bb85f40cc",
  "rytter-hand/std/3/2": "d8ff4235de78933e",
  "rytter-hand/think": "a4d645dc03b3fd60",
  "rytter-hand/wave": "22d99ed2d650a85e",
  "rytter-head/cheer": "2504e05e061fb98b",
  "rytter-head/happy": "313cbfdf39ad15cc",
  "rytter-head/idle": "7bea9033a062847f",
  "rytter-head/oops": "273ab47b95873d85",
  "rytter-head/sleep": "a04d3e94965600b7",
  "rytter-head/std/1/0": "9764f75488039b8a",
  "rytter-head/std/1/1": "8ce4af4a03b561b6",
  "rytter-head/std/1/2": "420948ae41d8e5c6",
  "rytter-head/std/2/0": "7bea9033a062847f",
  "rytter-head/std/2/1": "04ebf46684475fea",
  "rytter-head/std/2/2": "ae7325b7d49aebd7",
  "rytter-head/std/3/0": "f26b1ca17315b264",
  "rytter-head/std/3/1": "338ba361d4e13b31",
  "rytter-head/std/3/2": "8565438a5290e7e2",
  "rytter-head/think": "8d33f9e7fe5fc9d4",
  "rytter-head/wave": "881069586b279a29",
  "rytter-neck/cheer": "5bc138753304d033",
  "rytter-neck/happy": "e23cf5b650292715",
  "rytter-neck/idle": "4d66e1dbad6c03d9",
  "rytter-neck/oops": "6ccfed8d764c7a6e",
  "rytter-neck/sleep": "2b33befae2c38b88",
  "rytter-neck/std/1/0": "2628106f8b5dd0c8",
  "rytter-neck/std/1/1": "dde7ca486a803eeb",
  "rytter-neck/std/1/2": "3d34d339a3960a1c",
  "rytter-neck/std/2/0": "4d66e1dbad6c03d9",
  "rytter-neck/std/2/1": "541bdda8bec33a6d",
  "rytter-neck/std/2/2": "e8fca2bf7e2ad18c",
  "rytter-neck/std/3/0": "d2b9b999180c01a6",
  "rytter-neck/std/3/1": "8f99860340b84fc7",
  "rytter-neck/std/3/2": "9b65767ee53f018c",
  "rytter-neck/think": "223d5eb58f42ca56",
  "rytter-neck/wave": "ee75f149ccb053f7",
}
`;

exports[`hash-regression · horse > pr. genstand · stadie · farvesæt (racerne på skift) og pr. genstand · humør 1`] = `
{
  "rytter-back/arabian/1/2": "e1201bfabfec8c90",
  "rytter-back/arabian/2/2": "509b9884dfe9ca87",
  "rytter-back/arabian/3/2": "71f69d9dbdd56087",
  "rytter-back/cheer": "c085b458e82b7eb8",
  "rytter-back/fjord/1/1": "857224a3eeb78b14",
  "rytter-back/fjord/2/1": "b2d794d1b5f1e0a2",
  "rytter-back/fjord/3/1": "1df0df36c4820359",
  "rytter-back/happy": "a148ff7bb98a0518",
  "rytter-back/idle": "1470bd2f4423f058",
  "rytter-back/oops": "047a1f3efe84ae38",
  "rytter-back/shetland/1/0": "996cc80002aed6ea",
  "rytter-back/shetland/2/0": "1470bd2f4423f058",
  "rytter-back/shetland/3/0": "1bc96a99c26ff14e",
  "rytter-back/sleep": "4da698a62233c014",
  "rytter-back/think": "5243685e7372728d",
  "rytter-back/wave": "bbd7dbe3650e34a0",
  "rytter-body/arabian/1/2": "84af125a6445dd07",
  "rytter-body/arabian/2/2": "e4e85f9246f4e76f",
  "rytter-body/arabian/3/2": "fd8df011b4259c81",
  "rytter-body/cheer": "bbe8acd731ac0618",
  "rytter-body/fjord/1/1": "bf2bb96103bd56f3",
  "rytter-body/fjord/2/1": "57435b60055c3679",
  "rytter-body/fjord/3/1": "f918b3ad6eb033c3",
  "rytter-body/happy": "add6d7ca716462ca",
  "rytter-body/idle": "6481854329451e42",
  "rytter-body/oops": "200d72fa849b0979",
  "rytter-body/shetland/1/0": "3f984d086237364e",
  "rytter-body/shetland/2/0": "6481854329451e42",
  "rytter-body/shetland/3/0": "50400fad8fa45923",
  "rytter-body/sleep": "e3f199fb8af181c6",
  "rytter-body/think": "8e3f68ac3cf2074d",
  "rytter-body/wave": "ce7d149aa0f08216",
  "rytter-face/arabian/1/2": "17ba00f80d26defa",
  "rytter-face/arabian/2/2": "d4de9a2e96f601a9",
  "rytter-face/arabian/3/2": "b14884a9198717eb",
  "rytter-face/cheer": "dde51c2a5e587655",
  "rytter-face/fjord/1/1": "61359340dd56c582",
  "rytter-face/fjord/2/1": "70b960d627d231d0",
  "rytter-face/fjord/3/1": "54bee549fa2be939",
  "rytter-face/happy": "d09ba89917caed62",
  "rytter-face/idle": "b6d82496fc1e00f6",
  "rytter-face/oops": "3ca4e0b1b99951f9",
  "rytter-face/shetland/1/0": "8ceec5c214cbeccf",
  "rytter-face/shetland/2/0": "b6d82496fc1e00f6",
  "rytter-face/shetland/3/0": "1caba13d8f631455",
  "rytter-face/sleep": "052c3d2907455827",
  "rytter-face/think": "321cff37f09aa8d8",
  "rytter-face/wave": "c3681e4414eff11c",
  "rytter-hand/arabian/1/2": "bcf66befa8e74276",
  "rytter-hand/arabian/2/2": "29b68f2d40342639",
  "rytter-hand/arabian/3/2": "5ae43289685155d9",
  "rytter-hand/cheer": "d96ec7e205f0485c",
  "rytter-hand/fjord/1/1": "2c9a6fc06f2c6aa7",
  "rytter-hand/fjord/2/1": "dce1fd529702b9f3",
  "rytter-hand/fjord/3/1": "561134dd823d0d6e",
  "rytter-hand/happy": "7b22064356d9a081",
  "rytter-hand/idle": "112988bb7bd8f5e1",
  "rytter-hand/oops": "27bb8dfb2bb496bf",
  "rytter-hand/shetland/1/0": "e5790cb6d2ee53b5",
  "rytter-hand/shetland/2/0": "112988bb7bd8f5e1",
  "rytter-hand/shetland/3/0": "29219cf537a1fcd5",
  "rytter-hand/sleep": "68c49e44bce71e66",
  "rytter-hand/think": "dc714e0705bdfa04",
  "rytter-hand/wave": "67c62a83da8106fa",
  "rytter-head/arabian/1/2": "bd60734f5a0ecfcc",
  "rytter-head/arabian/2/2": "8df85d41b82905e6",
  "rytter-head/arabian/3/2": "12a3454c178fa99b",
  "rytter-head/cheer": "9a1d26a76874de13",
  "rytter-head/fjord/1/1": "42ee1e9008b1f10a",
  "rytter-head/fjord/2/1": "9d5e4e8fadea5007",
  "rytter-head/fjord/3/1": "7c094cea90fabfb0",
  "rytter-head/happy": "096e559b8cbbc3e4",
  "rytter-head/idle": "e159b77262c22e7a",
  "rytter-head/oops": "5370337be8581653",
  "rytter-head/shetland/1/0": "7e50c1adc4fb7198",
  "rytter-head/shetland/2/0": "e159b77262c22e7a",
  "rytter-head/shetland/3/0": "0e10ea259a44aa86",
  "rytter-head/sleep": "2563c0dada12ae8d",
  "rytter-head/think": "c4b1446e576b7204",
  "rytter-head/wave": "cfec693a41647f12",
  "rytter-neck/arabian/1/2": "912d6ccd386388dc",
  "rytter-neck/arabian/2/2": "126f3141845b8824",
  "rytter-neck/arabian/3/2": "340d51b996b8bba4",
  "rytter-neck/cheer": "e59324993cc2258f",
  "rytter-neck/fjord/1/1": "314692aa91c5e7b9",
  "rytter-neck/fjord/2/1": "8aa6df9c265ee18c",
  "rytter-neck/fjord/3/1": "e803925df28c0a1c",
  "rytter-neck/happy": "0f2f8b1f83eb2e0b",
  "rytter-neck/idle": "5e6b195e5bcb4d06",
  "rytter-neck/oops": "911e514893b80041",
  "rytter-neck/shetland/1/0": "79c0c0239dd4c018",
  "rytter-neck/shetland/2/0": "5e6b195e5bcb4d06",
  "rytter-neck/shetland/3/0": "9d18bea06f3b1c8b",
  "rytter-neck/sleep": "d4812f1d78624b63",
  "rytter-neck/think": "3a50c3452fc85e62",
  "rytter-neck/wave": "ebd1c53886a997bc",
}
`;

exports[`hash-regression · lamb > pr. genstand · stadie · farvesæt (racerne på skift) og pr. genstand · humør 1`] = `
{
  "rytter-back/cheer": "bd13b50e0639ceca",
  "rytter-back/happy": "d1f222c9d91ffcbf",
  "rytter-back/idle": "0b6c5a788379aae1",
  "rytter-back/oops": "d61a04a511465366",
  "rytter-back/sleep": "7c16d98e81050b33",
  "rytter-back/std/1/0": "83b1d8f4328240fd",
  "rytter-back/std/1/1": "bc700de266753c86",
  "rytter-back/std/1/2": "37e0148ea7a7a937",
  "rytter-back/std/2/0": "0b6c5a788379aae1",
  "rytter-back/std/2/1": "4dc844fb10484775",
  "rytter-back/std/2/2": "1c7da75a3851aff8",
  "rytter-back/std/3/0": "b090f5e1b2d14b27",
  "rytter-back/std/3/1": "1a61da853a7f89ba",
  "rytter-back/std/3/2": "7374bb774bf1d925",
  "rytter-back/think": "fafb8bdd3f6d39a6",
  "rytter-back/wave": "c30c48b4112d7c1d",
  "rytter-body/cheer": "12f8faa0ad0d9ff7",
  "rytter-body/happy": "d65d5e7840eba5ce",
  "rytter-body/idle": "ef25b55cb7025db8",
  "rytter-body/oops": "1eeab3034ef4354c",
  "rytter-body/sleep": "e1e5b9e2af267d23",
  "rytter-body/std/1/0": "102df26c27ba294e",
  "rytter-body/std/1/1": "7b0a82a740fb1b5e",
  "rytter-body/std/1/2": "a438dc5078e014c3",
  "rytter-body/std/2/0": "ef25b55cb7025db8",
  "rytter-body/std/2/1": "c5d9e68bc48f50a0",
  "rytter-body/std/2/2": "c10e0eb6871ca690",
  "rytter-body/std/3/0": "0a2a8dea1b1f47d1",
  "rytter-body/std/3/1": "df828d49f2a4d676",
  "rytter-body/std/3/2": "f55325bb634a1a86",
  "rytter-body/think": "e3a30ea27858a11c",
  "rytter-body/wave": "eb154dc34d172e16",
  "rytter-face/cheer": "197ba414a7d0a753",
  "rytter-face/happy": "0021f2494c11f442",
  "rytter-face/idle": "51fe7b4563a1306f",
  "rytter-face/oops": "6fd2bb3487d45a6a",
  "rytter-face/sleep": "0b619e607c8d0eb2",
  "rytter-face/std/1/0": "efd83ca0ea7bbd82",
  "rytter-face/std/1/1": "bbc4c1ab409a8a2e",
  "rytter-face/std/1/2": "19d15ba1968ceea8",
  "rytter-face/std/2/0": "51fe7b4563a1306f",
  "rytter-face/std/2/1": "5cd879bcab1ef70d",
  "rytter-face/std/2/2": "81d4117eee9682d3",
  "rytter-face/std/3/0": "e5b2e58f0ce741c4",
  "rytter-face/std/3/1": "6957da270ea462c1",
  "rytter-face/std/3/2": "cd0f3b402234c9e5",
  "rytter-face/think": "dc8be9c583572a6d",
  "rytter-face/wave": "26cb5cee4b268535",
  "rytter-hand/cheer": "65333a17882bf598",
  "rytter-hand/happy": "ff2f8afa610a8db7",
  "rytter-hand/idle": "93f64a189fa42b9b",
  "rytter-hand/oops": "17016d1762e24e3e",
  "rytter-hand/sleep": "d4aa5186ce8a827c",
  "rytter-hand/std/1/0": "9dd43b2677ade15d",
  "rytter-hand/std/1/1": "0b8ed0222f87fdd1",
  "rytter-hand/std/1/2": "b43eb67551c10e1f",
  "rytter-hand/std/2/0": "93f64a189fa42b9b",
  "rytter-hand/std/2/1": "584756bc6efdcfd4",
  "rytter-hand/std/2/2": "878c792eb01e44e6",
  "rytter-hand/std/3/0": "a5d3febea4b98591",
  "rytter-hand/std/3/1": "50e7cc82d1eb0b4a",
  "rytter-hand/std/3/2": "22bb0b57ea26a08e",
  "rytter-hand/think": "8d8ef01a8509cbd0",
  "rytter-hand/wave": "7008fbcd1fd8616d",
  "rytter-head/cheer": "dab5a6fd7e67b090",
  "rytter-head/happy": "b464b18894eba414",
  "rytter-head/idle": "a0f2c1395d505ab5",
  "rytter-head/oops": "ca4633037a0e1376",
  "rytter-head/sleep": "a95fed2d2849cb3e",
  "rytter-head/std/1/0": "d016795a7192629c",
  "rytter-head/std/1/1": "5323e52846eba61c",
  "rytter-head/std/1/2": "b4b2ae53a6a5b5b1",
  "rytter-head/std/2/0": "a0f2c1395d505ab5",
  "rytter-head/std/2/1": "7e3f8f90153944f8",
  "rytter-head/std/2/2": "9ee05a9571632138",
  "rytter-head/std/3/0": "e04662d0c6764e69",
  "rytter-head/std/3/1": "4ad19c0dc190e231",
  "rytter-head/std/3/2": "67d5c912c54e59ba",
  "rytter-head/think": "a831e680730269e7",
  "rytter-head/wave": "7f996e9a336ab0c2",
  "rytter-neck/cheer": "a32bb12068c8b251",
  "rytter-neck/happy": "1354550c0c10c9f7",
  "rytter-neck/idle": "846778fb4586f30e",
  "rytter-neck/oops": "4a32a2d0e713a529",
  "rytter-neck/sleep": "1ff34940b89a73d0",
  "rytter-neck/std/1/0": "d4200e34708c64e8",
  "rytter-neck/std/1/1": "7dc4790a9e6da58b",
  "rytter-neck/std/1/2": "ce23a4c552dea3ee",
  "rytter-neck/std/2/0": "846778fb4586f30e",
  "rytter-neck/std/2/1": "226d2c795f654d10",
  "rytter-neck/std/2/2": "203f30b87380bae4",
  "rytter-neck/std/3/0": "34f4fa70b33873c4",
  "rytter-neck/std/3/1": "6bfafd4ada1bc1bc",
  "rytter-neck/std/3/2": "73f6eae8db6edd8c",
  "rytter-neck/think": "518c1b96930265e5",
  "rytter-neck/wave": "b066227b2fe20806",
}
`;

exports[`hash-regression · puppy > pr. genstand · stadie · farvesæt (racerne på skift) og pr. genstand · humør 1`] = `
{
  "rytter-back/cheer": "9f4b873089e3d6a0",
  "rytter-back/happy": "47d4922be9f67a2e",
  "rytter-back/idle": "752144d805d0921f",
  "rytter-back/oops": "53528c270cf9c84e",
  "rytter-back/sleep": "ae57a996babac6b7",
  "rytter-back/std/1/0": "18b7fc54ca6f14b5",
  "rytter-back/std/1/1": "26ea8c11c383186e",
  "rytter-back/std/1/2": "a5b44aaa07fc7f92",
  "rytter-back/std/2/0": "752144d805d0921f",
  "rytter-back/std/2/1": "0c00769526c0975e",
  "rytter-back/std/2/2": "c77d6377e07378ac",
  "rytter-back/std/3/0": "1d6d4e68c0122fa3",
  "rytter-back/std/3/1": "76bfbf4083facd36",
  "rytter-back/std/3/2": "1f638539a795f036",
  "rytter-back/think": "e795b5d05d169202",
  "rytter-back/wave": "eb37d7d7a9dcc616",
  "rytter-body/cheer": "d3bdbb3b465f46b2",
  "rytter-body/happy": "6236aa95e1fcc58a",
  "rytter-body/idle": "4d64a9577729c9d9",
  "rytter-body/oops": "d6f7c1d0f6ff2355",
  "rytter-body/sleep": "5c78c216213df76c",
  "rytter-body/std/1/0": "a19d446a20d51220",
  "rytter-body/std/1/1": "9def89e21942340a",
  "rytter-body/std/1/2": "a63c36a2f1822336",
  "rytter-body/std/2/0": "4d64a9577729c9d9",
  "rytter-body/std/2/1": "3995a6ee5e469f7e",
  "rytter-body/std/2/2": "9629adc92529a034",
  "rytter-body/std/3/0": "d1b5c4662f37402d",
  "rytter-body/std/3/1": "3febb23a0b492d54",
  "rytter-body/std/3/2": "a23dbdbb5615d434",
  "rytter-body/think": "5b5b56e73453764b",
  "rytter-body/wave": "d15519d1cfe2ab6b",
  "rytter-face/cheer": "6a06a99bdd38cd59",
  "rytter-face/happy": "3e5f09a73a3190dc",
  "rytter-face/idle": "2f1c54a37080132e",
  "rytter-face/oops": "315de594530fffad",
  "rytter-face/sleep": "279c4a55fdc1e1cd",
  "rytter-face/std/1/0": "993ca2e442179f2d",
  "rytter-face/std/1/1": "309e45d23e1c5df7",
  "rytter-face/std/1/2": "0dfbace78ac595e5",
  "rytter-face/std/2/0": "2f1c54a37080132e",
  "rytter-face/std/2/1": "fb9e6af55c2c9390",
  "rytter-face/std/2/2": "83c3dbbc4e8139c7",
  "rytter-face/std/3/0": "edcb5c8b9c2e8ca2",
  "rytter-face/std/3/1": "adabab8ebb443484",
  "rytter-face/std/3/2": "59386b81cf8fea19",
  "rytter-face/think": "3eee0847eb867e54",
  "rytter-face/wave": "88abec9fd1147f80",
  "rytter-hand/cheer": "1c96ab095d5d7f05",
  "rytter-hand/happy": "45b1a19af9804431",
  "rytter-hand/idle": "5c7f6a40e0b9d863",
  "rytter-hand/oops": "f37c199d415c120d",
  "rytter-hand/sleep": "b54fc3437af5ef4a",
  "rytter-hand/std/1/0": "229b1ec84fa3012b",
  "rytter-hand/std/1/1": "8a57bc46f36b691f",
  "rytter-hand/std/1/2": "0ca1295db4411754",
  "rytter-hand/std/2/0": "5c7f6a40e0b9d863",
  "rytter-hand/std/2/1": "b64a19cf2b11e98f",
  "rytter-hand/std/2/2": "eb2790529652f51a",
  "rytter-hand/std/3/0": "8c00a6ab6071a52d",
  "rytter-hand/std/3/1": "c936740a7acf634d",
  "rytter-hand/std/3/2": "f1873cde66529b47",
  "rytter-hand/think": "94f783b7fee44ade",
  "rytter-hand/wave": "85b707dd9f532460",
  "rytter-head/cheer": "df9c8b9c457998d4",
  "rytter-head/happy": "68b34578b1d2971f",
  "rytter-head/idle": "bcebf7c2752fb8c5",
  "rytter-head/oops": "b37feefe8cb3b0d1",
  "rytter-head/sleep": "1eb420923794455a",
  "rytter-head/std/1/0": "fa3edf2087978531",
  "rytter-head/std/1/1": "8c18a577c4668a58",
  "rytter-head/std/1/2": "30a27c0376369709",
  "rytter-head/std/2/0": "bcebf7c2752fb8c5",
  "rytter-head/std/2/1": "8eb7adceea2bf342",
  "rytter-head/std/2/2": "2fa842a7e6314b4d",
  "rytter-head/std/3/0": "8b3163e342b37588",
  "rytter-head/std/3/1": "6f06aa0840185c87",
  "rytter-head/std/3/2": "140ec1cb005e369e",
  "rytter-head/think": "6369fdbedd1650ae",
  "rytter-head/wave": "ac706ebd45aa85ac",
  "rytter-neck/cheer": "386a52765e792569",
  "rytter-neck/happy": "fb0402d147a091ca",
  "rytter-neck/idle": "42f180f7d1381ee1",
  "rytter-neck/oops": "7254ed8b5839aaac",
  "rytter-neck/sleep": "5a788fd32d8d7112",
  "rytter-neck/std/1/0": "7fa9c5342e08e70d",
  "rytter-neck/std/1/1": "71d7b668e4692ca8",
  "rytter-neck/std/1/2": "ba894f2924c64afb",
  "rytter-neck/std/2/0": "42f180f7d1381ee1",
  "rytter-neck/std/2/1": "26101f7103cdc94b",
  "rytter-neck/std/2/2": "eabe58a02398ca8f",
  "rytter-neck/std/3/0": "6914ff38f0e32918",
  "rytter-neck/std/3/1": "942d663435a52f1e",
  "rytter-neck/std/3/2": "54b9cfe35241be8c",
  "rytter-neck/think": "c94dbe4487d1905f",
  "rytter-neck/wave": "e1582cfddcdd45e0",
}
`;

exports[`hash-regression · rabbit > pr. genstand · stadie · farvesæt (racerne på skift) og pr. genstand · humør 1`] = `
{
  "rytter-back/cheer": "d238e75d4cbed4a8",
  "rytter-back/happy": "b6c322d9643189f7",
  "rytter-back/idle": "eda933924db29fbd",
  "rytter-back/lionhead/1/2": "a58060ab43fc5990",
  "rytter-back/lionhead/2/2": "5481aa7db661260b",
  "rytter-back/lionhead/3/2": "5e3567cb58af608c",
  "rytter-back/lop/1/1": "e4ff80234a7d95c5",
  "rytter-back/lop/2/1": "96eb94ff11f4b3f5",
  "rytter-back/lop/3/1": "7b5ab6413f47bce0",
  "rytter-back/oops": "0a67b43736e481d0",
  "rytter-back/sleep": "60b00a455a207a44",
  "rytter-back/think": "19bd86208b76a8d5",
  "rytter-back/upright/1/0": "bc877c319473cc48",
  "rytter-back/upright/2/0": "eda933924db29fbd",
  "rytter-back/upright/3/0": "3cee66cfaea53491",
  "rytter-back/wave": "74eec01d8666f305",
  "rytter-body/cheer": "b5eb2178b44658a9",
  "rytter-body/happy": "f4e53e7e3d71570c",
  "rytter-body/idle": "985709984aba3969",
  "rytter-body/lionhead/1/2": "1286b0b3f5db2712",
  "rytter-body/lionhead/2/2": "5d6af37dfd7866b3",
  "rytter-body/lionhead/3/2": "bcdfffebecc0e7c3",
  "rytter-body/lop/1/1": "f2b6ace3b6582a78",
  "rytter-body/lop/2/1": "011f8fe458099c1a",
  "rytter-body/lop/3/1": "9d84cbf2f9e2ca00",
  "rytter-body/oops": "8ebfeeb0c9865356",
  "rytter-body/sleep": "f18c8bf24141168f",
  "rytter-body/think": "81fa0b55c36d791f",
  "rytter-body/upright/1/0": "e2242fce705490ce",
  "rytter-body/upright/2/0": "985709984aba3969",
  "rytter-body/upright/3/0": "029fb9e46a7584ab",
  "rytter-body/wave": "d24505b19e88b6cd",
  "rytter-face/cheer": "766b04f833296408",
  "rytter-face/happy": "8617004381e96f29",
  "rytter-face/idle": "72c16d26a2e4a47d",
  "rytter-face/lionhead/1/2": "4ad899e46aa8b5be",
  "rytter-face/lionhead/2/2": "057f71dac06f65cd",
  "rytter-face/lionhead/3/2": "c7873772c8a3fabc",
  "rytter-face/lop/1/1": "97422ea18d70a9b8",
  "rytter-face/lop/2/1": "a84feaee3414889f",
  "rytter-face/lop/3/1": "84c49f348bc3462c",
  "rytter-face/oops": "ea81f53104760514",
  "rytter-face/sleep": "a6e821304a02a516",
  "rytter-face/think": "bbb6eafe6dd04b2b",
  "rytter-face/upright/1/0": "fb9d13b3c41064ee",
  "rytter-face/upright/2/0": "72c16d26a2e4a47d",
  "rytter-face/upright/3/0": "4a0c1fc9ed2d379a",
  "rytter-face/wave": "3b41cee53a92dde7",
  "rytter-hand/cheer": "b56e35b78927ecab",
  "rytter-hand/happy": "d97237b2a6bf3ba4",
  "rytter-hand/idle": "f55cc11d1459b1c1",
  "rytter-hand/lionhead/1/2": "11d0e532c78a3030",
  "rytter-hand/lionhead/2/2": "1261eb1e87144f54",
  "rytter-hand/lionhead/3/2": "3bd82f624d9efcb5",
  "rytter-hand/lop/1/1": "e5e00338d7487e82",
  "rytter-hand/lop/2/1": "548f7be0285f35a0",
  "rytter-hand/lop/3/1": "579535ed2d4a0411",
  "rytter-hand/oops": "60f61633dd3bafe3",
  "rytter-hand/sleep": "fb03308a7dd17826",
  "rytter-hand/think": "f61f0c053e3beb93",
  "rytter-hand/upright/1/0": "cca4573c085eee33",
  "rytter-hand/upright/2/0": "f55cc11d1459b1c1",
  "rytter-hand/upright/3/0": "d7d79efb1be607cb",
  "rytter-hand/wave": "479f8a67c12cfbad",
  "rytter-head/cheer": "2a5df55bf1ee8602",
  "rytter-head/happy": "e667e75676651da2",
  "rytter-head/idle": "a07d64fd2370e96a",
  "rytter-head/lionhead/1/2": "68c8452cd8e768d1",
  "rytter-head/lionhead/2/2": "cc635990204bbd0b",
  "rytter-head/lionhead/3/2": "66d4cac6bd507865",
  "rytter-head/lop/1/1": "466552283f23161f",
  "rytter-head/lop/2/1": "fcd7a073bf63955f",
  "rytter-head/lop/3/1": "546aba5e45480397",
  "rytter-head/oops": "701080f7fe712b88",
  "rytter-head/sleep": "dc41747e331ed51b",
  "rytter-head/think": "dab83890f6371c9d",
  "rytter-head/upright/1/0": "34ef0754f4481980",
  "rytter-head/upright/2/0": "a07d64fd2370e96a",
  "rytter-head/upright/3/0": "4f1af85d008fb20f",
  "rytter-head/wave": "40dc98b7f794f4b9",
  "rytter-neck/cheer": "930741876f10d058",
  "rytter-neck/happy": "81f10dbe8f477afc",
  "rytter-neck/idle": "1913112c6ee1084a",
  "rytter-neck/lionhead/1/2": "c6f50497a51cbb1c",
  "rytter-neck/lionhead/2/2": "f4b64a0f7d882b89",
  "rytter-neck/lionhead/3/2": "7f02e0dba592e6cd",
  "rytter-neck/lop/1/1": "db286a767d858f31",
  "rytter-neck/lop/2/1": "26d7dbdf54f92af8",
  "rytter-neck/lop/3/1": "c38b0bbbaabc6bfb",
  "rytter-neck/oops": "ae0013b10e489e0a",
  "rytter-neck/sleep": "185257e0873e4bdf",
  "rytter-neck/think": "6c709cb44c98b4dd",
  "rytter-neck/upright/1/0": "396060828c741ff4",
  "rytter-neck/upright/2/0": "1913112c6ee1084a",
  "rytter-neck/upright/3/0": "ed1b850f5d57c9c2",
  "rytter-neck/wave": "ed4816c169b1448a",
}
`;

exports[`hash-regression · unicorn > pr. genstand · stadie · farvesæt (racerne på skift) og pr. genstand · humør 1`] = `
{
  "rytter-back/cheer": "81c6c9fbcf314199",
  "rytter-back/foal/1/0": "287bb6eca51a07bf",
  "rytter-back/foal/2/0": "822bc33e393443cf",
  "rytter-back/foal/3/0": "71acc1b16416a2a8",
  "rytter-back/happy": "c1cb645b66781a35",
  "rytter-back/idle": "822bc33e393443cf",
  "rytter-back/oops": "c0c724aff66f9c90",
  "rytter-back/sleep": "7a25ad7d131f166f",
  "rytter-back/starhorn/1/2": "19daecf0ab1c6d80",
  "rytter-back/starhorn/2/2": "6e932cc20ac4b355",
  "rytter-back/starhorn/3/2": "684a3aa0531cb0cf",
  "rytter-back/think": "61935d066030db0e",
  "rytter-back/wave": "0f579b390e43f8aa",
  "rytter-back/wavy/1/1": "79201f6c30cdc3bb",
  "rytter-back/wavy/2/1": "b54c752f107ae25e",
  "rytter-back/wavy/3/1": "785182136532d82e",
  "rytter-body/cheer": "a2df76b62ae5acbb",
  "rytter-body/foal/1/0": "4d98246d28deb273",
  "rytter-body/foal/2/0": "8b86bc5d43f10f27",
  "rytter-body/foal/3/0": "426b96a7d81c6121",
  "rytter-body/happy": "54aa548863660b10",
  "rytter-body/idle": "8b86bc5d43f10f27",
  "rytter-body/oops": "06e8ce2d7c0ebe9f",
  "rytter-body/sleep": "71f16de7bcacada1",
  "rytter-body/starhorn/1/2": "ff8ea3419ca19ce1",
  "rytter-body/starhorn/2/2": "94ae853a22b6b048",
  "rytter-body/starhorn/3/2": "1a8b8ff648544cf6",
  "rytter-body/think": "ce544e4558236f42",
  "rytter-body/wave": "dcf660df24dbbf73",
  "rytter-body/wavy/1/1": "db109c16e2dc4f51",
  "rytter-body/wavy/2/1": "0e406294d9e5a39b",
  "rytter-body/wavy/3/1": "0a824e0a3830924b",
  "rytter-face/cheer": "16ac3ec82462c383",
  "rytter-face/foal/1/0": "0afe21c11e052b16",
  "rytter-face/foal/2/0": "2aefa34abe1045a4",
  "rytter-face/foal/3/0": "460efd984cadaf8c",
  "rytter-face/happy": "c03322fb60eb9ac1",
  "rytter-face/idle": "2aefa34abe1045a4",
  "rytter-face/oops": "1d46c6ff063eccd6",
  "rytter-face/sleep": "fae36b955c9313ee",
  "rytter-face/starhorn/1/2": "4bfb6c1be7d3dc84",
  "rytter-face/starhorn/2/2": "0d83c616dc7160be",
  "rytter-face/starhorn/3/2": "ad8d659b7351573a",
  "rytter-face/think": "e3cd1244f9c60931",
  "rytter-face/wave": "c6a0a3ff3efe4f8a",
  "rytter-face/wavy/1/1": "3200e1b91689f647",
  "rytter-face/wavy/2/1": "03c678347233bdfe",
  "rytter-face/wavy/3/1": "310235e3074b8713",
  "rytter-hand/cheer": "75d54dbb2e97da4a",
  "rytter-hand/foal/1/0": "8ec4403e9851c6f1",
  "rytter-hand/foal/2/0": "a10abbb09d669dda",
  "rytter-hand/foal/3/0": "b716bb25c6559eba",
  "rytter-hand/happy": "7d63826f5b1124ae",
  "rytter-hand/idle": "a10abbb09d669dda",
  "rytter-hand/oops": "4dc95f82edeb9f10",
  "rytter-hand/sleep": "83a131266cd79c5c",
  "rytter-hand/starhorn/1/2": "f6fdca9aa714f80c",
  "rytter-hand/starhorn/2/2": "4fc868aab9fcc02a",
  "rytter-hand/starhorn/3/2": "58fbbb243305381b",
  "rytter-hand/think": "cbbecab0cb9e0d7a",
  "rytter-hand/wave": "aee9cd7c73881e0c",
  "rytter-hand/wavy/1/1": "69418dd59109f648",
  "rytter-hand/wavy/2/1": "3cce5dbfa36e11ae",
  "rytter-hand/wavy/3/1": "f67c9f1f5ab3cea8",
  "rytter-head/cheer": "4c259cc6d4760130",
  "rytter-head/foal/1/0": "e495b493bbb6e03f",
  "rytter-head/foal/2/0": "72abcb6041b97132",
  "rytter-head/foal/3/0": "0cefc38502eca6ad",
  "rytter-head/happy": "117ebe82db69aab2",
  "rytter-head/idle": "72abcb6041b97132",
  "rytter-head/oops": "e30636dcf3d7ff98",
  "rytter-head/sleep": "02384adacf6b8fd5",
  "rytter-head/starhorn/1/2": "fac37f3ac798980a",
  "rytter-head/starhorn/2/2": "4c9b6a8978a2c4b4",
  "rytter-head/starhorn/3/2": "939d13b184c37978",
  "rytter-head/think": "68b96478e05bb990",
  "rytter-head/wave": "4edfd570a1d8dad7",
  "rytter-head/wavy/1/1": "12a3a45678c4ae2a",
  "rytter-head/wavy/2/1": "a270e852363458db",
  "rytter-head/wavy/3/1": "37feba6f16e5c4eb",
  "rytter-neck/cheer": "6f843ee461811d99",
  "rytter-neck/foal/1/0": "2da8f8ff907b04ed",
  "rytter-neck/foal/2/0": "38c9a096f9cc08a9",
  "rytter-neck/foal/3/0": "9557e6d23f1542b3",
  "rytter-neck/happy": "20066335bf25be4c",
  "rytter-neck/idle": "38c9a096f9cc08a9",
  "rytter-neck/oops": "4109d8b669793f76",
  "rytter-neck/sleep": "f99a13d5d4f8b9e3",
  "rytter-neck/starhorn/1/2": "4e4d5859a934c3f8",
  "rytter-neck/starhorn/2/2": "6fdd8252112a62c2",
  "rytter-neck/starhorn/3/2": "ab0eaabd22a616a3",
  "rytter-neck/think": "b08335b105b594e9",
  "rytter-neck/wave": "475156d4184b1f61",
  "rytter-neck/wavy/1/1": "588c0146ca688035",
  "rytter-neck/wavy/2/1": "b7d09bfcb327a9e3",
  "rytter-neck/wavy/3/1": "24f423a0bcb6685c",
}
`;
