// Vitest Snapshot v1, https://vitest.dev/guide/snapshot.html

exports[`Engdalen · hedgehog > hash-regression pr. (art, race, stadie, farve) og stjerneform 1`] = `
{
  "hedgehog/std/1/c1": "19d96b950c8b5a58",
  "hedgehog/std/1/c1★": "19d96b950c8b5a58",
  "hedgehog/std/1/c2": "919c926704544b38",
  "hedgehog/std/1/c3": "a8f337264c7ddc8c",
  "hedgehog/std/1/c4": "6f174cbcc5090ef5",
  "hedgehog/std/1/c5": "b7945242af16874d",
  "hedgehog/std/1/c6": "42a498cac566f2c2",
  "hedgehog/std/1/gold": "c0c73db800eb0e7b",
  "hedgehog/std/1/rainbow": "63ea0058c9997fa6",
  "hedgehog/std/2/c1": "93968ebfe81a3fbd",
  "hedgehog/std/2/c1★": "93968ebfe81a3fbd",
  "hedgehog/std/2/c2": "00faefda48b823b4",
  "hedgehog/std/2/c3": "89503ac27ba7dbcb",
  "hedgehog/std/2/c4": "22ffbd53c8371bed",
  "hedgehog/std/2/c5": "656320dbe976489d",
  "hedgehog/std/2/c6": "ea21d2369086bf52",
  "hedgehog/std/2/gold": "631568ee154b41c6",
  "hedgehog/std/2/rainbow": "d6cc929d7d4431f2",
  "hedgehog/std/3/c1": "1b1b4672f0309d65",
  "hedgehog/std/3/c1★": "d13dace490c52269",
  "hedgehog/std/3/c2": "ff62c00c379bb54d",
  "hedgehog/std/3/c3": "043054f93a9c322f",
  "hedgehog/std/3/c4": "4ded8c69a0a892c6",
  "hedgehog/std/3/c5": "cc24c5206b4a75b0",
  "hedgehog/std/3/c6": "bc30de9a7f4e9739",
  "hedgehog/std/3/gold": "a314270f1efbc299",
  "hedgehog/std/3/rainbow": "73ad043c3c73dcea",
}
`;

exports[`Engdalen · hedgehog > hash-regression pr. genstands-fit (3 stadier · 3 farvesæt) 1`] = `
{
  "fest-head/hedgehog/1/0": "286a56bdda313b44",
  "fest-head/hedgehog/1/1": "a865c7cf1fa54bd7",
  "fest-head/hedgehog/1/2": "d59b94d88986544e",
  "fest-head/hedgehog/2/0": "aa81528506644d63",
  "fest-head/hedgehog/2/1": "9ca681ecaeea6f91",
  "fest-head/hedgehog/2/2": "34308525b49be789",
  "fest-head/hedgehog/3/0": "3b823c32158f33fd",
  "fest-head/hedgehog/3/1": "944869942b864968",
  "fest-head/hedgehog/3/2": "5e7e594e69a3733b",
  "hverdag-body/hedgehog/1/0": "ceeee5d6f6c1a975",
  "hverdag-body/hedgehog/1/1": "960bd259d0aed869",
  "hverdag-body/hedgehog/1/2": "62dcc5feac6e079c",
  "hverdag-body/hedgehog/2/0": "2aeffbfad8c33c98",
  "hverdag-body/hedgehog/2/1": "7cdc46e694f26947",
  "hverdag-body/hedgehog/2/2": "a00256bdcd495f01",
  "hverdag-body/hedgehog/3/0": "2003b30ba163e42e",
  "hverdag-body/hedgehog/3/1": "7ce4ca595d08328d",
  "hverdag-body/hedgehog/3/2": "d9da8edece46263f",
  "hverdag-head/hedgehog/1/0": "cbea17a1611d7a07",
  "hverdag-head/hedgehog/1/1": "6f83b1bd501eebaf",
  "hverdag-head/hedgehog/1/2": "3f6b1a27ff315503",
  "hverdag-head/hedgehog/2/0": "eb04058f26979cc3",
  "hverdag-head/hedgehog/2/1": "95bf103a6fe010f6",
  "hverdag-head/hedgehog/2/2": "3dd7db4cdd941287",
  "hverdag-head/hedgehog/3/0": "a1fdf25086689048",
  "hverdag-head/hedgehog/3/1": "06740caeb2dcb0ed",
  "hverdag-head/hedgehog/3/2": "18ed7dff04be9088",
}
`;

exports[`Engdalen · puppy > hash-regression pr. (art, race, stadie, farve) og stjerneform 1`] = `
{
  "puppy/std/1/c1": "a8f29be5afe741e0",
  "puppy/std/1/c1★": "a8f29be5afe741e0",
  "puppy/std/1/c2": "c81d2bc9e8b4fa36",
  "puppy/std/1/c3": "e4f85cf7c6935e3b",
  "puppy/std/1/c4": "81d1a3b363eb8c2a",
  "puppy/std/1/c5": "678631afa230b45e",
  "puppy/std/1/c6": "7d5443e011b3868e",
  "puppy/std/1/gold": "a647a3534ef5b9ff",
  "puppy/std/1/rainbow": "be816ba4b71db008",
  "puppy/std/2/c1": "0bb064487777f93d",
  "puppy/std/2/c1★": "0bb064487777f93d",
  "puppy/std/2/c2": "b3eb0ed5c6c9ebfe",
  "puppy/std/2/c3": "ebd1e5ab32f3e660",
  "puppy/std/2/c4": "710b706b85bd7cab",
  "puppy/std/2/c5": "3342d37b9fb44641",
  "puppy/std/2/c6": "18f49df5dcaaf160",
  "puppy/std/2/gold": "526cda33ad239ad5",
  "puppy/std/2/rainbow": "c348b882f4f8ed2d",
  "puppy/std/3/c1": "22d2f205e5032572",
  "puppy/std/3/c1★": "21d017eb4c442474",
  "puppy/std/3/c2": "0e04216f7aff04df",
  "puppy/std/3/c3": "c1a3f0a30a64cf96",
  "puppy/std/3/c4": "c45cff246ece68f3",
  "puppy/std/3/c5": "5ee7f1ac1afa05d6",
  "puppy/std/3/c6": "0c670c259ed08ade",
  "puppy/std/3/gold": "d8bd77132e366559",
  "puppy/std/3/rainbow": "4de736c1bde41b5c",
}
`;

exports[`Engdalen · puppy > hash-regression pr. genstands-fit (3 stadier · 3 farvesæt) 1`] = `
{
  "fest-head/puppy/1/0": "f2c4c1993562de62",
  "fest-head/puppy/1/1": "0d378ffa6046514c",
  "fest-head/puppy/1/2": "ed15fe1196b3cd25",
  "fest-head/puppy/2/0": "5375e1b00c881558",
  "fest-head/puppy/2/1": "aa68f342a892675a",
  "fest-head/puppy/2/2": "d64635861c1a9a43",
  "fest-head/puppy/3/0": "eef14186bc961d93",
  "fest-head/puppy/3/1": "d1625f88c4796acd",
  "fest-head/puppy/3/2": "ae17d56f31dd4f4a",
  "hverdag-body/puppy/1/0": "c0366cf6666d9918",
  "hverdag-body/puppy/1/1": "141016ddbd71fbe5",
  "hverdag-body/puppy/1/2": "be8a5ca0478bf0a6",
  "hverdag-body/puppy/2/0": "d930ea1bd3a98e97",
  "hverdag-body/puppy/2/1": "a746e3fd3e458e25",
  "hverdag-body/puppy/2/2": "3a33f2eb2e58b67c",
  "hverdag-body/puppy/3/0": "e19c99882bc4c6f7",
  "hverdag-body/puppy/3/1": "f57ee1481239cb52",
  "hverdag-body/puppy/3/2": "f407d44e8511bd70",
  "hverdag-head/puppy/1/0": "69ec6502e87a222c",
  "hverdag-head/puppy/1/1": "325462ebe60e97c6",
  "hverdag-head/puppy/1/2": "c6ffa515e58124c2",
  "hverdag-head/puppy/2/0": "c64b9b97d4e1e689",
  "hverdag-head/puppy/2/1": "e740362069490ffe",
  "hverdag-head/puppy/2/2": "f2cb7952b26d07e3",
  "hverdag-head/puppy/3/0": "a35c6ec1cd8d0510",
  "hverdag-head/puppy/3/1": "1951c39ae907d907",
  "hverdag-head/puppy/3/2": "a99b2a7fdf3d5bdb",
}
`;
