// Vitest Snapshot v1, https://vitest.dev/guide/snapshot.html

exports[`Engdalen · hedgehog > hash-regression pr. (art, race, stadie, farve) og stjerneform 1`] = `
{
  "hedgehog/std/1/c1": "80713ab4a238a1f1",
  "hedgehog/std/1/c1★": "80713ab4a238a1f1",
  "hedgehog/std/1/c2": "9db6524853db7fbf",
  "hedgehog/std/1/c3": "f1bc80a572720625",
  "hedgehog/std/1/c4": "c080702f0f4cc033",
  "hedgehog/std/1/c5": "c496f4a9173b288b",
  "hedgehog/std/1/c6": "8063b77f1bb7032e",
  "hedgehog/std/1/gold": "96a1a62c7d29d1b0",
  "hedgehog/std/1/rainbow": "daf36c239aa53c2e",
  "hedgehog/std/2/c1": "70fc1cbbb51118b2",
  "hedgehog/std/2/c1★": "70fc1cbbb51118b2",
  "hedgehog/std/2/c2": "f7bc1b1a8f4ac25e",
  "hedgehog/std/2/c3": "77b85be6a505a8a8",
  "hedgehog/std/2/c4": "5d6789b1fcf2b15b",
  "hedgehog/std/2/c5": "beb3089c34403f51",
  "hedgehog/std/2/c6": "9e2fb0464ab4d166",
  "hedgehog/std/2/gold": "a9a1e5c041e2b855",
  "hedgehog/std/2/rainbow": "f84e279942986a63",
  "hedgehog/std/3/c1": "c1637a8043fb0f0d",
  "hedgehog/std/3/c1★": "9f93a9f5c8e9e3b9",
  "hedgehog/std/3/c2": "f0b12f75f2cdacaa",
  "hedgehog/std/3/c3": "1bd33d9ce443c379",
  "hedgehog/std/3/c4": "897faf8ba1306e94",
  "hedgehog/std/3/c5": "e24e2a6ac7187826",
  "hedgehog/std/3/c6": "0d790e8a37b8b079",
  "hedgehog/std/3/gold": "0a142a725a9f51cf",
  "hedgehog/std/3/rainbow": "17b912d32ac05d47",
}
`;

exports[`Engdalen · hedgehog > hash-regression pr. genstands-fit (3 stadier · 3 farvesæt) 1`] = `
{
  "fest-head/hedgehog/1/0": "cd0f0d3eb6bd2a22",
  "fest-head/hedgehog/1/1": "698b2abb4b62d09d",
  "fest-head/hedgehog/1/2": "ceb171f37cf39c09",
  "fest-head/hedgehog/2/0": "a5112872f54f31f4",
  "fest-head/hedgehog/2/1": "b439790581dfb6ff",
  "fest-head/hedgehog/2/2": "ef9bff7ff74e912b",
  "fest-head/hedgehog/3/0": "18b61758eef6c1f1",
  "fest-head/hedgehog/3/1": "66a71c1dab43b4cc",
  "fest-head/hedgehog/3/2": "3e0b5604fcb3ae01",
  "hverdag-body/hedgehog/1/0": "abb888e2436119b9",
  "hverdag-body/hedgehog/1/1": "5cb92ab8df8145dc",
  "hverdag-body/hedgehog/1/2": "862a8b5ab9a3fe06",
  "hverdag-body/hedgehog/2/0": "1c04ed7c774f9b5c",
  "hverdag-body/hedgehog/2/1": "541e6ea3e38f3ae6",
  "hverdag-body/hedgehog/2/2": "22447d7e85812ffa",
  "hverdag-body/hedgehog/3/0": "113f4a3328a4831a",
  "hverdag-body/hedgehog/3/1": "fd3f1fec194ffd07",
  "hverdag-body/hedgehog/3/2": "4d1e92c294e9512b",
  "hverdag-head/hedgehog/1/0": "741c3b648e0bb794",
  "hverdag-head/hedgehog/1/1": "2d20d157e841988e",
  "hverdag-head/hedgehog/1/2": "d55967d1eb08b56e",
  "hverdag-head/hedgehog/2/0": "b1c1d0f4a687b080",
  "hverdag-head/hedgehog/2/1": "fe8296198455f821",
  "hverdag-head/hedgehog/2/2": "145a84c307ff15c7",
  "hverdag-head/hedgehog/3/0": "d134e3afdde52476",
  "hverdag-head/hedgehog/3/1": "07da44d7c1f7d825",
  "hverdag-head/hedgehog/3/2": "df33d16568ca4c11",
}
`;

exports[`Engdalen · puppy > hash-regression pr. (art, race, stadie, farve) og stjerneform 1`] = `
{
  "puppy/std/1/c1": "23ecc4f77290c3b0",
  "puppy/std/1/c1★": "23ecc4f77290c3b0",
  "puppy/std/1/c2": "a21c794123638d99",
  "puppy/std/1/c3": "b195cefda4228e65",
  "puppy/std/1/c4": "108a10d02b21aa96",
  "puppy/std/1/c5": "1a74c0f9971df451",
  "puppy/std/1/c6": "e2db32defe855e81",
  "puppy/std/1/gold": "da93c4eb87d9bf74",
  "puppy/std/1/rainbow": "c4bdefec4ac456d3",
  "puppy/std/2/c1": "c5cf737c895a9d19",
  "puppy/std/2/c1★": "c5cf737c895a9d19",
  "puppy/std/2/c2": "51140ddec7fdc235",
  "puppy/std/2/c3": "6a2ac59f58da8be2",
  "puppy/std/2/c4": "92397d971b99117c",
  "puppy/std/2/c5": "248364def9c0a962",
  "puppy/std/2/c6": "668029f650fe7fde",
  "puppy/std/2/gold": "437aa435c3a72a40",
  "puppy/std/2/rainbow": "6215b7eb4de33c9e",
  "puppy/std/3/c1": "9ebc4f73c160786c",
  "puppy/std/3/c1★": "539d377f4e2a90ae",
  "puppy/std/3/c2": "23ae99eabde5949d",
  "puppy/std/3/c3": "f1c8c3b21a05c0a8",
  "puppy/std/3/c4": "b7c260f2511844a0",
  "puppy/std/3/c5": "f53f0d018fc4e097",
  "puppy/std/3/c6": "2df519b68abff7ae",
  "puppy/std/3/gold": "891d0d486b102d53",
  "puppy/std/3/rainbow": "b99f4ba76b6202a7",
}
`;

exports[`Engdalen · puppy > hash-regression pr. genstands-fit (3 stadier · 3 farvesæt) 1`] = `
{
  "fest-head/puppy/1/0": "68fd68537e763296",
  "fest-head/puppy/1/1": "ad9d1c8a30c6b8d7",
  "fest-head/puppy/1/2": "32367e54ad1251b0",
  "fest-head/puppy/2/0": "b86bd3901443def2",
  "fest-head/puppy/2/1": "0f6148ff702b914b",
  "fest-head/puppy/2/2": "b624707be225038b",
  "fest-head/puppy/3/0": "23fa8032b109cb9a",
  "fest-head/puppy/3/1": "6c3619bd96c77597",
  "fest-head/puppy/3/2": "22ec6e3a87de708d",
  "hverdag-body/puppy/1/0": "ec33876e4c5ba399",
  "hverdag-body/puppy/1/1": "6da36efc9321dbc2",
  "hverdag-body/puppy/1/2": "e8e404f11cc8b74f",
  "hverdag-body/puppy/2/0": "02ac19906fed6c01",
  "hverdag-body/puppy/2/1": "6340b27008e814b7",
  "hverdag-body/puppy/2/2": "c5d3ec51771b264b",
  "hverdag-body/puppy/3/0": "18cb59597185b0b2",
  "hverdag-body/puppy/3/1": "71143dffb6806228",
  "hverdag-body/puppy/3/2": "87110a692530aeb5",
  "hverdag-head/puppy/1/0": "f164f1c58e45cde9",
  "hverdag-head/puppy/1/1": "87889a5cc9853314",
  "hverdag-head/puppy/1/2": "a44bfc891b587bed",
  "hverdag-head/puppy/2/0": "0211fe7bbefc6654",
  "hverdag-head/puppy/2/1": "d8edf20b4832a9f2",
  "hverdag-head/puppy/2/2": "8793c82cddb97428",
  "hverdag-head/puppy/3/0": "0caba55374437479",
  "hverdag-head/puppy/3/1": "c065abf48d13368e",
  "hverdag-head/puppy/3/2": "59fe601bbc043d69",
}
`;
