// Vitest Snapshot v1, https://vitest.dev/guide/snapshot.html

exports[`Engdalen · hedgehog > hash-regression pr. (art, race, stadie, farve) og stjerneform 1`] = `
{
  "hedgehog/std/1/c1": "76206f1fb2a08ca0",
  "hedgehog/std/1/c1★": "76206f1fb2a08ca0",
  "hedgehog/std/1/c2": "13153cdcbe66c9eb",
  "hedgehog/std/1/c3": "7edc51a0a8ae920e",
  "hedgehog/std/1/c4": "ba075e0855c783bd",
  "hedgehog/std/1/c5": "dca7109ce7af203b",
  "hedgehog/std/1/c6": "93a2e804432293a3",
  "hedgehog/std/1/gold": "4bdc73a5efa56cc0",
  "hedgehog/std/1/rainbow": "daf36c239aa53c2e",
  "hedgehog/std/2/c1": "a2c79a6bf6b352fb",
  "hedgehog/std/2/c1★": "a2c79a6bf6b352fb",
  "hedgehog/std/2/c2": "d587f92e5f5e2fe6",
  "hedgehog/std/2/c3": "8000bc442bc1bb4b",
  "hedgehog/std/2/c4": "2ce5f9fc128dfc66",
  "hedgehog/std/2/c5": "3bb1c563f6faa886",
  "hedgehog/std/2/c6": "154be7dca6b7778e",
  "hedgehog/std/2/gold": "0cd5728b3596b89c",
  "hedgehog/std/2/rainbow": "f84e279942986a63",
  "hedgehog/std/3/c1": "43f2110305cbedf6",
  "hedgehog/std/3/c1★": "3670d4880bfa7f49",
  "hedgehog/std/3/c2": "65064eaf55d92d96",
  "hedgehog/std/3/c3": "d0a1d0db959dabc1",
  "hedgehog/std/3/c4": "cc336a56ac90d452",
  "hedgehog/std/3/c5": "8175871c4f4dabd4",
  "hedgehog/std/3/c6": "60457abff824124f",
  "hedgehog/std/3/gold": "2335f023f5d5f61d",
  "hedgehog/std/3/rainbow": "17b912d32ac05d47",
}
`;

exports[`Engdalen · hedgehog > hash-regression pr. genstands-fit (3 stadier · 3 farvesæt) 1`] = `
{
  "fest-head/hedgehog/1/0": "ad291ca85a21d655",
  "fest-head/hedgehog/1/1": "46b5e159c662bc3a",
  "fest-head/hedgehog/1/2": "503871ce805182ec",
  "fest-head/hedgehog/2/0": "7c0976c2ec86954c",
  "fest-head/hedgehog/2/1": "4b9d6fba3ab68ed9",
  "fest-head/hedgehog/2/2": "d214c9b55a9e33fb",
  "fest-head/hedgehog/3/0": "cc81f74a2a537100",
  "fest-head/hedgehog/3/1": "b6c8a7b9a2469d5c",
  "fest-head/hedgehog/3/2": "5936a44db44c8505",
  "hverdag-body/hedgehog/1/0": "08bac33a1663a123",
  "hverdag-body/hedgehog/1/1": "397369247cbaea8a",
  "hverdag-body/hedgehog/1/2": "c94afdec06c8b96e",
  "hverdag-body/hedgehog/2/0": "2d904af6219f57af",
  "hverdag-body/hedgehog/2/1": "c6c214b0f5cb72bd",
  "hverdag-body/hedgehog/2/2": "3a4acb5f4b42f97b",
  "hverdag-body/hedgehog/3/0": "4846412169937ded",
  "hverdag-body/hedgehog/3/1": "88e33a8638bf266d",
  "hverdag-body/hedgehog/3/2": "07b16e919ea68a52",
  "hverdag-head/hedgehog/1/0": "8981727f5f5b82b9",
  "hverdag-head/hedgehog/1/1": "a338d7471745cfb4",
  "hverdag-head/hedgehog/1/2": "676ee3e7166ddae2",
  "hverdag-head/hedgehog/2/0": "c4fb27166fbd2628",
  "hverdag-head/hedgehog/2/1": "427d99f43206a104",
  "hverdag-head/hedgehog/2/2": "bc2c46f1c681d63e",
  "hverdag-head/hedgehog/3/0": "a89291f0ccce9e51",
  "hverdag-head/hedgehog/3/1": "79afae550a258cf9",
  "hverdag-head/hedgehog/3/2": "50a89fa28f156396",
}
`;

exports[`Engdalen · puppy > hash-regression pr. (art, race, stadie, farve) og stjerneform 1`] = `
{
  "puppy/std/1/c1": "a28df5e991e19d6a",
  "puppy/std/1/c1★": "a28df5e991e19d6a",
  "puppy/std/1/c2": "da22894f8b020b2d",
  "puppy/std/1/c3": "7c530b5e7645ecb2",
  "puppy/std/1/c4": "e74c8c64b2a16d3d",
  "puppy/std/1/c5": "f4c6abbb5c919814",
  "puppy/std/1/c6": "5234fd17209b22ba",
  "puppy/std/1/gold": "14806543d1d089b4",
  "puppy/std/1/rainbow": "ef8e27afc40755ad",
  "puppy/std/2/c1": "0c6c0c1c7c1b6e22",
  "puppy/std/2/c1★": "0c6c0c1c7c1b6e22",
  "puppy/std/2/c2": "909c8301adf8ed05",
  "puppy/std/2/c3": "5c6dc5e9a71a4db2",
  "puppy/std/2/c4": "02f67ce5c8f3bfe2",
  "puppy/std/2/c5": "b50d33dca5e27baa",
  "puppy/std/2/c6": "c385270b1a273d2a",
  "puppy/std/2/gold": "b02db60fe8a54233",
  "puppy/std/2/rainbow": "20afcd8fe15265a7",
  "puppy/std/3/c1": "e3617710bd632d27",
  "puppy/std/3/c1★": "76acfe57dbc37922",
  "puppy/std/3/c2": "be8f15f8dad3d3fc",
  "puppy/std/3/c3": "f0f4c7c35d6a1aea",
  "puppy/std/3/c4": "9de1ac7e4c76556a",
  "puppy/std/3/c5": "2cd40288cede54ef",
  "puppy/std/3/c6": "80173b482be03f05",
  "puppy/std/3/gold": "6173e9ebfcc6841b",
  "puppy/std/3/rainbow": "d5e7756766c9ee6f",
}
`;

exports[`Engdalen · puppy > hash-regression pr. genstands-fit (3 stadier · 3 farvesæt) 1`] = `
{
  "fest-head/puppy/1/0": "3936aafe28172ff4",
  "fest-head/puppy/1/1": "ec06003828fa7f5f",
  "fest-head/puppy/1/2": "9aed53fb159d253f",
  "fest-head/puppy/2/0": "ff316865e36f728a",
  "fest-head/puppy/2/1": "5bfa93613a9232a7",
  "fest-head/puppy/2/2": "8c01da9b50b69db8",
  "fest-head/puppy/3/0": "f6524a8c9b17c58f",
  "fest-head/puppy/3/1": "5c52ab0d1c9f2d34",
  "fest-head/puppy/3/2": "047854a5bbe8445e",
  "hverdag-body/puppy/1/0": "3ea40cd903f1bd2c",
  "hverdag-body/puppy/1/1": "d4b31482a38828ed",
  "hverdag-body/puppy/1/2": "8896aac18a50fba6",
  "hverdag-body/puppy/2/0": "0f66ab449f6a6ab8",
  "hverdag-body/puppy/2/1": "f50f38132467968f",
  "hverdag-body/puppy/2/2": "760be4f36a70b7c3",
  "hverdag-body/puppy/3/0": "e7a51f92083e2eff",
  "hverdag-body/puppy/3/1": "fd619a70c8b20ada",
  "hverdag-body/puppy/3/2": "91f723bbe0d46ad4",
  "hverdag-head/puppy/1/0": "1d51c7fe68a69b48",
  "hverdag-head/puppy/1/1": "b9f1e877d9618430",
  "hverdag-head/puppy/1/2": "ceff132f80a42d3d",
  "hverdag-head/puppy/2/0": "5440b8d7ca581bc1",
  "hverdag-head/puppy/2/1": "af1fa8a44969c590",
  "hverdag-head/puppy/2/2": "74afbe5b40ceabce",
  "hverdag-head/puppy/3/0": "c92073b31c4b82d3",
  "hverdag-head/puppy/3/1": "3008f957af2b7b9a",
  "hverdag-head/puppy/3/2": "5b8ea47bf86c6c63",
}
`;
