// Vitest Snapshot v1, https://vitest.dev/guide/snapshot.html

exports[`Hestebakkerne · fox > hash-regression pr. (art, race, stadie, farve) og stjerneform 1`] = `
{
  "fox/std/1/c1": "071ad68bc4e139b7",
  "fox/std/1/c1★": "071ad68bc4e139b7",
  "fox/std/1/c2": "4f623564acdad6fb",
  "fox/std/1/c3": "0196846fad3dc4d1",
  "fox/std/1/c4": "d2331441938fd3b0",
  "fox/std/1/c5": "ae7f5bc40b37435c",
  "fox/std/1/c6": "b5876a519b3a638e",
  "fox/std/1/gold": "9269e74da7295540",
  "fox/std/1/rainbow": "21659fb2935dfc64",
  "fox/std/2/c1": "1055c7f1b0b8e27e",
  "fox/std/2/c1★": "1055c7f1b0b8e27e",
  "fox/std/2/c2": "ad32ed5307867325",
  "fox/std/2/c3": "cecddb3eb8a3e41f",
  "fox/std/2/c4": "8f526fb5caba8939",
  "fox/std/2/c5": "e10e1356ba852577",
  "fox/std/2/c6": "92e5835d3f426b71",
  "fox/std/2/gold": "173136d8fe22f8d8",
  "fox/std/2/rainbow": "d8286c341377ef8b",
  "fox/std/3/c1": "d4d66c6a8c75b76a",
  "fox/std/3/c1★": "bb096bff7ca7fba0",
  "fox/std/3/c2": "ee5d6df55c013556",
  "fox/std/3/c3": "47f90d9164ba4b98",
  "fox/std/3/c4": "e4492dbb641422f2",
  "fox/std/3/c5": "33cef62b085b1ae6",
  "fox/std/3/c6": "e582ed20cc289161",
  "fox/std/3/gold": "f064167e3cf5f46f",
  "fox/std/3/rainbow": "b8d13ea8ca0cb755",
}
`;

exports[`Hestebakkerne · fox > hash-regression pr. genstands-fit (3 stadier · 3 farvesæt) 1`] = `
{
  "fest-head/fox/1/0": "f782d9ef31b2bfca",
  "fest-head/fox/1/1": "30b7e90f0195b46c",
  "fest-head/fox/1/2": "7376e98adf4c2275",
  "fest-head/fox/2/0": "3810611706f45e6d",
  "fest-head/fox/2/1": "9d282054382a73b2",
  "fest-head/fox/2/2": "a4c4ab1e4e96456b",
  "fest-head/fox/3/0": "77f3ebfa9ae22266",
  "fest-head/fox/3/1": "b726b15d07beac9e",
  "fest-head/fox/3/2": "2638a5d9ab7c017c",
  "hverdag-body/fox/1/0": "b88403c7ae2d9a57",
  "hverdag-body/fox/1/1": "fa7c3452d65952b4",
  "hverdag-body/fox/1/2": "bbda4825872c4907",
  "hverdag-body/fox/2/0": "22147e114559de2a",
  "hverdag-body/fox/2/1": "185b81f0f103c61b",
  "hverdag-body/fox/2/2": "ab66305fbc894337",
  "hverdag-body/fox/3/0": "d3b2bd132877f297",
  "hverdag-body/fox/3/1": "02e188b9790ee585",
  "hverdag-body/fox/3/2": "cbbf6d394f4b86e2",
  "hverdag-head/fox/1/0": "c50d9c98625dfac8",
  "hverdag-head/fox/1/1": "03fcaf891168c3b4",
  "hverdag-head/fox/1/2": "061eec8f54bc562a",
  "hverdag-head/fox/2/0": "e0ff3a0d31c56390",
  "hverdag-head/fox/2/1": "d761744943a644fa",
  "hverdag-head/fox/2/2": "3e44959478886199",
  "hverdag-head/fox/3/0": "441f09d84b2f94f9",
  "hverdag-head/fox/3/1": "b7b94d17e71b212e",
  "hverdag-head/fox/3/2": "2b7107a367cadd92",
}
`;

exports[`Hestebakkerne · hamster > hash-regression pr. (art, race, stadie, farve) og stjerneform 1`] = `
{
  "hamster/std/1/c1": "8769ed4ddc2eb6a1",
  "hamster/std/1/c1★": "8769ed4ddc2eb6a1",
  "hamster/std/1/c2": "05452f86aa2a125e",
  "hamster/std/1/c3": "dd7264c8bbe4987d",
  "hamster/std/1/c4": "05ac28e90f255e29",
  "hamster/std/1/c5": "015fcad17172c010",
  "hamster/std/1/c6": "3c2df058c2e995db",
  "hamster/std/1/gold": "3971ad2875f69902",
  "hamster/std/1/rainbow": "4352dd69ef1dbcb8",
  "hamster/std/2/c1": "cd6f8c80b363b5a1",
  "hamster/std/2/c1★": "cd6f8c80b363b5a1",
  "hamster/std/2/c2": "d90974c2dd142b39",
  "hamster/std/2/c3": "1bc66b9a2eef4cb5",
  "hamster/std/2/c4": "61b01bf25f78f78f",
  "hamster/std/2/c5": "cbd7d85c680e726b",
  "hamster/std/2/c6": "f61037a374e54b0d",
  "hamster/std/2/gold": "74a08b8b4c61e895",
  "hamster/std/2/rainbow": "3b4d0a630859083a",
  "hamster/std/3/c1": "b8a7d35783559358",
  "hamster/std/3/c1★": "2714274e854def0c",
  "hamster/std/3/c2": "188446987228c7e8",
  "hamster/std/3/c3": "0a032dba690ed095",
  "hamster/std/3/c4": "61bdfff85e66667e",
  "hamster/std/3/c5": "5f036ea59f9f6f23",
  "hamster/std/3/c6": "6d7e3038cda83084",
  "hamster/std/3/gold": "7f91a15c6b6881d4",
  "hamster/std/3/rainbow": "0cba786e588351a9",
}
`;

exports[`Hestebakkerne · hamster > hash-regression pr. genstands-fit (3 stadier · 3 farvesæt) 1`] = `
{
  "fest-head/hamster/1/0": "80f8c92227e1abba",
  "fest-head/hamster/1/1": "56e5e3803df94201",
  "fest-head/hamster/1/2": "fac8cf85efa6dc5e",
  "fest-head/hamster/2/0": "4d1bd06204e59a9a",
  "fest-head/hamster/2/1": "ee8b41eb8c92ad5d",
  "fest-head/hamster/2/2": "dda1103463eaa9f4",
  "fest-head/hamster/3/0": "3730093ab455b10f",
  "fest-head/hamster/3/1": "9f17e0c3da1fbb95",
  "fest-head/hamster/3/2": "8e8083b986ccecd0",
  "hverdag-body/hamster/1/0": "adb9f6a4ac5ed24b",
  "hverdag-body/hamster/1/1": "094795690514daf5",
  "hverdag-body/hamster/1/2": "1ba0f09dd8092cab",
  "hverdag-body/hamster/2/0": "5e78bf62334d2b4c",
  "hverdag-body/hamster/2/1": "bb29bc4190525ef1",
  "hverdag-body/hamster/2/2": "727f17f24199f6b1",
  "hverdag-body/hamster/3/0": "cd637f527492016b",
  "hverdag-body/hamster/3/1": "2b8b2b321df0ff6d",
  "hverdag-body/hamster/3/2": "e14b776be9392cc4",
  "hverdag-head/hamster/1/0": "a4a5f2a4ffdb037c",
  "hverdag-head/hamster/1/1": "806d5e08031174a4",
  "hverdag-head/hamster/1/2": "b2d9f239aae32f21",
  "hverdag-head/hamster/2/0": "645622c439abc1fa",
  "hverdag-head/hamster/2/1": "0b1d5380ad6192de",
  "hverdag-head/hamster/2/2": "52a6c961aa84083f",
  "hverdag-head/hamster/3/0": "6268cd15d1ef77ca",
  "hverdag-head/hamster/3/1": "6f0cd7709f8e0600",
  "hverdag-head/hamster/3/2": "0cb1b7f6d74955bd",
}
`;

exports[`Hestebakkerne · lamb > hash-regression pr. (art, race, stadie, farve) og stjerneform 1`] = `
{
  "lamb/std/1/c1": "507e2d5099f82221",
  "lamb/std/1/c1★": "507e2d5099f82221",
  "lamb/std/1/c2": "f2c1d6191ada0ff5",
  "lamb/std/1/c3": "838d260de71e4b4e",
  "lamb/std/1/c4": "c9969ebc89c37b0b",
  "lamb/std/1/c5": "0f8addedd316f2d5",
  "lamb/std/1/c6": "ff4aa719a6cc978b",
  "lamb/std/1/gold": "33acff490bfc5f13",
  "lamb/std/1/rainbow": "6815ee11f81bdba0",
  "lamb/std/2/c1": "024178e451c6cdbf",
  "lamb/std/2/c1★": "024178e451c6cdbf",
  "lamb/std/2/c2": "18a0814e11595254",
  "lamb/std/2/c3": "f547fb883e931c20",
  "lamb/std/2/c4": "9ec018748ef9fcec",
  "lamb/std/2/c5": "618458f55d2f38e3",
  "lamb/std/2/c6": "81454fe7c72bbb5f",
  "lamb/std/2/gold": "31b36db56411becc",
  "lamb/std/2/rainbow": "5615cf0f54312366",
  "lamb/std/3/c1": "1ce7ca7dfa915d81",
  "lamb/std/3/c1★": "1945b28cef49224f",
  "lamb/std/3/c2": "221a70298c18a93a",
  "lamb/std/3/c3": "66f280f6de4fc8f9",
  "lamb/std/3/c4": "130eca577d96ee00",
  "lamb/std/3/c5": "39b0ec4b8cd54a32",
  "lamb/std/3/c6": "3842c5e1930359f3",
  "lamb/std/3/gold": "353acc6cdcb44a3b",
  "lamb/std/3/rainbow": "6d86ddabfefa5e1a",
}
`;

exports[`Hestebakkerne · lamb > hash-regression pr. genstands-fit (3 stadier · 3 farvesæt) 1`] = `
{
  "fest-head/lamb/1/0": "a203e78cba44e60f",
  "fest-head/lamb/1/1": "d6a38ebf90eaedee",
  "fest-head/lamb/1/2": "e5248a15805a6358",
  "fest-head/lamb/2/0": "60431f630d6501be",
  "fest-head/lamb/2/1": "def659d5b03aae68",
  "fest-head/lamb/2/2": "96fe3115621b8aad",
  "fest-head/lamb/3/0": "d3691073af237ee5",
  "fest-head/lamb/3/1": "9bb225aecea50d0a",
  "fest-head/lamb/3/2": "7ff7da0cd451912b",
  "hverdag-body/lamb/1/0": "4334739c10408048",
  "hverdag-body/lamb/1/1": "3239a713b599a6c7",
  "hverdag-body/lamb/1/2": "8f995a406f48fd64",
  "hverdag-body/lamb/2/0": "7732d3f43f9ed979",
  "hverdag-body/lamb/2/1": "8f1d3c82f9456dbb",
  "hverdag-body/lamb/2/2": "94f6a2fbef09a5ea",
  "hverdag-body/lamb/3/0": "0cd5513c7273a147",
  "hverdag-body/lamb/3/1": "3d253f044cd6f938",
  "hverdag-body/lamb/3/2": "c8dc2ecf8e15fa93",
  "hverdag-head/lamb/1/0": "78afa99f186ccfdc",
  "hverdag-head/lamb/1/1": "8f7eff7a86503a54",
  "hverdag-head/lamb/1/2": "7983c9aacb0018e6",
  "hverdag-head/lamb/2/0": "97dedb71e9bac298",
  "hverdag-head/lamb/2/1": "93444e726359d216",
  "hverdag-head/lamb/2/2": "c478cded65e20f1c",
  "hverdag-head/lamb/3/0": "2951048c8581a576",
  "hverdag-head/lamb/3/1": "c9ecb37291d8d1ae",
  "hverdag-head/lamb/3/2": "a9e7dbb02e0b59ee",
}
`;
