// Vitest Snapshot v1, https://vitest.dev/guide/snapshot.html

exports[`Regnbueskoven · owl > hash-regression pr. (art, race, stadie, farve) og stjerneform 1`] = `
{
  "owl/std/1/c1": "ec802c289ae2d3fc",
  "owl/std/1/c1★": "ec802c289ae2d3fc",
  "owl/std/1/c2": "40586a1900b3558b",
  "owl/std/1/c3": "6f9501fab028d2b5",
  "owl/std/1/c4": "348bf456a2ff3aee",
  "owl/std/1/c5": "f71afeb24f89b795",
  "owl/std/1/c6": "60a5f3f284728c76",
  "owl/std/1/gold": "8cf1cd171c7602da",
  "owl/std/1/rainbow": "cc0395f66c016940",
  "owl/std/2/c1": "689f2358d14c1bec",
  "owl/std/2/c1★": "689f2358d14c1bec",
  "owl/std/2/c2": "c91b31f6c68149d0",
  "owl/std/2/c3": "122498da6d493246",
  "owl/std/2/c4": "50be61fc952bb1e1",
  "owl/std/2/c5": "586bf0cda4fa6289",
  "owl/std/2/c6": "0e9c46e5d9952df8",
  "owl/std/2/gold": "420f423a399481dd",
  "owl/std/2/rainbow": "2b876330544063b5",
  "owl/std/3/c1": "3348f86e8bd80ea9",
  "owl/std/3/c1★": "313bfe977f1d308f",
  "owl/std/3/c2": "6df3cdbcf4fed3a9",
  "owl/std/3/c3": "7351baef38d0b977",
  "owl/std/3/c4": "f0cf9711dfc2cfc8",
  "owl/std/3/c5": "49c1052527688200",
  "owl/std/3/c6": "000992e165c7146d",
  "owl/std/3/gold": "cfbcc29c9b6ee3f7",
  "owl/std/3/rainbow": "568d4c04e8307ceb",
}
`;

exports[`Regnbueskoven · owl > hash-regression pr. genstands-fit (3 stadier · 3 farvesæt) 1`] = `
{
  "fest-head/owl/1/0": "689953c2c81fc4cf",
  "fest-head/owl/1/1": "a75ad720c28a42dc",
  "fest-head/owl/1/2": "fdb4c444921921ab",
  "fest-head/owl/2/0": "21927c0b3ac7680e",
  "fest-head/owl/2/1": "d7c8f4fe75ba10ad",
  "fest-head/owl/2/2": "ba57430403edecd5",
  "fest-head/owl/3/0": "dc46a988658be288",
  "fest-head/owl/3/1": "ded6011b7605cb8b",
  "fest-head/owl/3/2": "11de9e9343bdaf5a",
  "hverdag-body/owl/1/0": "8dd25745436bbd76",
  "hverdag-body/owl/1/1": "3a20ee1dfd14934e",
  "hverdag-body/owl/1/2": "6c7f1fa8444dbce9",
  "hverdag-body/owl/2/0": "d9d33e08140b6bb0",
  "hverdag-body/owl/2/1": "8b2ba18597bddba2",
  "hverdag-body/owl/2/2": "991935ac9891b699",
  "hverdag-body/owl/3/0": "f87bb425a69f4500",
  "hverdag-body/owl/3/1": "efc60a462a8fff46",
  "hverdag-body/owl/3/2": "98e4351c518f61e4",
  "hverdag-head/owl/1/0": "c003307b0a904733",
  "hverdag-head/owl/1/1": "ef82931af4f3b7aa",
  "hverdag-head/owl/1/2": "8a004adf8df42f66",
  "hverdag-head/owl/2/0": "6f3a96301fd2acb5",
  "hverdag-head/owl/2/1": "df40d79453bb98c4",
  "hverdag-head/owl/2/2": "22ce37c866ce5804",
  "hverdag-head/owl/3/0": "a8c8252fbc3bf8b8",
  "hverdag-head/owl/3/1": "88606ce84152d42a",
  "hverdag-head/owl/3/2": "82bb29f12e49bda8",
}
`;

exports[`Regnbueskoven · panda > hash-regression pr. (art, race, stadie, farve) og stjerneform 1`] = `
{
  "panda/std/1/c1": "4f430eca605efe15",
  "panda/std/1/c1★": "4f430eca605efe15",
  "panda/std/1/c2": "ad5befe1456410e5",
  "panda/std/1/c3": "a75fff0ac3d43fc8",
  "panda/std/1/c4": "0b281902627c72f6",
  "panda/std/1/c5": "91e0252fe318ca99",
  "panda/std/1/c6": "ac34a3bbe6f857d6",
  "panda/std/1/gold": "829e10a91398767d",
  "panda/std/1/rainbow": "025f98d9c16e80a2",
  "panda/std/2/c1": "2c6205c5c39bbada",
  "panda/std/2/c1★": "2c6205c5c39bbada",
  "panda/std/2/c2": "58230328c2f86cc9",
  "panda/std/2/c3": "d79a628cda09a455",
  "panda/std/2/c4": "e211334d11a9e34d",
  "panda/std/2/c5": "c24de9814f5368af",
  "panda/std/2/c6": "3cb0b7f9ce84f3b5",
  "panda/std/2/gold": "c5fa9465e851e13c",
  "panda/std/2/rainbow": "bfd80f8fb4a18312",
  "panda/std/3/c1": "d54be1080c3118ff",
  "panda/std/3/c1★": "abf733ee8bafc44d",
  "panda/std/3/c2": "e588101a0d62ee8f",
  "panda/std/3/c3": "b4ca0b7e755e278b",
  "panda/std/3/c4": "e676c82889b6b81c",
  "panda/std/3/c5": "e00400d5ef38d29d",
  "panda/std/3/c6": "495b4221f1829357",
  "panda/std/3/gold": "5fabad4ecc08ab42",
  "panda/std/3/rainbow": "1d832480945460aa",
}
`;

exports[`Regnbueskoven · panda > hash-regression pr. genstands-fit (3 stadier · 3 farvesæt) 1`] = `
{
  "fest-head/panda/1/0": "32e1ccfb1b1fa9e9",
  "fest-head/panda/1/1": "8633c3a013d156f8",
  "fest-head/panda/1/2": "f3ca81bf597da43c",
  "fest-head/panda/2/0": "59b72a4eb6800f9a",
  "fest-head/panda/2/1": "1101a1257d0a90fb",
  "fest-head/panda/2/2": "55b13b8c175e7e2b",
  "fest-head/panda/3/0": "9c6c56b5d1f86fef",
  "fest-head/panda/3/1": "5cf6c70ca4eeb8b3",
  "fest-head/panda/3/2": "4fbcee54fa48c355",
  "hverdag-body/panda/1/0": "b18630f25979cbaa",
  "hverdag-body/panda/1/1": "63bb05b92d3e08d7",
  "hverdag-body/panda/1/2": "7bba6c212d25fc10",
  "hverdag-body/panda/2/0": "b767af0f843186bc",
  "hverdag-body/panda/2/1": "ea54b51c9ec6b4f6",
  "hverdag-body/panda/2/2": "ed4f617b54640d4a",
  "hverdag-body/panda/3/0": "6f5e443e145f50bf",
  "hverdag-body/panda/3/1": "baadb4eb46b844e8",
  "hverdag-body/panda/3/2": "b1e00e4b3b7fdb80",
  "hverdag-head/panda/1/0": "e5083f8c957f9379",
  "hverdag-head/panda/1/1": "d0dccd0a845e7084",
  "hverdag-head/panda/1/2": "7296070672fcf68a",
  "hverdag-head/panda/2/0": "58f6c58db70f5ab8",
  "hverdag-head/panda/2/1": "de38067826fe5d2d",
  "hverdag-head/panda/2/2": "a70c1a8c3dff6c06",
  "hverdag-head/panda/3/0": "d6a70ca634b6f1e0",
  "hverdag-head/panda/3/1": "fea1de02eae8e3f9",
  "hverdag-head/panda/3/2": "039ba36c0784aeb9",
}
`;

exports[`Regnbueskoven · squirrel > hash-regression pr. (art, race, stadie, farve) og stjerneform 1`] = `
{
  "squirrel/std/1/c1": "d387626daf0e7f12",
  "squirrel/std/1/c1★": "d387626daf0e7f12",
  "squirrel/std/1/c2": "bf2556edeceeea34",
  "squirrel/std/1/c3": "7ac2f3afc151aea3",
  "squirrel/std/1/c4": "358abf839bf1ebae",
  "squirrel/std/1/c5": "91be0c39bf0a2298",
  "squirrel/std/1/c6": "db0edc8da03188ac",
  "squirrel/std/1/gold": "3047b86b3ee527a8",
  "squirrel/std/1/rainbow": "1bb845aff026aace",
  "squirrel/std/2/c1": "d4d579da10a128f5",
  "squirrel/std/2/c1★": "d4d579da10a128f5",
  "squirrel/std/2/c2": "689af2d69ad8014b",
  "squirrel/std/2/c3": "17658aa77d950a3e",
  "squirrel/std/2/c4": "b4038328cd651dbc",
  "squirrel/std/2/c5": "6dc6e3da850b45d8",
  "squirrel/std/2/c6": "32877be746f66f01",
  "squirrel/std/2/gold": "932940cdd14a16be",
  "squirrel/std/2/rainbow": "9cab8b05bdb4c06f",
  "squirrel/std/3/c1": "17b784630459b3fe",
  "squirrel/std/3/c1★": "f334f595f31f39dc",
  "squirrel/std/3/c2": "8933f931c881d828",
  "squirrel/std/3/c3": "ff10320f12ce5c41",
  "squirrel/std/3/c4": "99c34fca26c2f448",
  "squirrel/std/3/c5": "6b5f6d99f9ad9f1a",
  "squirrel/std/3/c6": "32d58393d085d3c1",
  "squirrel/std/3/gold": "888259eeb9798af4",
  "squirrel/std/3/rainbow": "f6b2692f7c906942",
}
`;

exports[`Regnbueskoven · squirrel > hash-regression pr. genstands-fit (3 stadier · 3 farvesæt) 1`] = `
{
  "fest-head/squirrel/1/0": "d00f6d028733960e",
  "fest-head/squirrel/1/1": "2d0859070f65b413",
  "fest-head/squirrel/1/2": "989c27a96306f2f6",
  "fest-head/squirrel/2/0": "6f794e56598a79ee",
  "fest-head/squirrel/2/1": "ca033cc80ae41f05",
  "fest-head/squirrel/2/2": "7ab085564bd07402",
  "fest-head/squirrel/3/0": "d2948ef3b37c3073",
  "fest-head/squirrel/3/1": "49bab72d5ffa11fd",
  "fest-head/squirrel/3/2": "d82b3cf4eda67c86",
  "hverdag-body/squirrel/1/0": "a93f27d875c3ead2",
  "hverdag-body/squirrel/1/1": "2f0e70ae461b608d",
  "hverdag-body/squirrel/1/2": "6c23cddd7c1ef582",
  "hverdag-body/squirrel/2/0": "64c06cddb6cb1654",
  "hverdag-body/squirrel/2/1": "85e64345cf624bae",
  "hverdag-body/squirrel/2/2": "201ecc7a8a786dc7",
  "hverdag-body/squirrel/3/0": "cd58d54fe3ed123f",
  "hverdag-body/squirrel/3/1": "c22455019dca9d83",
  "hverdag-body/squirrel/3/2": "82115c23e4c2647a",
  "hverdag-head/squirrel/1/0": "a4a9b3cbe21db1b5",
  "hverdag-head/squirrel/1/1": "f294b87c5dfdef50",
  "hverdag-head/squirrel/1/2": "688e1f13cbec8503",
  "hverdag-head/squirrel/2/0": "9e48326b33c5d449",
  "hverdag-head/squirrel/2/1": "2b7d9843141bb965",
  "hverdag-head/squirrel/2/2": "e10d7a8d7a45b8a3",
  "hverdag-head/squirrel/3/0": "55af937033b1f2de",
  "hverdag-head/squirrel/3/1": "104f884aeeb8d8d3",
  "hverdag-head/squirrel/3/2": "a34a0b6467e9008b",
}
`;
