// Vitest Snapshot v1, https://vitest.dev/guide/snapshot.html

exports[`Regnbueskoven · owl > hash-regression pr. (art, race, stadie, farve) og stjerneform 1`] = `
{
  "owl/std/1/c1": "ec802c289ae2d3fc",
  "owl/std/1/c1★": "ec802c289ae2d3fc",
  "owl/std/1/c2": "40586a1900b3558b",
  "owl/std/1/c3": "6f9501fab028d2b5",
  "owl/std/1/c4": "348bf456a2ff3aee",
  "owl/std/1/c5": "f71afeb24f89b795",
  "owl/std/1/c6": "60a5f3f284728c76",
  "owl/std/1/gold": "8cf1cd171c7602da",
  "owl/std/1/rainbow": "cc0395f66c016940",
  "owl/std/2/c1": "689f2358d14c1bec",
  "owl/std/2/c1★": "689f2358d14c1bec",
  "owl/std/2/c2": "c91b31f6c68149d0",
  "owl/std/2/c3": "122498da6d493246",
  "owl/std/2/c4": "50be61fc952bb1e1",
  "owl/std/2/c5": "586bf0cda4fa6289",
  "owl/std/2/c6": "0e9c46e5d9952df8",
  "owl/std/2/gold": "420f423a399481dd",
  "owl/std/2/rainbow": "2b876330544063b5",
  "owl/std/3/c1": "3348f86e8bd80ea9",
  "owl/std/3/c1★": "313bfe977f1d308f",
  "owl/std/3/c2": "6df3cdbcf4fed3a9",
  "owl/std/3/c3": "7351baef38d0b977",
  "owl/std/3/c4": "f0cf9711dfc2cfc8",
  "owl/std/3/c5": "49c1052527688200",
  "owl/std/3/c6": "000992e165c7146d",
  "owl/std/3/gold": "cfbcc29c9b6ee3f7",
  "owl/std/3/rainbow": "568d4c04e8307ceb",
}
`;

exports[`Regnbueskoven · owl > hash-regression pr. genstands-fit (3 stadier · 3 farvesæt) 1`] = `
{
  "fest-head/owl/1/0": "689953c2c81fc4cf",
  "fest-head/owl/1/1": "a75ad720c28a42dc",
  "fest-head/owl/1/2": "fdb4c444921921ab",
  "fest-head/owl/2/0": "21927c0b3ac7680e",
  "fest-head/owl/2/1": "d7c8f4fe75ba10ad",
  "fest-head/owl/2/2": "ba57430403edecd5",
  "fest-head/owl/3/0": "dc46a988658be288",
  "fest-head/owl/3/1": "ded6011b7605cb8b",
  "fest-head/owl/3/2": "11de9e9343bdaf5a",
  "hverdag-body/owl/1/0": "8dd25745436bbd76",
  "hverdag-body/owl/1/1": "3a20ee1dfd14934e",
  "hverdag-body/owl/1/2": "6c7f1fa8444dbce9",
  "hverdag-body/owl/2/0": "d9d33e08140b6bb0",
  "hverdag-body/owl/2/1": "8b2ba18597bddba2",
  "hverdag-body/owl/2/2": "991935ac9891b699",
  "hverdag-body/owl/3/0": "f87bb425a69f4500",
  "hverdag-body/owl/3/1": "efc60a462a8fff46",
  "hverdag-body/owl/3/2": "98e4351c518f61e4",
  "hverdag-head/owl/1/0": "c003307b0a904733",
  "hverdag-head/owl/1/1": "ef82931af4f3b7aa",
  "hverdag-head/owl/1/2": "8a004adf8df42f66",
  "hverdag-head/owl/2/0": "6f3a96301fd2acb5",
  "hverdag-head/owl/2/1": "df40d79453bb98c4",
  "hverdag-head/owl/2/2": "22ce37c866ce5804",
  "hverdag-head/owl/3/0": "a8c8252fbc3bf8b8",
  "hverdag-head/owl/3/1": "88606ce84152d42a",
  "hverdag-head/owl/3/2": "82bb29f12e49bda8",
}
`;

exports[`Regnbueskoven · panda > hash-regression pr. (art, race, stadie, farve) og stjerneform 1`] = `
{
  "panda/std/1/c1": "173f1764bb7b32a8",
  "panda/std/1/c1★": "173f1764bb7b32a8",
  "panda/std/1/c2": "5767ff4291e437c0",
  "panda/std/1/c3": "6a5ae6fb9b373d21",
  "panda/std/1/c4": "01bada764793ca6b",
  "panda/std/1/c5": "0dcf9b30d070e16b",
  "panda/std/1/c6": "6bde4bc5ab51e1af",
  "panda/std/1/gold": "88dc8bc056470fcf",
  "panda/std/1/rainbow": "e9e04517a63c6016",
  "panda/std/2/c1": "e7707f80074f3889",
  "panda/std/2/c1★": "e7707f80074f3889",
  "panda/std/2/c2": "bfb0c1175d2e7f88",
  "panda/std/2/c3": "9e74b0748ffe5966",
  "panda/std/2/c4": "30d8bd3c2985196f",
  "panda/std/2/c5": "5dc9eecf7ceb504c",
  "panda/std/2/c6": "611cb1b5b7e90639",
  "panda/std/2/gold": "7be8734b67d22505",
  "panda/std/2/rainbow": "2b9ce1b79eb3529f",
  "panda/std/3/c1": "9cbb73ed4c4e1437",
  "panda/std/3/c1★": "a9b7aec732795fc7",
  "panda/std/3/c2": "ff3f9c27f6fe6a4a",
  "panda/std/3/c3": "5cf22d5214cbd3f8",
  "panda/std/3/c4": "c14c0073b5dd5bdf",
  "panda/std/3/c5": "aca40b9a18e6b9a0",
  "panda/std/3/c6": "d7e7606f0d1b009b",
  "panda/std/3/gold": "1bdbde3aef0c07b1",
  "panda/std/3/rainbow": "bcf3941ee47850e2",
}
`;

exports[`Regnbueskoven · panda > hash-regression pr. genstands-fit (3 stadier · 3 farvesæt) 1`] = `
{
  "fest-head/panda/1/0": "927cf334ac163e82",
  "fest-head/panda/1/1": "38343116772bdb1f",
  "fest-head/panda/1/2": "1b98c7e28f22cb55",
  "fest-head/panda/2/0": "56716500c06b91cc",
  "fest-head/panda/2/1": "3392d3ca7a35abfb",
  "fest-head/panda/2/2": "6cdc8d267d8ff299",
  "fest-head/panda/3/0": "a20c52fb8aae85ee",
  "fest-head/panda/3/1": "83c9943639cdd306",
  "fest-head/panda/3/2": "03d0130ee4fb188c",
  "hverdag-body/panda/1/0": "d20ea61ed78672e5",
  "hverdag-body/panda/1/1": "3be3e59c79e655e6",
  "hverdag-body/panda/1/2": "81a1d61a53652de8",
  "hverdag-body/panda/2/0": "ab86c5d3b4a44b58",
  "hverdag-body/panda/2/1": "6ec65a2a785513e2",
  "hverdag-body/panda/2/2": "4bd169ab00afdc3e",
  "hverdag-body/panda/3/0": "5a858c0ba2376875",
  "hverdag-body/panda/3/1": "c52023a572e98ab3",
  "hverdag-body/panda/3/2": "3a509a0301c704ff",
  "hverdag-head/panda/1/0": "029a69cf9a77b4c3",
  "hverdag-head/panda/1/1": "d3ccab47ce223c91",
  "hverdag-head/panda/1/2": "23248500437d2080",
  "hverdag-head/panda/2/0": "3304c4aafda2c024",
  "hverdag-head/panda/2/1": "a3dc02dfabe9605c",
  "hverdag-head/panda/2/2": "4b15fe5a16362a1d",
  "hverdag-head/panda/3/0": "426a5168fc501b9a",
  "hverdag-head/panda/3/1": "3111a8ec5b634753",
  "hverdag-head/panda/3/2": "a1990db61abab214",
}
`;

exports[`Regnbueskoven · squirrel > hash-regression pr. (art, race, stadie, farve) og stjerneform 1`] = `
{
  "squirrel/std/1/c1": "d387626daf0e7f12",
  "squirrel/std/1/c1★": "d387626daf0e7f12",
  "squirrel/std/1/c2": "bf2556edeceeea34",
  "squirrel/std/1/c3": "7ac2f3afc151aea3",
  "squirrel/std/1/c4": "358abf839bf1ebae",
  "squirrel/std/1/c5": "f57ed7d952b61677",
  "squirrel/std/1/c6": "2949655ca8e90bea",
  "squirrel/std/1/gold": "3047b86b3ee527a8",
  "squirrel/std/1/rainbow": "1bb845aff026aace",
  "squirrel/std/2/c1": "d4d579da10a128f5",
  "squirrel/std/2/c1★": "d4d579da10a128f5",
  "squirrel/std/2/c2": "689af2d69ad8014b",
  "squirrel/std/2/c3": "17658aa77d950a3e",
  "squirrel/std/2/c4": "b4038328cd651dbc",
  "squirrel/std/2/c5": "0a8713f863dffe66",
  "squirrel/std/2/c6": "6eb8752bff376969",
  "squirrel/std/2/gold": "932940cdd14a16be",
  "squirrel/std/2/rainbow": "9cab8b05bdb4c06f",
  "squirrel/std/3/c1": "17b784630459b3fe",
  "squirrel/std/3/c1★": "f334f595f31f39dc",
  "squirrel/std/3/c2": "8933f931c881d828",
  "squirrel/std/3/c3": "ff10320f12ce5c41",
  "squirrel/std/3/c4": "99c34fca26c2f448",
  "squirrel/std/3/c5": "2386c503a22f9f7a",
  "squirrel/std/3/c6": "37d8157076cdedb3",
  "squirrel/std/3/gold": "888259eeb9798af4",
  "squirrel/std/3/rainbow": "f6b2692f7c906942",
}
`;

exports[`Regnbueskoven · squirrel > hash-regression pr. genstands-fit (3 stadier · 3 farvesæt) 1`] = `
{
  "fest-head/squirrel/1/0": "d00f6d028733960e",
  "fest-head/squirrel/1/1": "2d0859070f65b413",
  "fest-head/squirrel/1/2": "989c27a96306f2f6",
  "fest-head/squirrel/2/0": "6f794e56598a79ee",
  "fest-head/squirrel/2/1": "ca033cc80ae41f05",
  "fest-head/squirrel/2/2": "7ab085564bd07402",
  "fest-head/squirrel/3/0": "d2948ef3b37c3073",
  "fest-head/squirrel/3/1": "49bab72d5ffa11fd",
  "fest-head/squirrel/3/2": "d82b3cf4eda67c86",
  "hverdag-body/squirrel/1/0": "a93f27d875c3ead2",
  "hverdag-body/squirrel/1/1": "2f0e70ae461b608d",
  "hverdag-body/squirrel/1/2": "6c23cddd7c1ef582",
  "hverdag-body/squirrel/2/0": "64c06cddb6cb1654",
  "hverdag-body/squirrel/2/1": "85e64345cf624bae",
  "hverdag-body/squirrel/2/2": "201ecc7a8a786dc7",
  "hverdag-body/squirrel/3/0": "cd58d54fe3ed123f",
  "hverdag-body/squirrel/3/1": "c22455019dca9d83",
  "hverdag-body/squirrel/3/2": "82115c23e4c2647a",
  "hverdag-head/squirrel/1/0": "a4a9b3cbe21db1b5",
  "hverdag-head/squirrel/1/1": "f294b87c5dfdef50",
  "hverdag-head/squirrel/1/2": "688e1f13cbec8503",
  "hverdag-head/squirrel/2/0": "9e48326b33c5d449",
  "hverdag-head/squirrel/2/1": "2b7d9843141bb965",
  "hverdag-head/squirrel/2/2": "e10d7a8d7a45b8a3",
  "hverdag-head/squirrel/3/0": "55af937033b1f2de",
  "hverdag-head/squirrel/3/1": "104f884aeeb8d8d3",
  "hverdag-head/squirrel/3/2": "a34a0b6467e9008b",
}
`;
