// Vitest Snapshot v1, https://vitest.dev/guide/snapshot.html

exports[`Regnbueskoven · owl > hash-regression pr. (art, race, stadie, farve) og stjerneform 1`] = `
{
  "owl/std/1/c1": "b2c45ffb38b17399",
  "owl/std/1/c1★": "b2c45ffb38b17399",
  "owl/std/1/c2": "35db99c0b4f2cff7",
  "owl/std/1/c3": "ad021a359d700d2b",
  "owl/std/1/c4": "7c7024105912f0bd",
  "owl/std/1/c5": "f2406c3e94d824dd",
  "owl/std/1/c6": "92cf0a7652401f90",
  "owl/std/1/gold": "1c717bcfd5e02a93",
  "owl/std/1/rainbow": "22c134a95ca78289",
  "owl/std/2/c1": "b7bb63f4e35aebfe",
  "owl/std/2/c1★": "b7bb63f4e35aebfe",
  "owl/std/2/c2": "fdd51e5e1c1c7d67",
  "owl/std/2/c3": "5ce52eea530b3a31",
  "owl/std/2/c4": "9eb3c2e7ab3bdd7d",
  "owl/std/2/c5": "8519d12b61fa5022",
  "owl/std/2/c6": "6921a03b56035ff2",
  "owl/std/2/gold": "b3e76e4adf3cd875",
  "owl/std/2/rainbow": "deb91a0d19e1cb4b",
  "owl/std/3/c1": "84c0d73f4b6a02ee",
  "owl/std/3/c1★": "552f0c6d1fb01185",
  "owl/std/3/c2": "3cf9cde3874e3b07",
  "owl/std/3/c3": "54643912cf1e5148",
  "owl/std/3/c4": "716629c3f917eff0",
  "owl/std/3/c5": "a6b32ffad2d7b7c5",
  "owl/std/3/c6": "9081f7ce13091fa4",
  "owl/std/3/gold": "58916c32a63a3188",
  "owl/std/3/rainbow": "0b0fa58a971444b8",
}
`;

exports[`Regnbueskoven · owl > hash-regression pr. genstands-fit (3 stadier · 3 farvesæt) 1`] = `
{
  "fest-head/owl/1/0": "4bbeb7fe695753f9",
  "fest-head/owl/1/1": "da3e16e383735ce7",
  "fest-head/owl/1/2": "66bb55f893451653",
  "fest-head/owl/2/0": "9e34f2e86ad372cc",
  "fest-head/owl/2/1": "00f92e63b3ea21d7",
  "fest-head/owl/2/2": "8a5f0ca6cd533c89",
  "fest-head/owl/3/0": "a5b525702ec357d8",
  "fest-head/owl/3/1": "ceb79730eed81868",
  "fest-head/owl/3/2": "95b8f4b75e69ad4b",
  "hverdag-body/owl/1/0": "9c41e49f84bd5bac",
  "hverdag-body/owl/1/1": "935cdbdc339c2588",
  "hverdag-body/owl/1/2": "5f90066899601cbe",
  "hverdag-body/owl/2/0": "db8c2605f6fda933",
  "hverdag-body/owl/2/1": "b7e4c296df869117",
  "hverdag-body/owl/2/2": "69692a53b1f84f2f",
  "hverdag-body/owl/3/0": "49f89e3423f9e750",
  "hverdag-body/owl/3/1": "1bce37d484766071",
  "hverdag-body/owl/3/2": "dede368fd3585344",
  "hverdag-head/owl/1/0": "6bbb54c44fa73c41",
  "hverdag-head/owl/1/1": "ea3121491c44bd2c",
  "hverdag-head/owl/1/2": "095147a07c97a456",
  "hverdag-head/owl/2/0": "6ad8cacf0e99fc51",
  "hverdag-head/owl/2/1": "e0e3df2b91da4fac",
  "hverdag-head/owl/2/2": "95e86534534180f7",
  "hverdag-head/owl/3/0": "b6b1ab9e437fded3",
  "hverdag-head/owl/3/1": "dab8ff526f9c398a",
  "hverdag-head/owl/3/2": "f3ac05ea97131cb7",
}
`;

exports[`Regnbueskoven · panda > hash-regression pr. (art, race, stadie, farve) og stjerneform 1`] = `
{
  "panda/std/1/c1": "4613f9b151832274",
  "panda/std/1/c1★": "4613f9b151832274",
  "panda/std/1/c2": "2133cb30c6723fa8",
  "panda/std/1/c3": "075ad597f0a975cf",
  "panda/std/1/c4": "2bcad53625c914e7",
  "panda/std/1/c5": "0073d0327556300c",
  "panda/std/1/c6": "f54c6ced7e717822",
  "panda/std/1/gold": "c1d0cff10bef4bd2",
  "panda/std/1/rainbow": "08dbf1248aa45e68",
  "panda/std/2/c1": "984ee349db5d2bb4",
  "panda/std/2/c1★": "984ee349db5d2bb4",
  "panda/std/2/c2": "d176433d81534d1b",
  "panda/std/2/c3": "59e10296bd1fa3b6",
  "panda/std/2/c4": "99fd703d77d1645c",
  "panda/std/2/c5": "e0c4e2c36c35f444",
  "panda/std/2/c6": "ae3234a0b074f240",
  "panda/std/2/gold": "fa5c93ec5793664e",
  "panda/std/2/rainbow": "ccca0375f91c1bca",
  "panda/std/3/c1": "f7e31db46fcde03b",
  "panda/std/3/c1★": "7473acdb28a516ef",
  "panda/std/3/c2": "c759f449e994faf3",
  "panda/std/3/c3": "ce8e709928ab643f",
  "panda/std/3/c4": "73cf01e80da48085",
  "panda/std/3/c5": "a42685f7dc32726f",
  "panda/std/3/c6": "c904935db0393aff",
  "panda/std/3/gold": "d18e4f387e7b998f",
  "panda/std/3/rainbow": "ea125f58e7b940e0",
}
`;

exports[`Regnbueskoven · panda > hash-regression pr. genstands-fit (3 stadier · 3 farvesæt) 1`] = `
{
  "fest-head/panda/1/0": "3b2dc952ded2d9f8",
  "fest-head/panda/1/1": "64d4bcfe19d1a480",
  "fest-head/panda/1/2": "1f1aa86ab21c223f",
  "fest-head/panda/2/0": "d4bd6553b3f9881e",
  "fest-head/panda/2/1": "f266ca19bfeee4ec",
  "fest-head/panda/2/2": "1b15e2b966c520b0",
  "fest-head/panda/3/0": "79f221bd44c0a5c9",
  "fest-head/panda/3/1": "52edc431f6096ada",
  "fest-head/panda/3/2": "0329eefa826bbdee",
  "hverdag-body/panda/1/0": "d20ea61ed78672e5",
  "hverdag-body/panda/1/1": "3be3e59c79e655e6",
  "hverdag-body/panda/1/2": "81a1d61a53652de8",
  "hverdag-body/panda/2/0": "d649f50b280d7bdb",
  "hverdag-body/panda/2/1": "c851154d295659dc",
  "hverdag-body/panda/2/2": "40730efe2f65810e",
  "hverdag-body/panda/3/0": "a42eb8d5214fe957",
  "hverdag-body/panda/3/1": "df72ebb12ee61e02",
  "hverdag-body/panda/3/2": "e1616d329db16b60",
  "hverdag-head/panda/1/0": "de07c8fa354f52ee",
  "hverdag-head/panda/1/1": "04672ac36933acb7",
  "hverdag-head/panda/1/2": "5efd115ee162806d",
  "hverdag-head/panda/2/0": "35d58cda60bbd94f",
  "hverdag-head/panda/2/1": "d7fbc275a0a72e09",
  "hverdag-head/panda/2/2": "5ed180d84b6ddaff",
  "hverdag-head/panda/3/0": "11dbdef917898181",
  "hverdag-head/panda/3/1": "a3110c2d6f2fa0e0",
  "hverdag-head/panda/3/2": "be381f2485b590b3",
}
`;

exports[`Regnbueskoven · squirrel > hash-regression pr. (art, race, stadie, farve) og stjerneform 1`] = `
{
  "squirrel/std/1/c1": "e2febf3a5bbd4bb2",
  "squirrel/std/1/c1★": "e2febf3a5bbd4bb2",
  "squirrel/std/1/c2": "90435c2f82192d10",
  "squirrel/std/1/c3": "af497684f06fdaa1",
  "squirrel/std/1/c4": "c2985cb875024180",
  "squirrel/std/1/c5": "6372961d6c18f8a2",
  "squirrel/std/1/c6": "5d7c7cd354c4e755",
  "squirrel/std/1/gold": "788bfa507e01a31d",
  "squirrel/std/1/rainbow": "a1e14ed83a79077e",
  "squirrel/std/2/c1": "864837defb61b457",
  "squirrel/std/2/c1★": "864837defb61b457",
  "squirrel/std/2/c2": "9af5e887f7e36ec1",
  "squirrel/std/2/c3": "29f4158c079881a1",
  "squirrel/std/2/c4": "c643d2aa92d01f30",
  "squirrel/std/2/c5": "1718d48f60179be7",
  "squirrel/std/2/c6": "f422b75f3e90ea58",
  "squirrel/std/2/gold": "5abf867c3504bb70",
  "squirrel/std/2/rainbow": "37e0348eac949b0f",
  "squirrel/std/3/c1": "1d16b388d036ed0e",
  "squirrel/std/3/c1★": "29d3306eb76794fe",
  "squirrel/std/3/c2": "1b516ef944827a86",
  "squirrel/std/3/c3": "7fb1e52054595229",
  "squirrel/std/3/c4": "9f827eb3ac6f849d",
  "squirrel/std/3/c5": "4f02ea3d86a31e5e",
  "squirrel/std/3/c6": "b4fbdf463e34fb6a",
  "squirrel/std/3/gold": "e949c37a6ae72d27",
  "squirrel/std/3/rainbow": "5a73ad10f0e748bf",
}
`;

exports[`Regnbueskoven · squirrel > hash-regression pr. genstands-fit (3 stadier · 3 farvesæt) 1`] = `
{
  "fest-head/squirrel/1/0": "7ba1330469f0d7ad",
  "fest-head/squirrel/1/1": "722ce3c148b0202e",
  "fest-head/squirrel/1/2": "c05834e46d4870b8",
  "fest-head/squirrel/2/0": "6fa68edb4de5ea3f",
  "fest-head/squirrel/2/1": "a58542be0841cf82",
  "fest-head/squirrel/2/2": "a298604ac29e27f7",
  "fest-head/squirrel/3/0": "216e8d83e4a88461",
  "fest-head/squirrel/3/1": "d68033703b718fd3",
  "fest-head/squirrel/3/2": "7c00cf94b79bc74f",
  "hverdag-body/squirrel/1/0": "ee9266cf8ce24aee",
  "hverdag-body/squirrel/1/1": "58edaada597c0de4",
  "hverdag-body/squirrel/1/2": "3eec3c69ad70d2b8",
  "hverdag-body/squirrel/2/0": "ae775c0723f8912d",
  "hverdag-body/squirrel/2/1": "b087bb1c3fc5e6fc",
  "hverdag-body/squirrel/2/2": "181e1a9a415ce935",
  "hverdag-body/squirrel/3/0": "759b78cbd45fe354",
  "hverdag-body/squirrel/3/1": "84961a19c1eb2117",
  "hverdag-body/squirrel/3/2": "ac9ea86d60ff15f3",
  "hverdag-head/squirrel/1/0": "bd05e419b2734ad0",
  "hverdag-head/squirrel/1/1": "4977a57cbf495eb8",
  "hverdag-head/squirrel/1/2": "e5187cc67a00348c",
  "hverdag-head/squirrel/2/0": "7279405c9056a280",
  "hverdag-head/squirrel/2/1": "966225ea3ebe5d19",
  "hverdag-head/squirrel/2/2": "858745373a4d8f9a",
  "hverdag-head/squirrel/3/0": "35d84979cacc9994",
  "hverdag-head/squirrel/3/1": "e6c64d059c945d83",
  "hverdag-head/squirrel/3/2": "1970b6cf7f88f82a",
}
`;
