// Vitest Snapshot v1, https://vitest.dev/guide/snapshot.html

exports[`Stjernefjeldet · dragon > hash-regression pr. (art, race, stadie, farve) og stjerneform 1`] = `
{
  "dragon/std/1/c1": "cd452c4702fe6b14",
  "dragon/std/1/c1★": "cd452c4702fe6b14",
  "dragon/std/1/c2": "c1f2ca9144ad5ad0",
  "dragon/std/1/c3": "d2526a84c2aa808f",
  "dragon/std/1/c4": "e5eabc8ca202d9a5",
  "dragon/std/1/c5": "9d283a4b2d83041f",
  "dragon/std/1/c6": "df49855890551ebd",
  "dragon/std/1/gold": "6d0b35f143ee5d39",
  "dragon/std/1/rainbow": "ac9736911990236a",
  "dragon/std/2/c1": "c1b1ce84680688b4",
  "dragon/std/2/c1★": "c1b1ce84680688b4",
  "dragon/std/2/c2": "5e5a4194719f213b",
  "dragon/std/2/c3": "92713f214f733941",
  "dragon/std/2/c4": "897bf55b0e44c8c6",
  "dragon/std/2/c5": "b4b91a501fd727a3",
  "dragon/std/2/c6": "4fb936b2a5202cf0",
  "dragon/std/2/gold": "9078b8af7e790a8f",
  "dragon/std/2/rainbow": "b1c6cf51475090bc",
  "dragon/std/3/c1": "ef2f7c3beddb493b",
  "dragon/std/3/c1★": "2424e3324a666c15",
  "dragon/std/3/c2": "da73246927e6d040",
  "dragon/std/3/c3": "6df5092c12add8f9",
  "dragon/std/3/c4": "50de759181818456",
  "dragon/std/3/c5": "7e915e58dc4a1bed",
  "dragon/std/3/c6": "39efb71460f2e3be",
  "dragon/std/3/gold": "439431e393ed6a2e",
  "dragon/std/3/rainbow": "54849a0c32d49865",
}
`;

exports[`Stjernefjeldet · dragon > hash-regression pr. genstands-fit (3 stadier · 3 farvesæt) 1`] = `
{
  "fest-head/dragon/1/0": "5629150a67637a57",
  "fest-head/dragon/1/1": "3d76dc743ae387a4",
  "fest-head/dragon/1/2": "b42b332d4840c293",
  "fest-head/dragon/2/0": "3d03d4717abb798d",
  "fest-head/dragon/2/1": "64cc49105ccc22b0",
  "fest-head/dragon/2/2": "f337b7828a57763a",
  "fest-head/dragon/3/0": "628e8a1b415e7554",
  "fest-head/dragon/3/1": "d7f306fe261455b5",
  "fest-head/dragon/3/2": "00884e7d9f6d7671",
  "hverdag-body/dragon/1/0": "dca619ac87b6ee39",
  "hverdag-body/dragon/1/1": "0be17fdfab1d7a60",
  "hverdag-body/dragon/1/2": "2dad8e1a90f9a14a",
  "hverdag-body/dragon/2/0": "9ed485019662b8dd",
  "hverdag-body/dragon/2/1": "a7e2ab8c8e539851",
  "hverdag-body/dragon/2/2": "2afd0587dd0bc237",
  "hverdag-body/dragon/3/0": "75d65d2085cedca6",
  "hverdag-body/dragon/3/1": "20deefec8ceaa3b5",
  "hverdag-body/dragon/3/2": "4a6b9f3a1c66f558",
  "hverdag-head/dragon/1/0": "eabd09d66dce7046",
  "hverdag-head/dragon/1/1": "3748bffcdfcba1ae",
  "hverdag-head/dragon/1/2": "cfb76621d59ae023",
  "hverdag-head/dragon/2/0": "621918c323f6b45e",
  "hverdag-head/dragon/2/1": "0848dd7b39a68343",
  "hverdag-head/dragon/2/2": "465982eeda57fa05",
  "hverdag-head/dragon/3/0": "f63d938d187b8dc3",
  "hverdag-head/dragon/3/1": "b1b75a484a24e4ef",
  "hverdag-head/dragon/3/2": "4120d30423f69bd1",
}
`;

exports[`Stjernefjeldet · pegasus > hash-regression pr. (art, race, stadie, farve) og stjerneform 1`] = `
{
  "pegasus/std/1/c1": "cf2cee7bb392b7db",
  "pegasus/std/1/c1★": "cf2cee7bb392b7db",
  "pegasus/std/1/c2": "3a8a6328092ecfb0",
  "pegasus/std/1/c3": "98b0b63012609e01",
  "pegasus/std/1/c4": "367472e9a174d5d9",
  "pegasus/std/1/c5": "fdde360222ccbbb3",
  "pegasus/std/1/c6": "dc26a11816188731",
  "pegasus/std/1/gold": "7bc52786a3f6cf1b",
  "pegasus/std/1/rainbow": "27b13290d16769a0",
  "pegasus/std/2/c1": "b183b56602b83129",
  "pegasus/std/2/c1★": "b183b56602b83129",
  "pegasus/std/2/c2": "1e8da22370597ca6",
  "pegasus/std/2/c3": "e41761842dcc1682",
  "pegasus/std/2/c4": "b46fac43d4df3d3e",
  "pegasus/std/2/c5": "8167b563d866b9fb",
  "pegasus/std/2/c6": "45b4ad4a21bcb765",
  "pegasus/std/2/gold": "214e6e9bc8e18db3",
  "pegasus/std/2/rainbow": "07dfd16eba5b27c3",
  "pegasus/std/3/c1": "805157ee695c8417",
  "pegasus/std/3/c1★": "de4d58597a840a0f",
  "pegasus/std/3/c2": "fec350c1f9c6023f",
  "pegasus/std/3/c3": "d7f9554a18d38fd3",
  "pegasus/std/3/c4": "ad927659430722d3",
  "pegasus/std/3/c5": "b1c287807f3bfc98",
  "pegasus/std/3/c6": "d3da027651b18d25",
  "pegasus/std/3/gold": "367cbccdf4256348",
  "pegasus/std/3/rainbow": "ec039bd09a54b803",
}
`;

exports[`Stjernefjeldet · pegasus > hash-regression pr. genstands-fit (3 stadier · 3 farvesæt) 1`] = `
{
  "fest-head/pegasus/1/0": "de283c0b119d5dac",
  "fest-head/pegasus/1/1": "426ead956a4d20f1",
  "fest-head/pegasus/1/2": "83537773cf6935bb",
  "fest-head/pegasus/2/0": "d02fc91d8ec8f718",
  "fest-head/pegasus/2/1": "a0e0bfe7db5ec887",
  "fest-head/pegasus/2/2": "d1cdad33e91faec3",
  "fest-head/pegasus/3/0": "f15d46de18f31659",
  "fest-head/pegasus/3/1": "4fdf3b5f9cb81f58",
  "fest-head/pegasus/3/2": "063199caf14c4113",
  "hverdag-body/pegasus/1/0": "2829722cdcecda32",
  "hverdag-body/pegasus/1/1": "aa64e13dd9a34000",
  "hverdag-body/pegasus/1/2": "16053a6bc9b7592a",
  "hverdag-body/pegasus/2/0": "8a107f5285fbed28",
  "hverdag-body/pegasus/2/1": "f1a6ec828b6eff6c",
  "hverdag-body/pegasus/2/2": "4d0bcc57e9aa0ec4",
  "hverdag-body/pegasus/3/0": "008d24743b760808",
  "hverdag-body/pegasus/3/1": "69e737a0fea8c1d3",
  "hverdag-body/pegasus/3/2": "1900a90caa615e27",
  "hverdag-head/pegasus/1/0": "2dbcc2240956d84e",
  "hverdag-head/pegasus/1/1": "739b82ae69229880",
  "hverdag-head/pegasus/1/2": "e2d89394e2e043d4",
  "hverdag-head/pegasus/2/0": "f5eab8873f96c2bd",
  "hverdag-head/pegasus/2/1": "f1532efa1ee3e009",
  "hverdag-head/pegasus/2/2": "4b9e379e06ed349f",
  "hverdag-head/pegasus/3/0": "d6945227b9a4d888",
  "hverdag-head/pegasus/3/1": "421949746ea5b82a",
  "hverdag-head/pegasus/3/2": "cd573c919b47dc5c",
}
`;

exports[`Stjernefjeldet · penguin > hash-regression pr. (art, race, stadie, farve) og stjerneform 1`] = `
{
  "penguin/std/1/c1": "c955a2fc0eea5b8a",
  "penguin/std/1/c1★": "c955a2fc0eea5b8a",
  "penguin/std/1/c2": "8858085a0a8ccf53",
  "penguin/std/1/c3": "358ede55cd930a2c",
  "penguin/std/1/c4": "93e77e33e5ca6f71",
  "penguin/std/1/c5": "5911823b7fb74e5e",
  "penguin/std/1/c6": "73c24ee5b5de1bb4",
  "penguin/std/1/gold": "6f358e883af048c4",
  "penguin/std/1/rainbow": "b43b9ddaf89eb606",
  "penguin/std/2/c1": "7fa343d4c333a491",
  "penguin/std/2/c1★": "7fa343d4c333a491",
  "penguin/std/2/c2": "ff29c9e608ba9ba4",
  "penguin/std/2/c3": "68ac39e96fd9c83a",
  "penguin/std/2/c4": "2bd1d7a0627fbb91",
  "penguin/std/2/c5": "0a504192e161884e",
  "penguin/std/2/c6": "7352a24a1e65af55",
  "penguin/std/2/gold": "24dcfc22ff38bf82",
  "penguin/std/2/rainbow": "bfa488f44e002fcc",
  "penguin/std/3/c1": "666ec5320fc4cb83",
  "penguin/std/3/c1★": "b8c978f61a70e20b",
  "penguin/std/3/c2": "2c83862e9602ee27",
  "penguin/std/3/c3": "5dae61ace2cd5d8a",
  "penguin/std/3/c4": "84778b1451557890",
  "penguin/std/3/c5": "900aec31af366dde",
  "penguin/std/3/c6": "ae2f890604fd2451",
  "penguin/std/3/gold": "cc4bf5c70a0f21be",
  "penguin/std/3/rainbow": "2c8af2ae8728855b",
}
`;

exports[`Stjernefjeldet · penguin > hash-regression pr. genstands-fit (3 stadier · 3 farvesæt) 1`] = `
{
  "fest-head/penguin/1/0": "d2104ebad2170164",
  "fest-head/penguin/1/1": "5e3c20f453c21794",
  "fest-head/penguin/1/2": "2764cc2b82cf423c",
  "fest-head/penguin/2/0": "172f23ac154d4858",
  "fest-head/penguin/2/1": "a73d0d483d2cf09c",
  "fest-head/penguin/2/2": "3eebf44db4c9cf9d",
  "fest-head/penguin/3/0": "95686a9d92442d80",
  "fest-head/penguin/3/1": "dc3df7a7518c168e",
  "fest-head/penguin/3/2": "5097829a38fa0940",
  "hverdag-back/penguin/1/0": "3c3b78c5327929ab",
  "hverdag-back/penguin/1/1": "d6727aece4ceb328",
  "hverdag-back/penguin/1/2": "a52bcd0c2deb823b",
  "hverdag-back/penguin/2/0": "204b66a0273c3318",
  "hverdag-back/penguin/2/1": "2c67d51a46828274",
  "hverdag-back/penguin/2/2": "e540317e222eb5aa",
  "hverdag-back/penguin/3/0": "ee68ee1181949a4c",
  "hverdag-back/penguin/3/1": "3da420510b754682",
  "hverdag-back/penguin/3/2": "190bc277901ea864",
  "hverdag-body/penguin/1/0": "37d1a0b90ed1ac35",
  "hverdag-body/penguin/1/1": "83625f0c601bae16",
  "hverdag-body/penguin/1/2": "a1d6620fd42bfa45",
  "hverdag-body/penguin/2/0": "da088de69c4d9366",
  "hverdag-body/penguin/2/1": "52a4792d2722e719",
  "hverdag-body/penguin/2/2": "d22782ab037b9dbb",
  "hverdag-body/penguin/3/0": "70aba1cd7fdaddc7",
  "hverdag-body/penguin/3/1": "4f690d58dbfd89c3",
  "hverdag-body/penguin/3/2": "c2c31f55981046d7",
  "hverdag-head/penguin/1/0": "f3470f10ea08cc33",
  "hverdag-head/penguin/1/1": "49d7133a5f7e91fd",
  "hverdag-head/penguin/1/2": "316e2cd0e1da9fd9",
  "hverdag-head/penguin/2/0": "b5e198cdeca8ebb4",
  "hverdag-head/penguin/2/1": "602bd2b83510190f",
  "hverdag-head/penguin/2/2": "b39ad5cf742819a7",
  "hverdag-head/penguin/3/0": "ad48fcdfa2271a16",
  "hverdag-head/penguin/3/1": "e1c8192a6943b072",
  "hverdag-head/penguin/3/2": "a5075b2ac434d076",
}
`;

exports[`Stjernefjeldet · polarbear > hash-regression pr. (art, race, stadie, farve) og stjerneform 1`] = `
{
  "polarbear/std/1/c1": "c24866d6be29371b",
  "polarbear/std/1/c1★": "c24866d6be29371b",
  "polarbear/std/1/c2": "adfaeacb5e83b334",
  "polarbear/std/1/c3": "4c85b84ec87564ea",
  "polarbear/std/1/c4": "4c85cf3910597e10",
  "polarbear/std/1/c5": "2caa8db538f5d900",
  "polarbear/std/1/c6": "00187599496b53bb",
  "polarbear/std/1/gold": "624cf099db4d93dc",
  "polarbear/std/1/rainbow": "be688a55d8c49ef8",
  "polarbear/std/2/c1": "f8631c7a5d50d4ef",
  "polarbear/std/2/c1★": "f8631c7a5d50d4ef",
  "polarbear/std/2/c2": "c9fdc1983819496f",
  "polarbear/std/2/c3": "79aea02336730be6",
  "polarbear/std/2/c4": "383bb0fda79189a5",
  "polarbear/std/2/c5": "9e16cad3a3afd939",
  "polarbear/std/2/c6": "d5082b601913bd5f",
  "polarbear/std/2/gold": "be160956152a83a6",
  "polarbear/std/2/rainbow": "e2cf98d2060000f9",
  "polarbear/std/3/c1": "008698a6df72bc08",
  "polarbear/std/3/c1★": "9b93ae1ad305ab4c",
  "polarbear/std/3/c2": "ac01f12475394541",
  "polarbear/std/3/c3": "3420e98e6b1caf11",
  "polarbear/std/3/c4": "7ff3847f89dd66f7",
  "polarbear/std/3/c5": "940aeb1f9fb4d69a",
  "polarbear/std/3/c6": "0761e38fc74aa976",
  "polarbear/std/3/gold": "5423a353aaee9b4f",
  "polarbear/std/3/rainbow": "ed21831b09ad8c2b",
}
`;

exports[`Stjernefjeldet · polarbear > hash-regression pr. genstands-fit (3 stadier · 3 farvesæt) 1`] = `
{
  "fest-head/polarbear/1/0": "d16f7a417386d73f",
  "fest-head/polarbear/1/1": "122249a50b0179f7",
  "fest-head/polarbear/1/2": "a7a2577a950bd294",
  "fest-head/polarbear/2/0": "c1e84cf025c8c479",
  "fest-head/polarbear/2/1": "081e0aa35ecebd7b",
  "fest-head/polarbear/2/2": "a294c5a3236bf48a",
  "fest-head/polarbear/3/0": "c417a0e1fe64be40",
  "fest-head/polarbear/3/1": "129cbfe0514cf5cc",
  "fest-head/polarbear/3/2": "f3b06de18cb140b0",
  "hverdag-back/polarbear/1/0": "cb7b5b1d2d5d7e87",
  "hverdag-back/polarbear/1/1": "c2ccf46c16f5465c",
  "hverdag-back/polarbear/1/2": "d99c89b9b48d43d7",
  "hverdag-back/polarbear/2/0": "4c5473f260e07a80",
  "hverdag-back/polarbear/2/1": "8ab2955bb4f96823",
  "hverdag-back/polarbear/2/2": "ffc03f337a0becd3",
  "hverdag-back/polarbear/3/0": "d8f20c4700f98db4",
  "hverdag-back/polarbear/3/1": "5895d7733a7005ca",
  "hverdag-back/polarbear/3/2": "dad5c0b2d4aeb121",
  "hverdag-body/polarbear/1/0": "ca1edffcb4f5bac4",
  "hverdag-body/polarbear/1/1": "38366618b0bf0bc1",
  "hverdag-body/polarbear/1/2": "238a649836dd7a79",
  "hverdag-body/polarbear/2/0": "4b0ce5beb0815534",
  "hverdag-body/polarbear/2/1": "6080c97369648fd0",
  "hverdag-body/polarbear/2/2": "3d7717183310602b",
  "hverdag-body/polarbear/3/0": "4d17a485fc562539",
  "hverdag-body/polarbear/3/1": "db6050c3151cf933",
  "hverdag-body/polarbear/3/2": "18bfd5127dc3395c",
  "hverdag-head/polarbear/1/0": "7267165d58261234",
  "hverdag-head/polarbear/1/1": "1092fbb3b26bbde3",
  "hverdag-head/polarbear/1/2": "d41255a1ea8f41bb",
  "hverdag-head/polarbear/2/0": "6b70c1f7a5adec03",
  "hverdag-head/polarbear/2/1": "52202c9c4f9d6f93",
  "hverdag-head/polarbear/2/2": "f61add0bf3d78257",
  "hverdag-head/polarbear/3/0": "1906614de75694e6",
  "hverdag-head/polarbear/3/1": "6d977517c27ed847",
  "hverdag-head/polarbear/3/2": "7a660ac094406ca2",
}
`;
