// Vitest Snapshot v1, https://vitest.dev/guide/snapshot.html

exports[`Stjernefjeldet · dragon > hash-regression pr. (art, race, stadie, farve) og stjerneform 1`] = `
{
  "dragon/std/1/c1": "cd452c4702fe6b14",
  "dragon/std/1/c1★": "cd452c4702fe6b14",
  "dragon/std/1/c2": "c1f2ca9144ad5ad0",
  "dragon/std/1/c3": "d2526a84c2aa808f",
  "dragon/std/1/c4": "e5eabc8ca202d9a5",
  "dragon/std/1/c5": "9d283a4b2d83041f",
  "dragon/std/1/c6": "df49855890551ebd",
  "dragon/std/1/gold": "6d0b35f143ee5d39",
  "dragon/std/1/rainbow": "ac9736911990236a",
  "dragon/std/2/c1": "c1b1ce84680688b4",
  "dragon/std/2/c1★": "c1b1ce84680688b4",
  "dragon/std/2/c2": "5e5a4194719f213b",
  "dragon/std/2/c3": "92713f214f733941",
  "dragon/std/2/c4": "897bf55b0e44c8c6",
  "dragon/std/2/c5": "b4b91a501fd727a3",
  "dragon/std/2/c6": "4fb936b2a5202cf0",
  "dragon/std/2/gold": "9078b8af7e790a8f",
  "dragon/std/2/rainbow": "b1c6cf51475090bc",
  "dragon/std/3/c1": "ef2f7c3beddb493b",
  "dragon/std/3/c1★": "2424e3324a666c15",
  "dragon/std/3/c2": "da73246927e6d040",
  "dragon/std/3/c3": "6df5092c12add8f9",
  "dragon/std/3/c4": "50de759181818456",
  "dragon/std/3/c5": "7e915e58dc4a1bed",
  "dragon/std/3/c6": "39efb71460f2e3be",
  "dragon/std/3/gold": "439431e393ed6a2e",
  "dragon/std/3/rainbow": "54849a0c32d49865",
}
`;

exports[`Stjernefjeldet · dragon > hash-regression pr. genstands-fit (3 stadier · 3 farvesæt) 1`] = `
{
  "fest-head/dragon/1/0": "5629150a67637a57",
  "fest-head/dragon/1/1": "3d76dc743ae387a4",
  "fest-head/dragon/1/2": "b42b332d4840c293",
  "fest-head/dragon/2/0": "3d03d4717abb798d",
  "fest-head/dragon/2/1": "64cc49105ccc22b0",
  "fest-head/dragon/2/2": "f337b7828a57763a",
  "fest-head/dragon/3/0": "628e8a1b415e7554",
  "fest-head/dragon/3/1": "d7f306fe261455b5",
  "fest-head/dragon/3/2": "00884e7d9f6d7671",
  "hverdag-body/dragon/1/0": "dca619ac87b6ee39",
  "hverdag-body/dragon/1/1": "0be17fdfab1d7a60",
  "hverdag-body/dragon/1/2": "2dad8e1a90f9a14a",
  "hverdag-body/dragon/2/0": "9ed485019662b8dd",
  "hverdag-body/dragon/2/1": "a7e2ab8c8e539851",
  "hverdag-body/dragon/2/2": "2afd0587dd0bc237",
  "hverdag-body/dragon/3/0": "75d65d2085cedca6",
  "hverdag-body/dragon/3/1": "20deefec8ceaa3b5",
  "hverdag-body/dragon/3/2": "4a6b9f3a1c66f558",
  "hverdag-head/dragon/1/0": "eabd09d66dce7046",
  "hverdag-head/dragon/1/1": "3748bffcdfcba1ae",
  "hverdag-head/dragon/1/2": "cfb76621d59ae023",
  "hverdag-head/dragon/2/0": "621918c323f6b45e",
  "hverdag-head/dragon/2/1": "0848dd7b39a68343",
  "hverdag-head/dragon/2/2": "465982eeda57fa05",
  "hverdag-head/dragon/3/0": "f63d938d187b8dc3",
  "hverdag-head/dragon/3/1": "b1b75a484a24e4ef",
  "hverdag-head/dragon/3/2": "4120d30423f69bd1",
}
`;

exports[`Stjernefjeldet · pegasus > hash-regression pr. (art, race, stadie, farve) og stjerneform 1`] = `
{
  "pegasus/std/1/c1": "e90a0466c2dc88b5",
  "pegasus/std/1/c1★": "e90a0466c2dc88b5",
  "pegasus/std/1/c2": "262dd23ab99baf8c",
  "pegasus/std/1/c3": "e465591f86b18294",
  "pegasus/std/1/c4": "4458875c022c112c",
  "pegasus/std/1/c5": "8578e434e90092c6",
  "pegasus/std/1/c6": "225df83968019e96",
  "pegasus/std/1/gold": "5e95cab97fec8127",
  "pegasus/std/1/rainbow": "a32e84d2ef215e40",
  "pegasus/std/2/c1": "bc7b612d41a13ac6",
  "pegasus/std/2/c1★": "bc7b612d41a13ac6",
  "pegasus/std/2/c2": "c50965b44cec78ec",
  "pegasus/std/2/c3": "ff566a73bc98628b",
  "pegasus/std/2/c4": "66b2a28da5dd55ce",
  "pegasus/std/2/c5": "140b8bcb302f369f",
  "pegasus/std/2/c6": "32325fb035308a05",
  "pegasus/std/2/gold": "b932e6008d12b4a0",
  "pegasus/std/2/rainbow": "7ee398c6373a4466",
  "pegasus/std/3/c1": "363809d2bbce3f53",
  "pegasus/std/3/c1★": "fd7b2ce684c3a559",
  "pegasus/std/3/c2": "ba2b109b031730b8",
  "pegasus/std/3/c3": "a280b2d3b7af55fc",
  "pegasus/std/3/c4": "fb8698d073fbaab1",
  "pegasus/std/3/c5": "0802e05f423ea8a9",
  "pegasus/std/3/c6": "3270e4951e2b0de6",
  "pegasus/std/3/gold": "31bf06846c4be2e5",
  "pegasus/std/3/rainbow": "abb6cc3329c9749d",
}
`;

exports[`Stjernefjeldet · pegasus > hash-regression pr. genstands-fit (3 stadier · 3 farvesæt) 1`] = `
{
  "fest-head/pegasus/1/0": "4c45c5c224bfec1d",
  "fest-head/pegasus/1/1": "d310fa05c23e03b1",
  "fest-head/pegasus/1/2": "1416ab128d165bdc",
  "fest-head/pegasus/2/0": "b001e8ecf26b578e",
  "fest-head/pegasus/2/1": "bd11072c2c7dd7ce",
  "fest-head/pegasus/2/2": "c938dbc921e94f8f",
  "fest-head/pegasus/3/0": "1738c04d04114876",
  "fest-head/pegasus/3/1": "a08c842c156e7c53",
  "fest-head/pegasus/3/2": "4a7eb3146473d988",
  "hverdag-body/pegasus/1/0": "58d08ab6dec9699f",
  "hverdag-body/pegasus/1/1": "4d35687f4d267886",
  "hverdag-body/pegasus/1/2": "69ecc374d362f296",
  "hverdag-body/pegasus/2/0": "3940ff7123565885",
  "hverdag-body/pegasus/2/1": "f657a0586ee78cdd",
  "hverdag-body/pegasus/2/2": "48199d276797bdea",
  "hverdag-body/pegasus/3/0": "4cd0ca1bde854856",
  "hverdag-body/pegasus/3/1": "a68ed603ccd939f6",
  "hverdag-body/pegasus/3/2": "85c319fceb9d6d48",
  "hverdag-head/pegasus/1/0": "5ca0298d26291b4d",
  "hverdag-head/pegasus/1/1": "27647f893e8f9b66",
  "hverdag-head/pegasus/1/2": "1c64a8b356f0d2f2",
  "hverdag-head/pegasus/2/0": "ba6b599be4d9ba5b",
  "hverdag-head/pegasus/2/1": "05b74c192f902a8f",
  "hverdag-head/pegasus/2/2": "3680465b3d9a0837",
  "hverdag-head/pegasus/3/0": "4340b3bbf486a4fe",
  "hverdag-head/pegasus/3/1": "75d28e06e6681b4a",
  "hverdag-head/pegasus/3/2": "d8ae3fa6ece939f1",
}
`;
