// Vitest Snapshot v1, https://vitest.dev/guide/snapshot.html

exports[`Stjernefjeldet · dragon > hash-regression pr. (art, race, stadie, farve) og stjerneform 1`] = `
{
  "dragon/std/1/c1": "cd452c4702fe6b14",
  "dragon/std/1/c1★": "cd452c4702fe6b14",
  "dragon/std/1/c2": "c1f2ca9144ad5ad0",
  "dragon/std/1/c3": "d2526a84c2aa808f",
  "dragon/std/1/c4": "e5eabc8ca202d9a5",
  "dragon/std/1/c5": "9d283a4b2d83041f",
  "dragon/std/1/c6": "df49855890551ebd",
  "dragon/std/1/gold": "6d0b35f143ee5d39",
  "dragon/std/1/rainbow": "ac9736911990236a",
  "dragon/std/2/c1": "c1b1ce84680688b4",
  "dragon/std/2/c1★": "c1b1ce84680688b4",
  "dragon/std/2/c2": "5e5a4194719f213b",
  "dragon/std/2/c3": "92713f214f733941",
  "dragon/std/2/c4": "897bf55b0e44c8c6",
  "dragon/std/2/c5": "b4b91a501fd727a3",
  "dragon/std/2/c6": "4fb936b2a5202cf0",
  "dragon/std/2/gold": "9078b8af7e790a8f",
  "dragon/std/2/rainbow": "b1c6cf51475090bc",
  "dragon/std/3/c1": "ef2f7c3beddb493b",
  "dragon/std/3/c1★": "2424e3324a666c15",
  "dragon/std/3/c2": "da73246927e6d040",
  "dragon/std/3/c3": "6df5092c12add8f9",
  "dragon/std/3/c4": "50de759181818456",
  "dragon/std/3/c5": "7e915e58dc4a1bed",
  "dragon/std/3/c6": "39efb71460f2e3be",
  "dragon/std/3/gold": "439431e393ed6a2e",
  "dragon/std/3/rainbow": "54849a0c32d49865",
}
`;

exports[`Stjernefjeldet · dragon > hash-regression pr. genstands-fit (3 stadier · 3 farvesæt) 1`] = `
{
  "fest-head/dragon/1/0": "5629150a67637a57",
  "fest-head/dragon/1/1": "3d76dc743ae387a4",
  "fest-head/dragon/1/2": "b42b332d4840c293",
  "fest-head/dragon/2/0": "3d03d4717abb798d",
  "fest-head/dragon/2/1": "64cc49105ccc22b0",
  "fest-head/dragon/2/2": "f337b7828a57763a",
  "fest-head/dragon/3/0": "628e8a1b415e7554",
  "fest-head/dragon/3/1": "d7f306fe261455b5",
  "fest-head/dragon/3/2": "00884e7d9f6d7671",
  "hverdag-body/dragon/1/0": "dca619ac87b6ee39",
  "hverdag-body/dragon/1/1": "0be17fdfab1d7a60",
  "hverdag-body/dragon/1/2": "2dad8e1a90f9a14a",
  "hverdag-body/dragon/2/0": "9ed485019662b8dd",
  "hverdag-body/dragon/2/1": "a7e2ab8c8e539851",
  "hverdag-body/dragon/2/2": "2afd0587dd0bc237",
  "hverdag-body/dragon/3/0": "75d65d2085cedca6",
  "hverdag-body/dragon/3/1": "20deefec8ceaa3b5",
  "hverdag-body/dragon/3/2": "4a6b9f3a1c66f558",
  "hverdag-head/dragon/1/0": "eabd09d66dce7046",
  "hverdag-head/dragon/1/1": "3748bffcdfcba1ae",
  "hverdag-head/dragon/1/2": "cfb76621d59ae023",
  "hverdag-head/dragon/2/0": "621918c323f6b45e",
  "hverdag-head/dragon/2/1": "0848dd7b39a68343",
  "hverdag-head/dragon/2/2": "465982eeda57fa05",
  "hverdag-head/dragon/3/0": "f63d938d187b8dc3",
  "hverdag-head/dragon/3/1": "b1b75a484a24e4ef",
  "hverdag-head/dragon/3/2": "4120d30423f69bd1",
}
`;

exports[`Stjernefjeldet · pegasus > hash-regression pr. (art, race, stadie, farve) og stjerneform 1`] = `
{
  "pegasus/std/1/c1": "cf2cee7bb392b7db",
  "pegasus/std/1/c1★": "cf2cee7bb392b7db",
  "pegasus/std/1/c2": "3a8a6328092ecfb0",
  "pegasus/std/1/c3": "98b0b63012609e01",
  "pegasus/std/1/c4": "367472e9a174d5d9",
  "pegasus/std/1/c5": "fdde360222ccbbb3",
  "pegasus/std/1/c6": "dc26a11816188731",
  "pegasus/std/1/gold": "7bc52786a3f6cf1b",
  "pegasus/std/1/rainbow": "27b13290d16769a0",
  "pegasus/std/2/c1": "b183b56602b83129",
  "pegasus/std/2/c1★": "b183b56602b83129",
  "pegasus/std/2/c2": "1e8da22370597ca6",
  "pegasus/std/2/c3": "e41761842dcc1682",
  "pegasus/std/2/c4": "b46fac43d4df3d3e",
  "pegasus/std/2/c5": "8167b563d866b9fb",
  "pegasus/std/2/c6": "45b4ad4a21bcb765",
  "pegasus/std/2/gold": "214e6e9bc8e18db3",
  "pegasus/std/2/rainbow": "07dfd16eba5b27c3",
  "pegasus/std/3/c1": "805157ee695c8417",
  "pegasus/std/3/c1★": "de4d58597a840a0f",
  "pegasus/std/3/c2": "fec350c1f9c6023f",
  "pegasus/std/3/c3": "d7f9554a18d38fd3",
  "pegasus/std/3/c4": "ad927659430722d3",
  "pegasus/std/3/c5": "b1c287807f3bfc98",
  "pegasus/std/3/c6": "d3da027651b18d25",
  "pegasus/std/3/gold": "367cbccdf4256348",
  "pegasus/std/3/rainbow": "ec039bd09a54b803",
}
`;

exports[`Stjernefjeldet · pegasus > hash-regression pr. genstands-fit (3 stadier · 3 farvesæt) 1`] = `
{
  "fest-head/pegasus/1/0": "de283c0b119d5dac",
  "fest-head/pegasus/1/1": "426ead956a4d20f1",
  "fest-head/pegasus/1/2": "83537773cf6935bb",
  "fest-head/pegasus/2/0": "d02fc91d8ec8f718",
  "fest-head/pegasus/2/1": "a0e0bfe7db5ec887",
  "fest-head/pegasus/2/2": "d1cdad33e91faec3",
  "fest-head/pegasus/3/0": "f15d46de18f31659",
  "fest-head/pegasus/3/1": "4fdf3b5f9cb81f58",
  "fest-head/pegasus/3/2": "063199caf14c4113",
  "hverdag-body/pegasus/1/0": "2829722cdcecda32",
  "hverdag-body/pegasus/1/1": "aa64e13dd9a34000",
  "hverdag-body/pegasus/1/2": "16053a6bc9b7592a",
  "hverdag-body/pegasus/2/0": "8a107f5285fbed28",
  "hverdag-body/pegasus/2/1": "f1a6ec828b6eff6c",
  "hverdag-body/pegasus/2/2": "4d0bcc57e9aa0ec4",
  "hverdag-body/pegasus/3/0": "008d24743b760808",
  "hverdag-body/pegasus/3/1": "69e737a0fea8c1d3",
  "hverdag-body/pegasus/3/2": "1900a90caa615e27",
  "hverdag-head/pegasus/1/0": "2dbcc2240956d84e",
  "hverdag-head/pegasus/1/1": "739b82ae69229880",
  "hverdag-head/pegasus/1/2": "e2d89394e2e043d4",
  "hverdag-head/pegasus/2/0": "f5eab8873f96c2bd",
  "hverdag-head/pegasus/2/1": "f1532efa1ee3e009",
  "hverdag-head/pegasus/2/2": "4b9e379e06ed349f",
  "hverdag-head/pegasus/3/0": "d6945227b9a4d888",
  "hverdag-head/pegasus/3/1": "421949746ea5b82a",
  "hverdag-head/pegasus/3/2": "cd573c919b47dc5c",
}
`;

exports[`Stjernefjeldet · penguin > hash-regression pr. (art, race, stadie, farve) og stjerneform 1`] = `
{
  "penguin/std/1/c1": "1c08397554589666",
  "penguin/std/1/c1★": "1c08397554589666",
  "penguin/std/1/c2": "3b6d3429150a6f69",
  "penguin/std/1/c3": "2b571162dd7ac6ce",
  "penguin/std/1/c4": "b41b0bbde9fef819",
  "penguin/std/1/c5": "311dff529c0e36fd",
  "penguin/std/1/c6": "b087d7da1a530288",
  "penguin/std/1/gold": "ccf3fb8bc0aafb8a",
  "penguin/std/1/rainbow": "579787ee276b1bde",
  "penguin/std/2/c1": "200259c17961b2f9",
  "penguin/std/2/c1★": "200259c17961b2f9",
  "penguin/std/2/c2": "66a4b06c27ddd0eb",
  "penguin/std/2/c3": "f7e55bb8e6b126a1",
  "penguin/std/2/c4": "88297e10bdff3319",
  "penguin/std/2/c5": "2897981a8bc2731d",
  "penguin/std/2/c6": "f4cc7ed859cb8379",
  "penguin/std/2/gold": "d197b0233baef773",
  "penguin/std/2/rainbow": "7ddc2cf37717af0e",
  "penguin/std/3/c1": "3cb3f576db92971e",
  "penguin/std/3/c1★": "06150f076e10ac50",
  "penguin/std/3/c2": "adbef71662d11d74",
  "penguin/std/3/c3": "802517fe2a70c703",
  "penguin/std/3/c4": "7bdcf619ecc97d2b",
  "penguin/std/3/c5": "12d09e57dfe5e38e",
  "penguin/std/3/c6": "061c8e8e58b7c38a",
  "penguin/std/3/gold": "7f7a417f25b5691d",
  "penguin/std/3/rainbow": "38b178604a695220",
}
`;

exports[`Stjernefjeldet · penguin > hash-regression pr. genstands-fit (3 stadier · 3 farvesæt) 1`] = `
{
  "fest-head/penguin/1/0": "7003f272658e3968",
  "fest-head/penguin/1/1": "0c88d1c7eff82ee7",
  "fest-head/penguin/1/2": "5e2880c8043a3979",
  "fest-head/penguin/2/0": "6b62e49622dd6ea0",
  "fest-head/penguin/2/1": "cb2735bd0e13f7d8",
  "fest-head/penguin/2/2": "240247278baf6da5",
  "fest-head/penguin/3/0": "cd01233b989cdd56",
  "fest-head/penguin/3/1": "6b92b2b2046f7602",
  "fest-head/penguin/3/2": "edbbf0deb55d1988",
  "hverdag-back/penguin/1/0": "f7a980f62c24d0cb",
  "hverdag-back/penguin/1/1": "c952dc9e2b8fe16f",
  "hverdag-back/penguin/1/2": "545486bdd0a5e201",
  "hverdag-back/penguin/2/0": "4fcfd7b620a552b1",
  "hverdag-back/penguin/2/1": "b59f53366ca191c9",
  "hverdag-back/penguin/2/2": "1562d3ed9ab3b469",
  "hverdag-back/penguin/3/0": "c4fe99623e0bca90",
  "hverdag-back/penguin/3/1": "f6d34fc1eb7e7846",
  "hverdag-back/penguin/3/2": "022f751408b1aff8",
  "hverdag-body/penguin/1/0": "63cd78eed06512b5",
  "hverdag-body/penguin/1/1": "639f83c5c74d5511",
  "hverdag-body/penguin/1/2": "08b4329d05af0e83",
  "hverdag-body/penguin/2/0": "c5ba78676d6b9c07",
  "hverdag-body/penguin/2/1": "0fc3e24586cdb41a",
  "hverdag-body/penguin/2/2": "bfcf7101126f1278",
  "hverdag-body/penguin/3/0": "a9a75984f77e3b48",
  "hverdag-body/penguin/3/1": "a0e07eaf869a7a45",
  "hverdag-body/penguin/3/2": "295c46abc55950b6",
  "hverdag-head/penguin/1/0": "c84ce0638291ce72",
  "hverdag-head/penguin/1/1": "335a977aa86a73ad",
  "hverdag-head/penguin/1/2": "e44dcc461d89b48b",
  "hverdag-head/penguin/2/0": "8c7c3c3a11d3a85e",
  "hverdag-head/penguin/2/1": "ffd387b8343b6b50",
  "hverdag-head/penguin/2/2": "27847bf2232a0fec",
  "hverdag-head/penguin/3/0": "82607fc6bf863fcb",
  "hverdag-head/penguin/3/1": "40909721fcb38aa5",
  "hverdag-head/penguin/3/2": "4d24c990df5070ba",
}
`;

exports[`Stjernefjeldet · polarbear > hash-regression pr. (art, race, stadie, farve) og stjerneform 1`] = `
{
  "polarbear/std/1/c1": "a969c5e74f732503",
  "polarbear/std/1/c1★": "a969c5e74f732503",
  "polarbear/std/1/c2": "c272e9de758dd7e6",
  "polarbear/std/1/c3": "a225831538b7ed7d",
  "polarbear/std/1/c4": "2272e5f36aebcf78",
  "polarbear/std/1/c5": "9199a6e35f86377d",
  "polarbear/std/1/c6": "1d0e7f41881c38b2",
  "polarbear/std/1/gold": "a394df075cd9bae7",
  "polarbear/std/1/rainbow": "48daf3aea16da9a2",
  "polarbear/std/2/c1": "c4abf65fe1150f74",
  "polarbear/std/2/c1★": "c4abf65fe1150f74",
  "polarbear/std/2/c2": "a4308ea8b6bdd6d1",
  "polarbear/std/2/c3": "99994fd1f5eb12d5",
  "polarbear/std/2/c4": "3fbfab5df5e9c47a",
  "polarbear/std/2/c5": "c3bc1cb4390a01ab",
  "polarbear/std/2/c6": "bd27611ed91fd2d1",
  "polarbear/std/2/gold": "7c8718d2e3500d53",
  "polarbear/std/2/rainbow": "c83b7f8a48bb5136",
  "polarbear/std/3/c1": "b70e1507c3106ab5",
  "polarbear/std/3/c1★": "54932c20b309db5b",
  "polarbear/std/3/c2": "6a7344b0246e572b",
  "polarbear/std/3/c3": "403c24e0d15f7ab7",
  "polarbear/std/3/c4": "8da2fcda69d6ea21",
  "polarbear/std/3/c5": "864ecef8c89eac2a",
  "polarbear/std/3/c6": "0193fe9e61f7502b",
  "polarbear/std/3/gold": "42b72b4894af397e",
  "polarbear/std/3/rainbow": "29abad95757c1566",
}
`;

exports[`Stjernefjeldet · polarbear > hash-regression pr. genstands-fit (3 stadier · 3 farvesæt) 1`] = `
{
  "fest-head/polarbear/1/0": "91bdbefdb4a2cab3",
  "fest-head/polarbear/1/1": "8eb1f7a6ba41110f",
  "fest-head/polarbear/1/2": "6027a8dd87131713",
  "fest-head/polarbear/2/0": "b5a99b700a3ed760",
  "fest-head/polarbear/2/1": "d0455263c2ad327e",
  "fest-head/polarbear/2/2": "791c76b64b887ed9",
  "fest-head/polarbear/3/0": "81529565fb107bf7",
  "fest-head/polarbear/3/1": "7e682a1dc9715d27",
  "fest-head/polarbear/3/2": "955def1555e304a9",
  "hverdag-back/polarbear/1/0": "050a43b82669c7ea",
  "hverdag-back/polarbear/1/1": "09651cda082d1ef4",
  "hverdag-back/polarbear/1/2": "7b446c205eb2fa7d",
  "hverdag-back/polarbear/2/0": "05bdb9d4f50d9d0f",
  "hverdag-back/polarbear/2/1": "7ed0261abaa052d5",
  "hverdag-back/polarbear/2/2": "e9e4ce6664541a25",
  "hverdag-back/polarbear/3/0": "ace07304a9f0b1ff",
  "hverdag-back/polarbear/3/1": "069ebde21770e7e3",
  "hverdag-back/polarbear/3/2": "299a88f4001edd48",
  "hverdag-body/polarbear/1/0": "047e32730ee9c739",
  "hverdag-body/polarbear/1/1": "6ef6896b73c25e37",
  "hverdag-body/polarbear/1/2": "337cbb52aef8fc07",
  "hverdag-body/polarbear/2/0": "486fe3424bf8b904",
  "hverdag-body/polarbear/2/1": "cb5f39e20140f4c6",
  "hverdag-body/polarbear/2/2": "95cc83fbf53816ad",
  "hverdag-body/polarbear/3/0": "3e4f65844d9009c1",
  "hverdag-body/polarbear/3/1": "3316855ffb9e9f58",
  "hverdag-body/polarbear/3/2": "d54b850131abb417",
  "hverdag-head/polarbear/1/0": "078934fc0d6ac86d",
  "hverdag-head/polarbear/1/1": "996700bcf9f8c60b",
  "hverdag-head/polarbear/1/2": "438c4822f6ea971e",
  "hverdag-head/polarbear/2/0": "1394e73963e643ed",
  "hverdag-head/polarbear/2/1": "bdb3c49b5f9ed837",
  "hverdag-head/polarbear/2/2": "02e9ab48f622529c",
  "hverdag-head/polarbear/3/0": "52d1fcb673b1c74a",
  "hverdag-head/polarbear/3/1": "b29267ecd8fd2529",
  "hverdag-head/polarbear/3/2": "6cc05b256a362db2",
}
`;
