// Vitest Snapshot v1, https://vitest.dev/guide/snapshot.html

exports[`hash-regression · cat > pr. genstand · stadie · farvesæt (racerne på skift) og pr. genstand · humør 1`] = `
{
  "talmagiker-back/cheer": "32c9fd5a44327f79",
  "talmagiker-back/domestic/1/0": "e066e463bc05efce",
  "talmagiker-back/domestic/2/0": "b50407c44cdfbcc6",
  "talmagiker-back/domestic/3/0": "405daabc75fc2fad",
  "talmagiker-back/happy": "233650a8bc768e49",
  "talmagiker-back/idle": "b50407c44cdfbcc6",
  "talmagiker-back/longhair/1/1": "7683522b183032cc",
  "talmagiker-back/longhair/2/1": "a4d8964a3e6a8de5",
  "talmagiker-back/longhair/3/1": "59f3be56523edd41",
  "talmagiker-back/mainecoon/1/2": "98670722677b8197",
  "talmagiker-back/mainecoon/2/2": "27424a44548c4001",
  "talmagiker-back/mainecoon/3/2": "2320eb6e18a4586c",
  "talmagiker-back/oops": "54b6d504f47bcfd7",
  "talmagiker-back/sleep": "992eade68e18bd2e",
  "talmagiker-back/think": "191515049351c13d",
  "talmagiker-back/wave": "79dc45e12b14de93",
  "talmagiker-body/cheer": "1b255835eaadfc39",
  "talmagiker-body/domestic/1/0": "8495f4f7616f8465",
  "talmagiker-body/domestic/2/0": "3334a93dff73c359",
  "talmagiker-body/domestic/3/0": "0158da801c97ada2",
  "talmagiker-body/happy": "e39656e3f7c22979",
  "talmagiker-body/idle": "3334a93dff73c359",
  "talmagiker-body/longhair/1/1": "45f5b9a33849b9ec",
  "talmagiker-body/longhair/2/1": "1270a18baa32da6f",
  "talmagiker-body/longhair/3/1": "a01f6b44198c149a",
  "talmagiker-body/mainecoon/1/2": "c805998c80731c3b",
  "talmagiker-body/mainecoon/2/2": "a959cd508bca920c",
  "talmagiker-body/mainecoon/3/2": "3ccd492e282c50d0",
  "talmagiker-body/oops": "92c339f99e0de769",
  "talmagiker-body/sleep": "bd6dff4b0ff2dfe5",
  "talmagiker-body/think": "0ebeda17f3bf5de4",
  "talmagiker-body/wave": "fc5448d69d89b489",
  "talmagiker-face/cheer": "cd1719a41c453529",
  "talmagiker-face/domestic/1/0": "5ee9ec77dc7ea266",
  "talmagiker-face/domestic/2/0": "36ba6af53748985d",
  "talmagiker-face/domestic/3/0": "4fd6fcd3a51b5e80",
  "talmagiker-face/happy": "b514766afc052078",
  "talmagiker-face/idle": "36ba6af53748985d",
  "talmagiker-face/longhair/1/1": "ffb2ac9065fc5e21",
  "talmagiker-face/longhair/2/1": "2d3c3018999e9808",
  "talmagiker-face/longhair/3/1": "fe9193ea237f5a96",
  "talmagiker-face/mainecoon/1/2": "8af2711303e6e360",
  "talmagiker-face/mainecoon/2/2": "5312adcf790ccafe",
  "talmagiker-face/mainecoon/3/2": "d7e128d9a2474190",
  "talmagiker-face/oops": "d78ef14ac169ebc9",
  "talmagiker-face/sleep": "3208afe87e249048",
  "talmagiker-face/think": "14e036cc8bf3d9c3",
  "talmagiker-face/wave": "f3f76ccc99ad93b7",
  "talmagiker-hand/cheer": "b803a72078beb4bc",
  "talmagiker-hand/domestic/1/0": "5a0f6dfcea3ab5bc",
  "talmagiker-hand/domestic/2/0": "3f8e81cb69817823",
  "talmagiker-hand/domestic/3/0": "6b3d50ae08433098",
  "talmagiker-hand/happy": "504cc758293644df",
  "talmagiker-hand/idle": "3f8e81cb69817823",
  "talmagiker-hand/longhair/1/1": "30116f703e416935",
  "talmagiker-hand/longhair/2/1": "30e9e791929fa71c",
  "talmagiker-hand/longhair/3/1": "a985c9e4881df408",
  "talmagiker-hand/mainecoon/1/2": "cc316f13a678e568",
  "talmagiker-hand/mainecoon/2/2": "2b001e16afdc741e",
  "talmagiker-hand/mainecoon/3/2": "0061ac336c989df9",
  "talmagiker-hand/oops": "bc0da1110bdddb5f",
  "talmagiker-hand/sleep": "7a8fb05415a8f1ee",
  "talmagiker-hand/think": "3cdc9749e7cfe4f2",
  "talmagiker-hand/wave": "293d0db73c9ad1e6",
  "talmagiker-head/cheer": "03aeb33c5c032747",
  "talmagiker-head/domestic/1/0": "414a0999497fba28",
  "talmagiker-head/domestic/2/0": "f111101e8770e19a",
  "talmagiker-head/domestic/3/0": "73633156497411af",
  "talmagiker-head/happy": "00aca5850c6c0228",
  "talmagiker-head/idle": "f111101e8770e19a",
  "talmagiker-head/longhair/1/1": "f77bea6c08cca466",
  "talmagiker-head/longhair/2/1": "1e97f8c30cd1c3e7",
  "talmagiker-head/longhair/3/1": "2ac71d2bdc161efa",
  "talmagiker-head/mainecoon/1/2": "2cc9541a205b92d2",
  "talmagiker-head/mainecoon/2/2": "864567dd63c13f0c",
  "talmagiker-head/mainecoon/3/2": "d04cecdbcb71d293",
  "talmagiker-head/oops": "8ba763656b2a1b7a",
  "talmagiker-head/sleep": "9771918b295d6dec",
  "talmagiker-head/think": "60a9eef910206862",
  "talmagiker-head/wave": "d5f582a7bce0c981",
  "talmagiker-neck/cheer": "ca6b438f70fd495e",
  "talmagiker-neck/domestic/1/0": "004cdc8ceef96d0e",
  "talmagiker-neck/domestic/2/0": "507764c8ae167096",
  "talmagiker-neck/domestic/3/0": "bf3af5d297411d59",
  "talmagiker-neck/happy": "266d2c56c1b24ac2",
  "talmagiker-neck/idle": "507764c8ae167096",
  "talmagiker-neck/longhair/1/1": "916146eff192d1c6",
  "talmagiker-neck/longhair/2/1": "33dc899b833b912e",
  "talmagiker-neck/longhair/3/1": "1fd0b9846a5406cc",
  "talmagiker-neck/mainecoon/1/2": "ba55eb360d03d87b",
  "talmagiker-neck/mainecoon/2/2": "2a031b9b45988302",
  "talmagiker-neck/mainecoon/3/2": "19fdfbc818e1e7f9",
  "talmagiker-neck/oops": "4148ad14567a2e4e",
  "talmagiker-neck/sleep": "670cf56e6b3395ed",
  "talmagiker-neck/think": "a591592b64749a0a",
  "talmagiker-neck/wave": "bdaed2db5d75dbff",
}
`;

exports[`hash-regression · fox > pr. genstand · stadie · farvesæt (racerne på skift) og pr. genstand · humør 1`] = `
{
  "talmagiker-back/cheer": "5ced082734639b4d",
  "talmagiker-back/happy": "80156eaf66213aef",
  "talmagiker-back/idle": "145f2aa30484dd73",
  "talmagiker-back/oops": "8bc04d1f48a25913",
  "talmagiker-back/sleep": "94f3c0712c6777ab",
  "talmagiker-back/std/1/0": "3610c54ea9d10921",
  "talmagiker-back/std/1/1": "8366500fcbf6e301",
  "talmagiker-back/std/1/2": "57c4d70eaffa352c",
  "talmagiker-back/std/2/0": "145f2aa30484dd73",
  "talmagiker-back/std/2/1": "baf3843c92cfafc9",
  "talmagiker-back/std/2/2": "95aa3faf86323443",
  "talmagiker-back/std/3/0": "83980b714efb44e0",
  "talmagiker-back/std/3/1": "f095e6830d553172",
  "talmagiker-back/std/3/2": "4c6c23f82022d323",
  "talmagiker-back/think": "2046791545265fc9",
  "talmagiker-back/wave": "c3efa0b52b8451d5",
  "talmagiker-body/cheer": "ddf5f9cb15f706bd",
  "talmagiker-body/happy": "46c6d888e7ef241b",
  "talmagiker-body/idle": "f5f80dcdaeaa92c8",
  "talmagiker-body/oops": "066958210e4483e3",
  "talmagiker-body/sleep": "0427b7957a4b2748",
  "talmagiker-body/std/1/0": "e9a7bc501debbce6",
  "talmagiker-body/std/1/1": "e1aadeaac29d8724",
  "talmagiker-body/std/1/2": "d254ac8252af3837",
  "talmagiker-body/std/2/0": "f5f80dcdaeaa92c8",
  "talmagiker-body/std/2/1": "e6a8d07b4336122d",
  "talmagiker-body/std/2/2": "0bf6adec0f030984",
  "talmagiker-body/std/3/0": "d1b1369fbf132e54",
  "talmagiker-body/std/3/1": "be4377f35f588ebe",
  "talmagiker-body/std/3/2": "751cd217b01dca51",
  "talmagiker-body/think": "43e8f7e9dc0ae71f",
  "talmagiker-body/wave": "e58f5f6faf01fe01",
  "talmagiker-face/cheer": "1a0574f13e74cecc",
  "talmagiker-face/happy": "1e16ae09215adcee",
  "talmagiker-face/idle": "7cdab7697dfd129e",
  "talmagiker-face/oops": "e039bf308c6f611b",
  "talmagiker-face/sleep": "bbccf12a93d5c72d",
  "talmagiker-face/std/1/0": "17a1a512522ac31e",
  "talmagiker-face/std/1/1": "09df522da62d2080",
  "talmagiker-face/std/1/2": "eeb82096d8fe04a3",
  "talmagiker-face/std/2/0": "7cdab7697dfd129e",
  "talmagiker-face/std/2/1": "0a87d8d8ca1477d6",
  "talmagiker-face/std/2/2": "fad7a49560be190a",
  "talmagiker-face/std/3/0": "3f561e8dbd09e7f7",
  "talmagiker-face/std/3/1": "ed5b3444eea07085",
  "talmagiker-face/std/3/2": "09eb48adf992aa4d",
  "talmagiker-face/think": "670bb3fb756038b2",
  "talmagiker-face/wave": "2673cfe1a850afc7",
  "talmagiker-hand/cheer": "1b6bb8effe0de4dc",
  "talmagiker-hand/happy": "88b40adeb113461f",
  "talmagiker-hand/idle": "73f781d52625ed68",
  "talmagiker-hand/oops": "95ce8fcfb3b6f0d5",
  "talmagiker-hand/sleep": "19d12bf486340183",
  "talmagiker-hand/std/1/0": "0dead3b5f847b95d",
  "talmagiker-hand/std/1/1": "8bc8b583b0ff98d5",
  "talmagiker-hand/std/1/2": "570e966f5d3b833e",
  "talmagiker-hand/std/2/0": "73f781d52625ed68",
  "talmagiker-hand/std/2/1": "64abe7d6788e0797",
  "talmagiker-hand/std/2/2": "a2d512ab9d24b684",
  "talmagiker-hand/std/3/0": "47635ab85e43d697",
  "talmagiker-hand/std/3/1": "d0487796abf47591",
  "talmagiker-hand/std/3/2": "c963f6a03c84c0c9",
  "talmagiker-hand/think": "7595b2cddbf74971",
  "talmagiker-hand/wave": "b518b15c6edb428c",
  "talmagiker-head/cheer": "c605c6429e6af128",
  "talmagiker-head/happy": "5b96750889e455f0",
  "talmagiker-head/idle": "6fee873e7faa5217",
  "talmagiker-head/oops": "cd5da47118ce26f6",
  "talmagiker-head/sleep": "6735af88b056f884",
  "talmagiker-head/std/1/0": "9b01a97132fa31fc",
  "talmagiker-head/std/1/1": "a5514e426784ddd3",
  "talmagiker-head/std/1/2": "7c7ae7b69c82e227",
  "talmagiker-head/std/2/0": "6fee873e7faa5217",
  "talmagiker-head/std/2/1": "376e500c3ece73bc",
  "talmagiker-head/std/2/2": "2a21ab35ba6e67d5",
  "talmagiker-head/std/3/0": "68525f9fd376a6d2",
  "talmagiker-head/std/3/1": "52f22a51099537ba",
  "talmagiker-head/std/3/2": "6e64bfeb8370b9f7",
  "talmagiker-head/think": "a09cc463f718c1d1",
  "talmagiker-head/wave": "abe8836a904b16ac",
  "talmagiker-neck/cheer": "b3fefd4792ea6d7d",
  "talmagiker-neck/happy": "ecd16a42d416dd06",
  "talmagiker-neck/idle": "ac5d1a008d3bdf92",
  "talmagiker-neck/oops": "550fe9e819c59d4c",
  "talmagiker-neck/sleep": "dc620ad092ccfca6",
  "talmagiker-neck/std/1/0": "2ad7cd6f54a7da79",
  "talmagiker-neck/std/1/1": "2bf4914776f555d3",
  "talmagiker-neck/std/1/2": "e35cb12c34edab90",
  "talmagiker-neck/std/2/0": "ac5d1a008d3bdf92",
  "talmagiker-neck/std/2/1": "1d0d9214b0cd662b",
  "talmagiker-neck/std/2/2": "8558d6ba544c1488",
  "talmagiker-neck/std/3/0": "542ab6d5693ca78f",
  "talmagiker-neck/std/3/1": "2e40bcbb92a042af",
  "talmagiker-neck/std/3/2": "f8be856aa72e22c4",
  "talmagiker-neck/think": "dfd7442e1c3ce08d",
  "talmagiker-neck/wave": "15229913baf4527f",
}
`;

exports[`hash-regression · hamster > pr. genstand · stadie · farvesæt (racerne på skift) og pr. genstand · humør 1`] = `
{
  "talmagiker-back/cheer": "f3bc213c9370419d",
  "talmagiker-back/happy": "ca56a3dddedacf3c",
  "talmagiker-back/idle": "dfa776c0b54e4eb2",
  "talmagiker-back/oops": "2c8423c7d230f0c6",
  "talmagiker-back/sleep": "3e906da3abba46ac",
  "talmagiker-back/std/1/0": "c0f0c4724b7b7854",
  "talmagiker-back/std/1/1": "40f11161337410ff",
  "talmagiker-back/std/1/2": "45ff95bfcbba2171",
  "talmagiker-back/std/2/0": "dfa776c0b54e4eb2",
  "talmagiker-back/std/2/1": "c816552442e4e4af",
  "talmagiker-back/std/2/2": "19fc78bb526a46a5",
  "talmagiker-back/std/3/0": "4c060718c3e3873e",
  "talmagiker-back/std/3/1": "973e05e29ee5779d",
  "talmagiker-back/std/3/2": "e8f92081afd6fd38",
  "talmagiker-back/think": "99d586b6987b7195",
  "talmagiker-back/wave": "4037951ce49afef6",
  "talmagiker-body/cheer": "90da8195f7f3fcb9",
  "talmagiker-body/happy": "c5cb2e5cd36b9a04",
  "talmagiker-body/idle": "ce67110b6bcdfa5c",
  "talmagiker-body/oops": "1a8ba10af014b0b5",
  "talmagiker-body/sleep": "7b9336f3f7972ef0",
  "talmagiker-body/std/1/0": "19810ba4f5ebbf77",
  "talmagiker-body/std/1/1": "2503212ca76b6519",
  "talmagiker-body/std/1/2": "1fdcb8889b374d3c",
  "talmagiker-body/std/2/0": "ce67110b6bcdfa5c",
  "talmagiker-body/std/2/1": "7ea10838a6c3d46c",
  "talmagiker-body/std/2/2": "20fc02cafbe8e9ec",
  "talmagiker-body/std/3/0": "56610ff7247a7361",
  "talmagiker-body/std/3/1": "9cafb5b631e61c2c",
  "talmagiker-body/std/3/2": "5eb7d37729ad59be",
  "talmagiker-body/think": "417447b8f9680f59",
  "talmagiker-body/wave": "9ff1df087231c27c",
  "talmagiker-face/cheer": "74094472015a9dc4",
  "talmagiker-face/happy": "007da0c1bd6477b9",
  "talmagiker-face/idle": "4f833d33cfb7b99d",
  "talmagiker-face/oops": "74b3cb6f8884e46e",
  "talmagiker-face/sleep": "5c98fca0a899e792",
  "talmagiker-face/std/1/0": "57b7efc98e651ccf",
  "talmagiker-face/std/1/1": "c5687844eae30f47",
  "talmagiker-face/std/1/2": "4dc144f0469c19f0",
  "talmagiker-face/std/2/0": "4f833d33cfb7b99d",
  "talmagiker-face/std/2/1": "e34040f9408d8c22",
  "talmagiker-face/std/2/2": "f2435329083316dc",
  "talmagiker-face/std/3/0": "6c64a44d192b799a",
  "talmagiker-face/std/3/1": "aba9403ddeed27e2",
  "talmagiker-face/std/3/2": "4b4aece9509b23a7",
  "talmagiker-face/think": "7cbd5d399fa73af6",
  "talmagiker-face/wave": "179d768e8df30d44",
  "talmagiker-hand/cheer": "1b250b8f18aba8ae",
  "talmagiker-hand/happy": "ba6512b950cd2247",
  "talmagiker-hand/idle": "320ecb31d147e271",
  "talmagiker-hand/oops": "7462bcaaf58cd040",
  "talmagiker-hand/sleep": "e2b68898221ddfa4",
  "talmagiker-hand/std/1/0": "0492b451318e6ddb",
  "talmagiker-hand/std/1/1": "6139f87e9a79af1d",
  "talmagiker-hand/std/1/2": "1dd9a2dd5b3f06d9",
  "talmagiker-hand/std/2/0": "320ecb31d147e271",
  "talmagiker-hand/std/2/1": "6c942d316c103c64",
  "talmagiker-hand/std/2/2": "49d85fceb5b5c6de",
  "talmagiker-hand/std/3/0": "bd7a33adcd369429",
  "talmagiker-hand/std/3/1": "fda9409611444b0e",
  "talmagiker-hand/std/3/2": "b172468ff2d1817b",
  "talmagiker-hand/think": "4e6304b7d081b700",
  "talmagiker-hand/wave": "32ddc89e2e108a4b",
  "talmagiker-head/cheer": "f88aac3593c59c67",
  "talmagiker-head/happy": "e5ea374b31889ac2",
  "talmagiker-head/idle": "577bd42960f181ed",
  "talmagiker-head/oops": "7ccefb6a0d6f5ee8",
  "talmagiker-head/sleep": "b7c08c00a44ce4bc",
  "talmagiker-head/std/1/0": "932d5981d3b54e6a",
  "talmagiker-head/std/1/1": "05a92bb99443cf09",
  "talmagiker-head/std/1/2": "3b0a2232a3bcfae2",
  "talmagiker-head/std/2/0": "577bd42960f181ed",
  "talmagiker-head/std/2/1": "6b39036c221eb779",
  "talmagiker-head/std/2/2": "dab8cbc5e4886f08",
  "talmagiker-head/std/3/0": "88c8dab961e52df6",
  "talmagiker-head/std/3/1": "c4d340ef10dd63a8",
  "talmagiker-head/std/3/2": "6ed38bb6c4251ef5",
  "talmagiker-head/think": "b51f8defd669e36f",
  "talmagiker-head/wave": "b398e3ed2de8c1d3",
  "talmagiker-neck/cheer": "9eb5f7700287c454",
  "talmagiker-neck/happy": "0449e0c29b638586",
  "talmagiker-neck/idle": "824a354930631719",
  "talmagiker-neck/oops": "275c2bee8b7ebb9e",
  "talmagiker-neck/sleep": "35e05650fab137c1",
  "talmagiker-neck/std/1/0": "248cdd1f170d1d5a",
  "talmagiker-neck/std/1/1": "694f412e6ca67828",
  "talmagiker-neck/std/1/2": "941cb1e3ede1c87b",
  "talmagiker-neck/std/2/0": "824a354930631719",
  "talmagiker-neck/std/2/1": "4b55b6c9cd3b6792",
  "talmagiker-neck/std/2/2": "900522bc37dd0aac",
  "talmagiker-neck/std/3/0": "8832fce035c8baa5",
  "talmagiker-neck/std/3/1": "f2ff134efc585b8e",
  "talmagiker-neck/std/3/2": "8151e91cc16c3613",
  "talmagiker-neck/think": "7681043743a8ab6d",
  "talmagiker-neck/wave": "bff0cb11852b48a5",
}
`;

exports[`hash-regression · hedgehog > pr. genstand · stadie · farvesæt (racerne på skift) og pr. genstand · humør 1`] = `
{
  "talmagiker-back/cheer": "8e46767390f7d468",
  "talmagiker-back/happy": "e6b2641cd745ce9b",
  "talmagiker-back/idle": "4e90d7dc6eab9f5a",
  "talmagiker-back/oops": "7d0e1aae93c1179e",
  "talmagiker-back/sleep": "03ec0bb216472e3b",
  "talmagiker-back/std/1/0": "a71a8cfb1ef2272e",
  "talmagiker-back/std/1/1": "bdc855aec8b2da49",
  "talmagiker-back/std/1/2": "c02c04b410108e01",
  "talmagiker-back/std/2/0": "4e90d7dc6eab9f5a",
  "talmagiker-back/std/2/1": "c7e9d96d8a1a4a06",
  "talmagiker-back/std/2/2": "77b60c3a2ae3bc06",
  "talmagiker-back/std/3/0": "3b8d774044d6953d",
  "talmagiker-back/std/3/1": "440fbb74254bd6f6",
  "talmagiker-back/std/3/2": "68639c3591a3eb1c",
  "talmagiker-back/think": "b2b92fc00a0408ae",
  "talmagiker-back/wave": "a3db1469ec23d1e5",
  "talmagiker-body/cheer": "aacd8bb07a1605f1",
  "talmagiker-body/happy": "a453500324deaaa2",
  "talmagiker-body/idle": "5e63b59d1bad75f8",
  "talmagiker-body/oops": "6347c07472ec7ee4",
  "talmagiker-body/sleep": "68251f076461ed28",
  "talmagiker-body/std/1/0": "00cba84b0de8d49c",
  "talmagiker-body/std/1/1": "b1d61e4255824c19",
  "talmagiker-body/std/1/2": "af724418bca90a8d",
  "talmagiker-body/std/2/0": "5e63b59d1bad75f8",
  "talmagiker-body/std/2/1": "49ec4eb37e7ec372",
  "talmagiker-body/std/2/2": "83f7f32ab4898d1b",
  "talmagiker-body/std/3/0": "d2721d92ac4a3383",
  "talmagiker-body/std/3/1": "40edd8e7f8aae00f",
  "talmagiker-body/std/3/2": "0048224176cd2a2d",
  "talmagiker-body/think": "2d3061f4ae62667d",
  "talmagiker-body/wave": "ce8a0ce50ad2cf09",
  "talmagiker-face/cheer": "19bb61d5f7eda101",
  "talmagiker-face/happy": "07492c996722053f",
  "talmagiker-face/idle": "8daaf1914cd2ec58",
  "talmagiker-face/oops": "04a3e3367387c734",
  "talmagiker-face/sleep": "44d982d2998cc348",
  "talmagiker-face/std/1/0": "80a8df0f5d36b415",
  "talmagiker-face/std/1/1": "8a8342cdc35156cb",
  "talmagiker-face/std/1/2": "8a09c457ebde1e0c",
  "talmagiker-face/std/2/0": "8daaf1914cd2ec58",
  "talmagiker-face/std/2/1": "5d6d96100f3c1fe2",
  "talmagiker-face/std/2/2": "dbada9aac82d137d",
  "talmagiker-face/std/3/0": "c7e997cecdf9a6ed",
  "talmagiker-face/std/3/1": "e921414602ec8526",
  "talmagiker-face/std/3/2": "c8f5afdf7e617da7",
  "talmagiker-face/think": "d9162678833d66c5",
  "talmagiker-face/wave": "10c51e5f293835ab",
  "talmagiker-hand/cheer": "96504b2a316b9efd",
  "talmagiker-hand/happy": "37b71645dd60f4c2",
  "talmagiker-hand/idle": "b1417ab97f2a1088",
  "talmagiker-hand/oops": "2921e4a85934f5e8",
  "talmagiker-hand/sleep": "52ad5088ca137a7e",
  "talmagiker-hand/std/1/0": "cdd4ddc388bf8e97",
  "talmagiker-hand/std/1/1": "115d5ab3caae962c",
  "talmagiker-hand/std/1/2": "0e961911fa3ea2f1",
  "talmagiker-hand/std/2/0": "b1417ab97f2a1088",
  "talmagiker-hand/std/2/1": "d8d4ba869c1682cd",
  "talmagiker-hand/std/2/2": "687ebb9d808080d4",
  "talmagiker-hand/std/3/0": "8df80a35fcd92e77",
  "talmagiker-hand/std/3/1": "f139c620276d69e0",
  "talmagiker-hand/std/3/2": "38ddfa5cb93831ee",
  "talmagiker-hand/think": "7f55470eb295c681",
  "talmagiker-hand/wave": "d2529395649f840b",
  "talmagiker-head/cheer": "f4d2518f5259ba57",
  "talmagiker-head/happy": "1cb84c9e40d1260e",
  "talmagiker-head/idle": "e004a67f2d5c4702",
  "talmagiker-head/oops": "0b6f564751f5d349",
  "talmagiker-head/sleep": "2c0e79b3a1184cde",
  "talmagiker-head/std/1/0": "4a14c2bf6adbc372",
  "talmagiker-head/std/1/1": "00222cfc385f6444",
  "talmagiker-head/std/1/2": "70ba5ba4533dd36f",
  "talmagiker-head/std/2/0": "e004a67f2d5c4702",
  "talmagiker-head/std/2/1": "13fc785872866c01",
  "talmagiker-head/std/2/2": "5cf70d3dab8a9923",
  "talmagiker-head/std/3/0": "9cce0ebfd2749a73",
  "talmagiker-head/std/3/1": "a0e597d7dc7f6caf",
  "talmagiker-head/std/3/2": "b4216a6626de31c8",
  "talmagiker-head/think": "33d9079e38d62774",
  "talmagiker-head/wave": "0796bc9cea3836a1",
  "talmagiker-neck/cheer": "36794bcb1d72419d",
  "talmagiker-neck/happy": "2a906efe48c286af",
  "talmagiker-neck/idle": "5756e1d1fa925c08",
  "talmagiker-neck/oops": "9ffef01d214cbf26",
  "talmagiker-neck/sleep": "0e765ee6a15ae111",
  "talmagiker-neck/std/1/0": "f7f8a82037d4bc69",
  "talmagiker-neck/std/1/1": "f896280997fdf781",
  "talmagiker-neck/std/1/2": "3673204c9fc6b80d",
  "talmagiker-neck/std/2/0": "5756e1d1fa925c08",
  "talmagiker-neck/std/2/1": "541eebb096a11055",
  "talmagiker-neck/std/2/2": "940fa4fd1b3d3be5",
  "talmagiker-neck/std/3/0": "b1c79afec4d0a1b8",
  "talmagiker-neck/std/3/1": "434248f25b730266",
  "talmagiker-neck/std/3/2": "37a1d6dcb522dabb",
  "talmagiker-neck/think": "02d3eac175095822",
  "talmagiker-neck/wave": "a4cf1946eb18e05d",
}
`;

exports[`hash-regression · horse > pr. genstand · stadie · farvesæt (racerne på skift) og pr. genstand · humør 1`] = `
{
  "talmagiker-back/arabian/1/2": "6d420c7127c25836",
  "talmagiker-back/arabian/2/2": "6d83024859f97801",
  "talmagiker-back/arabian/3/2": "6c00d92fb08c9a8f",
  "talmagiker-back/cheer": "a77bbe148371000d",
  "talmagiker-back/fjord/1/1": "0475e8aeaad9a718",
  "talmagiker-back/fjord/2/1": "3b66e11b3827896d",
  "talmagiker-back/fjord/3/1": "56f065f0ac92a735",
  "talmagiker-back/happy": "0ef93661c873d8b7",
  "talmagiker-back/idle": "49b18646ec05394d",
  "talmagiker-back/oops": "120d6c61e04c9b34",
  "talmagiker-back/shetland/1/0": "94ba8ccb3d0cb2e2",
  "talmagiker-back/shetland/2/0": "49b18646ec05394d",
  "talmagiker-back/shetland/3/0": "f518a0ebfe1174fc",
  "talmagiker-back/sleep": "5a7f3f1e27619c1f",
  "talmagiker-back/think": "e3a1ba96ebbcd4db",
  "talmagiker-back/wave": "162478ccde50b301",
  "talmagiker-body/arabian/1/2": "291a13f2ac220485",
  "talmagiker-body/arabian/2/2": "380f3340211a1144",
  "talmagiker-body/arabian/3/2": "4713d10ead38958b",
  "talmagiker-body/cheer": "b6e30dccaf402ebb",
  "talmagiker-body/fjord/1/1": "0575781d25ee3ad7",
  "talmagiker-body/fjord/2/1": "cdcfaf42616b4c0a",
  "talmagiker-body/fjord/3/1": "930bfc51cd5ee632",
  "talmagiker-body/happy": "2043a5fe3dadbaf5",
  "talmagiker-body/idle": "d294e7805f2e49e9",
  "talmagiker-body/oops": "8dccdda11e1c0b20",
  "talmagiker-body/shetland/1/0": "77bc02f4155c4f83",
  "talmagiker-body/shetland/2/0": "d294e7805f2e49e9",
  "talmagiker-body/shetland/3/0": "37b7ec4cea2ee3b6",
  "talmagiker-body/sleep": "25e67608b86a28ad",
  "talmagiker-body/think": "11d66de1be73c41c",
  "talmagiker-body/wave": "776988a91e8f8716",
  "talmagiker-face/arabian/1/2": "497dbc9318c6d992",
  "talmagiker-face/arabian/2/2": "fdc85e8ebbd53b8f",
  "talmagiker-face/arabian/3/2": "08ebec9dc2773d0e",
  "talmagiker-face/cheer": "d46af14866876378",
  "talmagiker-face/fjord/1/1": "0bc66aa99ce15ea1",
  "talmagiker-face/fjord/2/1": "2de779047064a40d",
  "talmagiker-face/fjord/3/1": "be53e73edb9f5296",
  "talmagiker-face/happy": "651c150e91755c74",
  "talmagiker-face/idle": "4364fb99fb736c36",
  "talmagiker-face/oops": "5e2542c7c2c928c3",
  "talmagiker-face/shetland/1/0": "042a287371f164fb",
  "talmagiker-face/shetland/2/0": "4364fb99fb736c36",
  "talmagiker-face/shetland/3/0": "15b5aebf12424d8a",
  "talmagiker-face/sleep": "b22c1e8863ea18fe",
  "talmagiker-face/think": "df2243cc4cd590f5",
  "talmagiker-face/wave": "e39e0d8faed6b506",
  "talmagiker-hand/arabian/1/2": "f439cd84e6ee7ab6",
  "talmagiker-hand/arabian/2/2": "2ac81d6112b73c66",
  "talmagiker-hand/arabian/3/2": "46ea63b7835b1d91",
  "talmagiker-hand/cheer": "538c96f2e8aa6708",
  "talmagiker-hand/fjord/1/1": "3b29850795518f13",
  "talmagiker-hand/fjord/2/1": "5475ab9b65d764cb",
  "talmagiker-hand/fjord/3/1": "dc45e90ab4aa3e47",
  "talmagiker-hand/happy": "e93f06b78cb9c6f3",
  "talmagiker-hand/idle": "f61ca41ac4575667",
  "talmagiker-hand/oops": "14b49bf45f53a0a7",
  "talmagiker-hand/shetland/1/0": "aa3615a68c6da6c0",
  "talmagiker-hand/shetland/2/0": "f61ca41ac4575667",
  "talmagiker-hand/shetland/3/0": "134ba51774d0e101",
  "talmagiker-hand/sleep": "185a60b0436c34c1",
  "talmagiker-hand/think": "8b6c528c468202c6",
  "talmagiker-hand/wave": "2d254de29452679d",
  "talmagiker-head/arabian/1/2": "0d569b5e417814e9",
  "talmagiker-head/arabian/2/2": "f785d6581c6f6e62",
  "talmagiker-head/arabian/3/2": "066c3b9e6e0bd2f2",
  "talmagiker-head/cheer": "51decb9336dcfbc3",
  "talmagiker-head/fjord/1/1": "69caa3ed048ecf1b",
  "talmagiker-head/fjord/2/1": "23da5c8a801a32d2",
  "talmagiker-head/fjord/3/1": "9b69991067e8e066",
  "talmagiker-head/happy": "7d5f807a8f2355f2",
  "talmagiker-head/idle": "56b9562de8ff34cd",
  "talmagiker-head/oops": "c6c42a2375cdb8fb",
  "talmagiker-head/shetland/1/0": "83db898f6f3837d4",
  "talmagiker-head/shetland/2/0": "56b9562de8ff34cd",
  "talmagiker-head/shetland/3/0": "1bbcb0ad1f27dcfa",
  "talmagiker-head/sleep": "820eba791cc0bfa9",
  "talmagiker-head/think": "7362ea9a02079bd5",
  "talmagiker-head/wave": "49dd1df876271d06",
  "talmagiker-neck/arabian/1/2": "03e2120bffdad989",
  "talmagiker-neck/arabian/2/2": "3ecc31e424deeb59",
  "talmagiker-neck/arabian/3/2": "3ac28a762ce2984e",
  "talmagiker-neck/cheer": "4fe24dd377c09fc1",
  "talmagiker-neck/fjord/1/1": "a85963e322109979",
  "talmagiker-neck/fjord/2/1": "3a8955faca4614c1",
  "talmagiker-neck/fjord/3/1": "eeadb7f56c7d4f14",
  "talmagiker-neck/happy": "9167f4d7d8c9a136",
  "talmagiker-neck/idle": "f3f8a043da320f79",
  "talmagiker-neck/oops": "7dbf3bfee868b145",
  "talmagiker-neck/shetland/1/0": "56a2f16eaf102a87",
  "talmagiker-neck/shetland/2/0": "f3f8a043da320f79",
  "talmagiker-neck/shetland/3/0": "53876daf921d52dd",
  "talmagiker-neck/sleep": "429000564b738ced",
  "talmagiker-neck/think": "e96dac757293ce78",
  "talmagiker-neck/wave": "be44cafae3dfaeea",
}
`;

exports[`hash-regression · lamb > pr. genstand · stadie · farvesæt (racerne på skift) og pr. genstand · humør 1`] = `
{
  "talmagiker-back/cheer": "0af45195c94caecf",
  "talmagiker-back/happy": "34b4d698a70d286d",
  "talmagiker-back/idle": "0b47ed72706441f3",
  "talmagiker-back/oops": "bee51d90f7f7d96a",
  "talmagiker-back/sleep": "b49778c416f742c4",
  "talmagiker-back/std/1/0": "66180d661190ce22",
  "talmagiker-back/std/1/1": "59b371bc9b3bea67",
  "talmagiker-back/std/1/2": "583eff4c09c2ae26",
  "talmagiker-back/std/2/0": "0b47ed72706441f3",
  "talmagiker-back/std/2/1": "07dc127fd719da30",
  "talmagiker-back/std/2/2": "d481081fb12e63a8",
  "talmagiker-back/std/3/0": "7eb153534cf58100",
  "talmagiker-back/std/3/1": "4145d88e75e1db6b",
  "talmagiker-back/std/3/2": "e2e1a4a402ea6e1e",
  "talmagiker-back/think": "3bb8427ace1b4612",
  "talmagiker-back/wave": "9c7f208072d3aee0",
  "talmagiker-body/cheer": "a560295cd71cd910",
  "talmagiker-body/happy": "e6788c30511c6597",
  "talmagiker-body/idle": "4c7a01674c139846",
  "talmagiker-body/oops": "20d9097f1693948f",
  "talmagiker-body/sleep": "c3279514286a867e",
  "talmagiker-body/std/1/0": "173dfcd16261e4a7",
  "talmagiker-body/std/1/1": "b2bf9c5f6eb1d4af",
  "talmagiker-body/std/1/2": "4cb6e4d0bba69946",
  "talmagiker-body/std/2/0": "4c7a01674c139846",
  "talmagiker-body/std/2/1": "b705713196e54fd3",
  "talmagiker-body/std/2/2": "1d411f39c12b926f",
  "talmagiker-body/std/3/0": "2796ecec6b93348b",
  "talmagiker-body/std/3/1": "1810c49be9ae6993",
  "talmagiker-body/std/3/2": "1c3fc82f691965e8",
  "talmagiker-body/think": "87cfb0075250e914",
  "talmagiker-body/wave": "45b47a401a7835ca",
  "talmagiker-face/cheer": "5bb385c5c029439a",
  "talmagiker-face/happy": "0e0be89a1b727c63",
  "talmagiker-face/idle": "98733393f2e9d254",
  "talmagiker-face/oops": "6df0b4edf1a0871d",
  "talmagiker-face/sleep": "3adf900c4a4de66e",
  "talmagiker-face/std/1/0": "f172665068eb3fa4",
  "talmagiker-face/std/1/1": "c79e03a16742e180",
  "talmagiker-face/std/1/2": "3146942a143486be",
  "talmagiker-face/std/2/0": "98733393f2e9d254",
  "talmagiker-face/std/2/1": "2be6c9e3505681c0",
  "talmagiker-face/std/2/2": "e64374135d6ed047",
  "talmagiker-face/std/3/0": "147837e177811bb9",
  "talmagiker-face/std/3/1": "1562bb35d8f04a7b",
  "talmagiker-face/std/3/2": "6047fd220e9fd434",
  "talmagiker-face/think": "2a76e13a23f81be3",
  "talmagiker-face/wave": "75d74a65df0017a8",
  "talmagiker-hand/cheer": "5162f3aa26e99af5",
  "talmagiker-hand/happy": "9ab89be7c650f85d",
  "talmagiker-hand/idle": "64cbfacce71997ce",
  "talmagiker-hand/oops": "ece60f88aeececfa",
  "talmagiker-hand/sleep": "611e0c482ba70cf7",
  "talmagiker-hand/std/1/0": "1ce4b7c5addd6f54",
  "talmagiker-hand/std/1/1": "39d133d82d1cbf96",
  "talmagiker-hand/std/1/2": "19e79cac9071b7cb",
  "talmagiker-hand/std/2/0": "64cbfacce71997ce",
  "talmagiker-hand/std/2/1": "7d916f22d6ac87c9",
  "talmagiker-hand/std/2/2": "4c601bc4a1811e7b",
  "talmagiker-hand/std/3/0": "8bcbe77d129c7774",
  "talmagiker-hand/std/3/1": "31f1df65cd7c7693",
  "talmagiker-hand/std/3/2": "9647b27ef258c0dd",
  "talmagiker-hand/think": "d444cd73fb748173",
  "talmagiker-hand/wave": "79beceb9a7c3e631",
  "talmagiker-head/cheer": "8d32d2f34304a0bc",
  "talmagiker-head/happy": "93bedbc50bb951b5",
  "talmagiker-head/idle": "3c44601f9df6b91b",
  "talmagiker-head/oops": "a0ac91a6e40d57de",
  "talmagiker-head/sleep": "0e54d437785e4247",
  "talmagiker-head/std/1/0": "92fcf6c2b54a9cfb",
  "talmagiker-head/std/1/1": "31b5d2b5afe414c1",
  "talmagiker-head/std/1/2": "e49de510ec1f0ab6",
  "talmagiker-head/std/2/0": "3c44601f9df6b91b",
  "talmagiker-head/std/2/1": "eab1c3a1b29b02bd",
  "talmagiker-head/std/2/2": "949c40ee57531ff0",
  "talmagiker-head/std/3/0": "29bbb5ea3da31c17",
  "talmagiker-head/std/3/1": "fb834eb344a34abf",
  "talmagiker-head/std/3/2": "4c441f796692bebc",
  "talmagiker-head/think": "7273eab3400db729",
  "talmagiker-head/wave": "a70957f2515796af",
  "talmagiker-neck/cheer": "115a8ac3c96c9162",
  "talmagiker-neck/happy": "0e5ce94e66f76f64",
  "talmagiker-neck/idle": "f250d7abef47d8e6",
  "talmagiker-neck/oops": "fea4870f79e2fe58",
  "talmagiker-neck/sleep": "dae156775149c073",
  "talmagiker-neck/std/1/0": "6bd0bbe6598b2370",
  "talmagiker-neck/std/1/1": "ee99cb9eeebbf3f4",
  "talmagiker-neck/std/1/2": "47e473d9b7af5fb7",
  "talmagiker-neck/std/2/0": "f250d7abef47d8e6",
  "talmagiker-neck/std/2/1": "115971909be05ada",
  "talmagiker-neck/std/2/2": "d156bec01be00f8a",
  "talmagiker-neck/std/3/0": "ddd3ad99ea5356b4",
  "talmagiker-neck/std/3/1": "2b1a86693c995791",
  "talmagiker-neck/std/3/2": "5f99df5b49f59394",
  "talmagiker-neck/think": "b7b11d34eb379bc9",
  "talmagiker-neck/wave": "519aaf8096254768",
}
`;

exports[`hash-regression · owl > pr. genstand · stadie · farvesæt (racerne på skift) og pr. genstand · humør 1`] = `
{
  "talmagiker-back/cheer": "4893fc602f998e11",
  "talmagiker-back/happy": "c5d0252759be4d38",
  "talmagiker-back/idle": "689f2358d14c1bec",
  "talmagiker-back/oops": "d5eb6bdd03831b7c",
  "talmagiker-back/sleep": "4136a0239615552d",
  "talmagiker-back/std/1/0": "ec802c289ae2d3fc",
  "talmagiker-back/std/1/1": "ec802c289ae2d3fc",
  "talmagiker-back/std/1/2": "ec802c289ae2d3fc",
  "talmagiker-back/std/2/0": "689f2358d14c1bec",
  "talmagiker-back/std/2/1": "689f2358d14c1bec",
  "talmagiker-back/std/2/2": "689f2358d14c1bec",
  "talmagiker-back/std/3/0": "3348f86e8bd80ea9",
  "talmagiker-back/std/3/1": "3348f86e8bd80ea9",
  "talmagiker-back/std/3/2": "3348f86e8bd80ea9",
  "talmagiker-back/think": "89640f5c85b5216f",
  "talmagiker-back/wave": "286fd3f63eee40a4",
  "talmagiker-body/cheer": "6959b4c1f375c0c7",
  "talmagiker-body/happy": "1d681c3d78eda086",
  "talmagiker-body/idle": "dcd1d89cf049ed4f",
  "talmagiker-body/oops": "7d31134653ea5046",
  "talmagiker-body/sleep": "778decb807763c28",
  "talmagiker-body/std/1/0": "4cc35ac75089564f",
  "talmagiker-body/std/1/1": "d5f4da23fa275e32",
  "talmagiker-body/std/1/2": "51eced422f4dae14",
  "talmagiker-body/std/2/0": "dcd1d89cf049ed4f",
  "talmagiker-body/std/2/1": "4b0ef232ca19a8e9",
  "talmagiker-body/std/2/2": "87540ad0d44bbf0f",
  "talmagiker-body/std/3/0": "e5f44a784a7a346c",
  "talmagiker-body/std/3/1": "d6c450f08d7cc0a4",
  "talmagiker-body/std/3/2": "70ea31676232387b",
  "talmagiker-body/think": "3fb5a4fd91f904ad",
  "talmagiker-body/wave": "a9ab7c7e507e16d6",
  "talmagiker-face/cheer": "f327f6eef4e8240b",
  "talmagiker-face/happy": "c8ec38d6213e54b4",
  "talmagiker-face/idle": "9961cd3b927e23a1",
  "talmagiker-face/oops": "e53ea0b4352e60f0",
  "talmagiker-face/sleep": "d9c144d8b01a2a69",
  "talmagiker-face/std/1/0": "bbc1669494c0ca54",
  "talmagiker-face/std/1/1": "6d550e99e373ce09",
  "talmagiker-face/std/1/2": "ae59972357d031ef",
  "talmagiker-face/std/2/0": "9961cd3b927e23a1",
  "talmagiker-face/std/2/1": "a5344eea6c277aff",
  "talmagiker-face/std/2/2": "e20098e44af86364",
  "talmagiker-face/std/3/0": "33b092c3fc0685f7",
  "talmagiker-face/std/3/1": "0439759ae76e9cde",
  "talmagiker-face/std/3/2": "aff9cebb7ef0584b",
  "talmagiker-face/think": "e343f7322e39c4d3",
  "talmagiker-face/wave": "7ccb410660eb7406",
  "talmagiker-hand/cheer": "1138e9df1f9f96bd",
  "talmagiker-hand/happy": "7938b19e208887c4",
  "talmagiker-hand/idle": "aaf16e12c0f93e9c",
  "talmagiker-hand/oops": "497ef0c71589d290",
  "talmagiker-hand/sleep": "4e8441d4684e4c18",
  "talmagiker-hand/std/1/0": "c0e301c7cbc104f1",
  "talmagiker-hand/std/1/1": "7b4c938bc1e6b6d9",
  "talmagiker-hand/std/1/2": "17784f04ec023798",
  "talmagiker-hand/std/2/0": "aaf16e12c0f93e9c",
  "talmagiker-hand/std/2/1": "45dfcfac4173ffac",
  "talmagiker-hand/std/2/2": "7c4634e3125388da",
  "talmagiker-hand/std/3/0": "f728c54413584cfc",
  "talmagiker-hand/std/3/1": "5af6797ba54b4815",
  "talmagiker-hand/std/3/2": "e86ee894a72fac2b",
  "talmagiker-hand/think": "94f49bb6f65541c4",
  "talmagiker-hand/wave": "62e2c2ab2c9ede27",
  "talmagiker-head/cheer": "917a674bfc10d344",
  "talmagiker-head/happy": "8b9d7a863dc1e849",
  "talmagiker-head/idle": "49adf03af4fbc127",
  "talmagiker-head/oops": "128705c8f3b8a840",
  "talmagiker-head/sleep": "00a2fd4a12b5d06f",
  "talmagiker-head/std/1/0": "e3affa23618ed83b",
  "talmagiker-head/std/1/1": "b89653d837608780",
  "talmagiker-head/std/1/2": "f15e3f12f23e9667",
  "talmagiker-head/std/2/0": "49adf03af4fbc127",
  "talmagiker-head/std/2/1": "d413364aadcc83f4",
  "talmagiker-head/std/2/2": "33753461919c24b2",
  "talmagiker-head/std/3/0": "28c8736494f1ba84",
  "talmagiker-head/std/3/1": "ca190198cfc319b7",
  "talmagiker-head/std/3/2": "59c32cbf49963eb9",
  "talmagiker-head/think": "2609c4d6bc21eee6",
  "talmagiker-head/wave": "3a18354bc095fefe",
  "talmagiker-neck/cheer": "e42850a322f1eec2",
  "talmagiker-neck/happy": "9495af300b12bddd",
  "talmagiker-neck/idle": "de17740671eb0d86",
  "talmagiker-neck/oops": "cae6d55c99b577f2",
  "talmagiker-neck/sleep": "025bea2b810c3623",
  "talmagiker-neck/std/1/0": "baf5b97db69bd682",
  "talmagiker-neck/std/1/1": "7f71f0c3f90d7258",
  "talmagiker-neck/std/1/2": "7a64d37baf2dba27",
  "talmagiker-neck/std/2/0": "de17740671eb0d86",
  "talmagiker-neck/std/2/1": "55bdaa7feca96f54",
  "talmagiker-neck/std/2/2": "00bdffb5bee5a08a",
  "talmagiker-neck/std/3/0": "774db6f8af75adde",
  "talmagiker-neck/std/3/1": "ce48bc3922bdb3bb",
  "talmagiker-neck/std/3/2": "f9fdfd9235712127",
  "talmagiker-neck/think": "9e821f515cc91a22",
  "talmagiker-neck/wave": "7f46c376e21150bd",
}
`;

exports[`hash-regression · panda > pr. genstand · stadie · farvesæt (racerne på skift) og pr. genstand · humør 1`] = `
{
  "talmagiker-back/cheer": "35fdb37b22d09153",
  "talmagiker-back/happy": "354d62d910356422",
  "talmagiker-back/idle": "84d0f0d034db8f73",
  "talmagiker-back/oops": "15a958e7b19748ec",
  "talmagiker-back/sleep": "e43878fede0faf94",
  "talmagiker-back/std/1/0": "85b23c39ff2f016f",
  "talmagiker-back/std/1/1": "ccc48bd480ce8f12",
  "talmagiker-back/std/1/2": "579ef26ce43eb388",
  "talmagiker-back/std/2/0": "84d0f0d034db8f73",
  "talmagiker-back/std/2/1": "f5740a3a4898d0e7",
  "talmagiker-back/std/2/2": "17827834886bdef4",
  "talmagiker-back/std/3/0": "fb9051972b18f3f9",
  "talmagiker-back/std/3/1": "f84671302892a888",
  "talmagiker-back/std/3/2": "f7ea448c4c94753c",
  "talmagiker-back/think": "e454dc727c67d4ed",
  "talmagiker-back/wave": "bd4d795f7b84316d",
  "talmagiker-body/cheer": "76d3c84fd196f237",
  "talmagiker-body/happy": "36ea614364392483",
  "talmagiker-body/idle": "466e9ff28e82a1d2",
  "talmagiker-body/oops": "165b6366843616fb",
  "talmagiker-body/sleep": "1eb317c5b154174e",
  "talmagiker-body/std/1/0": "afa177297f2eaffd",
  "talmagiker-body/std/1/1": "17385b6fa77b72f8",
  "talmagiker-body/std/1/2": "45acdf9c19208a0c",
  "talmagiker-body/std/2/0": "466e9ff28e82a1d2",
  "talmagiker-body/std/2/1": "c3e85a53431abdea",
  "talmagiker-body/std/2/2": "3a69781920571672",
  "talmagiker-body/std/3/0": "d3bbeff6bfc2d9ba",
  "talmagiker-body/std/3/1": "5ef1a319a9903f72",
  "talmagiker-body/std/3/2": "962be151714b471c",
  "talmagiker-body/think": "9b345c012f958d4a",
  "talmagiker-body/wave": "644a38302036739c",
  "talmagiker-face/cheer": "fe1e800a04e3de9c",
  "talmagiker-face/happy": "2277ad56c59165b9",
  "talmagiker-face/idle": "8d177956c9d3adaa",
  "talmagiker-face/oops": "b293544947562dcd",
  "talmagiker-face/sleep": "547dab6527ab0b78",
  "talmagiker-face/std/1/0": "e17c97142a885168",
  "talmagiker-face/std/1/1": "bf4157c18f41808e",
  "talmagiker-face/std/1/2": "3c3830929122479a",
  "talmagiker-face/std/2/0": "8d177956c9d3adaa",
  "talmagiker-face/std/2/1": "33ef147115d7f4ff",
  "talmagiker-face/std/2/2": "9e617c5c8738c80d",
  "talmagiker-face/std/3/0": "74d5fa254cf5dc8f",
  "talmagiker-face/std/3/1": "274dfb6487481988",
  "talmagiker-face/std/3/2": "da393543972a60aa",
  "talmagiker-face/think": "088b3d9648eb83cb",
  "talmagiker-face/wave": "9ade1261305c13ef",
  "talmagiker-hand/cheer": "cedf948df01d7e7a",
  "talmagiker-hand/happy": "d68228793806c6f6",
  "talmagiker-hand/idle": "d131f31dd9799393",
  "talmagiker-hand/oops": "27d6e8d0ebc34be7",
  "talmagiker-hand/sleep": "140fe5ca530ae7e6",
  "talmagiker-hand/std/1/0": "e3739aac79637521",
  "talmagiker-hand/std/1/1": "7c2ee1df47e2f744",
  "talmagiker-hand/std/1/2": "f0161de8b4fa4581",
  "talmagiker-hand/std/2/0": "d131f31dd9799393",
  "talmagiker-hand/std/2/1": "a14d63412b2ad491",
  "talmagiker-hand/std/2/2": "c1b0d4bd1d8f8957",
  "talmagiker-hand/std/3/0": "740df912a75ce459",
  "talmagiker-hand/std/3/1": "3931a9b286ded6e3",
  "talmagiker-hand/std/3/2": "744644c706dde1aa",
  "talmagiker-hand/think": "35d738a4a64328d5",
  "talmagiker-hand/wave": "3931699502c3940e",
  "talmagiker-head/cheer": "88fe46a8fdfdc229",
  "talmagiker-head/happy": "6d47117195212a39",
  "talmagiker-head/idle": "502caa44d2b9e5b2",
  "talmagiker-head/oops": "0469d041a9565321",
  "talmagiker-head/sleep": "8404fa1079a05fa1",
  "talmagiker-head/std/1/0": "70968c30d8fe2246",
  "talmagiker-head/std/1/1": "2b379049228ca072",
  "talmagiker-head/std/1/2": "645f4cf0ae36c04c",
  "talmagiker-head/std/2/0": "502caa44d2b9e5b2",
  "talmagiker-head/std/2/1": "06afba8e714e9bcc",
  "talmagiker-head/std/2/2": "aaaee8ae71537ae4",
  "talmagiker-head/std/3/0": "0ec7ad2a32bd1641",
  "talmagiker-head/std/3/1": "3df561738c5246bc",
  "talmagiker-head/std/3/2": "e03ace012bbfd5a3",
  "talmagiker-head/think": "a4c4a58387622645",
  "talmagiker-head/wave": "6b112e4fa9c0aba8",
  "talmagiker-neck/cheer": "86b1545067b7e826",
  "talmagiker-neck/happy": "be4b77e02049feca",
  "talmagiker-neck/idle": "62925b6dff6506e7",
  "talmagiker-neck/oops": "206fde2a812e776a",
  "talmagiker-neck/sleep": "52b3bc4448baa4b9",
  "talmagiker-neck/std/1/0": "08925a010f78cbf0",
  "talmagiker-neck/std/1/1": "b3f8523249df1745",
  "talmagiker-neck/std/1/2": "daeaf35722f38a41",
  "talmagiker-neck/std/2/0": "62925b6dff6506e7",
  "talmagiker-neck/std/2/1": "b4bdf177e4fe1686",
  "talmagiker-neck/std/2/2": "15ddc03a01bb9ee2",
  "talmagiker-neck/std/3/0": "753d114799367ac1",
  "talmagiker-neck/std/3/1": "24bbcdbcdc0c9e2d",
  "talmagiker-neck/std/3/2": "a96209d846661368",
  "talmagiker-neck/think": "c6f2ef2bde57ee48",
  "talmagiker-neck/wave": "d7c8f2ba1780539f",
}
`;

exports[`hash-regression · puppy > pr. genstand · stadie · farvesæt (racerne på skift) og pr. genstand · humør 1`] = `
{
  "talmagiker-back/cheer": "2236129e7da58eff",
  "talmagiker-back/happy": "7def9110cca75356",
  "talmagiker-back/idle": "1c0b100f2dba5091",
  "talmagiker-back/oops": "0508d913743b1ea2",
  "talmagiker-back/sleep": "9e387793760cfd34",
  "talmagiker-back/std/1/0": "1f622d1542832ea2",
  "talmagiker-back/std/1/1": "4b628f918226f009",
  "talmagiker-back/std/1/2": "42515eaa1288e8b8",
  "talmagiker-back/std/2/0": "1c0b100f2dba5091",
  "talmagiker-back/std/2/1": "e28276cd11d9253f",
  "talmagiker-back/std/2/2": "eb095474f43eb580",
  "talmagiker-back/std/3/0": "db52ef45925e2a18",
  "talmagiker-back/std/3/1": "0d9c449eea78ebd3",
  "talmagiker-back/std/3/2": "74634994bea7c861",
  "talmagiker-back/think": "c5dcf98da9ce0914",
  "talmagiker-back/wave": "41a24ea5c3ab069f",
  "talmagiker-body/cheer": "a3e9691d56afd5ce",
  "talmagiker-body/happy": "6dd70b417b8d2855",
  "talmagiker-body/idle": "c4446a85ebcddce1",
  "talmagiker-body/oops": "d04b48e192184315",
  "talmagiker-body/sleep": "1c00afd2b593c2a1",
  "talmagiker-body/std/1/0": "9921ed7179e5f92c",
  "talmagiker-body/std/1/1": "cda7936cc9a4bee2",
  "talmagiker-body/std/1/2": "662a263b15d56556",
  "talmagiker-body/std/2/0": "c4446a85ebcddce1",
  "talmagiker-body/std/2/1": "f5d488f99ebabbc8",
  "talmagiker-body/std/2/2": "f6d127dd801be9bc",
  "talmagiker-body/std/3/0": "0bef06297de8b197",
  "talmagiker-body/std/3/1": "13d8c6392d7b7e34",
  "talmagiker-body/std/3/2": "7053645154650dcd",
  "talmagiker-body/think": "f828d1b1cf87c0d0",
  "talmagiker-body/wave": "6c2fc5f9307b29f5",
  "talmagiker-face/cheer": "de8a4d949660514a",
  "talmagiker-face/happy": "51f5ff0b61f5ba8c",
  "talmagiker-face/idle": "3fc65a894615ab8a",
  "talmagiker-face/oops": "0768e61f747f9fd2",
  "talmagiker-face/sleep": "50f4f5105e3973af",
  "talmagiker-face/std/1/0": "80cfb16ea245424f",
  "talmagiker-face/std/1/1": "289b63e013374b71",
  "talmagiker-face/std/1/2": "334c8a707dd9d767",
  "talmagiker-face/std/2/0": "3fc65a894615ab8a",
  "talmagiker-face/std/2/1": "38cb088c33ce25f9",
  "talmagiker-face/std/2/2": "7cae7c05134c4c4b",
  "talmagiker-face/std/3/0": "2832f4a20b43c267",
  "talmagiker-face/std/3/1": "335d8e0745152168",
  "talmagiker-face/std/3/2": "16ff57306217c4ab",
  "talmagiker-face/think": "c286bfd2cb5891b1",
  "talmagiker-face/wave": "c4c3ecf21ba67d19",
  "talmagiker-hand/cheer": "0b94691135c49e02",
  "talmagiker-hand/happy": "349e52f95a2cb8e5",
  "talmagiker-hand/idle": "059513243cc4c5c5",
  "talmagiker-hand/oops": "28330c7b69f34f52",
  "talmagiker-hand/sleep": "fdbf45c617383b89",
  "talmagiker-hand/std/1/0": "11a5aa1b03cb9cfd",
  "talmagiker-hand/std/1/1": "e33cd2204fbbd043",
  "talmagiker-hand/std/1/2": "5a4ffed0a3b57b9c",
  "talmagiker-hand/std/2/0": "059513243cc4c5c5",
  "talmagiker-hand/std/2/1": "da0118a076d25287",
  "talmagiker-hand/std/2/2": "2215d32cfaef3c20",
  "talmagiker-hand/std/3/0": "1b4e1d541a595944",
  "talmagiker-hand/std/3/1": "3dc1a30a1c3653e4",
  "talmagiker-hand/std/3/2": "21d6b8807559f1b6",
  "talmagiker-hand/think": "c2f384422a56ea8e",
  "talmagiker-hand/wave": "2d261e8a2f5c954e",
  "talmagiker-head/cheer": "fbdbad9c4310d2ec",
  "talmagiker-head/happy": "1c54a5d39a84b088",
  "talmagiker-head/idle": "e30e5e4c12ef11ac",
  "talmagiker-head/oops": "0934c0f92695edd8",
  "talmagiker-head/sleep": "af8aef70898cba8e",
  "talmagiker-head/std/1/0": "dc43fbb94d1ae8a9",
  "talmagiker-head/std/1/1": "fd5adc463470e7aa",
  "talmagiker-head/std/1/2": "f9040c293dc3533e",
  "talmagiker-head/std/2/0": "e30e5e4c12ef11ac",
  "talmagiker-head/std/2/1": "aa83a637398ab790",
  "talmagiker-head/std/2/2": "35748efdbc75f5cf",
  "talmagiker-head/std/3/0": "e20cb02eb8bb93e4",
  "talmagiker-head/std/3/1": "f76dbf1e68877d46",
  "talmagiker-head/std/3/2": "a0fcf0d221e2b5b5",
  "talmagiker-head/think": "747b7780fa08d7ef",
  "talmagiker-head/wave": "8b85fb301d29a492",
  "talmagiker-neck/cheer": "ac58ed5f4ac4610a",
  "talmagiker-neck/happy": "8e0886207783749d",
  "talmagiker-neck/idle": "c30d898c1a90eea7",
  "talmagiker-neck/oops": "7608da79d15d22d3",
  "talmagiker-neck/sleep": "ffdf5dd58eebbcfd",
  "talmagiker-neck/std/1/0": "bb17013b9846cd4c",
  "talmagiker-neck/std/1/1": "1cd098dc12dbd6cf",
  "talmagiker-neck/std/1/2": "21599d5e1e55b3aa",
  "talmagiker-neck/std/2/0": "c30d898c1a90eea7",
  "talmagiker-neck/std/2/1": "5afb8e48c4844940",
  "talmagiker-neck/std/2/2": "f73fe5971486e317",
  "talmagiker-neck/std/3/0": "a1478fd1b2887bf2",
  "talmagiker-neck/std/3/1": "60bc2e518f09e120",
  "talmagiker-neck/std/3/2": "2f5986396ad177f0",
  "talmagiker-neck/think": "decce2ad99b190ef",
  "talmagiker-neck/wave": "a8f29998d848a55e",
}
`;

exports[`hash-regression · rabbit > pr. genstand · stadie · farvesæt (racerne på skift) og pr. genstand · humør 1`] = `
{
  "talmagiker-back/cheer": "3206cbdb013b86f9",
  "talmagiker-back/happy": "2bef4c5a878445fd",
  "talmagiker-back/idle": "a33278e097ee88f3",
  "talmagiker-back/lionhead/1/2": "99ceb75dbacc3194",
  "talmagiker-back/lionhead/2/2": "757e854630805050",
  "talmagiker-back/lionhead/3/2": "1138239c96ca9562",
  "talmagiker-back/lop/1/1": "dbee21b2f3057366",
  "talmagiker-back/lop/2/1": "d14debd900bf8659",
  "talmagiker-back/lop/3/1": "73078ec472bb1147",
  "talmagiker-back/oops": "68673e4093059420",
  "talmagiker-back/sleep": "22a1fb188f5a6438",
  "talmagiker-back/think": "03baa50d0ddaa432",
  "talmagiker-back/upright/1/0": "5259e51b6bbb41c2",
  "talmagiker-back/upright/2/0": "a33278e097ee88f3",
  "talmagiker-back/upright/3/0": "02113a5578ff2c59",
  "talmagiker-back/wave": "9fd7fafb1b3ca955",
  "talmagiker-body/cheer": "8b7888feaea126b4",
  "talmagiker-body/happy": "6834b66a3fdc88e0",
  "talmagiker-body/idle": "4cc6f5519ae49b83",
  "talmagiker-body/lionhead/1/2": "e616d16675cfffbc",
  "talmagiker-body/lionhead/2/2": "ac409401de3c9782",
  "talmagiker-body/lionhead/3/2": "2bfa441899e66779",
  "talmagiker-body/lop/1/1": "9991312080578d51",
  "talmagiker-body/lop/2/1": "b4b21417f2bed924",
  "talmagiker-body/lop/3/1": "956735dcca396f37",
  "talmagiker-body/oops": "1b718e4f4c508584",
  "talmagiker-body/sleep": "9896ffc2e619980a",
  "talmagiker-body/think": "20ccb99f7a9fe816",
  "talmagiker-body/upright/1/0": "8bbccf25bab188aa",
  "talmagiker-body/upright/2/0": "4cc6f5519ae49b83",
  "talmagiker-body/upright/3/0": "f418a671810fbf76",
  "talmagiker-body/wave": "67324f52b698c6f8",
  "talmagiker-face/cheer": "ecf0b067cd9320f6",
  "talmagiker-face/happy": "5ef91a6e2210cef3",
  "talmagiker-face/idle": "c27dcddb1e7014ee",
  "talmagiker-face/lionhead/1/2": "354dd0113087f486",
  "talmagiker-face/lionhead/2/2": "f51d019908078cb0",
  "talmagiker-face/lionhead/3/2": "1be1627d94777233",
  "talmagiker-face/lop/1/1": "ddcfc88190df0192",
  "talmagiker-face/lop/2/1": "9141eaf07eea6630",
  "talmagiker-face/lop/3/1": "d7fa4073a445e155",
  "talmagiker-face/oops": "e811d8b40889516e",
  "talmagiker-face/sleep": "4c3cc458ab7ad18e",
  "talmagiker-face/think": "62b399cc8fc2d627",
  "talmagiker-face/upright/1/0": "3369f057be227605",
  "talmagiker-face/upright/2/0": "c27dcddb1e7014ee",
  "talmagiker-face/upright/3/0": "0bbc05bfcbf9fcf1",
  "talmagiker-face/wave": "8fb4b4e3b5917359",
  "talmagiker-hand/cheer": "70deff9ec08d41bb",
  "talmagiker-hand/happy": "2341a2da16f96c6a",
  "talmagiker-hand/idle": "449936828d0cfc2c",
  "talmagiker-hand/lionhead/1/2": "ddd808def903d6f6",
  "talmagiker-hand/lionhead/2/2": "a3abf84fed7e4a02",
  "talmagiker-hand/lionhead/3/2": "8cb11f97ad2a9b81",
  "talmagiker-hand/lop/1/1": "f2ac776edd35b5a3",
  "talmagiker-hand/lop/2/1": "7e822cae2feb62d3",
  "talmagiker-hand/lop/3/1": "ad6c6bcff4769a91",
  "talmagiker-hand/oops": "9ec7e6d90b8a82bf",
  "talmagiker-hand/sleep": "8c163d76295f2a45",
  "talmagiker-hand/think": "bb343412cdb90fef",
  "talmagiker-hand/upright/1/0": "77d9e914c706cb14",
  "talmagiker-hand/upright/2/0": "449936828d0cfc2c",
  "talmagiker-hand/upright/3/0": "71d48de2a0f6472b",
  "talmagiker-hand/wave": "5f357339ccb0ba24",
  "talmagiker-head/cheer": "eee9e6f5b44850df",
  "talmagiker-head/happy": "f62259249c3216bd",
  "talmagiker-head/idle": "f52ffa9681ce3ab4",
  "talmagiker-head/lionhead/1/2": "bdf81e1967658118",
  "talmagiker-head/lionhead/2/2": "f43363c88c289433",
  "talmagiker-head/lionhead/3/2": "b5181f6ba32854bc",
  "talmagiker-head/lop/1/1": "00384d97d06dba8b",
  "talmagiker-head/lop/2/1": "698993bc5dd10a8f",
  "talmagiker-head/lop/3/1": "9447b2220dbb3a90",
  "talmagiker-head/oops": "77b4ea7c182e2503",
  "talmagiker-head/sleep": "9acdde69742f5910",
  "talmagiker-head/think": "c29b7c7e4de8c4c5",
  "talmagiker-head/upright/1/0": "d2d3fb7e407186b7",
  "talmagiker-head/upright/2/0": "f52ffa9681ce3ab4",
  "talmagiker-head/upright/3/0": "1c30f3c1f2c0589b",
  "talmagiker-head/wave": "9c2f421de2901508",
  "talmagiker-neck/cheer": "9f5bfe83a9e1a0ef",
  "talmagiker-neck/happy": "789825c9f71a364e",
  "talmagiker-neck/idle": "aaf538b1cd6b66dc",
  "talmagiker-neck/lionhead/1/2": "b434ddaa33021ecc",
  "talmagiker-neck/lionhead/2/2": "10759c4934b1eef4",
  "talmagiker-neck/lionhead/3/2": "3d885ed4c2ffbdaa",
  "talmagiker-neck/lop/1/1": "a47839d9be609647",
  "talmagiker-neck/lop/2/1": "ab951d17a508c71d",
  "talmagiker-neck/lop/3/1": "4129f99561c49fd3",
  "talmagiker-neck/oops": "18cfefb5b9bafd57",
  "talmagiker-neck/sleep": "87de28831d79c74d",
  "talmagiker-neck/think": "b97752ad862dd4c5",
  "talmagiker-neck/upright/1/0": "76eefa0e59297641",
  "talmagiker-neck/upright/2/0": "aaf538b1cd6b66dc",
  "talmagiker-neck/upright/3/0": "77d6a1589492b8ef",
  "talmagiker-neck/wave": "521e76eec7c49047",
}
`;

exports[`hash-regression · squirrel > pr. genstand · stadie · farvesæt (racerne på skift) og pr. genstand · humør 1`] = `
{
  "talmagiker-back/cheer": "148ce78a4f2ba909",
  "talmagiker-back/happy": "0824d8454e3685c9",
  "talmagiker-back/idle": "265ab62a50fa662f",
  "talmagiker-back/oops": "d1d80df01e14130a",
  "talmagiker-back/sleep": "555af3b689ea8313",
  "talmagiker-back/std/1/0": "ee1bb45678255945",
  "talmagiker-back/std/1/1": "e915bc8597fdba87",
  "talmagiker-back/std/1/2": "5a54579c25da397e",
  "talmagiker-back/std/2/0": "265ab62a50fa662f",
  "talmagiker-back/std/2/1": "8c3c5d51bba01399",
  "talmagiker-back/std/2/2": "b1f7f05845055543",
  "talmagiker-back/std/3/0": "bc774081353aa375",
  "talmagiker-back/std/3/1": "782d90aef3dc1860",
  "talmagiker-back/std/3/2": "57c304d85736adff",
  "talmagiker-back/think": "01dfda1010222ad5",
  "talmagiker-back/wave": "491584dd6c746127",
  "talmagiker-body/cheer": "94149a4bc3bb952a",
  "talmagiker-body/happy": "56db4028736fc783",
  "talmagiker-body/idle": "1c70634e1ccce7d0",
  "talmagiker-body/oops": "217463dbff9d917a",
  "talmagiker-body/sleep": "d39075c387e9aa40",
  "talmagiker-body/std/1/0": "5f4eada32f27f099",
  "talmagiker-body/std/1/1": "9a96afb53a777f3a",
  "talmagiker-body/std/1/2": "5713e35f6f4e861f",
  "talmagiker-body/std/2/0": "1c70634e1ccce7d0",
  "talmagiker-body/std/2/1": "f22cd22b50f5a592",
  "talmagiker-body/std/2/2": "28c406d40a14b804",
  "talmagiker-body/std/3/0": "b032b1518ca28aeb",
  "talmagiker-body/std/3/1": "0201d4782dcee981",
  "talmagiker-body/std/3/2": "f95613f1a20c62cc",
  "talmagiker-body/think": "7e60cbb04fb49125",
  "talmagiker-body/wave": "d85e59c4c32152dc",
  "talmagiker-face/cheer": "ef9336d6698acaad",
  "talmagiker-face/happy": "5e0de0b93816e1f0",
  "talmagiker-face/idle": "d70e0cac92aa2621",
  "talmagiker-face/oops": "7a0d17bb14ba7930",
  "talmagiker-face/sleep": "c7d0b05cca1dd39f",
  "talmagiker-face/std/1/0": "aafb8e390172a0da",
  "talmagiker-face/std/1/1": "1526008cab8be843",
  "talmagiker-face/std/1/2": "309d61ca20338e6f",
  "talmagiker-face/std/2/0": "d70e0cac92aa2621",
  "talmagiker-face/std/2/1": "07703ed48fceced1",
  "talmagiker-face/std/2/2": "9ce1e1347dcb0d93",
  "talmagiker-face/std/3/0": "4785d1f12f2d8cee",
  "talmagiker-face/std/3/1": "d43ec5521df41c4e",
  "talmagiker-face/std/3/2": "ab366a182786c690",
  "talmagiker-face/think": "3fd09860a5442b2a",
  "talmagiker-face/wave": "5fdc9346cc8045cd",
  "talmagiker-hand/cheer": "a100aab1b63acb4c",
  "talmagiker-hand/happy": "480e8e95785bb0bf",
  "talmagiker-hand/idle": "42a2bec493e9c974",
  "talmagiker-hand/oops": "9f89a593a2af5a6e",
  "talmagiker-hand/sleep": "3562780d207dc60f",
  "talmagiker-hand/std/1/0": "04015bc3b2d9d04c",
  "talmagiker-hand/std/1/1": "808b442ce00bf0b5",
  "talmagiker-hand/std/1/2": "37f9653ca2c41ef5",
  "talmagiker-hand/std/2/0": "42a2bec493e9c974",
  "talmagiker-hand/std/2/1": "2280743f453aeedc",
  "talmagiker-hand/std/2/2": "dc2212e4dfa49c20",
  "talmagiker-hand/std/3/0": "0af2aad2a712d913",
  "talmagiker-hand/std/3/1": "0f0f4d515d7a29d0",
  "talmagiker-hand/std/3/2": "09aa41abc5e3d469",
  "talmagiker-hand/think": "9407e403b4eb8715",
  "talmagiker-hand/wave": "67a4dfbca9f5d823",
  "talmagiker-head/cheer": "70ce54ae5cde15bc",
  "talmagiker-head/happy": "ad2cdbbbe112c509",
  "talmagiker-head/idle": "02c9ce6ae3569ddf",
  "talmagiker-head/oops": "3d271bee9ed08c97",
  "talmagiker-head/sleep": "fab5e01ba23657cd",
  "talmagiker-head/std/1/0": "04a9a2fe15e1b397",
  "talmagiker-head/std/1/1": "a8aafcf9760f55b6",
  "talmagiker-head/std/1/2": "7c811ba8bfcdffca",
  "talmagiker-head/std/2/0": "02c9ce6ae3569ddf",
  "talmagiker-head/std/2/1": "6895fb21363471ad",
  "talmagiker-head/std/2/2": "d6f24b02c05a35e2",
  "talmagiker-head/std/3/0": "17e83e4e6c857d44",
  "talmagiker-head/std/3/1": "88448a92b9666ed4",
  "talmagiker-head/std/3/2": "1d323861de82d3a2",
  "talmagiker-head/think": "2317ef5e19036d3f",
  "talmagiker-head/wave": "b1cd9a95627e77a7",
  "talmagiker-neck/cheer": "5f335da7db75cb21",
  "talmagiker-neck/happy": "7c8f523d47bf0525",
  "talmagiker-neck/idle": "cf2d9a4a5490a9a8",
  "talmagiker-neck/oops": "29b57565b6bd3a54",
  "talmagiker-neck/sleep": "7afdcd1d1a23b05a",
  "talmagiker-neck/std/1/0": "6e1ce9892a92edf5",
  "talmagiker-neck/std/1/1": "858e89844ce2acc9",
  "talmagiker-neck/std/1/2": "64f48ec6b42c0137",
  "talmagiker-neck/std/2/0": "cf2d9a4a5490a9a8",
  "talmagiker-neck/std/2/1": "25a9e4c3e9d673b6",
  "talmagiker-neck/std/2/2": "c5f943aa7596ba31",
  "talmagiker-neck/std/3/0": "2a5ece669b7c03ec",
  "talmagiker-neck/std/3/1": "5020b2ec47c1e63a",
  "talmagiker-neck/std/3/2": "bfcdf1029157715e",
  "talmagiker-neck/think": "afcdad05ff018bd4",
  "talmagiker-neck/wave": "ad995cfd9460a653",
}
`;

exports[`hash-regression · unicorn > pr. genstand · stadie · farvesæt (racerne på skift) og pr. genstand · humør 1`] = `
{
  "talmagiker-back/cheer": "766041f2bef94ac1",
  "talmagiker-back/foal/1/0": "d319aa6bb0daa487",
  "talmagiker-back/foal/2/0": "ce79d73362f3ec4f",
  "talmagiker-back/foal/3/0": "df69fed933d338a3",
  "talmagiker-back/happy": "6ffac10d3b784d0a",
  "talmagiker-back/idle": "ce79d73362f3ec4f",
  "talmagiker-back/oops": "9bc847f0d702d57e",
  "talmagiker-back/sleep": "4ced0c9e238eb4e5",
  "talmagiker-back/starhorn/1/2": "a01f791687784430",
  "talmagiker-back/starhorn/2/2": "f9db2ba7963d1faf",
  "talmagiker-back/starhorn/3/2": "0d028e058d33d386",
  "talmagiker-back/think": "8f24347eac1c8e88",
  "talmagiker-back/wave": "0c6454d002b32ee5",
  "talmagiker-back/wavy/1/1": "0f753f0c02d4f40f",
  "talmagiker-back/wavy/2/1": "1a1624705aaa102c",
  "talmagiker-back/wavy/3/1": "638f87ac7ed7598b",
  "talmagiker-body/cheer": "40929d9c627739b3",
  "talmagiker-body/foal/1/0": "856980a8fe73bc65",
  "talmagiker-body/foal/2/0": "2ff05661e783bac0",
  "talmagiker-body/foal/3/0": "1dad38b87e9669aa",
  "talmagiker-body/happy": "6e5b8a29b0e83d02",
  "talmagiker-body/idle": "2ff05661e783bac0",
  "talmagiker-body/oops": "c86b2c2c92a45196",
  "talmagiker-body/sleep": "39e1864d5798cbe2",
  "talmagiker-body/starhorn/1/2": "20015d6a05d75984",
  "talmagiker-body/starhorn/2/2": "28ece789eea92249",
  "talmagiker-body/starhorn/3/2": "4d0073ba070a5ad8",
  "talmagiker-body/think": "d09474865c16936a",
  "talmagiker-body/wave": "5172a341cc80fade",
  "talmagiker-body/wavy/1/1": "3eecd57e577691cf",
  "talmagiker-body/wavy/2/1": "ecfb06608f2ddaf1",
  "talmagiker-body/wavy/3/1": "d923b39e5ec459ea",
  "talmagiker-face/cheer": "fe02d6d18049b8f5",
  "talmagiker-face/foal/1/0": "ab621f48ecfed7fc",
  "talmagiker-face/foal/2/0": "19d445a65fae47b9",
  "talmagiker-face/foal/3/0": "2d07f70632c2f8e6",
  "talmagiker-face/happy": "0e5bcd8971b5d6fe",
  "talmagiker-face/idle": "19d445a65fae47b9",
  "talmagiker-face/oops": "8e27abd883254867",
  "talmagiker-face/sleep": "0e98cff2a078dbd8",
  "talmagiker-face/starhorn/1/2": "dcd69663bee22d2d",
  "talmagiker-face/starhorn/2/2": "83a66b610b8e0bb0",
  "talmagiker-face/starhorn/3/2": "70798ecab33eae39",
  "talmagiker-face/think": "30f71e776272db97",
  "talmagiker-face/wave": "d28fe3664d472fe0",
  "talmagiker-face/wavy/1/1": "b78489164e034f4c",
  "talmagiker-face/wavy/2/1": "3a1ff07def921069",
  "talmagiker-face/wavy/3/1": "a2b91e592bdba625",
  "talmagiker-hand/cheer": "0e4565e436189de0",
  "talmagiker-hand/foal/1/0": "f9a6f2bbfde19476",
  "talmagiker-hand/foal/2/0": "734f69139eea1f20",
  "talmagiker-hand/foal/3/0": "b9921d101957f4fe",
  "talmagiker-hand/happy": "516b88d83845d2c9",
  "talmagiker-hand/idle": "734f69139eea1f20",
  "talmagiker-hand/oops": "7b2be1a01f46512e",
  "talmagiker-hand/sleep": "74f18c43dee2b2f6",
  "talmagiker-hand/starhorn/1/2": "afd441e999e5f9df",
  "talmagiker-hand/starhorn/2/2": "481ef065cd9473ee",
  "talmagiker-hand/starhorn/3/2": "f537cf60c20e03f4",
  "talmagiker-hand/think": "42c9e525f13adea2",
  "talmagiker-hand/wave": "5e3ed266b248cb01",
  "talmagiker-hand/wavy/1/1": "5463fcb608cac125",
  "talmagiker-hand/wavy/2/1": "d986469a369f1027",
  "talmagiker-hand/wavy/3/1": "39fbefe691976fa5",
  "talmagiker-head/cheer": "5afb8f3f72da20c8",
  "talmagiker-head/foal/1/0": "03a79748262714c9",
  "talmagiker-head/foal/2/0": "72f42f2021015343",
  "talmagiker-head/foal/3/0": "5837c7677eb62082",
  "talmagiker-head/happy": "7dd7713606d0409f",
  "talmagiker-head/idle": "72f42f2021015343",
  "talmagiker-head/oops": "41c198b56505549b",
  "talmagiker-head/sleep": "ecead475ab5d24cc",
  "talmagiker-head/starhorn/1/2": "5a3dc9bb98b4e40a",
  "talmagiker-head/starhorn/2/2": "417c1caa7de89d45",
  "talmagiker-head/starhorn/3/2": "ca4fb82f57076c4e",
  "talmagiker-head/think": "59ab80b1ad61280f",
  "talmagiker-head/wave": "1e284bb63808775d",
  "talmagiker-head/wavy/1/1": "2379e86bb3bd6af5",
  "talmagiker-head/wavy/2/1": "7ff2a18d71fe196f",
  "talmagiker-head/wavy/3/1": "633b61608fe7352d",
  "talmagiker-neck/cheer": "d4e2ac6fb59784ed",
  "talmagiker-neck/foal/1/0": "6585fdee2cb541e2",
  "talmagiker-neck/foal/2/0": "4e00a4f736f62fe4",
  "talmagiker-neck/foal/3/0": "7f4b002653858ca1",
  "talmagiker-neck/happy": "d16d0ac2c65b9208",
  "talmagiker-neck/idle": "4e00a4f736f62fe4",
  "talmagiker-neck/oops": "10b3c5da2f4e1e57",
  "talmagiker-neck/sleep": "23578d4137fb5f80",
  "talmagiker-neck/starhorn/1/2": "fb3db6d7ed1f23ba",
  "talmagiker-neck/starhorn/2/2": "c26e7849480444fb",
  "talmagiker-neck/starhorn/3/2": "0c63c3adfefd89f1",
  "talmagiker-neck/think": "697501e679d80950",
  "talmagiker-neck/wave": "031f418fba7f3348",
  "talmagiker-neck/wavy/1/1": "f66e8755165a91a7",
  "talmagiker-neck/wavy/2/1": "5eb9ecb586b5de86",
  "talmagiker-neck/wavy/3/1": "9220b80072089455",
}
`;
