// Vitest Snapshot v1, https://vitest.dev/guide/snapshot.html

exports[`hash-regression · cat > pr. genstand · stadie · farvesæt (racerne på skift) og pr. genstand · humør 1`] = `
{
  "ridder-back/cheer": "53faefed40b87180",
  "ridder-back/domestic/1/0": "d3e848080d77b691",
  "ridder-back/domestic/2/0": "8c7c13d5fad580dd",
  "ridder-back/domestic/3/0": "81b4448260ea8626",
  "ridder-back/happy": "3143a1cfc1e22be0",
  "ridder-back/idle": "8c7c13d5fad580dd",
  "ridder-back/longhair/1/1": "742284d7ef592acc",
  "ridder-back/longhair/2/1": "cc92ac3b35850df2",
  "ridder-back/longhair/3/1": "48a021f811a7d07e",
  "ridder-back/mainecoon/1/2": "c8ec8e4f829bb556",
  "ridder-back/mainecoon/2/2": "a4b37a69ceca21f3",
  "ridder-back/mainecoon/3/2": "e4192c1f3b3233b4",
  "ridder-back/oops": "16fe5aa84dad6c5d",
  "ridder-back/sleep": "eff304eab87dd1ec",
  "ridder-back/think": "b638d98f2f97933d",
  "ridder-back/wave": "7c767a450105c1fa",
  "ridder-body/cheer": "1db29527e2d491b9",
  "ridder-body/domestic/1/0": "8d5c7cd9f848e9f5",
  "ridder-body/domestic/2/0": "13bddda1b4afeffc",
  "ridder-body/domestic/3/0": "5c3b1fa2cac14b6d",
  "ridder-body/happy": "0b98182a64dd1d53",
  "ridder-body/idle": "13bddda1b4afeffc",
  "ridder-body/longhair/1/1": "03348ae2bcbaadc5",
  "ridder-body/longhair/2/1": "7222fa32ce7c76e7",
  "ridder-body/longhair/3/1": "f82a005fce0de94b",
  "ridder-body/mainecoon/1/2": "d81ac46b34cc6a7a",
  "ridder-body/mainecoon/2/2": "6d48eb2c03469ce8",
  "ridder-body/mainecoon/3/2": "ebc90b8fb2386f35",
  "ridder-body/oops": "a58e2352c9c4e092",
  "ridder-body/sleep": "dbb4ca4b0909aa41",
  "ridder-body/think": "97b7cc1620bc4ab5",
  "ridder-body/wave": "3c783c2378eda70c",
  "ridder-face/cheer": "6722d0e191881c30",
  "ridder-face/domestic/1/0": "cf8d5a6914c99e99",
  "ridder-face/domestic/2/0": "6777c1386de2c0e7",
  "ridder-face/domestic/3/0": "0c8da17c244f7c32",
  "ridder-face/happy": "e0f932ea7b9801f6",
  "ridder-face/idle": "6777c1386de2c0e7",
  "ridder-face/longhair/1/1": "d2be91dbb05f89fa",
  "ridder-face/longhair/2/1": "7efb26d3af2417b0",
  "ridder-face/longhair/3/1": "aca0c94f6706cf00",
  "ridder-face/mainecoon/1/2": "1186fe267809f100",
  "ridder-face/mainecoon/2/2": "ab427285cececefc",
  "ridder-face/mainecoon/3/2": "9db3f8b4fa06a647",
  "ridder-face/oops": "9ff2e8700d301fb1",
  "ridder-face/sleep": "71e4d2362b715c35",
  "ridder-face/think": "eed9c4b8b1ff5a06",
  "ridder-face/wave": "283470ff0cedc0fa",
  "ridder-hand/cheer": "6b38b141bc38f00b",
  "ridder-hand/domestic/1/0": "0b0d6de4187b715c",
  "ridder-hand/domestic/2/0": "d67486dec1bd411f",
  "ridder-hand/domestic/3/0": "74b943522c3207c8",
  "ridder-hand/happy": "3111ab1b5172686b",
  "ridder-hand/idle": "d67486dec1bd411f",
  "ridder-hand/longhair/1/1": "e9973cf8d3d10e1a",
  "ridder-hand/longhair/2/1": "8a00a708a38fe5f2",
  "ridder-hand/longhair/3/1": "cc12cb7fa9ffb995",
  "ridder-hand/mainecoon/1/2": "f38d48748a2fc42b",
  "ridder-hand/mainecoon/2/2": "f71f338e2a6f1c4b",
  "ridder-hand/mainecoon/3/2": "141e837c95544997",
  "ridder-hand/oops": "91e60ec9550f8351",
  "ridder-hand/sleep": "bd10baec94f69469",
  "ridder-hand/think": "637449ee06331c8a",
  "ridder-hand/wave": "6eb726077dcd67fa",
  "ridder-head/cheer": "48485601670831b6",
  "ridder-head/domestic/1/0": "64b592434a24e26a",
  "ridder-head/domestic/2/0": "ffa1882217abeb2d",
  "ridder-head/domestic/3/0": "d6e4711e38c99e9f",
  "ridder-head/happy": "71c72135656a11af",
  "ridder-head/idle": "ffa1882217abeb2d",
  "ridder-head/longhair/1/1": "79678f755992d744",
  "ridder-head/longhair/2/1": "943628bc8375ac2c",
  "ridder-head/longhair/3/1": "a135434e80bdec59",
  "ridder-head/mainecoon/1/2": "0395879de1d0f582",
  "ridder-head/mainecoon/2/2": "e6037a19cd610540",
  "ridder-head/mainecoon/3/2": "38db10cc58471ee3",
  "ridder-head/oops": "29e0ab6dfa423a45",
  "ridder-head/sleep": "ae5069eb893dacb6",
  "ridder-head/think": "c1358bdd1a3897d4",
  "ridder-head/wave": "255afdeb06285cd5",
  "ridder-neck/cheer": "c5b097dd41321a3d",
  "ridder-neck/domestic/1/0": "d4ac11ed6a018a15",
  "ridder-neck/domestic/2/0": "4817b2b837932eff",
  "ridder-neck/domestic/3/0": "8553d749d330d07d",
  "ridder-neck/happy": "14c83e5e48e17c25",
  "ridder-neck/idle": "4817b2b837932eff",
  "ridder-neck/longhair/1/1": "66e79040ce959c4b",
  "ridder-neck/longhair/2/1": "a6717815d8169db8",
  "ridder-neck/longhair/3/1": "951de5620f7e5e2b",
  "ridder-neck/mainecoon/1/2": "133186fd430903a0",
  "ridder-neck/mainecoon/2/2": "855d5edcc3bb6c2f",
  "ridder-neck/mainecoon/3/2": "d28428940c231334",
  "ridder-neck/oops": "f260691eba53acab",
  "ridder-neck/sleep": "962feb93beeec2d1",
  "ridder-neck/think": "b37da04976fa3732",
  "ridder-neck/wave": "b261155dd393b811",
}
`;

exports[`hash-regression · fox > pr. genstand · stadie · farvesæt (racerne på skift) og pr. genstand · humør 1`] = `
{
  "ridder-back/cheer": "78e86db9f9cb35ef",
  "ridder-back/happy": "e6d2e1d723126ece",
  "ridder-back/idle": "d95b1fe98d5cd652",
  "ridder-back/oops": "1134335c164b0f5c",
  "ridder-back/sleep": "23dd15e6821319e1",
  "ridder-back/std/1/0": "67417f92d8c7969d",
  "ridder-back/std/1/1": "5f61f373e4da3add",
  "ridder-back/std/1/2": "2082da2809c0c988",
  "ridder-back/std/2/0": "d95b1fe98d5cd652",
  "ridder-back/std/2/1": "2c7cdbc8c2c64462",
  "ridder-back/std/2/2": "a8c24156f975895b",
  "ridder-back/std/3/0": "15a5116d8faf5b99",
  "ridder-back/std/3/1": "875775f339cc497e",
  "ridder-back/std/3/2": "266d2d0c16d9f280",
  "ridder-back/think": "e560cf2e9bfc7596",
  "ridder-back/wave": "c391b67e7b3f9dd4",
  "ridder-body/cheer": "21677d12ca341b76",
  "ridder-body/happy": "09e33a70b052521e",
  "ridder-body/idle": "d0da21ba7f26ed5f",
  "ridder-body/oops": "022c80f4a9635dfe",
  "ridder-body/sleep": "607d7fb45419a98c",
  "ridder-body/std/1/0": "dd31c27bf2cbd264",
  "ridder-body/std/1/1": "b7d03fb4e1c450c4",
  "ridder-body/std/1/2": "8e1ef1cf26c59148",
  "ridder-body/std/2/0": "d0da21ba7f26ed5f",
  "ridder-body/std/2/1": "442cdf5e90c58de4",
  "ridder-body/std/2/2": "f563b25591f04c6c",
  "ridder-body/std/3/0": "745062d188a4fba0",
  "ridder-body/std/3/1": "2cbab72b0c77ed45",
  "ridder-body/std/3/2": "646c3454b21d8b32",
  "ridder-body/think": "0faa72ced8da8975",
  "ridder-body/wave": "c2be50ae9f88d683",
  "ridder-face/cheer": "2b6226c38872ea87",
  "ridder-face/happy": "4c8822956325f780",
  "ridder-face/idle": "c6c9815bfa5eb6f0",
  "ridder-face/oops": "b9b99701f668a161",
  "ridder-face/sleep": "80e002d798292e6e",
  "ridder-face/std/1/0": "f1686d11063565dd",
  "ridder-face/std/1/1": "2c95534c5fbe9ff6",
  "ridder-face/std/1/2": "86a5c110bc243972",
  "ridder-face/std/2/0": "c6c9815bfa5eb6f0",
  "ridder-face/std/2/1": "b70ad84435eeca7f",
  "ridder-face/std/2/2": "37488988001e95dc",
  "ridder-face/std/3/0": "1936efe450c084fe",
  "ridder-face/std/3/1": "bd1d0f7989ca0b19",
  "ridder-face/std/3/2": "618fd5e25970a621",
  "ridder-face/think": "96a8946673678846",
  "ridder-face/wave": "95d2369d2f5e5725",
  "ridder-hand/cheer": "1f814cbc00e91bfc",
  "ridder-hand/happy": "ce74101268def6fc",
  "ridder-hand/idle": "4ee11e6eb7edd942",
  "ridder-hand/oops": "c68ed5a6c7672f82",
  "ridder-hand/sleep": "6795cbb12252f4cc",
  "ridder-hand/std/1/0": "2f69a86a460dbc8a",
  "ridder-hand/std/1/1": "4a061f951f8d51ee",
  "ridder-hand/std/1/2": "7d6454e1acb58c38",
  "ridder-hand/std/2/0": "4ee11e6eb7edd942",
  "ridder-hand/std/2/1": "9ef126b7625445f6",
  "ridder-hand/std/2/2": "778b3dd72468bd2e",
  "ridder-hand/std/3/0": "33c213c3fb1edc1c",
  "ridder-hand/std/3/1": "4a1e87a6e7e79172",
  "ridder-hand/std/3/2": "439f39f357f350ea",
  "ridder-hand/think": "219da218a4c696f5",
  "ridder-hand/wave": "bb257e5e81a99ad2",
  "ridder-head/cheer": "f09658c331c9b925",
  "ridder-head/happy": "476ec0c0c8d103db",
  "ridder-head/idle": "86eb6f7f38433ec9",
  "ridder-head/oops": "68a7a2a748271342",
  "ridder-head/sleep": "6320a0d3356f1126",
  "ridder-head/std/1/0": "f534d95a4f213032",
  "ridder-head/std/1/1": "96d2794f0b4859dd",
  "ridder-head/std/1/2": "cec154b4893272aa",
  "ridder-head/std/2/0": "86eb6f7f38433ec9",
  "ridder-head/std/2/1": "09804c5e6e0ffb5a",
  "ridder-head/std/2/2": "4e1c71e9b807ed4c",
  "ridder-head/std/3/0": "2da4554692b21a57",
  "ridder-head/std/3/1": "1692bf7690fbfd2a",
  "ridder-head/std/3/2": "f20ec0f9645f0cfa",
  "ridder-head/think": "2ad0eac437431f84",
  "ridder-head/wave": "12e8b294653df494",
  "ridder-neck/cheer": "1e5f43450f333eab",
  "ridder-neck/happy": "3c1d85bad33334fe",
  "ridder-neck/idle": "9dd604f9bda7f9ec",
  "ridder-neck/oops": "879c7e693785c142",
  "ridder-neck/sleep": "5ede211ccc1a4c7f",
  "ridder-neck/std/1/0": "00455a2cdf56493f",
  "ridder-neck/std/1/1": "6e7c8db15ec56843",
  "ridder-neck/std/1/2": "dc83a864abde4c75",
  "ridder-neck/std/2/0": "9dd604f9bda7f9ec",
  "ridder-neck/std/2/1": "20cce1187fae303c",
  "ridder-neck/std/2/2": "484c63d82de4fe25",
  "ridder-neck/std/3/0": "f806d4bdb017d6a9",
  "ridder-neck/std/3/1": "86e70d16970cc8e2",
  "ridder-neck/std/3/2": "04e8523493386e35",
  "ridder-neck/think": "d05d384afa6de47d",
  "ridder-neck/wave": "785e2c5d284bdec4",
}
`;

exports[`hash-regression · hamster > pr. genstand · stadie · farvesæt (racerne på skift) og pr. genstand · humør 1`] = `
{
  "ridder-back/cheer": "2788064bbcd48ed9",
  "ridder-back/happy": "f93c6eea7dfb3b0e",
  "ridder-back/idle": "d2e35d33f9ef4022",
  "ridder-back/oops": "cbb68418ab7327d9",
  "ridder-back/sleep": "39b24164c9fb7587",
  "ridder-back/std/1/0": "2545fa67b4b6bd04",
  "ridder-back/std/1/1": "6ffccb9e2eb93bfa",
  "ridder-back/std/1/2": "98a3ca7cb42e551b",
  "ridder-back/std/2/0": "d2e35d33f9ef4022",
  "ridder-back/std/2/1": "43e749b0af3d2ede",
  "ridder-back/std/2/2": "147cec5cbfd531c6",
  "ridder-back/std/3/0": "db3b06f1de15b013",
  "ridder-back/std/3/1": "1b932cca65b8d4ca",
  "ridder-back/std/3/2": "a0a9b3056fcb42db",
  "ridder-back/think": "ee94a9aef6bded69",
  "ridder-back/wave": "469084eb005f943d",
  "ridder-body/cheer": "abc8269182874cde",
  "ridder-body/happy": "e03b009d0cbc9a07",
  "ridder-body/idle": "8ee030f9a126c4ed",
  "ridder-body/oops": "3fdd7065cc794e9b",
  "ridder-body/sleep": "07ca85fed145dc6b",
  "ridder-body/std/1/0": "b3ce670db75623f8",
  "ridder-body/std/1/1": "bbbcaf8aad184c21",
  "ridder-body/std/1/2": "9ee2d45b297d1c29",
  "ridder-body/std/2/0": "8ee030f9a126c4ed",
  "ridder-body/std/2/1": "2af4a6b980564c5a",
  "ridder-body/std/2/2": "ee11f92c026f484d",
  "ridder-body/std/3/0": "a5bce48af607c7bf",
  "ridder-body/std/3/1": "92eb1bb91c1660d9",
  "ridder-body/std/3/2": "fb5b4eea57343f0c",
  "ridder-body/think": "650f8da8952116a1",
  "ridder-body/wave": "2fe46d696b9ce4e0",
  "ridder-face/cheer": "9970e6eef46d097c",
  "ridder-face/happy": "192eaf5dcf03e1cb",
  "ridder-face/idle": "054a6a747f97c2fb",
  "ridder-face/oops": "404ec5590791644d",
  "ridder-face/sleep": "52bce27c7a8361fe",
  "ridder-face/std/1/0": "047cb4625f03e560",
  "ridder-face/std/1/1": "861c7f47b9cddc08",
  "ridder-face/std/1/2": "c35ec8e7b97b8c50",
  "ridder-face/std/2/0": "054a6a747f97c2fb",
  "ridder-face/std/2/1": "bfb83ec7173f8c8d",
  "ridder-face/std/2/2": "50fc04ec8fe8088d",
  "ridder-face/std/3/0": "6a7d7c31cb5acdd4",
  "ridder-face/std/3/1": "501aa907469fd879",
  "ridder-face/std/3/2": "0cbb41f712aab44e",
  "ridder-face/think": "3f3254786f367739",
  "ridder-face/wave": "8da4b57ac3234e71",
  "ridder-hand/cheer": "3769c0ed90a3575a",
  "ridder-hand/happy": "e6ff441ed344460f",
  "ridder-hand/idle": "53bd78702fcf57b0",
  "ridder-hand/oops": "699b7aa0e740f866",
  "ridder-hand/sleep": "3e1e707a64993e50",
  "ridder-hand/std/1/0": "a493957a7c16fccb",
  "ridder-hand/std/1/1": "1b29e24c5fbc024a",
  "ridder-hand/std/1/2": "3bf079bd57b22a5d",
  "ridder-hand/std/2/0": "53bd78702fcf57b0",
  "ridder-hand/std/2/1": "e7fbe34678868e39",
  "ridder-hand/std/2/2": "b29be742f1cbfb74",
  "ridder-hand/std/3/0": "0ae5ea4eac711825",
  "ridder-hand/std/3/1": "8c9ad8d8ecd512e5",
  "ridder-hand/std/3/2": "10c67723ef81acd3",
  "ridder-hand/think": "b0de8debd7a714f5",
  "ridder-hand/wave": "a66f269077ec2fb1",
  "ridder-head/cheer": "b4a76f070cc7efb9",
  "ridder-head/happy": "0a752c339ee8764a",
  "ridder-head/idle": "c023e85156dcb3db",
  "ridder-head/oops": "41185415703c57fd",
  "ridder-head/sleep": "e0283520016bc731",
  "ridder-head/std/1/0": "81a1c8d11b899e68",
  "ridder-head/std/1/1": "d533fb402cc95109",
  "ridder-head/std/1/2": "31b2ca96a0374642",
  "ridder-head/std/2/0": "c023e85156dcb3db",
  "ridder-head/std/2/1": "141ddc66aed6137d",
  "ridder-head/std/2/2": "0f054a7fae279424",
  "ridder-head/std/3/0": "3073c45b3050a472",
  "ridder-head/std/3/1": "c59b652d2a218ca2",
  "ridder-head/std/3/2": "562a1e0f3d39a9e5",
  "ridder-head/think": "794831f48a04e2ff",
  "ridder-head/wave": "9c4d3bf0a4960902",
  "ridder-neck/cheer": "d937e25f36d1db23",
  "ridder-neck/happy": "8505b54cde1effc5",
  "ridder-neck/idle": "066d30ae9a72ebff",
  "ridder-neck/oops": "6b1e6edfbe908e76",
  "ridder-neck/sleep": "cce3cc8d948ab11b",
  "ridder-neck/std/1/0": "5c5b78945b959a44",
  "ridder-neck/std/1/1": "f6a1651641557c68",
  "ridder-neck/std/1/2": "4157e8a4e9d22b79",
  "ridder-neck/std/2/0": "066d30ae9a72ebff",
  "ridder-neck/std/2/1": "3ba36b28899ce077",
  "ridder-neck/std/2/2": "98d9b0330b531622",
  "ridder-neck/std/3/0": "5aaf37410484e015",
  "ridder-neck/std/3/1": "431cc2a048735782",
  "ridder-neck/std/3/2": "7af2b99043c32971",
  "ridder-neck/think": "f6f7e1e6cb8d8265",
  "ridder-neck/wave": "2b9f6c36a75bc6dc",
}
`;

exports[`hash-regression · hedgehog > pr. genstand · stadie · farvesæt (racerne på skift) og pr. genstand · humør 1`] = `
{
  "ridder-back/cheer": "3c421b37446ce223",
  "ridder-back/happy": "1d7146446c8eda54",
  "ridder-back/idle": "361aed933f3608b7",
  "ridder-back/oops": "38b3916b6a8df179",
  "ridder-back/sleep": "9a5cde684b9b96d0",
  "ridder-back/std/1/0": "1acac7c4e950d0d4",
  "ridder-back/std/1/1": "b54e483b99158e72",
  "ridder-back/std/1/2": "bbeafaea9658a421",
  "ridder-back/std/2/0": "361aed933f3608b7",
  "ridder-back/std/2/1": "feaec2672d02c117",
  "ridder-back/std/2/2": "9f1c2c8b08b44411",
  "ridder-back/std/3/0": "834e064472a62ff6",
  "ridder-back/std/3/1": "76786969168329d0",
  "ridder-back/std/3/2": "e17d4ad64682092a",
  "ridder-back/think": "46cd8c0f96e3330f",
  "ridder-back/wave": "27e7db93b6837f65",
  "ridder-body/cheer": "1944e6bad0bc9238",
  "ridder-body/happy": "1a57ae56aa443c1f",
  "ridder-body/idle": "5be794cba578f722",
  "ridder-body/oops": "f1c67c6b73c3c64e",
  "ridder-body/sleep": "4583e3a3782ff009",
  "ridder-body/std/1/0": "c6f3b738d4437e13",
  "ridder-body/std/1/1": "740711298c2fbbbe",
  "ridder-body/std/1/2": "291805cdf712f670",
  "ridder-body/std/2/0": "5be794cba578f722",
  "ridder-body/std/2/1": "f3bb214b17aadf6e",
  "ridder-body/std/2/2": "4f66dd46baa09cd6",
  "ridder-body/std/3/0": "3b756174d37021b3",
  "ridder-body/std/3/1": "5029c75709bf2b7d",
  "ridder-body/std/3/2": "d6d9dc7f82f8f487",
  "ridder-body/think": "ac5e63d7ee50ec50",
  "ridder-body/wave": "47ebbed69d29d52f",
  "ridder-face/cheer": "957f863ed75f5a0f",
  "ridder-face/happy": "2afacbac3d45937b",
  "ridder-face/idle": "92a778e688284cea",
  "ridder-face/oops": "f516150e44674f0a",
  "ridder-face/sleep": "cc1ba29777a1bdb2",
  "ridder-face/std/1/0": "9eadd2624f401d77",
  "ridder-face/std/1/1": "ff0117cc80529130",
  "ridder-face/std/1/2": "ac69017d5e05a101",
  "ridder-face/std/2/0": "92a778e688284cea",
  "ridder-face/std/2/1": "48c9303e57af8804",
  "ridder-face/std/2/2": "625abf22019aa62f",
  "ridder-face/std/3/0": "57fadc2524055a2f",
  "ridder-face/std/3/1": "112cd4f13b20f78f",
  "ridder-face/std/3/2": "0b9f4ff5e718dc45",
  "ridder-face/think": "7c28650525357ef4",
  "ridder-face/wave": "3d17877c33b1c1a8",
  "ridder-hand/cheer": "62b8942d71323d31",
  "ridder-hand/happy": "1a99db218b8e703b",
  "ridder-hand/idle": "e97dcee96488ca2a",
  "ridder-hand/oops": "5259470c6c6f3f75",
  "ridder-hand/sleep": "0f9e21634ccb52ec",
  "ridder-hand/std/1/0": "74dc6a4db1be83f6",
  "ridder-hand/std/1/1": "96c800200520a326",
  "ridder-hand/std/1/2": "9e1e6b612b35c761",
  "ridder-hand/std/2/0": "e97dcee96488ca2a",
  "ridder-hand/std/2/1": "646e3fbfa278c9d3",
  "ridder-hand/std/2/2": "293d6a18c5597a0a",
  "ridder-hand/std/3/0": "663c4a3d0eaeb22b",
  "ridder-hand/std/3/1": "24c5e38ced23248a",
  "ridder-hand/std/3/2": "b893db6a51e31e3f",
  "ridder-hand/think": "859c0b636b89adbe",
  "ridder-hand/wave": "b08be5b69e86ea58",
  "ridder-head/cheer": "11a454fc18e1412d",
  "ridder-head/happy": "46e95f29d4d71fe7",
  "ridder-head/idle": "b467b8a4485fc87d",
  "ridder-head/oops": "47275b94c9ffe6a1",
  "ridder-head/sleep": "366b915fc1b5bcfa",
  "ridder-head/std/1/0": "82c01aade4eb9e8c",
  "ridder-head/std/1/1": "282f6bca4c400d3a",
  "ridder-head/std/1/2": "9a5624c6043d5291",
  "ridder-head/std/2/0": "b467b8a4485fc87d",
  "ridder-head/std/2/1": "20f42596e2c93dac",
  "ridder-head/std/2/2": "79fc77fee1a8a5b1",
  "ridder-head/std/3/0": "2264e73ffaa0c079",
  "ridder-head/std/3/1": "794b61c153d63d14",
  "ridder-head/std/3/2": "41a331ce096989f3",
  "ridder-head/think": "c113f13e7ddb7c86",
  "ridder-head/wave": "8eb095ae84a3df09",
  "ridder-neck/cheer": "7c85a9aaf6dbb3df",
  "ridder-neck/happy": "d137a29d595b407c",
  "ridder-neck/idle": "d51495924f7d0813",
  "ridder-neck/oops": "b32261068037a3e6",
  "ridder-neck/sleep": "3948f6f26761345a",
  "ridder-neck/std/1/0": "f87136117d7d1570",
  "ridder-neck/std/1/1": "d679ad10e6356a5e",
  "ridder-neck/std/1/2": "a34c8e200cc29ecf",
  "ridder-neck/std/2/0": "d51495924f7d0813",
  "ridder-neck/std/2/1": "f45195f02aa86c1a",
  "ridder-neck/std/2/2": "ce656c9b073538de",
  "ridder-neck/std/3/0": "d4b7fd736f777a11",
  "ridder-neck/std/3/1": "0820a1c757597f8c",
  "ridder-neck/std/3/2": "bd89bcffc687c7b3",
  "ridder-neck/think": "0470496e8b40f5e4",
  "ridder-neck/wave": "ee74a5d8850c8c2e",
}
`;

exports[`hash-regression · horse > pr. genstand · stadie · farvesæt (racerne på skift) og pr. genstand · humør 1`] = `
{
  "ridder-back/arabian/1/2": "5726fb10f9799cb1",
  "ridder-back/arabian/2/2": "8e1108b817bc5428",
  "ridder-back/arabian/3/2": "82b2a940cb2089df",
  "ridder-back/cheer": "3bac75ec2b2c5298",
  "ridder-back/fjord/1/1": "908c693d14261077",
  "ridder-back/fjord/2/1": "36a331c61e2ff9b7",
  "ridder-back/fjord/3/1": "36d5a454d4ea307d",
  "ridder-back/happy": "b137c526b6dd246c",
  "ridder-back/idle": "d4302f1ba2d3079f",
  "ridder-back/oops": "5e7c589e316d62be",
  "ridder-back/shetland/1/0": "5923b379ef20e3f5",
  "ridder-back/shetland/2/0": "d4302f1ba2d3079f",
  "ridder-back/shetland/3/0": "aa4958a275d7d6dd",
  "ridder-back/sleep": "300cb4ede73d7fc1",
  "ridder-back/think": "7a567152ef37665d",
  "ridder-back/wave": "97a875a864049618",
  "ridder-body/arabian/1/2": "9d82a19fc567526e",
  "ridder-body/arabian/2/2": "4cd072c479936bb3",
  "ridder-body/arabian/3/2": "7de6626006713b04",
  "ridder-body/cheer": "27b3f92ded437ab4",
  "ridder-body/fjord/1/1": "d58b2d60a5d6432f",
  "ridder-body/fjord/2/1": "427a320ef5fb8d3e",
  "ridder-body/fjord/3/1": "d2858d335f7fb247",
  "ridder-body/happy": "7fad22a45eaabc5e",
  "ridder-body/idle": "198d6417bfdd8968",
  "ridder-body/oops": "775d6595652d7d77",
  "ridder-body/shetland/1/0": "f9b2ee4669cb2f12",
  "ridder-body/shetland/2/0": "198d6417bfdd8968",
  "ridder-body/shetland/3/0": "65f70253db671de1",
  "ridder-body/sleep": "4defde969581e1d9",
  "ridder-body/think": "06442b7110587203",
  "ridder-body/wave": "dab6fb0e8022cd5c",
  "ridder-face/arabian/1/2": "8e67fd0937d8f324",
  "ridder-face/arabian/2/2": "f9d9063923aced8b",
  "ridder-face/arabian/3/2": "a2070a2a84d11093",
  "ridder-face/cheer": "76bc579f106b018d",
  "ridder-face/fjord/1/1": "6800662011266c29",
  "ridder-face/fjord/2/1": "f4d94a0ce4e52931",
  "ridder-face/fjord/3/1": "772513177d037c27",
  "ridder-face/happy": "fe88423d80d1debe",
  "ridder-face/idle": "355f95c2f69c0b4a",
  "ridder-face/oops": "64328094f64f168a",
  "ridder-face/shetland/1/0": "c67173cee73aca15",
  "ridder-face/shetland/2/0": "355f95c2f69c0b4a",
  "ridder-face/shetland/3/0": "84f7466acaa3f81d",
  "ridder-face/sleep": "4049f7a0f23be9e5",
  "ridder-face/think": "78da73ddfae15e98",
  "ridder-face/wave": "a40f38c6eb554cf9",
  "ridder-hand/arabian/1/2": "1ea7da67ab196b51",
  "ridder-hand/arabian/2/2": "7880d9089e54a956",
  "ridder-hand/arabian/3/2": "eb831a5a5df4c87b",
  "ridder-hand/cheer": "ed9178e156591240",
  "ridder-hand/fjord/1/1": "f26d7df1df4ee7f2",
  "ridder-hand/fjord/2/1": "e1ffc57a4ddb093b",
  "ridder-hand/fjord/3/1": "8f96f79ed8de3129",
  "ridder-hand/happy": "a90506c459028ff1",
  "ridder-hand/idle": "67a2788bd88471a2",
  "ridder-hand/oops": "e0c301d72a53f708",
  "ridder-hand/shetland/1/0": "0311ecb8635e2998",
  "ridder-hand/shetland/2/0": "67a2788bd88471a2",
  "ridder-hand/shetland/3/0": "da5583f0cf67855a",
  "ridder-hand/sleep": "11aceb621c2de17b",
  "ridder-hand/think": "6f89ee7ff21b187e",
  "ridder-hand/wave": "768448985ee6a560",
  "ridder-head/arabian/1/2": "0990da0bfc5d3984",
  "ridder-head/arabian/2/2": "8efed1d4982702f5",
  "ridder-head/arabian/3/2": "3fd102b611fb14a1",
  "ridder-head/cheer": "28d0652a36125acd",
  "ridder-head/fjord/1/1": "8a862896599cf490",
  "ridder-head/fjord/2/1": "8f58d67b3ff5779f",
  "ridder-head/fjord/3/1": "eae479ba2fdea298",
  "ridder-head/happy": "220970170e5db332",
  "ridder-head/idle": "02e8c40c2dcb65e2",
  "ridder-head/oops": "887e9fd413da934f",
  "ridder-head/shetland/1/0": "f587ae6a263fb164",
  "ridder-head/shetland/2/0": "02e8c40c2dcb65e2",
  "ridder-head/shetland/3/0": "6a2f0e98fb673297",
  "ridder-head/sleep": "7e883908968210c1",
  "ridder-head/think": "1c012e85bc792595",
  "ridder-head/wave": "263fec3f22b056be",
  "ridder-neck/arabian/1/2": "9fc8059d161113c6",
  "ridder-neck/arabian/2/2": "7f3c2e7c12e9e23a",
  "ridder-neck/arabian/3/2": "2ef735848e1d8e06",
  "ridder-neck/cheer": "185a09a7538e9e92",
  "ridder-neck/fjord/1/1": "13937e9b0a51337e",
  "ridder-neck/fjord/2/1": "0561a6411e95deae",
  "ridder-neck/fjord/3/1": "8453ec803deb9583",
  "ridder-neck/happy": "17defc901f63de10",
  "ridder-neck/idle": "1aea953d77be978f",
  "ridder-neck/oops": "38fe705a8dcfa383",
  "ridder-neck/shetland/1/0": "3c4d57b879605f3c",
  "ridder-neck/shetland/2/0": "1aea953d77be978f",
  "ridder-neck/shetland/3/0": "649cea456da7e6dc",
  "ridder-neck/sleep": "aa83944bc2749b0a",
  "ridder-neck/think": "e8461112cc2b4c72",
  "ridder-neck/wave": "c0e8f96fec0c653b",
}
`;

exports[`hash-regression · lamb > pr. genstand · stadie · farvesæt (racerne på skift) og pr. genstand · humør 1`] = `
{
  "ridder-back/cheer": "4d0737b5d4e3b166",
  "ridder-back/happy": "7488246e60b69b1b",
  "ridder-back/idle": "580fc5035a76512a",
  "ridder-back/oops": "4a51b358e2e850f0",
  "ridder-back/sleep": "57e792c5708c285d",
  "ridder-back/std/1/0": "c5147df2ae5b6e35",
  "ridder-back/std/1/1": "1dce613fc058b58e",
  "ridder-back/std/1/2": "7db401e392579d90",
  "ridder-back/std/2/0": "580fc5035a76512a",
  "ridder-back/std/2/1": "43cc9e79f7e33d35",
  "ridder-back/std/2/2": "c315b04c750e40a2",
  "ridder-back/std/3/0": "8bbf60d8a023f56b",
  "ridder-back/std/3/1": "8dab579bfccd6c72",
  "ridder-back/std/3/2": "7077de336af88053",
  "ridder-back/think": "7f3c77a40c88c6cd",
  "ridder-back/wave": "ffd889ad4d989aa1",
  "ridder-body/cheer": "d3aa747f6b4b3162",
  "ridder-body/happy": "c92f34d32feb9e08",
  "ridder-body/idle": "c639659ed254d5bc",
  "ridder-body/oops": "2b19837b5e54f57d",
  "ridder-body/sleep": "079ea35c1a3b6f70",
  "ridder-body/std/1/0": "100ef093102ce25d",
  "ridder-body/std/1/1": "51bc76204866a2bb",
  "ridder-body/std/1/2": "8539a78bb3be7c38",
  "ridder-body/std/2/0": "c639659ed254d5bc",
  "ridder-body/std/2/1": "085654ffc8d8b16e",
  "ridder-body/std/2/2": "50ec43fe6e16636d",
  "ridder-body/std/3/0": "04ccff227660142c",
  "ridder-body/std/3/1": "eb1dc6ed9201e6bb",
  "ridder-body/std/3/2": "f4fc1ad9a780e1be",
  "ridder-body/think": "fbbc4904fe0e3442",
  "ridder-body/wave": "a325f1fd3317d78e",
  "ridder-face/cheer": "6d7eb3f685c4f5a2",
  "ridder-face/happy": "be99f35b3be9590e",
  "ridder-face/idle": "aad93287aa5cbb4f",
  "ridder-face/oops": "471b9769c5d75952",
  "ridder-face/sleep": "b9c981d77e46071d",
  "ridder-face/std/1/0": "bc364695d96e60c3",
  "ridder-face/std/1/1": "c9922db0a0addd8c",
  "ridder-face/std/1/2": "44e3308a6edeca3a",
  "ridder-face/std/2/0": "aad93287aa5cbb4f",
  "ridder-face/std/2/1": "ba94870e6c04c75b",
  "ridder-face/std/2/2": "6bf08706b6b4ade5",
  "ridder-face/std/3/0": "62408dabb8b4876d",
  "ridder-face/std/3/1": "0ea7fa44a772c686",
  "ridder-face/std/3/2": "770b44ffffb89cbd",
  "ridder-face/think": "3f7602384fbfebdc",
  "ridder-face/wave": "4e5ffae43cfd97e3",
  "ridder-hand/cheer": "01f30ba6eef710fc",
  "ridder-hand/happy": "56e2be423948dede",
  "ridder-hand/idle": "334bae5df8d61efe",
  "ridder-hand/oops": "c0e1a7da6901932e",
  "ridder-hand/sleep": "541bdb48455ea02f",
  "ridder-hand/std/1/0": "63077fa1ae353356",
  "ridder-hand/std/1/1": "14d4f3a0c9772156",
  "ridder-hand/std/1/2": "25e13f95548665cd",
  "ridder-hand/std/2/0": "334bae5df8d61efe",
  "ridder-hand/std/2/1": "80db0d4d5d9962a5",
  "ridder-hand/std/2/2": "a8da989f523dbd25",
  "ridder-hand/std/3/0": "8764a8fbf2bb9b9e",
  "ridder-hand/std/3/1": "a46f748ebf36d834",
  "ridder-hand/std/3/2": "3fe20fa5eda738b7",
  "ridder-hand/think": "acf599746ca6fc89",
  "ridder-hand/wave": "547303f99cd5dec4",
  "ridder-head/cheer": "fac67eab2798f060",
  "ridder-head/happy": "03f1295387a5eec0",
  "ridder-head/idle": "383471399e17f080",
  "ridder-head/oops": "0e9c30de9189e28e",
  "ridder-head/sleep": "3a905e737e2ce8be",
  "ridder-head/std/1/0": "6c429e086853abf8",
  "ridder-head/std/1/1": "5e31234b1888aac2",
  "ridder-head/std/1/2": "c5d65efe6fa904a1",
  "ridder-head/std/2/0": "383471399e17f080",
  "ridder-head/std/2/1": "27fbaa5ed2e6ea63",
  "ridder-head/std/2/2": "b228652f9194f272",
  "ridder-head/std/3/0": "31779f2cb272a5d6",
  "ridder-head/std/3/1": "09e0dac1886f32f3",
  "ridder-head/std/3/2": "be02f06a6a56715f",
  "ridder-head/think": "a96f634c34b9e685",
  "ridder-head/wave": "4e2e9d73e8d5255c",
  "ridder-neck/cheer": "87a4a92a484587d8",
  "ridder-neck/happy": "25d81631a4a4aab4",
  "ridder-neck/idle": "e8ba57f236d08543",
  "ridder-neck/oops": "d709fd5f891acd59",
  "ridder-neck/sleep": "bf8448f58946483e",
  "ridder-neck/std/1/0": "0bac849f332d6328",
  "ridder-neck/std/1/1": "d55b0d4cdc800751",
  "ridder-neck/std/1/2": "a22fe9c4fe3ff881",
  "ridder-neck/std/2/0": "e8ba57f236d08543",
  "ridder-neck/std/2/1": "0370d0ce370b2c7a",
  "ridder-neck/std/2/2": "682ba87103060363",
  "ridder-neck/std/3/0": "52d80d2783756d88",
  "ridder-neck/std/3/1": "eb266482d64ebfe3",
  "ridder-neck/std/3/2": "14612c0f96140964",
  "ridder-neck/think": "0a5b804414a143dd",
  "ridder-neck/wave": "8f96c832be1a0b3b",
}
`;

exports[`hash-regression · owl > pr. genstand · stadie · farvesæt (racerne på skift) og pr. genstand · humør 1`] = `
{
  "ridder-back/cheer": "4893fc602f998e11",
  "ridder-back/happy": "c5d0252759be4d38",
  "ridder-back/idle": "689f2358d14c1bec",
  "ridder-back/oops": "d5eb6bdd03831b7c",
  "ridder-back/sleep": "4136a0239615552d",
  "ridder-back/std/1/0": "ec802c289ae2d3fc",
  "ridder-back/std/1/1": "ec802c289ae2d3fc",
  "ridder-back/std/1/2": "ec802c289ae2d3fc",
  "ridder-back/std/2/0": "689f2358d14c1bec",
  "ridder-back/std/2/1": "689f2358d14c1bec",
  "ridder-back/std/2/2": "689f2358d14c1bec",
  "ridder-back/std/3/0": "3348f86e8bd80ea9",
  "ridder-back/std/3/1": "3348f86e8bd80ea9",
  "ridder-back/std/3/2": "3348f86e8bd80ea9",
  "ridder-back/think": "89640f5c85b5216f",
  "ridder-back/wave": "286fd3f63eee40a4",
  "ridder-body/cheer": "09bd4ed2e030dd84",
  "ridder-body/happy": "cb23fb8403747f39",
  "ridder-body/idle": "0d2e548f5996c130",
  "ridder-body/oops": "8838a7ee988b25ca",
  "ridder-body/sleep": "3ec16c9ca1742826",
  "ridder-body/std/1/0": "b85df58d05dbfa78",
  "ridder-body/std/1/1": "f4d12c47115c4623",
  "ridder-body/std/1/2": "49297cd92453cd9a",
  "ridder-body/std/2/0": "0d2e548f5996c130",
  "ridder-body/std/2/1": "8e195c2d1a19231c",
  "ridder-body/std/2/2": "5131b51ffb480eb3",
  "ridder-body/std/3/0": "b35dca146ef59f14",
  "ridder-body/std/3/1": "f544a135cbd4ffa4",
  "ridder-body/std/3/2": "3a73286fc5cfffdc",
  "ridder-body/think": "c2fb621cf4231b7d",
  "ridder-body/wave": "f21768547100c0fe",
  "ridder-face/cheer": "5e172c469b8f4997",
  "ridder-face/happy": "1d9f0eb624d599f4",
  "ridder-face/idle": "87a0b5c364b6d400",
  "ridder-face/oops": "73b165d52cb61cf4",
  "ridder-face/sleep": "8794ed381f78a31a",
  "ridder-face/std/1/0": "44539105f01222ed",
  "ridder-face/std/1/1": "875969d53e5b419d",
  "ridder-face/std/1/2": "d7c3bdb9c126f729",
  "ridder-face/std/2/0": "87a0b5c364b6d400",
  "ridder-face/std/2/1": "64715a1bc0a0b073",
  "ridder-face/std/2/2": "d2fb2f05171d42be",
  "ridder-face/std/3/0": "3514e46a0dab23af",
  "ridder-face/std/3/1": "7ac2ea81b67a41d6",
  "ridder-face/std/3/2": "fa23b285c437238b",
  "ridder-face/think": "13f79429dab760cc",
  "ridder-face/wave": "95354180ca6bc5b8",
  "ridder-hand/cheer": "e7161c9e24d23421",
  "ridder-hand/happy": "481082f654c00fb1",
  "ridder-hand/idle": "da5f13206ac36647",
  "ridder-hand/oops": "7d848bd7eb9cc88f",
  "ridder-hand/sleep": "bc8b6b67ab27641a",
  "ridder-hand/std/1/0": "18149bab66976a79",
  "ridder-hand/std/1/1": "93aebac5d2107ab1",
  "ridder-hand/std/1/2": "f7113b0257966b68",
  "ridder-hand/std/2/0": "da5f13206ac36647",
  "ridder-hand/std/2/1": "b70588339284d0c1",
  "ridder-hand/std/2/2": "e1626dd2e61e1844",
  "ridder-hand/std/3/0": "ab3995da75a78a64",
  "ridder-hand/std/3/1": "38132997c62ca230",
  "ridder-hand/std/3/2": "940d7e2b368ff95f",
  "ridder-hand/think": "fac7473fb0bdaa9d",
  "ridder-hand/wave": "ee4ed68dd12e4ca0",
  "ridder-head/cheer": "dbbfb06f871e377a",
  "ridder-head/happy": "f907e56f97fc736c",
  "ridder-head/idle": "978a2383b724c54f",
  "ridder-head/oops": "64e67a3485a0dfd0",
  "ridder-head/sleep": "ac7030371ffdbfe9",
  "ridder-head/std/1/0": "8745924630f637f6",
  "ridder-head/std/1/1": "c70f13d734ea5770",
  "ridder-head/std/1/2": "ed27fa1180f875b2",
  "ridder-head/std/2/0": "978a2383b724c54f",
  "ridder-head/std/2/1": "3b783fb09060661f",
  "ridder-head/std/2/2": "692dd0e6077104e8",
  "ridder-head/std/3/0": "58834f8d61e58562",
  "ridder-head/std/3/1": "ef03cdb305e1303b",
  "ridder-head/std/3/2": "94186c83d3ec047b",
  "ridder-head/think": "fed3d41be43ff200",
  "ridder-head/wave": "b6743bffb39d9c71",
  "ridder-neck/cheer": "a259c222cb6376e7",
  "ridder-neck/happy": "72d0db9a1669b261",
  "ridder-neck/idle": "1a093e4c256a2de2",
  "ridder-neck/oops": "441478509ac4f567",
  "ridder-neck/sleep": "cbdaab08c24949b5",
  "ridder-neck/std/1/0": "634c2704bbb6109a",
  "ridder-neck/std/1/1": "7bced1a8595208d3",
  "ridder-neck/std/1/2": "a55cb2dd722d265e",
  "ridder-neck/std/2/0": "1a093e4c256a2de2",
  "ridder-neck/std/2/1": "cf644effdf50fd1c",
  "ridder-neck/std/2/2": "459c6ce30311454d",
  "ridder-neck/std/3/0": "4503e6bfb1bc8894",
  "ridder-neck/std/3/1": "b77ea5ec1fdb56a3",
  "ridder-neck/std/3/2": "0a94f00179913048",
  "ridder-neck/think": "2c0914b30018c66f",
  "ridder-neck/wave": "5cd0a8f3a19eb2f2",
}
`;

exports[`hash-regression · panda > pr. genstand · stadie · farvesæt (racerne på skift) og pr. genstand · humør 1`] = `
{
  "ridder-back/cheer": "2cd87f6658fc6a57",
  "ridder-back/happy": "219c846a4d525c0c",
  "ridder-back/idle": "0804f611ca87ad5a",
  "ridder-back/oops": "2584f3111e7266b6",
  "ridder-back/sleep": "22f34124f95fb8f5",
  "ridder-back/std/1/0": "1e46bb0fffffe217",
  "ridder-back/std/1/1": "8196bc98ad80f058",
  "ridder-back/std/1/2": "cc307ae61d68cf52",
  "ridder-back/std/2/0": "0804f611ca87ad5a",
  "ridder-back/std/2/1": "93864dab93799c4c",
  "ridder-back/std/2/2": "0171caaf395013e6",
  "ridder-back/std/3/0": "ed56ed7871a359d6",
  "ridder-back/std/3/1": "6786c738bc9875f6",
  "ridder-back/std/3/2": "cb3a2a7b50fb171f",
  "ridder-back/think": "3742d53019a88f60",
  "ridder-back/wave": "7c919e95666b5d5c",
  "ridder-body/cheer": "d4a85d2665290ada",
  "ridder-body/happy": "e041271f77c48560",
  "ridder-body/idle": "0768af9d129aa1dc",
  "ridder-body/oops": "c77dc69fa90dbd6e",
  "ridder-body/sleep": "a4f8b8526d123f92",
  "ridder-body/std/1/0": "add7be4104ecfc69",
  "ridder-body/std/1/1": "08f147888130d02c",
  "ridder-body/std/1/2": "b4d2e9e127ed76bc",
  "ridder-body/std/2/0": "0768af9d129aa1dc",
  "ridder-body/std/2/1": "d041ad80ee4532cd",
  "ridder-body/std/2/2": "4fc288d632168bd1",
  "ridder-body/std/3/0": "a673d431ffb8d60c",
  "ridder-body/std/3/1": "4365515d10afc3e6",
  "ridder-body/std/3/2": "10cfec151184dbc3",
  "ridder-body/think": "f3ee149175434c91",
  "ridder-body/wave": "e3102f36e1294214",
  "ridder-face/cheer": "ae7dea41830621a8",
  "ridder-face/happy": "e5b8f937fc97a2ca",
  "ridder-face/idle": "7d43019a01455f4e",
  "ridder-face/oops": "ebb601d654c53d20",
  "ridder-face/sleep": "290edbe0dbdb7b20",
  "ridder-face/std/1/0": "7e65b09d122d6f1e",
  "ridder-face/std/1/1": "9058ec20c29c6fdc",
  "ridder-face/std/1/2": "d931b860af163fa5",
  "ridder-face/std/2/0": "7d43019a01455f4e",
  "ridder-face/std/2/1": "352c36498d5cee26",
  "ridder-face/std/2/2": "a26b6a7c9d39a7a7",
  "ridder-face/std/3/0": "f298b8ebb10dad4a",
  "ridder-face/std/3/1": "5dda9a9888f33f64",
  "ridder-face/std/3/2": "54519721bc4697b3",
  "ridder-face/think": "613cc4a55b5123f4",
  "ridder-face/wave": "87b4a14f2199d5f3",
  "ridder-hand/cheer": "7585cb3ab83bd285",
  "ridder-hand/happy": "b93d8522216a1b0c",
  "ridder-hand/idle": "75b54e6310abbc4e",
  "ridder-hand/oops": "83fccad380fe4d92",
  "ridder-hand/sleep": "b48243484461eafb",
  "ridder-hand/std/1/0": "d98142cf33e8e29d",
  "ridder-hand/std/1/1": "ac16c65b36c84159",
  "ridder-hand/std/1/2": "ab5e3eb51086271b",
  "ridder-hand/std/2/0": "75b54e6310abbc4e",
  "ridder-hand/std/2/1": "b399dfa4f16b688d",
  "ridder-hand/std/2/2": "3594dc931bd8df5b",
  "ridder-hand/std/3/0": "862652b73a4e39e4",
  "ridder-hand/std/3/1": "1917154c37e1d1bf",
  "ridder-hand/std/3/2": "976f014de11ce66b",
  "ridder-hand/think": "925ab5146a3a398a",
  "ridder-hand/wave": "4d4da8eb3adab628",
  "ridder-head/cheer": "fcce40d8dc8e7386",
  "ridder-head/happy": "cf837f046af2a43d",
  "ridder-head/idle": "2ede5c7cfda915be",
  "ridder-head/oops": "de4b2621ac09a7c7",
  "ridder-head/sleep": "a58453fda0b0ef06",
  "ridder-head/std/1/0": "b5477463f0404e45",
  "ridder-head/std/1/1": "121b38068a88085c",
  "ridder-head/std/1/2": "56a5035dd6980bfa",
  "ridder-head/std/2/0": "2ede5c7cfda915be",
  "ridder-head/std/2/1": "445c8e6e7f1cf7c0",
  "ridder-head/std/2/2": "d29a91a100ed7007",
  "ridder-head/std/3/0": "b0e431159c65d758",
  "ridder-head/std/3/1": "8fc7942f00efbc7b",
  "ridder-head/std/3/2": "65770c72739e52ca",
  "ridder-head/think": "93c779078e977bea",
  "ridder-head/wave": "4061aa3ef50d32b6",
  "ridder-neck/cheer": "34a6adca280fea06",
  "ridder-neck/happy": "340e130edce71a28",
  "ridder-neck/idle": "bbd8199267045c65",
  "ridder-neck/oops": "81407eee18924847",
  "ridder-neck/sleep": "44ea9ba80385b284",
  "ridder-neck/std/1/0": "a8c784b8a918a01a",
  "ridder-neck/std/1/1": "2711154561b06492",
  "ridder-neck/std/1/2": "cc72a4482b10e86f",
  "ridder-neck/std/2/0": "bbd8199267045c65",
  "ridder-neck/std/2/1": "236a8306ae5c0989",
  "ridder-neck/std/2/2": "57fb598afc0b5f0c",
  "ridder-neck/std/3/0": "dbfc1ee2ad4abc38",
  "ridder-neck/std/3/1": "2e3cf4972a8baae5",
  "ridder-neck/std/3/2": "b4c6594a266da382",
  "ridder-neck/think": "d09cd19c1569b76c",
  "ridder-neck/wave": "31771b2fd7e21071",
}
`;

exports[`hash-regression · puppy > pr. genstand · stadie · farvesæt (racerne på skift) og pr. genstand · humør 1`] = `
{
  "ridder-back/cheer": "de46c4c9b1b907fc",
  "ridder-back/happy": "645ad05f21f37256",
  "ridder-back/idle": "899900a16653d78a",
  "ridder-back/oops": "0704f9bc68224ab0",
  "ridder-back/sleep": "6b5b8620d80f0ce4",
  "ridder-back/std/1/0": "db972b40305f947d",
  "ridder-back/std/1/1": "c2f23664fff2604f",
  "ridder-back/std/1/2": "72ed7de1e1cad876",
  "ridder-back/std/2/0": "899900a16653d78a",
  "ridder-back/std/2/1": "200551e37cfef395",
  "ridder-back/std/2/2": "f0209d2d533f834e",
  "ridder-back/std/3/0": "fb615460cff987fd",
  "ridder-back/std/3/1": "e85cd53950992f87",
  "ridder-back/std/3/2": "c2986957323b929d",
  "ridder-back/think": "0788133f49ce3ea8",
  "ridder-back/wave": "5efd91e4fd29da81",
  "ridder-body/cheer": "15317f5eedf09f5d",
  "ridder-body/happy": "5a8d990c4647aadc",
  "ridder-body/idle": "26d43e5e06e5b149",
  "ridder-body/oops": "5bc3738d88513523",
  "ridder-body/sleep": "f129d1280f7b44bc",
  "ridder-body/std/1/0": "47420ddf279d7cd0",
  "ridder-body/std/1/1": "08c60456a5656a20",
  "ridder-body/std/1/2": "ba565c8a5811471d",
  "ridder-body/std/2/0": "26d43e5e06e5b149",
  "ridder-body/std/2/1": "d4febd1288e7cf36",
  "ridder-body/std/2/2": "0b16f143f8f74689",
  "ridder-body/std/3/0": "ff01461f0fe7e430",
  "ridder-body/std/3/1": "76bbea562d3458ea",
  "ridder-body/std/3/2": "54cb6742add80f95",
  "ridder-body/think": "e8050d07380e69ef",
  "ridder-body/wave": "876ebd99bceeac74",
  "ridder-face/cheer": "4bbdf8c49b444e0f",
  "ridder-face/happy": "088c64215e8755ac",
  "ridder-face/idle": "b3f5f35530c06a94",
  "ridder-face/oops": "6b7a098bb1543569",
  "ridder-face/sleep": "3e13e0628d948fc5",
  "ridder-face/std/1/0": "b41e54df4d0987f4",
  "ridder-face/std/1/1": "039fd19c7e17b187",
  "ridder-face/std/1/2": "541c74a353af5459",
  "ridder-face/std/2/0": "b3f5f35530c06a94",
  "ridder-face/std/2/1": "9eea03ae80094797",
  "ridder-face/std/2/2": "c87379d692057635",
  "ridder-face/std/3/0": "46e2c63c1eeae605",
  "ridder-face/std/3/1": "c229f685269cdcbd",
  "ridder-face/std/3/2": "86c9c89da0ea488c",
  "ridder-face/think": "b6c4cfbdb14894b7",
  "ridder-face/wave": "089877d71d784f1b",
  "ridder-hand/cheer": "e49747e24ee281a8",
  "ridder-hand/happy": "6a05de67c352a6be",
  "ridder-hand/idle": "ccf211604b4191b9",
  "ridder-hand/oops": "541a812bee535b6c",
  "ridder-hand/sleep": "4342e503f3f0b033",
  "ridder-hand/std/1/0": "96cb08ca824f5bc4",
  "ridder-hand/std/1/1": "231155b9768d868e",
  "ridder-hand/std/1/2": "40c4e5c8bce079ef",
  "ridder-hand/std/2/0": "ccf211604b4191b9",
  "ridder-hand/std/2/1": "064427ef05048c48",
  "ridder-hand/std/2/2": "7ae5232625c2a73c",
  "ridder-hand/std/3/0": "3b61ad2779132cd0",
  "ridder-hand/std/3/1": "85d907e25f1004a0",
  "ridder-hand/std/3/2": "288f044ca9173b3a",
  "ridder-hand/think": "c1a9351fb09c0c76",
  "ridder-hand/wave": "5223291a1977b4f5",
  "ridder-head/cheer": "07d6ea9eb7c41c11",
  "ridder-head/happy": "f73e5849b5b4932e",
  "ridder-head/idle": "fef31f87cebcaf42",
  "ridder-head/oops": "b0719a3fb208b48a",
  "ridder-head/sleep": "da4a96ba816fcf95",
  "ridder-head/std/1/0": "b051a556e0f91f49",
  "ridder-head/std/1/1": "0f9c6d1d33838286",
  "ridder-head/std/1/2": "a5e2369f6cde65b6",
  "ridder-head/std/2/0": "fef31f87cebcaf42",
  "ridder-head/std/2/1": "c432cb7fea5a5c93",
  "ridder-head/std/2/2": "760d5c56b2398995",
  "ridder-head/std/3/0": "1cb92d9daaec2887",
  "ridder-head/std/3/1": "5837871706557a3e",
  "ridder-head/std/3/2": "1c7357d4b1879656",
  "ridder-head/think": "ee4a96b114a0cbb0",
  "ridder-head/wave": "9ec41979fb235053",
  "ridder-neck/cheer": "a87f179305fc2fd1",
  "ridder-neck/happy": "eacaaf0164f39628",
  "ridder-neck/idle": "8ed52781592ff04e",
  "ridder-neck/oops": "3de69f2dc148f8d5",
  "ridder-neck/sleep": "75de80ed16718565",
  "ridder-neck/std/1/0": "cb0d9529e4070271",
  "ridder-neck/std/1/1": "7429656484326759",
  "ridder-neck/std/1/2": "17f0fedbedfb42a8",
  "ridder-neck/std/2/0": "8ed52781592ff04e",
  "ridder-neck/std/2/1": "4c24020fa4de0909",
  "ridder-neck/std/2/2": "922511197d2e3f4a",
  "ridder-neck/std/3/0": "22736e60960f29f4",
  "ridder-neck/std/3/1": "1dd01556a734069e",
  "ridder-neck/std/3/2": "9d156dbb559c8037",
  "ridder-neck/think": "d476d82953a2dec6",
  "ridder-neck/wave": "faf4c50abae81fd3",
}
`;

exports[`hash-regression · rabbit > pr. genstand · stadie · farvesæt (racerne på skift) og pr. genstand · humør 1`] = `
{
  "ridder-back/cheer": "7dccc4fe62635a7d",
  "ridder-back/happy": "19e37c065f87c37b",
  "ridder-back/idle": "eb7314abef82bc10",
  "ridder-back/lionhead/1/2": "57eeeca04de2377f",
  "ridder-back/lionhead/2/2": "c96e9a6333643ebd",
  "ridder-back/lionhead/3/2": "851e318214a01704",
  "ridder-back/lop/1/1": "d689ce3af4e05ec8",
  "ridder-back/lop/2/1": "8878df333793074d",
  "ridder-back/lop/3/1": "fc36693c7a5796cb",
  "ridder-back/oops": "e15d40e83154054b",
  "ridder-back/sleep": "1ebae573c3d99eaf",
  "ridder-back/think": "2ec3d554c05d9e27",
  "ridder-back/upright/1/0": "75ee893d6e7dacd1",
  "ridder-back/upright/2/0": "eb7314abef82bc10",
  "ridder-back/upright/3/0": "07bb390e723ad1cd",
  "ridder-back/wave": "386d20d5d2820de3",
  "ridder-body/cheer": "b729567faf62ab7c",
  "ridder-body/happy": "933260fa045485fc",
  "ridder-body/idle": "315526695c127c8e",
  "ridder-body/lionhead/1/2": "51cca8a003d9a99b",
  "ridder-body/lionhead/2/2": "23c0d32e1cc4ef46",
  "ridder-body/lionhead/3/2": "19d738928cd241ca",
  "ridder-body/lop/1/1": "90500ba4db4fbf8c",
  "ridder-body/lop/2/1": "af2ad535b5f0c806",
  "ridder-body/lop/3/1": "015e9e774a65b892",
  "ridder-body/oops": "06a286b6ca970968",
  "ridder-body/sleep": "12754dd87ffecfbb",
  "ridder-body/think": "ee5294e06826dd33",
  "ridder-body/upright/1/0": "bb8504c292b95823",
  "ridder-body/upright/2/0": "315526695c127c8e",
  "ridder-body/upright/3/0": "62373aa775801d16",
  "ridder-body/wave": "8e5edd0a9c5666d0",
  "ridder-face/cheer": "800dfd64fd5b43d3",
  "ridder-face/happy": "afc4927423854aec",
  "ridder-face/idle": "332020f2eddea1c9",
  "ridder-face/lionhead/1/2": "f02623dbd3ad5d82",
  "ridder-face/lionhead/2/2": "63a66c4ab5f434f1",
  "ridder-face/lionhead/3/2": "2dd2b78483acf947",
  "ridder-face/lop/1/1": "41e932124bf69d08",
  "ridder-face/lop/2/1": "500e87aecbf5ae69",
  "ridder-face/lop/3/1": "e2f74926e03fa47b",
  "ridder-face/oops": "364b77f8975e46f6",
  "ridder-face/sleep": "8e1f3f08dc7695e6",
  "ridder-face/think": "8039937889b743d6",
  "ridder-face/upright/1/0": "4f3a3c01f580e3e8",
  "ridder-face/upright/2/0": "332020f2eddea1c9",
  "ridder-face/upright/3/0": "a42c3d77ab030278",
  "ridder-face/wave": "f548394f51d254fe",
  "ridder-hand/cheer": "f8dd80326925b1be",
  "ridder-hand/happy": "d86b74e5c474312a",
  "ridder-hand/idle": "1246aa38d6e11d46",
  "ridder-hand/lionhead/1/2": "6cbbf96cb717ac62",
  "ridder-hand/lionhead/2/2": "dd7bbbd39ae2c1e8",
  "ridder-hand/lionhead/3/2": "6ffdf2b3dc52e6b5",
  "ridder-hand/lop/1/1": "57ab31898f4dff5a",
  "ridder-hand/lop/2/1": "6b86fd13b4d200a8",
  "ridder-hand/lop/3/1": "fb505a2808910b2f",
  "ridder-hand/oops": "f9133f02cfae7f17",
  "ridder-hand/sleep": "e97e68f07645be41",
  "ridder-hand/think": "b7bd3be16a093153",
  "ridder-hand/upright/1/0": "63ceef7c96068fc8",
  "ridder-hand/upright/2/0": "1246aa38d6e11d46",
  "ridder-hand/upright/3/0": "c39f25883234563e",
  "ridder-hand/wave": "1079451553e13c92",
  "ridder-head/cheer": "32897665cfdc606e",
  "ridder-head/happy": "71ac00874aaeb1a2",
  "ridder-head/idle": "56140924892a8be3",
  "ridder-head/lionhead/1/2": "aaebf99489b82f77",
  "ridder-head/lionhead/2/2": "43d2d9447a7d1d24",
  "ridder-head/lionhead/3/2": "f515829b0b1c7da0",
  "ridder-head/lop/1/1": "5091f4adf1b87c43",
  "ridder-head/lop/2/1": "5e51a392a248d3af",
  "ridder-head/lop/3/1": "d91872c0f41245ab",
  "ridder-head/oops": "29f71be04ab8a26c",
  "ridder-head/sleep": "0e6c88cf08c15a62",
  "ridder-head/think": "5e125e4e1bfe779a",
  "ridder-head/upright/1/0": "5beb7590fc5e2e40",
  "ridder-head/upright/2/0": "56140924892a8be3",
  "ridder-head/upright/3/0": "ca86df94e7e1b61d",
  "ridder-head/wave": "453fa643da276b3e",
  "ridder-neck/cheer": "c34d1e4fd1212c5a",
  "ridder-neck/happy": "43cc88ee25072eac",
  "ridder-neck/idle": "2985610aeb76838d",
  "ridder-neck/lionhead/1/2": "11dbb3ecfea75d88",
  "ridder-neck/lionhead/2/2": "1b631601be5f6846",
  "ridder-neck/lionhead/3/2": "72b8d0272cf056df",
  "ridder-neck/lop/1/1": "61c26772abc9633d",
  "ridder-neck/lop/2/1": "987f024c5fc95596",
  "ridder-neck/lop/3/1": "aa640f7ac8b16845",
  "ridder-neck/oops": "581b981aeca3cdaf",
  "ridder-neck/sleep": "2b299ebd33931fea",
  "ridder-neck/think": "9ce8ddeb7d4c4bc5",
  "ridder-neck/upright/1/0": "08131607d7b75554",
  "ridder-neck/upright/2/0": "2985610aeb76838d",
  "ridder-neck/upright/3/0": "def41ab5f001057f",
  "ridder-neck/wave": "656117749ec15f80",
}
`;

exports[`hash-regression · squirrel > pr. genstand · stadie · farvesæt (racerne på skift) og pr. genstand · humør 1`] = `
{
  "ridder-back/cheer": "02833c716ea305a4",
  "ridder-back/happy": "7cd8cce72d43e448",
  "ridder-back/idle": "0c425db7323401ee",
  "ridder-back/oops": "9fcc73bc50059903",
  "ridder-back/sleep": "67c475e3751656c2",
  "ridder-back/std/1/0": "d389c09a1e0c224c",
  "ridder-back/std/1/1": "dd9ee968a45f890f",
  "ridder-back/std/1/2": "6660e33c938e81e8",
  "ridder-back/std/2/0": "0c425db7323401ee",
  "ridder-back/std/2/1": "39893aa90b112e36",
  "ridder-back/std/2/2": "ee2989dec0f4eaee",
  "ridder-back/std/3/0": "94c51cdfdbe86971",
  "ridder-back/std/3/1": "fbd23bc7ea237cc1",
  "ridder-back/std/3/2": "29f301f36a4371cd",
  "ridder-back/think": "8e2061a44a949e20",
  "ridder-back/wave": "bbb76061cd101d52",
  "ridder-body/cheer": "044ab12e1ae87255",
  "ridder-body/happy": "796ed0fdbe6405ba",
  "ridder-body/idle": "96e069d800769adc",
  "ridder-body/oops": "bdbea723ddd0d5a3",
  "ridder-body/sleep": "17f240c8c874405b",
  "ridder-body/std/1/0": "07cc002a101228eb",
  "ridder-body/std/1/1": "9bd8c429470b2d16",
  "ridder-body/std/1/2": "b1e3dff7b730e52a",
  "ridder-body/std/2/0": "96e069d800769adc",
  "ridder-body/std/2/1": "12cc1d7511f46ed3",
  "ridder-body/std/2/2": "c5e8eafeea8f23bd",
  "ridder-body/std/3/0": "38cdc40eaefbbbed",
  "ridder-body/std/3/1": "39efc8a747c78663",
  "ridder-body/std/3/2": "c302a89fb1edb613",
  "ridder-body/think": "f6966b6db1c8cebd",
  "ridder-body/wave": "59b32cf4f1b4708e",
  "ridder-face/cheer": "f01b3e907db9f1e3",
  "ridder-face/happy": "ba09907944a59024",
  "ridder-face/idle": "7c4c8343d349a422",
  "ridder-face/oops": "4f341bb168115c4e",
  "ridder-face/sleep": "67415e40f258c61d",
  "ridder-face/std/1/0": "308e7d9da57794d6",
  "ridder-face/std/1/1": "9bc7de4432ff3002",
  "ridder-face/std/1/2": "644a692ac27e047c",
  "ridder-face/std/2/0": "7c4c8343d349a422",
  "ridder-face/std/2/1": "8ad048c36da850cb",
  "ridder-face/std/2/2": "748f123418255573",
  "ridder-face/std/3/0": "1f412a6a62b6853a",
  "ridder-face/std/3/1": "836ccc8f60ed0c53",
  "ridder-face/std/3/2": "084164abdf933d50",
  "ridder-face/think": "e62c99bc7871c0ed",
  "ridder-face/wave": "fc362d6c69dbce46",
  "ridder-hand/cheer": "4f589f2f473441f3",
  "ridder-hand/happy": "1e8415794f0e4084",
  "ridder-hand/idle": "04763e535adc8656",
  "ridder-hand/oops": "5b7c7f6a830d0763",
  "ridder-hand/sleep": "5e93e007a75ade17",
  "ridder-hand/std/1/0": "d37d1bf95c44dcbf",
  "ridder-hand/std/1/1": "9673a39f40d3ae1c",
  "ridder-hand/std/1/2": "f18abf6779a587da",
  "ridder-hand/std/2/0": "04763e535adc8656",
  "ridder-hand/std/2/1": "c41cd45035a81c6c",
  "ridder-hand/std/2/2": "c6aea65ac07d4a9b",
  "ridder-hand/std/3/0": "c7d94aacd3bf3106",
  "ridder-hand/std/3/1": "2b3ef863fbaad741",
  "ridder-hand/std/3/2": "be33da97a9617333",
  "ridder-hand/think": "ab23b9b322176847",
  "ridder-hand/wave": "d27d8762ee59cbdb",
  "ridder-head/cheer": "2a9a73c94939050a",
  "ridder-head/happy": "65e49f8eea1ba888",
  "ridder-head/idle": "18a2ab24e7ab9a01",
  "ridder-head/oops": "afcfc53b2c171169",
  "ridder-head/sleep": "c94a524f1f3a2b52",
  "ridder-head/std/1/0": "ea84cd45815c497c",
  "ridder-head/std/1/1": "7ee37a685d691bd4",
  "ridder-head/std/1/2": "3278d42d253bd49b",
  "ridder-head/std/2/0": "18a2ab24e7ab9a01",
  "ridder-head/std/2/1": "4c9cb9c0123924cf",
  "ridder-head/std/2/2": "277bf19986d6c119",
  "ridder-head/std/3/0": "67952097bb4bee24",
  "ridder-head/std/3/1": "bbe64d052cadbc43",
  "ridder-head/std/3/2": "7bd38a91ffe5a9d4",
  "ridder-head/think": "93bc1a730239264b",
  "ridder-head/wave": "2d488c1c5a8f89eb",
  "ridder-neck/cheer": "87f0fd829a0de4f8",
  "ridder-neck/happy": "7197ffecea42d184",
  "ridder-neck/idle": "2f3c7aec7e4f6283",
  "ridder-neck/oops": "c549d6c3306c2540",
  "ridder-neck/sleep": "cc244a0c9d5a6857",
  "ridder-neck/std/1/0": "a9206e136de7715a",
  "ridder-neck/std/1/1": "a2d3c556c7266e9a",
  "ridder-neck/std/1/2": "8ca35b1c4f39e57d",
  "ridder-neck/std/2/0": "2f3c7aec7e4f6283",
  "ridder-neck/std/2/1": "8347a7fd4875d16a",
  "ridder-neck/std/2/2": "c6ee1b190a71f9f5",
  "ridder-neck/std/3/0": "ed3baf4e4c4703d9",
  "ridder-neck/std/3/1": "eda3c595d7d48c5b",
  "ridder-neck/std/3/2": "46d8f0fdd81a86d5",
  "ridder-neck/think": "69e13f87b6f10f03",
  "ridder-neck/wave": "83ba75bcb4133dd6",
}
`;

exports[`hash-regression · unicorn > pr. genstand · stadie · farvesæt (racerne på skift) og pr. genstand · humør 1`] = `
{
  "ridder-back/cheer": "981e6eba5ed634b3",
  "ridder-back/foal/1/0": "cdc1a83076c48c8b",
  "ridder-back/foal/2/0": "926fcc76efb6986b",
  "ridder-back/foal/3/0": "a9f7b3cf4fb1c674",
  "ridder-back/happy": "faf85e1efc77bf29",
  "ridder-back/idle": "926fcc76efb6986b",
  "ridder-back/oops": "c734cc3d541010a1",
  "ridder-back/sleep": "49405d26ea080577",
  "ridder-back/starhorn/1/2": "4a79a2222fa73cd1",
  "ridder-back/starhorn/2/2": "e60c7c96405521a5",
  "ridder-back/starhorn/3/2": "d1d028bf7daf82e3",
  "ridder-back/think": "c350f9e2d443d34c",
  "ridder-back/wave": "3c67bd96cd79d1ab",
  "ridder-back/wavy/1/1": "43eed64e943e5233",
  "ridder-back/wavy/2/1": "d3af6aea013126cf",
  "ridder-back/wavy/3/1": "e411df2347334abf",
  "ridder-body/cheer": "bbc2140b80bef6e6",
  "ridder-body/foal/1/0": "6e7464d4daf75936",
  "ridder-body/foal/2/0": "b95adb56348770e8",
  "ridder-body/foal/3/0": "84cc15311bd8bc21",
  "ridder-body/happy": "bfe0f840b0a37706",
  "ridder-body/idle": "b95adb56348770e8",
  "ridder-body/oops": "fc461ca035396077",
  "ridder-body/sleep": "25e7706111bb6909",
  "ridder-body/starhorn/1/2": "9b93020d267d994b",
  "ridder-body/starhorn/2/2": "450afbfe6137d6eb",
  "ridder-body/starhorn/3/2": "4da594c93b177319",
  "ridder-body/think": "e8520e8245f9b3f1",
  "ridder-body/wave": "b5f253fc5da83147",
  "ridder-body/wavy/1/1": "2605180d1ea79924",
  "ridder-body/wavy/2/1": "a129b6a14fd3464d",
  "ridder-body/wavy/3/1": "7e1bbf6d375b08f7",
  "ridder-face/cheer": "3855eb7f889f4874",
  "ridder-face/foal/1/0": "af469dabfa5d7b3d",
  "ridder-face/foal/2/0": "af345a3dbeef60e4",
  "ridder-face/foal/3/0": "e10c97c96ca7f7a0",
  "ridder-face/happy": "69a5cc0cab706a86",
  "ridder-face/idle": "af345a3dbeef60e4",
  "ridder-face/oops": "bcb99e73193fdc9b",
  "ridder-face/sleep": "61c33d8acf6aa873",
  "ridder-face/starhorn/1/2": "48f181b4d01ced92",
  "ridder-face/starhorn/2/2": "684985b9cf0dd6bb",
  "ridder-face/starhorn/3/2": "684ac57f1cbf2477",
  "ridder-face/think": "ebe75654a7699ef3",
  "ridder-face/wave": "136ebc1feb2feb1c",
  "ridder-face/wavy/1/1": "5cb630ec5a07c74b",
  "ridder-face/wavy/2/1": "1612eb8a6176e7fa",
  "ridder-face/wavy/3/1": "d141affe24580813",
  "ridder-hand/cheer": "240b23ca475cf4a6",
  "ridder-hand/foal/1/0": "69780f084087de65",
  "ridder-hand/foal/2/0": "396f7cde4b5c7898",
  "ridder-hand/foal/3/0": "9fbc7dadb9c9d5bf",
  "ridder-hand/happy": "a791005c4aacfcd7",
  "ridder-hand/idle": "396f7cde4b5c7898",
  "ridder-hand/oops": "1f7fc6a167db0ae2",
  "ridder-hand/sleep": "dad86383a5534ece",
  "ridder-hand/starhorn/1/2": "717fd0f97cef2ce3",
  "ridder-hand/starhorn/2/2": "7d2c1fef4696aeb5",
  "ridder-hand/starhorn/3/2": "040ca24d28f78bc7",
  "ridder-hand/think": "7cbc758d7edfe3ff",
  "ridder-hand/wave": "e2874128ffaa49f1",
  "ridder-hand/wavy/1/1": "c19d93d1b29b241e",
  "ridder-hand/wavy/2/1": "ead1e177c135aaaa",
  "ridder-hand/wavy/3/1": "8014c389cb231059",
  "ridder-head/cheer": "c27f763c8aeb7ca1",
  "ridder-head/foal/1/0": "0b2db624923a6254",
  "ridder-head/foal/2/0": "1b00f369402ed6a0",
  "ridder-head/foal/3/0": "2d007a2b8264bc0e",
  "ridder-head/happy": "2ae1510c66becdc1",
  "ridder-head/idle": "1b00f369402ed6a0",
  "ridder-head/oops": "992ac7f5e12b120d",
  "ridder-head/sleep": "bfd8a20b3bf642bb",
  "ridder-head/starhorn/1/2": "54c43063afce950d",
  "ridder-head/starhorn/2/2": "e13717d8db03f282",
  "ridder-head/starhorn/3/2": "ed1bf904b7ba3b8b",
  "ridder-head/think": "7a03cebf37e254fd",
  "ridder-head/wave": "9cd78208dee2d850",
  "ridder-head/wavy/1/1": "231619d75c710cdb",
  "ridder-head/wavy/2/1": "49d0f63acda1ddfd",
  "ridder-head/wavy/3/1": "b344c849ba10a0fb",
  "ridder-neck/cheer": "4cefe1f71cbe4958",
  "ridder-neck/foal/1/0": "3072b9e70048f492",
  "ridder-neck/foal/2/0": "fe2518f34b290071",
  "ridder-neck/foal/3/0": "b986701183c6e25a",
  "ridder-neck/happy": "0255cecf13f8dd04",
  "ridder-neck/idle": "fe2518f34b290071",
  "ridder-neck/oops": "1ff06512b834da04",
  "ridder-neck/sleep": "87f1bd2389fbd803",
  "ridder-neck/starhorn/1/2": "7218f4f09a94ebac",
  "ridder-neck/starhorn/2/2": "ecff3054902e410c",
  "ridder-neck/starhorn/3/2": "2b1e6e4ccf9c63ff",
  "ridder-neck/think": "f8d159c9a848f71b",
  "ridder-neck/wave": "8d51d8aa689f22ce",
  "ridder-neck/wavy/1/1": "c5852257b25003a9",
  "ridder-neck/wavy/2/1": "3032e1b687e13ad9",
  "ridder-neck/wavy/3/1": "cee7e0600008029e",
}
`;
